#                                                                                 --- full sequence --- -------------- this domain -------------   hmm coord   ali coord   env coord
# target name             accession   tlen query name           accession   qlen   E-value  score  bias   #  of  c-Evalue  i-Evalue  score  bias  from    to  from    to  from    to  acc description of target
#     ------------------- ---------- ----- -------------------- ---------- ----- --------- ------ ----- --- --- --------- --------- ------ ----- ----- ----- ----- ----- ----- ----- ---- ---------------------
scaffold126:187131-191557 -           1326 66351at147550        -            687   9.4e-50  164.5 192.4   1  12   0.00014     0.068    6.3   8.5    16    63    58   106    50   109 0.84 -
scaffold126:187131-191557 -           1326 66351at147550        -            687   9.4e-50  164.5 192.4   2  12    0.0024       1.1    2.3  15.7    35    80    97   146    95   150 0.66 -
scaffold126:187131-191557 -           1326 66351at147550        -            687   9.4e-50  164.5 192.4   3  12    0.0063         3    0.9  28.3    51   181   156   279   145   293 0.55 -
scaffold126:187131-191557 -           1326 66351at147550        -            687   9.4e-50  164.5 192.4   4  12   4.1e-05     0.019    8.1  44.4   143   260   290   405   261   409 0.68 -
scaffold126:187131-191557 -           1326 66351at147550        -            687   9.4e-50  164.5 192.4   5  12         1   4.7e+02  -11.7  38.1   132   279   376   520   362   526 0.62 -
scaffold126:187131-191557 -           1326 66351at147550        -            687   9.4e-50  164.5 192.4   6  12   2.5e-08   1.2e-05   18.7   7.6   231   312   515   612   510   622 0.67 -
scaffold126:187131-191557 -           1326 66351at147550        -            687   9.4e-50  164.5 192.4   7  12   8.6e-08   4.1e-05   17.0   1.0   323   363   644   684   635   691 0.89 -
scaffold126:187131-191557 -           1326 66351at147550        -            687   9.4e-50  164.5 192.4   8  12     0.042        20   -1.8   2.0   295   381   684   769   682   793 0.68 -
scaffold126:187131-191557 -           1326 66351at147550        -            687   9.4e-50  164.5 192.4   9  12    0.0097       4.6    0.3   6.5   362   398   801   841   768   859 0.72 -
scaffold126:187131-191557 -           1326 66351at147550        -            687   9.4e-50  164.5 192.4  10  12   8.5e-19     4e-16   53.3   7.6   335   511   802   982   798   994 0.81 -
scaffold126:187131-191557 -           1326 66351at147550        -            687   9.4e-50  164.5 192.4  11  12   3.3e-21   1.5e-18   61.3  16.2   496   614  1004  1153   990  1163 0.77 -
scaffold126:187131-191557 -           1326 66351at147550        -            687   9.4e-50  164.5 192.4  12  12     1e-11   4.8e-09   30.0   0.1   630   671  1227  1273  1197  1287 0.83 -
#
# Program:         hmmsearch
# Version:         3.1b2 (February 2015)
# Pipeline mode:   SEARCH
# Query file:      /pickett_shared/projects/lwy647/discula_draft_assembly/busco_downloads/lineages/sordariomycetes_odb10/hmms/66351at147550.hmm
# Target file:     /pickett_shared/projects/lwy647/discula_draft_assembly/discula70_53.scafSeq.BUSCO/run_sordariomycetes_odb10/metaeuk_output/rerun_results/discula70_53.scafSeq.modified.fas
# Option settings: hmmsearch --domtblout /pickett_shared/projects/lwy647/discula_draft_assembly/discula70_53.scafSeq.BUSCO/run_sordariomycetes_odb10/hmmer_output/rerun_results/66351at147550.out --cpu 1 /pickett_shared/projects/lwy647/discula_draft_assembly/busco_downloads/lineages/sordariomycetes_odb10/hmms/66351at147550.hmm /pickett_shared/projects/lwy647/discula_draft_assembly/discula70_53.scafSeq.BUSCO/run_sordariomycetes_odb10/metaeuk_output/rerun_results/discula70_53.scafSeq.modified.fas 
# Current dir:     /pickett_shared/projects/lwy647/discula_draft_assembly
# Date:            Thu Aug 31 18:14:25 2023
# [ok]
