#                                                                              --- full sequence --- -------------- this domain -------------   hmm coord   ali coord   env coord
# target name          accession   tlen query name           accession   qlen   E-value  score  bias   #  of  c-Evalue  i-Evalue  score  bias  from    to  from    to  from    to  acc description of target
#  ------------------- ---------- ----- -------------------- ---------- ----- --------- ------ ----- --- --- --------- --------- ------ ----- ----- ----- ----- ----- ----- ----- ---- ---------------------
scaffold69:93564-96298 -            873 12802at147550        -            606  9.1e-260  861.2  34.5   1   2  2.3e-250  3.6e-247  819.6  31.8    23   581    74   775    68   784 0.88 -
scaffold69:93564-96298 -            873 12802at147550        -            606  9.1e-260  861.2  34.5   2   2   2.8e-10   4.3e-07   26.7   0.0   572   606   839   873   835   873 0.92 -
scaffold36:27974-29298 -            423 12802at147550        -            606   8.5e-63  210.7  15.0   1   2     5e-41   7.7e-38  128.3   6.8    24   230    37   268    17   285 0.84 -
scaffold36:27974-29298 -            423 12802at147550        -            606   8.5e-63  210.7  15.0   2   2   9.4e-29   1.4e-25   87.8   1.1   247   353   309   416   286   423 0.88 -
scaffold803:2422-4777  -            736 12802at147550        -            606   3.3e-29   99.8  14.0   1   3   9.4e-15   1.4e-11   41.5   4.8    25   216   113   321    92   364 0.75 -
scaffold803:2422-4777  -            736 12802at147550        -            606   3.3e-29   99.8  14.0   2   3     0.082   1.3e+02   -1.2   0.3   134   193   349   414   283   422 0.68 -
scaffold803:2422-4777  -            736 12802at147550        -            606   3.3e-29   99.8  14.0   3   3   6.3e-21   9.7e-18   61.9   2.2   255   412   422   585   396   592 0.87 -
#
# Program:         hmmsearch
# Version:         3.1b2 (February 2015)
# Pipeline mode:   SEARCH
# Query file:      /pickett_shared/projects/lwy647/discula_draft_assembly/busco_downloads/lineages/sordariomycetes_odb10/hmms/12802at147550.hmm
# Target file:     /pickett_shared/projects/lwy647/discula_draft_assembly/discula70_53.scafSeq.BUSCO/run_sordariomycetes_odb10/metaeuk_output/initial_results/discula70_53.scafSeq.modified.fas
# Option settings: hmmsearch --domtblout /pickett_shared/projects/lwy647/discula_draft_assembly/discula70_53.scafSeq.BUSCO/run_sordariomycetes_odb10/hmmer_output/initial_run_results/12802at147550.out --cpu 1 /pickett_shared/projects/lwy647/discula_draft_assembly/busco_downloads/lineages/sordariomycetes_odb10/hmms/12802at147550.hmm /pickett_shared/projects/lwy647/discula_draft_assembly/discula70_53.scafSeq.BUSCO/run_sordariomycetes_odb10/metaeuk_output/initial_results/discula70_53.scafSeq.modified.fas 
# Current dir:     /pickett_shared/projects/lwy647/discula_draft_assembly
# Date:            Thu Aug 31 18:11:42 2023
# [ok]
