#                                                                                 --- full sequence --- -------------- this domain -------------   hmm coord   ali coord   env coord
# target name             accession   tlen query name           accession   qlen   E-value  score  bias   #  of  c-Evalue  i-Evalue  score  bias  from    to  from    to  from    to  acc description of target
#     ------------------- ---------- ----- -------------------- ---------- ----- --------- ------ ----- --- --- --------- --------- ------ ----- ----- ----- ----- ----- ----- ----- ---- ---------------------
scaffold268:151271-153357 -            692 13541at147550        -            348  5.8e-155  513.5   0.0   1   1    2e-156    1e-154  512.8   0.0    11   342   290   674   281   686 0.88 -
scaffold121:118845-120433 -            505 13541at147550        -            348   2.9e-58  195.6   0.2   1   1   7.2e-59   3.6e-57  191.9   0.2    48   320   219   500   193   503 0.82 -
scaffold27:121248-124531  -            726 13541at147550        -            348   1.3e-52  176.9   3.5   1   2   9.8e-51   4.9e-49  165.2   1.7    48   262   271   477   263   492 0.88 -
scaffold27:121248-124531  -            726 13541at147550        -            348   1.3e-52  176.9   3.5   2   2    0.0062      0.31    8.0   0.0   286   331   580   628   575   638 0.79 -
scaffold250:153608-155285 -            538 13541at147550        -            348     8e-33  111.9   0.0   1   1   3.9e-33     2e-31  107.3   0.0    51   310    17   281    10   288 0.80 -
scaffold205:104126-107053 -            929 13541at147550        -            348   2.5e-32  110.3   0.0   1   1   1.5e-33   7.4e-32  108.7   0.0    53   309    82   369    66   377 0.75 -
scaffold121:97085-99214   -            638 13541at147550        -            348   1.3e-29  101.3   0.4   1   2       2.3   1.1e+02   -0.4   0.1    33    86    34    85     7    93 0.67 -
scaffold121:97085-99214   -            638 13541at147550        -            348   1.3e-29  101.3   0.4   2   2   2.2e-29   1.1e-27   95.0   0.0    95   311   135   349   120   355 0.80 -
scaffold337:49925-50889   -            302 13541at147550        -            348   1.1e-28   98.2   0.5   1   1   2.5e-27   1.2e-25   88.2   0.5    53   307    40   294    26   298 0.76 -
scaffold291:11561-16022   -           1341 13541at147550        -            348   2.1e-27   94.1   0.2   1   1   6.7e-27   3.3e-25   86.8   0.2    53   309     3   245     1   262 0.83 -
scaffold740:15678-19826   -           1365 13541at147550        -            348   4.4e-26   89.7   0.0   1   1   1.5e-27   7.5e-26   88.9   0.0    51   274  1063  1284  1040  1300 0.83 -
scaffold311:79317-81767   -            737 13541at147550        -            348   1.4e-25   88.1   0.4   1   1   1.2e-24   5.9e-23   79.4   0.4    53   314    84   335    68   361 0.83 -
scaffold723:1598-4489     -            918 13541at147550        -            348     4e-25   86.5   0.7   1   2   1.4e-17     7e-16   56.2   0.3    53   197    35   196    30   202 0.72 -
scaffold723:1598-4489     -            918 13541at147550        -            348     4e-25   86.5   0.7   2   2     3e-09   1.5e-07   28.8   0.0   221   311   202   294   197   300 0.83 -
scaffold473:94265-95111   -            265 13541at147550        -            348   2.1e-24   84.2   0.5   1   1   7.4e-24   3.7e-22   76.8   0.5    54   308    23   263    16   265 0.81 -
scaffold410:153706-155017 -            396 13541at147550        -            348   2.5e-24   83.9   0.0   1   2   7.1e-16   3.5e-14   50.5   0.0    54   191    56   204    50   211 0.75 -
scaffold410:153706-155017 -            396 13541at147550        -            348   2.5e-24   83.9   0.0   2   2   4.1e-10   2.1e-08   31.6   0.0   223   316   216   317   204   328 0.75 -
scaffold73:38112-39384    -            401 13541at147550        -            348   4.7e-24   83.0   0.0   1   1   3.8e-24   1.9e-22   77.7   0.0     3   192    84   279    82   382 0.84 -
scaffold121:177340-180080 -            891 13541at147550        -            348   5.7e-24   82.8   0.0   1   1   2.1e-25   1.1e-23   81.9   0.0    51   261   618   831   569   882 0.82 -
scaffold457:75967-76982   -            321 13541at147550        -            348     2e-23   81.0   0.5   1   1   8.5e-23   4.2e-21   73.3   0.5    55   303    13   250     7   259 0.79 -
scaffold14:182929-186459  -           1084 13541at147550        -            348   2.3e-23   80.7   2.7   1   1   1.1e-22   5.4e-21   73.0   2.7    97   309    74   276     6   283 0.77 -
scaffold580:59467-63178   -           1199 13541at147550        -            348     8e-23   79.0   0.0   1   1   6.1e-24   3.1e-22   77.1   0.0    29   319   257   572   242   584 0.73 -
scaffold55:93772-94632    -            287 13541at147550        -            348   1.7e-22   77.9   3.0   1   3   7.2e-20   3.6e-18   63.7   0.4    59   199     4   146     1   153 0.82 -
scaffold55:93772-94632    -            287 13541at147550        -            348   1.7e-22   77.9   3.0   2   3    0.0039       0.2    8.6   0.0   228   260   159   193   153   198 0.78 -
scaffold55:93772-94632    -            287 13541at147550        -            348   1.7e-22   77.9   3.0   3   3     0.067       3.3    4.6   0.0   284   309   249   274   230   278 0.81 -
scaffold151:81253-83485   -            725 13541at147550        -            348     3e-22   77.1   0.0   1   1   1.3e-23   6.4e-22   76.0   0.0    53   310   164   423   131   429 0.83 -
scaffold213:162124-164094 -            657 13541at147550        -            348   4.2e-21   73.3   0.0   1   2     3e-17   1.5e-15   55.1   0.0    72   192    39   169    25   177 0.78 -
scaffold213:162124-164094 -            657 13541at147550        -            348   4.2e-21   73.3   0.0   2   2   2.1e-05     0.001   16.1   0.0   222   341   179   307   171   313 0.79 -
scaffold64:167742-170652  -            906 13541at147550        -            348   1.7e-20   71.4   0.1   1   2   1.7e-08   8.3e-07   26.3   0.2    53   146    19   108     9   120 0.81 -
scaffold64:167742-170652  -            906 13541at147550        -            348   1.7e-20   71.4   0.1   2   2   3.6e-13   1.8e-11   41.7   0.0   150   308   139   314   131   322 0.78 -
scaffold528:2717-4450     -            578 13541at147550        -            348   2.5e-20   70.8   0.1   1   2       5.9   2.9e+02   -1.8   0.0    49    71   231   253   221   263 0.75 -
scaffold528:2717-4450     -            578 13541at147550        -            348   2.5e-20   70.8   0.1   2   2   1.1e-20   5.4e-19   66.4   0.0    76   254   285   471   278   476 0.75 -
scaffold232:71869-74963   -            967 13541at147550        -            348   3.6e-20   70.3   0.7   1   1   2.8e-21   1.4e-19   68.3   0.7    93   288    95   285    53   308 0.78 -
scaffold211:18191-19531   -            413 13541at147550        -            348   7.1e-20   69.3   0.0   1   1   4.3e-20   2.2e-18   64.4   0.0    34   196    59   228    27   280 0.82 -
scaffold178:51125-52009   -            295 13541at147550        -            348   7.7e-20   69.2   0.1   1   1     1e-18   5.2e-17   59.9   0.1    54   305    20   260    17   282 0.77 -
scaffold213:2678-3649     -            262 13541at147550        -            348   8.8e-20   69.0   0.5   1   2   4.7e-18   2.3e-16   57.7   0.1    54   192    11   150     2   157 0.84 -
scaffold213:2678-3649     -            262 13541at147550        -            348   8.8e-20   69.0   0.5   2   2    0.0016     0.081    9.9   0.1   221   303   159   246   151   249 0.73 -
scaffold463:53867-59161   -           1731 13541at147550        -            348   2.2e-19   67.7   0.2   1   1   1.5e-19   7.7e-18   62.6   0.2    52   275  1448  1669  1426  1683 0.79 -
scaffold292:48259-50489   -            699 13541at147550        -            348     1e-18   65.5   0.0   1   1     3e-20   1.5e-18   65.0   0.0    53   261   321   545   313   594 0.79 -
scaffold318:1316-1900     -            187 13541at147550        -            348   8.6e-18   62.4   0.1   1   2   1.6e-16   7.8e-15   52.7   0.0    91   199    27   144     5   148 0.75 -
scaffold318:1316-1900     -            187 13541at147550        -            348   8.6e-18   62.4   0.1   2   2    0.0022      0.11    9.5   0.0   224   257   142   184   141   186 0.73 -
scaffold12:96866-97828    -            277 13541at147550        -            348   1.5e-17   61.7   2.6   1   1     6e-17     3e-15   54.1   2.6    57   256     2   199     1   207 0.74 -
scaffold40:42978-44004    -            321 13541at147550        -            348     3e-17   60.6   1.4   1   3   1.9e-15   9.7e-14   49.1   0.1    53   195    13   159     6   164 0.85 -
scaffold40:42978-44004    -            321 13541at147550        -            348     3e-17   60.6   1.4   2   3     0.011      0.54    7.2   0.0   227   261   174   210   163   235 0.83 -
scaffold40:42978-44004    -            321 13541at147550        -            348     3e-17   60.6   1.4   3   3      0.41        21    2.0   0.1   279   326   257   307   237   316 0.74 -
scaffold151:179835-183635 -           1198 13541at147550        -            348   5.3e-17   59.8   0.1   1   4    0.0025      0.12    9.3   0.0    54   122    57   130    34   164 0.72 -
scaffold151:179835-183635 -           1198 13541at147550        -            348   5.3e-17   59.8   0.1   2   4       7.7   3.8e+02   -2.2   0.0    80   113   168   200   158   204 0.82 -
scaffold151:179835-183635 -           1198 13541at147550        -            348   5.3e-17   59.8   0.1   3   4   1.3e-13   6.7e-12   43.1   0.0   150   194   355   399   343   479 0.73 -
scaffold151:179835-183635 -           1198 13541at147550        -            348   5.3e-17   59.8   0.1   4   4      0.27        13    2.6   0.0   285   310   535   560   520   586 0.86 -
scaffold261:104721-106032 -            412 13541at147550        -            348   1.3e-16   58.5   0.0   1   1     4e-16     2e-14   51.4   0.0    51   285    21   243    14   277 0.78 -
scaffold734:8883-11720    -            602 13541at147550        -            348   1.8e-16   58.1   0.7   1   3     5e-14   2.5e-12   44.5   0.2    53   178   136   265    87   267 0.78 -
scaffold734:8883-11720    -            602 13541at147550        -            348   1.8e-16   58.1   0.7   2   3       5.5   2.8e+02   -1.7   0.0   183   195   303   315   302   323 0.85 -
scaffold734:8883-11720    -            602 13541at147550        -            348   1.8e-16   58.1   0.7   3   3   0.00077     0.038   11.0   0.0   223   309   324   415   312   445 0.71 -
scaffold415:42567-45062   -            734 13541at147550        -            348   1.7e-15   54.9   0.0   1   1   4.3e-15   2.1e-13   48.0   0.0    89   262    60   222    49   273 0.77 -
scaffold13:8440-14589     -           2050 13541at147550        -            348   2.5e-15   54.3   0.0   1   2   2.2e-16   1.1e-14   52.2   0.0    54   194   790   934   785   952 0.79 -
scaffold13:8440-14589     -           2050 13541at147550        -            348   2.5e-15   54.3   0.0   2   2       6.2   3.1e+02   -1.9   0.0   222   284  1114  1177  1110  1207 0.66 -
scaffold126:273839-274687 -            283 13541at147550        -            348   2.6e-15   54.3   0.1   1   2   5.4e-13   2.7e-11   41.1   0.1    96   202    45   161     2   167 0.73 -
scaffold126:273839-274687 -            283 13541at147550        -            348   2.6e-15   54.3   0.1   2   2    0.0002    0.0099   12.9   0.0   223   270   161   211   156   263 0.82 -
scaffold577:71257-72367   -            331 13541at147550        -            348   3.4e-15   53.9   1.3   1   3     3e-13   1.5e-11   41.9   0.1    95   194    61   165    24   169 0.76 -
scaffold577:71257-72367   -            331 13541at147550        -            348   3.4e-15   53.9   1.3   2   3     0.002     0.099    9.6   0.0   221   265   172   218   163   229 0.77 -
scaffold577:71257-72367   -            331 13541at147550        -            348   3.4e-15   53.9   1.3   3   3       2.3   1.1e+02   -0.4   0.0   290   308   272   290   248   312 0.84 -
scaffold269:31718-34031   -            682 13541at147550        -            348   3.6e-15   53.8   0.0   1   1   9.2e-15   4.6e-13   46.9   0.0    55   258    15   201     9   282 0.72 -
scaffold178:68493-69599   -            369 13541at147550        -            348   4.4e-15   53.5   0.1   1   1   3.9e-14   1.9e-12   44.8   0.1    54   260    29   226    23   276 0.72 -
scaffold255:217267-219187 -            558 13541at147550        -            348   8.7e-15   52.5   0.0   1   1   3.4e-16   1.7e-14   51.6   0.0   147   261   153   263   135   275 0.83 -
scaffold343:24690-26686   -            545 13541at147550        -            348   1.1e-14   52.2   0.2   1   2     2e-14   9.9e-13   45.8   0.1    53   197     9   156     2   163 0.78 -
scaffold343:24690-26686   -            545 13541at147550        -            348   1.1e-14   52.2   0.2   2   2     0.068       3.4    4.6   0.0   223   288   163   228   157   252 0.63 -
scaffold41:176902-179771  -            924 13541at147550        -            348   1.7e-14   51.6   4.3   1   2    0.0052      0.26    8.2   0.2    37   139    26   116     2   128 0.74 -
scaffold41:176902-179771  -            924 13541at147550        -            348   1.7e-14   51.6   4.3   2   2   2.5e-12   1.2e-10   38.9   0.7   150   258   155   248   143   290 0.87 -
scaffold69:149100-151551  -            781 13541at147550        -            348   4.4e-14   50.3   0.0   1   2   2.6e-11   1.3e-09   35.6   0.0    53   192   177   327   172   336 0.85 -
scaffold69:149100-151551  -            781 13541at147550        -            348   4.4e-14   50.3   0.0   2   2    0.0003     0.015   12.3   0.0   214   258   403   448   399   500 0.81 -
scaffold539:25815-27270   -            393 13541at147550        -            348   1.5e-13   48.5   0.1   1   1   2.2e-12   1.1e-10   39.1   0.1   151   261   141   236    62   248 0.70 -
scaffold378:18-3826       -            459 13541at147550        -            348   5.1e-13   46.7   0.3   1   2   2.4e-13   1.2e-11   42.2   0.1   149   269   170   279   140   287 0.81 -
scaffold378:18-3826       -            459 13541at147550        -            348   5.1e-13   46.7   0.3   2   2       3.7   1.9e+02   -1.1   0.0   281   308   322   349   310   352 0.81 -
scaffold635:38137-38817   -            227 13541at147550        -            348     6e-13   46.5   0.0   1   1   1.7e-14   8.3e-13   46.0   0.0   127   257    16   161     3   177 0.75 -
scaffold232:153469-155048 -            420 13541at147550        -            348   1.2e-12   45.5   0.3   1   2   2.9e-09   1.4e-07   28.8   0.2    51   169    52   169    39   179 0.81 -
scaffold232:153469-155048 -            420 13541at147550        -            348   1.2e-12   45.5   0.3   2   2   5.9e-05    0.0029   14.6   0.0   225   309   190   279   178   287 0.78 -
scaffold163:95474-99044   -           1085 13541at147550        -            348   1.9e-12   44.9   0.0   1   2   3.6e-11   1.8e-09   35.1   0.0    75   255   744   911   679   919 0.82 -
scaffold163:95474-99044   -           1085 13541at147550        -            348   1.9e-12   44.9   0.0   2   2       0.6        30    1.5   0.0   285   314  1022  1051   996  1059 0.77 -
scaffold252:38601-40728   -            690 13541at147550        -            348   3.2e-12   44.1   0.9   1   2   2.1e-06   0.00011   19.4   0.1    91   144    34    89     3   120 0.69 -
scaffold252:38601-40728   -            690 13541at147550        -            348   3.2e-12   44.1   0.9   2   2   5.5e-06   0.00027   18.0   0.1   166   198   147   179   143   288 0.87 -
scaffold237:245243-245845 -            201 13541at147550        -            348   7.6e-12   42.9   0.0   1   2   2.1e-08   1.1e-06   26.0   0.0   137   193    16    74     3    79 0.84 -
scaffold237:245243-245845 -            201 13541at147550        -            348   7.6e-12   42.9   0.0   2   2     4e-05     0.002   15.2   0.0   222   307    83   167    76   171 0.73 -
scaffold7:20231-21538     -            436 13541at147550        -            348   8.9e-12   42.7   0.0   1   1   6.4e-13   3.2e-11   40.8   0.0    77   196    59   190    33   250 0.84 -
scaffold711:2472-4562     -            674 13541at147550        -            348   1.1e-11   42.4   0.0   1   2   2.1e-09     1e-07   29.3   0.0   101   195   322   422   257   430 0.76 -
scaffold711:2472-4562     -            674 13541at147550        -            348   1.1e-11   42.4   0.0   2   2     0.001     0.052   10.5   0.0   219   276   472   530   456   542 0.80 -
scaffold105:59266-60898   -            499 13541at147550        -            348   1.1e-11   42.3   0.0   1   1   5.9e-12     3e-10   37.7   0.0    55   196   215   363   181   408 0.78 -
scaffold227:69528-70487   -            299 13541at147550        -            348   1.2e-11   42.2   0.2   1   3      0.43        21    1.9   0.0    75   132    17    72     4    81 0.70 -
scaffold227:69528-70487   -            299 13541at147550        -            348   1.2e-11   42.2   0.2   2   3   2.6e-11   1.3e-09   35.6   0.0   150   195   116   161    98   164 0.87 -
scaffold227:69528-70487   -            299 13541at147550        -            348   1.2e-11   42.2   0.2   3   3       1.5        76    0.1   0.0   228   260   177   211   172   219 0.77 -
scaffold186:31-1265       -            380 13541at147550        -            348   1.4e-11   42.0   0.2   1   2   1.6e-12   8.1e-11   39.5   0.1   102   193    70   172    34   183 0.73 -
scaffold186:31-1265       -            380 13541at147550        -            348   1.4e-11   42.0   0.2   2   2       1.7        82    0.0   0.0   226   258   189   223   181   243 0.74 -
scaffold385:21802-23241   -            338 13541at147550        -            348   2.2e-11   41.3   0.5   1   1   1.4e-12   6.9e-11   39.7   0.5    95   201    74   185    56   235 0.83 -
scaffold428:17190-18919   -            519 13541at147550        -            348   4.6e-11   40.3   0.6   1   2   1.6e-10   7.7e-09   33.0   0.3    78   193    93   212    48   218 0.74 -
scaffold428:17190-18919   -            519 13541at147550        -            348   4.6e-11   40.3   0.6   2   2      0.03       1.5    5.7   0.0   218   259   218   260   212   272 0.80 -
scaffold213:23242-26827   -           1149 13541at147550        -            348   5.6e-11   40.0   0.6   1   2   1.8e-09     9e-08   29.5   0.2   105   192   951  1047   890  1056 0.71 -
scaffold213:23242-26827   -           1149 13541at147550        -            348   5.6e-11   40.0   0.6   2   2    0.0041       0.2    8.6   0.0   223   308  1059  1140  1055  1144 0.71 -
scaffold7:12925-21541     -           1294 13541at147550        -            348   9.5e-11   39.3   0.0   1   1   4.2e-12   2.1e-10   38.2   0.0    77   196   916  1047   890  1103 0.84 -
scaffold809:4998-5553     -            166 13541at147550        -            348   1.1e-10   39.1   0.2   1   2   6.2e-12   3.1e-10   37.6   0.2   122   200    10    94     1   106 0.80 -
scaffold809:4998-5553     -            166 13541at147550        -            348   1.1e-10   39.1   0.2   2   2       3.6   1.8e+02   -1.1   0.0   216   235   138   157   134   161 0.81 -
scaffold500:81589-82458   -            290 13541at147550        -            348   1.7e-10   38.5   0.0   1   1   1.3e-11   6.6e-10   36.5   0.0   126   196    83   160     8   271 0.90 -
scaffold250:257677-258663 -            329 13541at147550        -            348   1.8e-10   38.4   0.0   1   2   2.3e-11   1.2e-09   35.7   0.0    55   195     6   158     2   170 0.75 -
scaffold250:257677-258663 -            329 13541at147550        -            348   1.8e-10   38.4   0.0   2   2       1.1        57    0.5   0.0   221   309   167   262   158   267 0.56 -
scaffold269:77507-78087   -            176 13541at147550        -            348   2.1e-10   38.2   0.2   1   2   2.2e-11   1.1e-09   35.8   0.1   122   200    14    98     3   110 0.81 -
scaffold269:77507-78087   -            176 13541at147550        -            348   2.1e-10   38.2   0.2   2   2       1.6        81    0.1   0.0   216   235   148   167   143   172 0.83 -
scaffold261:178379-179719 -            357 13541at147550        -            348   2.6e-10   37.9   2.0   1   1   2.5e-10   1.2e-08   32.3   1.3   128   260   103   228    26   237 0.74 -
scaffold255:107147-112207 -           1576 13541at147550        -            348   4.2e-10   37.1   0.0   1   3    0.0021      0.11    9.5   0.0   153   259   357   458   342   495 0.64 -
scaffold255:107147-112207 -           1576 13541at147550        -            348   4.2e-10   37.1   0.0   2   3       6.5   3.2e+02   -1.9   0.1    54    92   557   594   546   613 0.71 -
scaffold255:107147-112207 -           1576 13541at147550        -            348   4.2e-10   37.1   0.0   3   3   9.7e-08   4.8e-06   23.8   0.0   130   306   743   925   732   930 0.71 -
scaffold267:80340-82571   -            744 13541at147550        -            348   8.4e-10   36.2   0.0   1   1   2.9e-11   1.4e-09   35.4   0.0   109   256    52   216    41   239 0.73 -
scaffold252:4440-4994     -            185 13541at147550        -            348   1.5e-09   35.3   0.0   1   2   3.7e-10   1.8e-08   31.8   0.0   145   193    30    80    23    90 0.85 -
scaffold252:4440-4994     -            185 13541at147550        -            348   1.5e-09   35.3   0.0   2   2      0.52        26    1.7   0.0   224   305    91   172    81   179 0.69 -
scaffold115:277514-277903 -            130 13541at147550        -            348   2.4e-09   34.6   0.1   1   2   7.5e-08   3.7e-06   24.2   0.0   111   191     8    96     3   101 0.71 -
scaffold115:277514-277903 -            130 13541at147550        -            348   2.4e-09   34.6   0.1   2   2     0.003      0.15    9.0   0.0   222   245   107   130    97   130 0.93 -
scaffold149:17733-19398   -            537 13541at147550        -            348   4.3e-09   33.8   0.0   1   2   3.3e-07   1.6e-05   22.1   0.0   137   193   264   321   220   339 0.85 -
scaffold149:17733-19398   -            537 13541at147550        -            348   4.3e-09   33.8   0.0   2   2    0.0021       0.1    9.6   0.0   223   255   371   405   359   425 0.81 -
scaffold9:44361-44936     -            192 13541at147550        -            348   1.2e-08   32.4   0.9   1   1   6.3e-08   3.1e-06   24.4   0.9   129   305    19   181     6   187 0.70 -
scaffold290:991-4693      -           1213 13541at147550        -            348   2.6e-08   31.3   0.0   1   1   1.2e-09   6.2e-08   30.0   0.0   119   198   854   936   838  1016 0.83 -
scaffold28:241438-243395  -            633 13541at147550        -            348   2.6e-07   28.0   0.0   1   2      0.44        22    1.9   0.0    50   140   126   224   106   231 0.59 -
scaffold28:241438-243395  -            633 13541at147550        -            348   2.6e-07   28.0   0.0   2   2   3.2e-06   0.00016   18.8   0.0   144   223   266   341   256   446 0.61 -
scaffold131:64038-65089   -            328 13541at147550        -            348   3.3e-07   27.6   0.1   1   1   2.2e-08   1.1e-06   25.9   0.1   137   195    90   155     7   242 0.81 -
scaffold78:61591-62175    -            195 13541at147550        -            348   3.5e-07   27.6   0.0   1   1   1.4e-06   7.1e-05   20.0   0.0   143   195    37    99     2   194 0.74 -
scaffold299:38964-40870   -            521 13541at147550        -            348   8.7e-07   26.3   0.1   1   2   9.8e-07   4.9e-05   20.5   0.1    45   179    54   201    46   215 0.70 -
scaffold299:38964-40870   -            521 13541at147550        -            348   8.7e-07   26.3   0.1   2   2      0.17       8.4    3.3   0.0   226   262   350   387   339   396 0.81 -
scaffold141:119877-122025 -            667 13541at147550        -            348   1.4e-06   25.6   0.0   1   1   4.3e-08   2.2e-06   24.9   0.0    76   193   357   475   346   503 0.78 -
scaffold71:316993-321694  -           1546 13541at147550        -            348   1.7e-06   25.3   0.0   1   1   3.5e-07   1.7e-05   22.0   0.0   141   308   116   286    32   292 0.74 -
scaffold509:47521-48646   -            357 13541at147550        -            348   2.7e-06   24.7   0.1   1   2   4.4e-07   2.2e-05   21.6   0.0    54   265     3   231     1   246 0.74 -
scaffold509:47521-48646   -            357 13541at147550        -            348   2.7e-06   24.7   0.1   2   2       5.7   2.8e+02   -1.7   0.0   253   308   295   353   290   354 0.73 -
scaffold40:108003-111263  -           1028 13541at147550        -            348     3e-06   24.5   0.0   1   1   1.9e-07   9.5e-06   22.8   0.0   129   309   141   327   133   345 0.65 -
scaffold94:177230-177871  -            214 13541at147550        -            348   6.4e-06   23.4   0.0   1   1   1.6e-07   7.8e-06   23.1   0.0   126   190    61   131    18   145 0.80 -
scaffold354:37620-40503   -            940 13541at147550        -            348   7.1e-06   23.2   0.0   1   2   3.8e-06   0.00019   18.6   0.0    56   194   583   728   575   750 0.71 -
scaffold354:37620-40503   -            940 13541at147550        -            348   7.1e-06   23.2   0.0   2   2      0.39        20    2.1   0.0   242   306   787   860   777   864 0.67 -
scaffold18:7372-8094      -            241 13541at147550        -            348   8.1e-06   23.1   0.0   1   1     1e-06     5e-05   20.5   0.0   148   251    91   185    58   192 0.80 -
scaffold378:83428-84054   -            209 13541at147550        -            348   3.5e-05   21.0   0.0   1   1     9e-07   4.5e-05   20.6   0.0   128   190    32   100     3   113 0.83 -
scaffold392:177006-177371 -            122 13541at147550        -            348   3.7e-05   20.9   0.1   1   1   8.1e-07   4.1e-05   20.8   0.1   121   189    17    92     1    97 0.76 -
scaffold258:65783-68691   -            895 13541at147550        -            348   4.6e-05   20.6   1.2   1   2   0.00015    0.0072   13.4   0.4    56   191   342   486   334   490 0.58 -
scaffold258:65783-68691   -            895 13541at147550        -            348   4.6e-05   20.6   1.2   2   2     0.032       1.6    5.6   0.0   222   261   497   537   488   548 0.82 -
scaffold95:236-4916       -           1423 13541at147550        -            348   8.2e-05   19.8   2.9   1   2   3.6e-06   0.00018   18.6   1.5    54   192   994  1140   975  1150 0.71 -
scaffold95:236-4916       -           1423 13541at147550        -            348   8.2e-05   19.8   2.9   2   2       2.5   1.2e+02   -0.6   0.0   224   261  1152  1190  1147  1195 0.82 -
scaffold746:42839-44417   -            455 13541at147550        -            348   0.00055   17.0   0.0   1   1   1.8e-05    0.0009   16.3   0.0   149   193   110   163    94   248 0.72 -
scaffold343:312423-313139 -            239 13541at147550        -            348    0.0015   15.6   0.0   1   2   9.9e-05     0.005   13.9   0.0   143   192    83   135    79   144 0.84 -
scaffold343:312423-313139 -            239 13541at147550        -            348    0.0015   15.6   0.0   2   2       3.7   1.9e+02   -1.2   0.0   221   255   148   185   136   196 0.72 -
scaffold2:76946-77320     -            125 13541at147550        -            348    0.0027   14.8   1.2   1   2    0.0048      0.24    8.4   0.0   161   193     1    37     1    49 0.81 -
scaffold2:76946-77320     -            125 13541at147550        -            348    0.0027   14.8   1.2   2   2     0.045       2.2    5.2   0.1   239   258    97   116    91   120 0.86 -
scaffold410:162614-164878 -            578 13541at147550        -            348     0.021   11.8   1.0   1   1    0.0036      0.18    8.8   1.0   150   192   361   404   251   477 0.79 -
#
# Program:         hmmsearch
# Version:         3.1b2 (February 2015)
# Pipeline mode:   SEARCH
# Query file:      /pickett_shared/projects/lwy647/discula_draft_assembly/busco_downloads/lineages/sordariomycetes_odb10/hmms/13541at147550.hmm
# Target file:     /pickett_shared/projects/lwy647/discula_draft_assembly/discula70_53.scafSeq.BUSCO/run_sordariomycetes_odb10/metaeuk_output/initial_results/discula70_53.scafSeq.modified.fas
# Option settings: hmmsearch --domtblout /pickett_shared/projects/lwy647/discula_draft_assembly/discula70_53.scafSeq.BUSCO/run_sordariomycetes_odb10/hmmer_output/initial_run_results/13541at147550.out --cpu 1 /pickett_shared/projects/lwy647/discula_draft_assembly/busco_downloads/lineages/sordariomycetes_odb10/hmms/13541at147550.hmm /pickett_shared/projects/lwy647/discula_draft_assembly/discula70_53.scafSeq.BUSCO/run_sordariomycetes_odb10/metaeuk_output/initial_results/discula70_53.scafSeq.modified.fas 
# Current dir:     /pickett_shared/projects/lwy647/discula_draft_assembly
# Date:            Thu Aug 31 18:11:46 2023
# [ok]
