#                                                                                --- full sequence --- -------------- this domain -------------   hmm coord   ali coord   env coord
# target name            accession   tlen query name           accession   qlen   E-value  score  bias   #  of  c-Evalue  i-Evalue  score  bias  from    to  from    to  from    to  acc description of target
#    ------------------- ---------- ----- -------------------- ---------- ----- --------- ------ ----- --- --- --------- --------- ------ ----- ----- ----- ----- ----- ----- ----- ---- ---------------------
scaffold371:81038-84196  -           1011 13753at147550        -            697         0 1133.8  24.4   1   4   2.2e-30   3.3e-27   93.2   3.9     1    60    38    97    38   106 0.97 -
scaffold371:81038-84196  -           1011 13753at147550        -            697         0 1133.8  24.4   2   4  8.9e-130  1.4e-126  421.6   2.8    76   363   239   570   214   577 0.87 -
scaffold371:81038-84196  -           1011 13753at147550        -            697         0 1133.8  24.4   3   4  1.4e-101   2.2e-98  328.4   0.1   363   552   611   814   604   820 0.92 -
scaffold371:81038-84196  -           1011 13753at147550        -            697         0 1133.8  24.4   4   4   1.6e-93   2.4e-90  301.9   0.2   544   697   856  1011   846  1011 0.98 -
scaffold232:8637-11250   -            847 13753at147550        -            697   2.6e-06   24.1   3.2   1   2    0.0044       6.7    2.9   0.6   149   200   240   295   222   394 0.81 -
scaffold232:8637-11250   -            847 13753at147550        -            697   2.6e-06   24.1   3.2   2   2   1.9e-08     3e-05   20.6   0.1   390   643   536   795   520   802 0.79 -
scaffold78:243704-245054 -            429 13753at147550        -            697     0.019   11.4   0.0   1   1   1.6e-05     0.024   11.0   0.0     2    36    41    75    40    85 0.91 -
#
# Program:         hmmsearch
# Version:         3.1b2 (February 2015)
# Pipeline mode:   SEARCH
# Query file:      /pickett_shared/projects/lwy647/discula_draft_assembly/busco_downloads/lineages/sordariomycetes_odb10/hmms/13753at147550.hmm
# Target file:     /pickett_shared/projects/lwy647/discula_draft_assembly/discula70_53.scafSeq.BUSCO/run_sordariomycetes_odb10/metaeuk_output/initial_results/discula70_53.scafSeq.modified.fas
# Option settings: hmmsearch --domtblout /pickett_shared/projects/lwy647/discula_draft_assembly/discula70_53.scafSeq.BUSCO/run_sordariomycetes_odb10/hmmer_output/initial_run_results/13753at147550.out --cpu 1 /pickett_shared/projects/lwy647/discula_draft_assembly/busco_downloads/lineages/sordariomycetes_odb10/hmms/13753at147550.hmm /pickett_shared/projects/lwy647/discula_draft_assembly/discula70_53.scafSeq.BUSCO/run_sordariomycetes_odb10/metaeuk_output/initial_results/discula70_53.scafSeq.modified.fas 
# Current dir:     /pickett_shared/projects/lwy647/discula_draft_assembly
# Date:            Thu Aug 31 18:11:48 2023
# [ok]
