#                                                                                 --- full sequence --- -------------- this domain -------------   hmm coord   ali coord   env coord
# target name             accession   tlen query name           accession   qlen   E-value  score  bias   #  of  c-Evalue  i-Evalue  score  bias  from    to  from    to  from    to  acc description of target
#     ------------------- ---------- ----- -------------------- ---------- ----- --------- ------ ----- --- --- --------- --------- ------ ----- ----- ----- ----- ----- ----- ----- ---- ---------------------
scaffold140:40144-42768   -            836 16155at147550        -            606  2.4e-299  992.0  23.2   1   3   9.2e-50   1.8e-47  160.2   0.5     8   103    34   129    28   130 0.96 -
scaffold140:40144-42768   -            836 16155at147550        -            606  2.4e-299  992.0  23.2   2   3  2.4e-131  4.7e-129  429.6   3.9   102   333   151   406   143   435 0.92 -
scaffold140:40144-42768   -            836 16155at147550        -            606  2.4e-299  992.0  23.2   3   3  8.7e-124  1.7e-121  404.7   4.9   366   606   553   804   500   804 0.89 -
scaffold203:46368-49574   -           1044 16155at147550        -            606  7.5e-149  495.0   9.5   1   3   4.8e-83   9.1e-81  270.1   0.6    49   322   127   402   113   405 0.89 -
scaffold203:46368-49574   -           1044 16155at147550        -            606  7.5e-149  495.0   9.5   2   3     8e-71   1.5e-68  229.8   0.4   377   595   409   633   404   639 0.89 -
scaffold203:46368-49574   -           1044 16155at147550        -            606  7.5e-149  495.0   9.5   3   3      0.86   1.6e+02   -1.5   0.1   237   289   873   926   851   935 0.81 -
scaffold842:10217-17147   -           1919 16155at147550        -            606  1.8e-129  431.0  18.6   1   3       6.9   1.3e+03   -4.5   2.4   310   354   920   964   861  1011 0.61 -
scaffold842:10217-17147   -           1919 16155at147550        -            606  1.8e-129  431.0  18.6   2   3   1.4e-82   2.7e-80  268.6   3.7    58   317  1084  1359  1071  1369 0.88 -
scaffold842:10217-17147   -           1919 16155at147550        -            606  1.8e-129  431.0  18.6   3   3   7.6e-54   1.5e-51  173.7   0.2   379   587  1373  1588  1364  1608 0.88 -
scaffold656:6016-10604    -           1504 16155at147550        -            606  1.7e-119  398.1  15.1   1   4      0.48        93   -0.7   0.3     4    40   501   539   498   559 0.76 -
scaffold656:6016-10604    -           1504 16155at147550        -            606  1.7e-119  398.1  15.1   2   4   2.3e-70   4.5e-68  228.2   3.5    62   318   641   914   627   925 0.86 -
scaffold656:6016-10604    -           1504 16155at147550        -            606  1.7e-119  398.1  15.1   3   4      0.63   1.2e+02   -1.1   0.0   381   401   932   952   919   957 0.82 -
scaffold656:6016-10604    -           1504 16155at147550        -            606  1.7e-119  398.1  15.1   4   4   3.8e-54   7.2e-52  174.7   0.1   409   568  1224  1383  1207  1391 0.95 -
scaffold41:93122-98062    -           1647 16155at147550        -            606  4.2e-117  390.1   9.0   1   3     6e-74   1.2e-71  240.1   0.6    67   328   759  1039   753  1057 0.88 -
scaffold41:93122-98062    -           1647 16155at147550        -            606  4.2e-117  390.1   9.0   2   3      0.32        61   -0.1   0.0   385   403  1046  1064  1042  1081 0.79 -
scaffold41:93122-98062    -           1647 16155at147550        -            606  4.2e-117  390.1   9.0   3   3   2.1e-47     4e-45  152.4   2.1   414   572  1322  1480  1312  1497 0.93 -
scaffold740:37098-42367   -           1645 16155at147550        -            606  4.6e-113  376.8   1.9   1   2   1.4e-57   2.8e-55  186.0   0.2    56   320   402   688   377   712 0.84 -
scaffold740:37098-42367   -           1645 16155at147550        -            606  4.6e-113  376.8   1.9   2   2   9.9e-59   1.9e-56  189.8   0.2   383   571   700   900   689   921 0.82 -
scaffold324:76368-79991   -           1208 16155at147550        -            606   4.2e-90  301.0   3.5   1   2   7.2e-44   1.4e-41  140.7   0.5    61   319   603   868   586   883 0.83 -
scaffold324:76368-79991   -           1208 16155at147550        -            606   4.2e-90  301.0   3.5   2   2     1e-48   1.9e-46  156.8   0.2   379   586   884  1095   868  1111 0.81 -
scaffold186:79072-82554   -           1161 16155at147550        -            606   1.5e-86  289.2   1.7   1   3   6.3e-25   1.2e-22   78.2   0.1    72   155   379   462   372   466 0.96 -
scaffold186:79072-82554   -           1161 16155at147550        -            606   1.5e-86  289.2   1.7   2   3   3.9e-26   7.4e-24   82.2   0.0   163   313   503   658   481   674 0.82 -
scaffold186:79072-82554   -           1161 16155at147550        -            606   1.5e-86  289.2   1.7   3   3   1.5e-39   2.8e-37  126.5   0.1   410   571   706   867   670   881 0.85 -
scaffold38:49021-52164    -           1048 16155at147550        -            606   2.1e-85  285.4   4.8   1   1   9.3e-87   1.8e-84  282.4   4.8    39   579   466  1040   433  1045 0.74 -
scaffold258:12477-20857   -           2368 16155at147550        -            606   2.9e-79  265.2   0.1   1   2   1.7e-44   3.3e-42  142.8   0.0    67   320  1287  1564  1261  1588 0.82 -
scaffold258:12477-20857   -           2368 16155at147550        -            606   2.9e-79  265.2   0.1   2   2   1.4e-37   2.6e-35  120.0   0.1   432   576  1660  1809  1653  1816 0.86 -
scaffold163:37597-40838   -           1051 16155at147550        -            606   1.1e-66  223.7   0.1   1   2     4e-33   7.7e-31  105.2   0.0    70   316   149   426   138   440 0.77 -
scaffold163:37597-40838   -           1051 16155at147550        -            606   1.1e-66  223.7   0.1   2   2   3.9e-36   7.5e-34  115.2   0.0   415   549   584   718   575   739 0.94 -
scaffold237:2262-4652     -            797 16155at147550        -            606   1.7e-65  219.7   0.5   1   2   2.9e-33   5.6e-31  105.7   0.1    70   315   206   485   184   497 0.76 -
scaffold237:2262-4652     -            797 16155at147550        -            606   1.7e-65  219.7   0.5   2   2   2.8e-34   5.3e-32  109.1   0.1   415   567   553   707   547   724 0.89 -
scaffold148:50074-52639   -            663 16155at147550        -            606   7.3e-57  191.2   0.1   1   3   2.7e-13   5.1e-11   39.8   0.0    77   169    25   124    16   134 0.79 -
scaffold148:50074-52639   -            663 16155at147550        -            606   7.3e-57  191.2   0.1   2   3   5.4e-12     1e-09   35.5   0.0   180   337   216   379   210   412 0.81 -
scaffold148:50074-52639   -            663 16155at147550        -            606   7.3e-57  191.2   0.1   3   3   3.2e-35     6e-33  112.2   0.1   415   575   491   653   483   661 0.91 -
scaffold125:129404-132603 -           1033 16155at147550        -            606   2.5e-54  182.8   0.2   1   2   3.4e-26   6.4e-24   82.4   0.0    74   285   218   458   202   469 0.70 -
scaffold125:129404-132603 -           1033 16155at147550        -            606   2.5e-54  182.8   0.2   2   2   6.8e-31   1.3e-28   97.9   0.4   430   587   830   986   809  1006 0.82 -
scaffold217:168601-170247 -            527 16155at147550        -            606   3.3e-51  172.5   0.3   1   2   3.9e-26   7.4e-24   82.2   0.1    93   341     2   277     1   318 0.80 -
scaffold217:168601-170247 -            527 16155at147550        -            606   3.3e-51  172.5   0.3   2   2   5.2e-28   9.9e-26   88.4   0.0   424   568   377   524   362   526 0.87 -
scaffold126:6433-10668    -           1412 16155at147550        -            606   3.6e-51  172.4   0.5   1   1   1.2e-52   2.4e-50  169.7   0.5    70   547   817  1330   758  1349 0.78 -
scaffold32:15451-18953    -           1113 16155at147550        -            606   2.6e-46  156.3   1.5   1   3   6.9e-08   1.3e-05   21.9   0.0    89   115   466   492   439   499 0.84 -
scaffold32:15451-18953    -           1113 16155at147550        -            606   2.6e-46  156.3   1.5   2   3     1e-14     2e-12   44.4   0.1   125   317   530   750   526   813 0.68 -
scaffold32:15451-18953    -           1113 16155at147550        -            606   2.6e-46  156.3   1.5   3   3   3.1e-27   5.9e-25   85.8   0.1   411   558   935  1084   932  1111 0.89 -
scaffold289:40239-42872   -            878 16155at147550        -            606   6.1e-43  145.2   0.1   1   2   5.4e-20     1e-17   61.9   0.0    96   333     1   263     1   272 0.77 -
scaffold289:40239-42872   -            878 16155at147550        -            606   6.1e-43  145.2   0.1   2   2   1.9e-25   3.7e-23   79.9   0.0   431   560   725   854   705   869 0.89 -
scaffold27:94947-98360    -           1114 16155at147550        -            606   1.2e-41  141.0   4.5   1   3   6.7e-05     0.013   12.0   0.0    92   116   470   495   465   501 0.82 -
scaffold27:94947-98360    -           1114 16155at147550        -            606   1.2e-41  141.0   4.5   2   3   2.9e-17   5.6e-15   52.9   0.6   124   317   543   744   531   757 0.79 -
scaffold27:94947-98360    -           1114 16155at147550        -            606   1.2e-41  141.0   4.5   3   3   4.9e-24   9.4e-22   75.2   0.0   433   569   955  1091   944  1111 0.88 -
scaffold371:10075-11535   -            468 16155at147550        -            606   1.3e-33  114.4   0.4   1   3   5.8e-06    0.0011   15.5   0.0   186   238     1    54     1    60 0.81 -
scaffold371:10075-11535   -            468 16155at147550        -            606   1.3e-33  114.4   0.4   2   3    0.0026       0.5    6.8   0.0   267   340   129   205   124   227 0.82 -
scaffold371:10075-11535   -            468 16155at147550        -            606   1.3e-33  114.4   0.4   3   3   4.1e-28   7.8e-26   88.7   0.0   414   558   309   454   299   465 0.86 -
scaffold243:207389-211675 -           1382 16155at147550        -            606   9.9e-28   95.0   0.0   1   3   5.1e-12   9.7e-10   35.6   0.0    89   158   194   278   187   293 0.79 -
scaffold243:207389-211675 -           1382 16155at147550        -            606   9.9e-28   95.0   0.0   2   3     0.054        10    2.4   0.0   175   242   334   403   326   441 0.75 -
scaffold243:207389-211675 -           1382 16155at147550        -            606   9.9e-28   95.0   0.0   3   3   3.3e-17   6.3e-15   52.7   0.0   432   567  1159  1286  1139  1302 0.82 -
scaffold308:109681-112815 -           1045 16155at147550        -            606   6.3e-15   52.7   1.2   1   4    0.0002     0.038   10.5   0.0    92   120   217   245   192   250 0.86 -
scaffold308:109681-112815 -           1045 16155at147550        -            606   6.3e-15   52.7   1.2   2   4      0.79   1.5e+02   -1.4   0.0   123   151   330   358   323   385 0.81 -
scaffold308:109681-112815 -           1045 16155at147550        -            606   6.3e-15   52.7   1.2   3   4      0.04       7.6    2.9   0.0   175   218   408   457   403   460 0.75 -
scaffold308:109681-112815 -           1045 16155at147550        -            606   6.3e-15   52.7   1.2   4   4   8.1e-12   1.5e-09   34.9   0.3   411   550   844   982   832  1003 0.83 -
scaffold186:67992-69092   -            367 16155at147550        -            606    0.0018   14.8   0.2   1   2       1.2   2.2e+02   -2.0   0.0   292   320   174   203   167   224 0.52 -
scaffold186:67992-69092   -            367 16155at147550        -            606    0.0018   14.8   0.2   2   2   2.4e-05    0.0045   13.5   0.0   438   531   252   342   231   357 0.73 -
scaffold189:75548-78865   -           1106 16155at147550        -            606     0.012   12.1   0.1   1   1    0.0001      0.02   11.4   0.1   463   564   560   656   547   669 0.81 -
#
# Program:         hmmsearch
# Version:         3.1b2 (February 2015)
# Pipeline mode:   SEARCH
# Query file:      /pickett_shared/projects/lwy647/discula_draft_assembly/busco_downloads/lineages/sordariomycetes_odb10/hmms/16155at147550.hmm
# Target file:     /pickett_shared/projects/lwy647/discula_draft_assembly/discula70_53.scafSeq.BUSCO/run_sordariomycetes_odb10/metaeuk_output/initial_results/discula70_53.scafSeq.modified.fas
# Option settings: hmmsearch --domtblout /pickett_shared/projects/lwy647/discula_draft_assembly/discula70_53.scafSeq.BUSCO/run_sordariomycetes_odb10/hmmer_output/initial_run_results/16155at147550.out --cpu 1 /pickett_shared/projects/lwy647/discula_draft_assembly/busco_downloads/lineages/sordariomycetes_odb10/hmms/16155at147550.hmm /pickett_shared/projects/lwy647/discula_draft_assembly/discula70_53.scafSeq.BUSCO/run_sordariomycetes_odb10/metaeuk_output/initial_results/discula70_53.scafSeq.modified.fas 
# Current dir:     /pickett_shared/projects/lwy647/discula_draft_assembly
# Date:            Thu Aug 31 18:11:40 2023
# [ok]
