#                                                                                 --- full sequence --- -------------- this domain -------------   hmm coord   ali coord   env coord
# target name             accession   tlen query name           accession   qlen   E-value  score  bias   #  of  c-Evalue  i-Evalue  score  bias  from    to  from    to  from    to  acc description of target
#     ------------------- ---------- ----- -------------------- ---------- ----- --------- ------ ----- --- --- --------- --------- ------ ----- ----- ----- ----- ----- ----- ----- ---- ---------------------
scaffold126:226891-229130 -            665 17631at147550        -            435  6.9e-247  817.3  35.2   1   2   9.2e-62   5.6e-60  201.3  13.0     1   124    52   198    52   203 0.89 -
scaffold126:226891-229130 -            665 17631at147550        -            435  6.9e-247  817.3  35.2   2   2    2e-188  1.2e-186  618.7  14.2   120   435   251   598   245   598 0.93 -
scaffold91:236420-239677  -           1003 17631at147550        -            435   2.9e-69  231.9  17.4   1   2   2.3e-14   1.4e-12   45.1   0.1    33   118   384   469   367   483 0.87 -
scaffold91:236420-239677  -           1003 17631at147550        -            435   2.9e-69  231.9  17.4   2   2   7.3e-57   4.5e-55  185.2  13.0   124   430   593   971   587   975 0.77 -
scaffold663:21837-23802   -            626 17631at147550        -            435   1.8e-42  143.6  20.4   1   3   8.3e-14     5e-12   43.3   0.4    39   117   100   177    75   185 0.88 -
scaffold663:21837-23802   -            626 17631at147550        -            435   1.8e-42  143.6  20.4   2   3   8.1e-23   4.9e-21   73.0  10.2   193   362   270   450   264   456 0.84 -
scaffold663:21837-23802   -            626 17631at147550        -            435   1.8e-42  143.6  20.4   3   3   7.6e-10   4.6e-08   30.3   0.1   234   325   531   623   526   625 0.89 -
scaffold679:35697-36815   -            373 17631at147550        -            435   6.9e-40  135.1   6.1   1   3   8.5e-11   5.2e-09   33.4   0.7   294   395     3   121     1   131 0.45 -
scaffold679:35697-36815   -            373 17631at147550        -            435   6.9e-40  135.1   6.1   2   3   1.8e-16   1.1e-14   52.1   0.0   218   334   132   254   122   259 0.80 -
scaffold679:35697-36815   -            373 17631at147550        -            435   6.9e-40  135.1   6.1   3   3   1.4e-16   8.8e-15   52.4   0.2   218   325   259   373   251   373 0.87 -
scaffold509:105503-107947 -            796 17631at147550        -            435   6.7e-39  131.9   9.8   1   4   0.00042     0.026   11.3   0.0    65   114   354   402   325   412 0.84 -
scaffold509:105503-107947 -            796 17631at147550        -            435   6.7e-39  131.9   9.8   2   4   9.6e-08   5.9e-06   23.3   0.0   212   258   451   497   419   507 0.82 -
scaffold509:105503-107947 -            796 17631at147550        -            435   6.7e-39  131.9   9.8   3   4   1.4e-24   8.7e-23   78.8   0.9   258   405   544   705   537   707 0.89 -
scaffold509:105503-107947 -            796 17631at147550        -            435   6.7e-39  131.9   9.8   4   4   9.6e-15   5.9e-13   46.4   1.2   198   321   641   773   640   780 0.84 -
scaffold94:208851-211790  -            980 17631at147550        -            435   5.4e-36  122.3   7.5   1   5   4.1e-06   0.00025   18.0   0.0    53   113    11    70     1    81 0.83 -
scaffold94:208851-211790  -            980 17631at147550        -            435   5.4e-36  122.3   7.5   2   5   2.6e-17   1.6e-15   54.9   0.0   223   325   259   368   247   380 0.85 -
scaffold94:208851-211790  -            980 17631at147550        -            435   5.4e-36  122.3   7.5   3   5   5.9e-16   3.6e-14   50.4   0.2   254   340   411   504   408   518 0.89 -
scaffold94:208851-211790  -            980 17631at147550        -            435   5.4e-36  122.3   7.5   4   5       4.3   2.6e+02   -1.9   0.2   273   286   577   590   573   598 0.60 -
scaffold94:208851-211790  -            980 17631at147550        -            435   5.4e-36  122.3   7.5   5   5       3.7   2.2e+02   -1.7   0.0   303   399   938   965   932   976 0.59 -
scaffold290:53613-55254   -            520 17631at147550        -            435   8.4e-36  121.7   2.4   1   3   5.2e-09   3.2e-07   27.5   0.0   272   326   162   218   137   227 0.90 -
scaffold290:53613-55254   -            520 17631at147550        -            435   8.4e-36  121.7   2.4   2   3   1.2e-11   7.3e-10   36.2   0.3   236   318   256   343   248   351 0.81 -
scaffold290:53613-55254   -            520 17631at147550        -            435   8.4e-36  121.7   2.4   3   3   2.3e-16   1.4e-14   51.7   0.0   233   358   377   518   372   519 0.81 -
scaffold71:251585-253878  -            652 17631at147550        -            435   3.5e-34  116.4   9.6   1   2   8.7e-13   5.3e-11   39.9   0.2   187   250   316   385   305   396 0.81 -
scaffold71:251585-253878  -            652 17631at147550        -            435   3.5e-34  116.4   9.6   2   2   1.4e-23   8.7e-22   75.5   4.3   255   430   428   602   421   604 0.85 -
scaffold679:36393-37040   -            216 17631at147550        -            435   8.6e-28   95.3   3.7   1   2   1.6e-14     1e-12   45.6   0.2   236   327     3   101     1   105 0.86 -
scaffold679:36393-37040   -            216 17631at147550        -            435   8.6e-28   95.3   3.7   2   2     4e-16   2.5e-14   50.9   0.5   213   316   106   215   101   216 0.83 -
scaffold226:67411-68872   -            447 17631at147550        -            435   1.1e-26   91.6   3.3   1   4   1.4e-07   8.7e-06   22.8   0.0   214   308    96   198    83   207 0.82 -
scaffold226:67411-68872   -            447 17631at147550        -            435   1.1e-26   91.6   3.3   2   4     2e-11   1.2e-09   35.5   0.1   233   289   210   269   204   292 0.87 -
scaffold226:67411-68872   -            447 17631at147550        -            435   1.1e-26   91.6   3.3   3   4   2.5e-10   1.5e-08   31.8   0.1   234   298   318   385   298   397 0.87 -
scaffold226:67411-68872   -            447 17631at147550        -            435   1.1e-26   91.6   3.3   4   4       5.8   3.5e+02   -2.3   0.0   313   325   434   446   431   447 0.87 -
scaffold8:77148-79251     -            607 17631at147550        -            435   3.9e-25   86.5   6.5   1   3   1.2e-08   7.4e-07   26.3   0.8   207   319   291   414   288   414 0.82 -
scaffold8:77148-79251     -            607 17631at147550        -            435   3.9e-25   86.5   6.5   2   3   2.3e-18   1.4e-16   58.4   0.2   197   326   366   506   364   516 0.85 -
scaffold8:77148-79251     -            607 17631at147550        -            435   3.9e-25   86.5   6.5   3   3   9.4e-07   5.7e-05   20.1   0.0   215   287   527   604   520   606 0.65 -
scaffold72:58344-59805    -            468 17631at147550        -            435   1.9e-24   84.3   6.5   1   1   2.5e-17   1.6e-15   54.9   0.6   179   309   237   377   235   380 0.81 -
scaffold721:13595-16468   -            958 17631at147550        -            435   7.8e-23   79.0  14.7   1   4   1.5e-08   9.2e-07   26.0   1.2   261   404    67   205    32   211 0.72 -
scaffold721:13595-16468   -            958 17631at147550        -            435   7.8e-23   79.0  14.7   2   4     0.088       5.4    3.7   0.1   346   372   226   252   217   316 0.57 -
scaffold721:13595-16468   -            958 17631at147550        -            435   7.8e-23   79.0  14.7   3   4   2.7e-08   1.7e-06   25.1   0.3   215   330   421   541   414   561 0.83 -
scaffold721:13595-16468   -            958 17631at147550        -            435   7.8e-23   79.0  14.7   4   4     7e-10   4.3e-08   30.4   0.1   210   326   596   724   576   728 0.81 -
scaffold126:47557-48887   -            358 17631at147550        -            435   1.2e-22   78.3   9.0   1   3    0.0015     0.094    9.5   0.2   293   328    66   103    60   122 0.68 -
scaffold126:47557-48887   -            358 17631at147550        -            435   1.2e-22   78.3   9.0   2   3   3.2e-18   1.9e-16   57.9   0.3   199   325   132   273   108   279 0.76 -
scaffold126:47557-48887   -            358 17631at147550        -            435   1.2e-22   78.3   9.0   3   3   3.1e-05    0.0019   15.1   0.8   216   281   289   355   271   358 0.67 -
scaffold299:50012-51394   -            438 17631at147550        -            435   1.3e-22   78.2   5.0   1   3   1.6e-05     0.001   16.0   0.0   215   309    96   198    82   209 0.65 -
scaffold299:50012-51394   -            438 17631at147550        -            435   1.3e-22   78.2   5.0   2   3   1.4e-10   8.8e-09   32.6   0.1   201   288   165   269   159   292 0.63 -
scaffold299:50012-51394   -            438 17631at147550        -            435   1.3e-22   78.2   5.0   3   3   1.2e-10   7.3e-09   32.9   0.2   235   301   320   389   312   399 0.86 -
scaffold33:10801-13583    -            883 17631at147550        -            435   1.3e-21   75.0  13.2   1   6     0.012      0.71    6.6   0.0   364   401   101   140    43   158 0.72 -
scaffold33:10801-13583    -            883 17631at147550        -            435   1.3e-21   75.0  13.2   2   6   4.7e-06   0.00029   17.8   1.2   197   297   197   304   191   333 0.72 -
scaffold33:10801-13583    -            883 17631at147550        -            435   1.3e-21   75.0  13.2   3   6      0.19        11    2.6   0.0   256   289   416   451   379   476 0.65 -
scaffold33:10801-13583    -            883 17631at147550        -            435   1.3e-21   75.0  13.2   4   6   2.6e-07   1.6e-05   21.9   0.0   235   309   498   580   493   593 0.82 -
scaffold33:10801-13583    -            883 17631at147550        -            435   1.3e-21   75.0  13.2   5   6   3.7e-06   0.00023   18.1   0.1   271   308   598   635   574   642 0.81 -
scaffold33:10801-13583    -            883 17631at147550        -            435   1.3e-21   75.0  13.2   6   6   0.00053     0.033   11.0   0.1   275   326   652   705   643   744 0.68 -
scaffold262:5982-8751     -            898 17631at147550        -            435   1.8e-18   64.6   3.0   1   3    0.0094      0.57    6.9   0.0   215   304   145   199   134   225 0.51 -
scaffold262:5982-8751     -            898 17631at147550        -            435   1.8e-18   64.6   3.0   2   3   1.5e-08   8.9e-07   26.0   0.3   233   327   316   415   290   420 0.67 -
scaffold262:5982-8751     -            898 17631at147550        -            435   1.8e-18   64.6   3.0   3   3   1.1e-09     7e-08   29.7   0.1   266   341   437   515   422   562 0.77 -
scaffold237:16750-20683   -           1207 17631at147550        -            435     3e-17   60.6   5.0   1   2     3e-15   1.8e-13   48.1   0.8   158   291    15   164    10   180 0.80 -
scaffold237:16750-20683   -           1207 17631at147550        -            435     3e-17   60.6   5.0   2   2   8.9e-05    0.0054   13.6   0.2   180   250   200   280   192   293 0.71 -
scaffold69:144016-144591  -            192 17631at147550        -            435   9.3e-17   58.9   0.4   1   2   3.2e-09     2e-07   28.2   0.1   217   290     5    83     2    93 0.63 -
scaffold69:144016-144591  -            192 17631at147550        -            435   9.3e-17   58.9   0.4   2   2   1.5e-09   9.1e-08   29.3   0.0   250   319   119   192   103   192 0.89 -
scaffold284:35441-37282   -            596 17631at147550        -            435   1.8e-16   58.0   0.7   1   2   2.4e-17   1.4e-15   55.0   0.3   195   358   121   304    79   318 0.81 -
scaffold284:35441-37282   -            596 17631at147550        -            435   1.8e-16   58.0   0.7   2   2         1        63    0.2   0.0   310   346   358   394   340   405 0.67 -
scaffold39:57898-58915    -            313 17631at147550        -            435   5.2e-16   56.5   3.1   1   2   1.7e-07     1e-05   22.5   0.6   197   287    36   136    13   157 0.74 -
scaffold39:57898-58915    -            313 17631at147550        -            435   5.2e-16   56.5   3.1   2   2   6.8e-11   4.2e-09   33.7   0.1   195   304   161   286   143   304 0.73 -
scaffold37:114701-116273  -            412 17631at147550        -            435   1.1e-15   55.4   0.8   1   2   8.9e-13   5.4e-11   39.9   0.1   233   328    52   157    25   199 0.79 -
scaffold37:114701-116273  -            412 17631at147550        -            435   1.1e-15   55.4   0.8   2   2   0.00011    0.0066   13.3   0.0   227   312   254   341   239   357 0.83 -
scaffold848:10283-11353   -            357 17631at147550        -            435   4.7e-15   53.3  13.8   1   2       9.8     6e+02   -3.1   0.0   310   325    15    30     5    37 0.62 -
scaffold848:10283-11353   -            357 17631at147550        -            435   4.7e-15   53.3  13.8   2   2   2.7e-15   1.7e-13   48.2  14.4   197   409    79   303    57   315 0.75 -
scaffold178:63097-64787   -            507 17631at147550        -            435   6.9e-15   52.8   5.7   1   3       1.4        86   -0.3   0.0   200   224   213   237   181   243 0.61 -
scaffold178:63097-64787   -            507 17631at147550        -            435   6.9e-15   52.8   5.7   2   3   7.2e-13   4.4e-11   40.2   2.0   235   331   300   402   253   426 0.73 -
scaffold178:63097-64787   -            507 17631at147550        -            435   6.9e-15   52.8   5.7   3   3   0.00037     0.023   11.5   0.0   274   326   448   502   440   505 0.76 -
scaffold639:55577-58163   -            801 17631at147550        -            435   1.3e-14   51.9   1.7   1   3     0.014      0.88    6.3   0.0   215   247     6    39     1    45 0.76 -
scaffold639:55577-58163   -            801 17631at147550        -            435   1.3e-14   51.9   1.7   2   3   7.3e-09   4.4e-07   27.0   0.1   231   325    73   174    68   185 0.84 -
scaffold639:55577-58163   -            801 17631at147550        -            435   1.3e-14   51.9   1.7   3   3     2e-05    0.0012   15.7   0.5   196   287   211   306   188   319 0.70 -
scaffold352:81022-82225   -            383 17631at147550        -            435   2.9e-14   50.7   3.4   1   2   3.1e-10   1.9e-08   31.5   0.7   199   336    46   201    37   204 0.78 -
scaffold352:81022-82225   -            383 17631at147550        -            435   2.9e-14   50.7   3.4   2   2   1.4e-06   8.7e-05   19.5   0.1   217   288   259   337   211   359 0.68 -
scaffold67:41310-44753    -           1018 17631at147550        -            435   4.5e-13   46.8   3.1   1   2       1.4        85   -0.3   0.0   367   397    20    52     9    57 0.64 -
scaffold67:41310-44753    -           1018 17631at147550        -            435   4.5e-13   46.8   3.1   2   2   1.3e-14   8.2e-13   45.9   0.7   198   309   148   271   141   335 0.84 -
scaffold255:80910-83161   -            706 17631at147550        -            435   9.8e-13   45.7   8.7   1   2       0.4        24    1.5   0.0   265   326   329   352   305   369 0.52 -
scaffold255:80910-83161   -            706 17631at147550        -            435   9.8e-13   45.7   8.7   2   2   9.3e-14   5.7e-12   43.1   6.6   197   363   410   598   408   627 0.75 -
scaffold479:74407-77248   -            836 17631at147550        -            435   4.3e-12   43.5   0.2   1   2   7.2e-07   4.4e-05   20.5   0.0   208   326    29   159    23   163 0.72 -
scaffold479:74407-77248   -            836 17631at147550        -            435   4.3e-12   43.5   0.2   2   2   2.4e-08   1.5e-06   25.3   0.1   198   313   147   274   144   290 0.75 -
scaffold7:127691-129352   -            554 17631at147550        -            435   8.4e-12   42.6   0.5   1   1   1.2e-11   7.4e-10   36.2   0.0   274   396   169   312   168   322 0.61 -
scaffold351:111404-113017 -            538 17631at147550        -            435   2.4e-10   37.8   1.5   1   3   4.8e-10     3e-08   30.9   0.0   213   297   239   330   232   340 0.83 -
scaffold351:111404-113017 -            538 17631at147550        -            435   2.4e-10   37.8   1.5   2   3     0.049         3    4.5   0.1   292   327   370   407   350   508 0.63 -
scaffold351:111404-113017 -            538 17631at147550        -            435   2.4e-10   37.8   1.5   3   3      0.81        49    0.5   0.1   341   395   478   538   435   538 0.57 -
scaffold639:53258-54412   -            385 17631at147550        -            435   4.9e-10   36.8   0.0   1   2   2.4e-06   0.00015   18.7   0.0   217   290    90   168    82   179 0.81 -
scaffold639:53258-54412   -            385 17631at147550        -            435   4.9e-10   36.8   0.0   2   2   1.7e-05    0.0011   15.9   0.0   256   327   293   366   285   371 0.85 -
scaffold622:34300-35663   -            422 17631at147550        -            435   1.4e-09   35.3   0.2   1   2   2.7e-09   1.6e-07   28.5   0.1   215   326    40   151    30   228 0.83 -
scaffold622:34300-35663   -            422 17631at147550        -            435   1.4e-09   35.3   0.2   2   2      0.67        41    0.8   0.0   340   366   288   314   240   333 0.75 -
scaffold528:88245-89801   -            490 17631at147550        -            435   3.3e-09   34.0   2.6   1   3   3.8e-06   0.00023   18.1   0.0   233   326   137   246   129   286 0.82 -
scaffold528:88245-89801   -            490 17631at147550        -            435   3.3e-09   34.0   2.6   2   3   3.5e-05    0.0021   14.9   0.1   212   250   377   418   297   427 0.81 -
scaffold528:88245-89801   -            490 17631at147550        -            435   3.3e-09   34.0   2.6   3   3       2.1   1.3e+02   -0.9   0.1   372   393   459   481   449   485 0.72 -
scaffold265:74878-78595   -            799 17631at147550        -            435   4.9e-09   33.5   0.9   1   2     0.041       2.5    4.8   0.1   331   398    64   139    46   154 0.58 -
scaffold265:74878-78595   -            799 17631at147550        -            435   4.9e-09   33.5   0.9   2   2   6.6e-09   4.1e-07   27.2   0.1   196   327   211   354   201   370 0.76 -
scaffold163:116213-117779 -            499 17631at147550        -            435   8.7e-09   32.7   2.7   1   3   0.00044     0.027   11.3   0.0   354   397    57   103    43   107 0.78 -
scaffold163:116213-117779 -            499 17631at147550        -            435   8.7e-09   32.7   2.7   2   3       1.3        77   -0.1   0.0   268   290   142   163   130   202 0.77 -
scaffold163:116213-117779 -            499 17631at147550        -            435   8.7e-09   32.7   2.7   3   3   3.2e-06   0.00019   18.3   1.3   313   400   238   331   148   337 0.76 -
scaffold31:53043-54041    -            304 17631at147550        -            435   8.7e-09   32.7   2.2   1   2   3.4e-07   2.1e-05   21.5   0.3   246   399     3   175     1   181 0.59 -
scaffold31:53043-54041    -            304 17631at147550        -            435   8.7e-09   32.7   2.2   2   2     0.019       1.1    5.9   0.1   180   229   242   297   238   302 0.49 -
scaffold255:124337-126211 -            625 17631at147550        -            435   9.8e-09   32.5   0.9   1   2   6.7e-08   4.1e-06   23.9   0.8   179   293   248   373   235   435 0.74 -
scaffold255:124337-126211 -            625 17631at147550        -            435   9.8e-09   32.5   0.9   2   2     0.068       4.1    4.1   0.0   344   361   482   499   453   512 0.76 -
scaffold440:10778-12017   -            388 17631at147550        -            435   1.6e-07   28.5   0.5   1   4    0.0001    0.0061   13.4   0.0   361   400    99   138    91   147 0.89 -
scaffold440:10778-12017   -            388 17631at147550        -            435   1.6e-07   28.5   0.5   2   4     2e-06   0.00012   19.0   0.3   197   255   120   184   120   220 0.72 -
scaffold440:10778-12017   -            388 17631at147550        -            435   1.6e-07   28.5   0.5   3   4   0.00094     0.057   10.2   0.1   197   292   163   256   154   264 0.78 -
scaffold440:10778-12017   -            388 17631at147550        -            435   1.6e-07   28.5   0.5   4   4      0.93        57    0.3   0.0   345   366   303   325   269   341 0.69 -
scaffold377:5691-7553     -            580 17631at147550        -            435   9.3e-07   26.0  13.8   1   2   1.3e-07   8.1e-06   22.9   2.5   179   309   309   447   294   458 0.76 -
scaffold377:5691-7553     -            580 17631at147550        -            435   9.3e-07   26.0  13.8   2   2    0.0013     0.079    9.7   0.1   201   248   503   555   487   563 0.62 -
scaffold687:37237-38688   -            465 17631at147550        -            435   2.1e-06   24.8   0.1   1   1     7e-08   4.3e-06   23.8   0.1   326   405    20   104    13   114 0.82 -
scaffold203:50644-51853   -            335 17631at147550        -            435   2.9e-06   24.4   0.8   1   3   1.7e-06    0.0001   19.2   0.1   257   326     7    80     3    81 0.83 -
scaffold203:50644-51853   -            335 17631at147550        -            435   2.9e-06   24.4   0.8   2   3       1.2        71    0.0   0.0   373   405   153   185   143   190 0.81 -
scaffold203:50644-51853   -            335 17631at147550        -            435   2.9e-06   24.4   0.8   3   3       7.7   4.7e+02   -2.7   0.0   344   358   301   315   284   320 0.66 -
scaffold69:68839-70440    -            491 17631at147550        -            435   3.3e-06   24.1   3.2   1   3    0.0019      0.11    9.2   0.1   234   281   251   302   232   313 0.63 -
scaffold69:68839-70440    -            491 17631at147550        -            435   3.3e-06   24.1   3.2   2   3    0.0014     0.088    9.6   0.1   357   399   359   404   353   420 0.79 -
scaffold69:68839-70440    -            491 17631at147550        -            435   3.3e-06   24.1   3.2   3   3     0.074       4.5    3.9   0.0   381   423   433   477   415   480 0.80 -
scaffold352:12971-15458   -            438 17631at147550        -            435   5.3e-06   23.5   3.7   1   3      0.16       9.9    2.8   0.0   358   399   143   186   124   192 0.82 -
scaffold352:12971-15458   -            438 17631at147550        -            435   5.3e-06   23.5   3.7   2   3      0.26        16    2.1   0.0   384   403   221   240   205   246 0.80 -
scaffold352:12971-15458   -            438 17631at147550        -            435   5.3e-06   23.5   3.7   3   3   7.3e-06   0.00045   17.1   0.4   216   299   312   403   306   416 0.73 -
scaffold687:30891-38688   -           2204 17631at147550        -            435   1.6e-05   21.9   0.1   1   1   5.3e-07   3.3e-05   20.9   0.1   326   405    20   104    13   114 0.82 -
scaffold55:67073-68598    -            432 17631at147550        -            435   1.7e-05   21.8   0.5   1   1   8.1e-07     5e-05   20.3   0.5   195   325   201   354   192   361 0.66 -
scaffold479:11817-13184   -            456 17631at147550        -            435   2.1e-05   21.5   0.6   1   2   2.6e-05    0.0016   15.3   0.1   327   397     9    86     7    92 0.80 -
scaffold479:11817-13184   -            456 17631at147550        -            435   2.1e-05   21.5   0.6   2   2     0.058       3.6    4.3   0.1   263   311   340   390   323   403 0.74 -
scaffold842:6306-8594     -            593 17631at147550        -            435   2.6e-05   21.2   0.0   1   3      0.42        26    1.4   0.0   376   396    76    96    59   102 0.66 -
scaffold842:6306-8594     -            593 17631at147550        -            435   2.6e-05   21.2   0.0   2   3   4.3e-07   2.6e-05   21.2   0.0   229   299   133   205   110   238 0.77 -
scaffold842:6306-8594     -            593 17631at147550        -            435   2.6e-05   21.2   0.0   3   3       7.7   4.7e+02   -2.7   0.0   380   390   567   577   556   584 0.82 -
scaffold250:114896-117332 -            718 17631at147550        -            435     4e-05   20.6   1.0   1   2     0.003      0.18    8.5   0.1   303   359    17    91    10    96 0.71 -
scaffold250:114896-117332 -            718 17631at147550        -            435     4e-05   20.6   1.0   2   2    0.0013      0.08    9.7   0.1   270   326   133   191   120   205 0.87 -
scaffold190:183806-185430 -            522 17631at147550        -            435   5.1e-05   20.2   0.2   1   2   1.4e-05   0.00083   16.2   0.1   196   289   237   343   223   359 0.77 -
scaffold190:183806-185430 -            522 17631at147550        -            435   5.1e-05   20.2   0.2   2   2      0.36        22    1.7   0.0   378   398   409   429   401   438 0.80 -
scaffold71:271898-273020  -            351 17631at147550        -            435   6.1e-05   20.0   0.1   1   3   0.00091     0.055   10.2   0.0   189   247    65   127    29   132 0.62 -
scaffold71:271898-273020  -            351 17631at147550        -            435   6.1e-05   20.0   0.1   2   3       2.9   1.8e+02   -1.3   0.0   158   183   148   173   143   199 0.81 -
scaffold71:271898-273020  -            351 17631at147550        -            435   6.1e-05   20.0   0.1   3   3     0.013      0.79    6.4   0.0   342   378   266   306   258   317 0.76 -
scaffold158:30169-31953   -            595 17631at147550        -            435     7e-05   19.8   0.1   1   2   3.3e-05     0.002   15.0   0.0    66   113     6    53     2    87 0.94 -
scaffold158:30169-31953   -            595 17631at147550        -            435     7e-05   19.8   0.1   2   2      0.24        15    2.2   0.0   214   253   504   545   476   554 0.78 -
scaffold343:218272-221419 -           1005 17631at147550        -            435   9.1e-05   19.4   0.7   1   3      0.14       8.4    3.0   0.0   343   360    19    36    10    46 0.82 -
scaffold343:218272-221419 -           1005 17631at147550        -            435   9.1e-05   19.4   0.7   2   3   0.00011    0.0067   13.2   0.0   254   325   115   190   109   201 0.85 -
scaffold343:218272-221419 -           1005 17631at147550        -            435   9.1e-05   19.4   0.7   3   3       6.5     4e+02   -2.5   0.0   275   293   309   327   304   362 0.53 -
scaffold377:101263-103464 -            734 17631at147550        -            435    0.0002   18.3   0.9   1   3   0.00034     0.021   11.6   0.0   296   364   265   347   253   375 0.71 -
scaffold377:101263-103464 -            734 17631at147550        -            435    0.0002   18.3   0.9   2   3      0.34        21    1.7   0.0   199   221   438   462   423   469 0.72 -
scaffold377:101263-103464 -            734 17631at147550        -            435    0.0002   18.3   0.9   3   3      0.41        25    1.5   0.0   328   359   660   692   627   707 0.75 -
scaffold32:6587-9265      -            893 17631at147550        -            435   0.00022   18.2   0.5   1   3       2.1   1.3e+02   -0.9   0.0   343   360   116   133   103   149 0.74 -
scaffold32:6587-9265      -            893 17631at147550        -            435   0.00022   18.2   0.5   2   3   4.5e-05    0.0027   14.5   0.1   217   401   168   350   159   356 0.73 -
scaffold32:6587-9265      -            893 17631at147550        -            435   0.00022   18.2   0.5   3   3      0.27        17    2.1   0.0   237   287   334   389   323   407 0.59 -
scaffold71:316993-321694  -           1546 17631at147550        -            435    0.0003   17.7   2.4   1   3   0.00071     0.043   10.6   0.1   329   396  1110  1192  1103  1201 0.65 -
scaffold71:316993-321694  -           1546 17631at147550        -            435    0.0003   17.7   2.4   2   3       2.8   1.7e+02   -1.3   0.1   383   405  1328  1350  1310  1355 0.77 -
scaffold71:316993-321694  -           1546 17631at147550        -            435    0.0003   17.7   2.4   3   3     0.027       1.6    5.4   0.0   314   361  1388  1434  1380  1443 0.79 -
scaffold143:178879-181985 -            991 17631at147550        -            435   0.00031   17.6   6.5   1   3         6   3.7e+02   -2.4   0.0   317   350    79   113    68   117 0.73 -
scaffold143:178879-181985 -            991 17631at147550        -            435   0.00031   17.6   6.5   2   3      0.14       8.4    3.0   0.1   381   404   123   146   102   151 0.83 -
scaffold143:178879-181985 -            991 17631at147550        -            435   0.00031   17.6   6.5   3   3   4.1e-05    0.0025   14.7   1.7   228   325   557   660   536   667 0.79 -
scaffold244:5579-8162     -            839 17631at147550        -            435   0.00045   17.1   5.4   1   4     0.016      0.99    6.1   0.1   231   266   474   510   431   522 0.58 -
scaffold244:5579-8162     -            839 17631at147550        -            435   0.00045   17.1   5.4   2   4       1.2        76   -0.1   0.0   347   360   536   549   529   555 0.56 -
scaffold244:5579-8162     -            839 17631at147550        -            435   0.00045   17.1   5.4   3   4         2   1.3e+02   -0.8   0.0   152   181   617   646   604   669 0.75 -
scaffold244:5579-8162     -            839 17631at147550        -            435   0.00045   17.1   5.4   4   4    0.0022      0.13    9.0   0.2   342   394   775   837   755   839 0.63 -
scaffold410:104282-105569 -            373 17631at147550        -            435   0.00055   16.8   0.7   1   2      0.11         7    3.3   0.0   262   311   110   160    70   192 0.57 -
scaffold410:104282-105569 -            373 17631at147550        -            435   0.00055   16.8   0.7   2   2   0.00045     0.028   11.2   0.0   239   286   254   307   241   315 0.75 -
scaffold110:11492-13412   -            541 17631at147550        -            435   0.00095   16.0   0.0   1   1   2.5e-05    0.0015   15.4   0.0   342   403   374   446   316   448 0.62 -
scaffold50:560692-561832  -            356 17631at147550        -            435     0.001   15.9   0.1   1   2   0.00095     0.058   10.2   0.0   345   407    39   109    28   130 0.64 -
scaffold50:560692-561832  -            356 17631at147550        -            435     0.001   15.9   0.1   2   2       0.1       6.1    3.5   0.1   215   277   227   294   220   326 0.67 -
scaffold28:170917-172763  -            570 17631at147550        -            435    0.0012   15.8   0.4   1   2   0.00097     0.059   10.1   0.1   345   398   341   401   324   408 0.71 -
scaffold28:170917-172763  -            570 17631at147550        -            435    0.0012   15.8   0.4   2   2      0.15       8.9    3.0   0.0   167   213   456   513   440   527 0.48 -
scaffold186:17686-18939   -            378 17631at147550        -            435    0.0012   15.8   0.2   1   2   0.00016    0.0095   12.8   0.0   217   250   135   170   121   178 0.80 -
scaffold186:17686-18939   -            378 17631at147550        -            435    0.0012   15.8   0.2   2   2       5.7   3.5e+02   -2.3   0.0   381   396   313   328   301   338 0.56 -
scaffold10:24122-25868    -            542 17631at147550        -            435    0.0023   14.8   0.1   1   1   5.3e-05    0.0033   14.3   0.1   180   340   197   366   168   384 0.69 -
scaffold501:64432-68349   -           1306 17631at147550        -            435    0.0037   14.1   1.4   1   3      0.21        13    2.4   0.0   236   254   303   321   298   344 0.85 -
scaffold501:64432-68349   -           1306 17631at147550        -            435    0.0037   14.1   1.4   2   3    0.0029      0.18    8.6   0.1   297   326   893   922   820   936 0.76 -
scaffold501:64432-68349   -           1306 17631at147550        -            435    0.0037   14.1   1.4   3   3       5.2   3.2e+02   -2.1   0.0   217   249   955   989   940   998 0.74 -
scaffold269:73282-75225   -            582 17631at147550        -            435    0.0045   13.8   1.6   1   3      0.11       6.6    3.4   0.3   197   282   307   409   293   444 0.58 -
scaffold269:73282-75225   -            582 17631at147550        -            435    0.0045   13.8   1.6   2   3     0.054       3.3    4.4   0.0   273   326   483   541   416   542 0.78 -
scaffold269:73282-75225   -            582 17631at147550        -            435    0.0045   13.8   1.6   3   3     0.015      0.94    6.2   0.0   381   405   527   551   523   556 0.83 -
scaffold842:15351-17150   -            600 17631at147550        -            435    0.0059   13.4   6.1   1   3     0.061       3.7    4.2   0.0   365   397   110   144   104   162 0.82 -
scaffold842:15351-17150   -            600 17631at147550        -            435    0.0059   13.4   6.1   2   3     0.003      0.19    8.5   0.6   196   251   205   260   194   275 0.66 -
scaffold842:15351-17150   -            600 17631at147550        -            435    0.0059   13.4   6.1   3   3      0.38        23    1.6   0.1   378   397   341   360   324   371 0.81 -
scaffold555:86991-89803   -            912 17631at147550        -            435     0.009   12.8   2.3   1   3     0.054       3.3    4.4   0.0   334   395    12    81     5   105 0.65 -
scaffold555:86991-89803   -            912 17631at147550        -            435     0.009   12.8   2.3   2   3     0.042       2.5    4.8   0.2   368   407   253   293   183   306 0.64 -
scaffold555:86991-89803   -            912 17631at147550        -            435     0.009   12.8   2.3   3   3       3.9   2.4e+02   -1.7   0.0   291   326   346   385   331   387 0.72 -
scaffold65:31609-35490    -           1294 17631at147550        -            435    0.0093   12.8   0.2   1   2       9.1   5.6e+02   -3.0   0.0   234   274   176   196   159   216 0.54 -
scaffold65:31609-35490    -           1294 17631at147550        -            435    0.0093   12.8   0.2   2   2   0.00039     0.024   11.4   0.1   356   399   246   291   232   297 0.85 -
scaffold529:97656-100746  -            989 17631at147550        -            435      0.01   12.6   0.6   1   2    0.0012     0.071    9.9   0.1   365   407    77   119    57   127 0.86 -
scaffold529:97656-100746  -            989 17631at147550        -            435      0.01   12.6   0.6   2   2         2   1.2e+02   -0.8   0.0   332   361   765   794   734   804 0.78 -
scaffold50:38882-40515    -            437 17631at147550        -            435     0.012   12.4   0.2   1   1   0.00038     0.023   11.5   0.2   320   361   338   379   297   394 0.73 -
scaffold50:198890-201451  -            836 17631at147550        -            435     0.018   11.8   0.2   1   2   0.00092     0.056   10.2   0.1   328   400   485   523   477   540 0.51 -
scaffold50:198890-201451  -            836 17631at147550        -            435     0.018   11.8   0.2   2   2       4.8   2.9e+02   -2.0   0.0   312   358   783   835   722   836 0.57 -
scaffold842:10217-17147   -           1919 17631at147550        -            435      0.02   11.7   2.6   1   3      0.23        14    2.3   0.0   365   397   109   143   103   160 0.82 -
scaffold842:10217-17147   -           1919 17631at147550        -            435      0.02   11.7   2.6   2   3    0.0099      0.61    6.8   0.3   197   251   205   259   195   278 0.66 -
scaffold842:10217-17147   -           1919 17631at147550        -            435      0.02   11.7   2.6   3   3       1.1        67    0.1   0.0   378   397   340   359   293   377 0.86 -
scaffold34:112598-114178  -            527 17631at147550        -            435      0.13    9.0   2.8   1   4     0.053       3.2    4.4   0.0   322   360   126   168   116   189 0.70 -
scaffold34:112598-114178  -            527 17631at147550        -            435      0.13    9.0   2.8   2   4       5.6   3.4e+02   -2.3   0.1   343   381   257   300   249   310 0.54 -
scaffold34:112598-114178  -            527 17631at147550        -            435      0.13    9.0   2.8   3   4      0.17        10    2.8   0.0   340   361   313   334   301   350 0.86 -
scaffold34:112598-114178  -            527 17631at147550        -            435      0.13    9.0   2.8   4   4       6.6     4e+02   -2.5   0.0   199   360   457   469   448   478 0.58 -
scaffold130:54240-58070   -           1258 17631at147550        -            435       3.3    4.4   6.3   1   3      0.07       4.3    4.0   0.1   382   400   183   201   152   213 0.78 -
scaffold130:54240-58070   -           1258 17631at147550        -            435       3.3    4.4   6.3   2   3      0.39        24    1.5   0.0   178   215   250   291   237   300 0.64 -
scaffold130:54240-58070   -           1258 17631at147550        -            435       3.3    4.4   6.3   3   3       8.1   4.9e+02   -2.8   1.3    10    33  1137  1160  1131  1181 0.67 -
#
# Program:         hmmsearch
# Version:         3.1b2 (February 2015)
# Pipeline mode:   SEARCH
# Query file:      /pickett_shared/projects/lwy647/discula_draft_assembly/busco_downloads/lineages/sordariomycetes_odb10/hmms/17631at147550.hmm
# Target file:     /pickett_shared/projects/lwy647/discula_draft_assembly/discula70_53.scafSeq.BUSCO/run_sordariomycetes_odb10/metaeuk_output/initial_results/discula70_53.scafSeq.modified.fas
# Option settings: hmmsearch --domtblout /pickett_shared/projects/lwy647/discula_draft_assembly/discula70_53.scafSeq.BUSCO/run_sordariomycetes_odb10/hmmer_output/initial_run_results/17631at147550.out --cpu 1 /pickett_shared/projects/lwy647/discula_draft_assembly/busco_downloads/lineages/sordariomycetes_odb10/hmms/17631at147550.hmm /pickett_shared/projects/lwy647/discula_draft_assembly/discula70_53.scafSeq.BUSCO/run_sordariomycetes_odb10/metaeuk_output/initial_results/discula70_53.scafSeq.modified.fas 
# Current dir:     /pickett_shared/projects/lwy647/discula_draft_assembly
# Date:            Thu Aug 31 18:11:38 2023
# [ok]
