#                                                                                 --- full sequence --- -------------- this domain -------------   hmm coord   ali coord   env coord
# target name             accession   tlen query name           accession   qlen   E-value  score  bias   #  of  c-Evalue  i-Evalue  score  bias  from    to  from    to  from    to  acc description of target
#     ------------------- ---------- ----- -------------------- ---------- ----- --------- ------ ----- --- --- --------- --------- ------ ----- ----- ----- ----- ----- ----- ----- ---- ---------------------
scaffold71:324580-338086  -           1042 19237at147550        -            539  1.1e-293  972.8  28.0   1   3   6.9e-17   1.1e-13   48.8   0.4     1    40    95   134    95   145 0.92 -
scaffold71:324580-338086  -           1042 19237at147550        -            539  1.1e-293  972.8  28.0   2   3  3.5e-251  5.4e-248  822.0  19.9    19   464   171   649   166   657 0.93 -
scaffold71:324580-338086  -           1042 19237at147550        -            539  1.1e-293  972.8  28.0   3   3   1.9e-32   2.9e-29  100.1   0.0   461   522   693   754   688   760 0.95 -
scaffold126:217203-219991 -            840 19237at147550        -            539  5.2e-138  459.1  16.4   1   2   1.1e-07   0.00016   18.5   0.2     1    40   144   183   144   190 0.94 -
scaffold126:217203-219991 -            840 19237at147550        -            539  5.2e-138  459.1  16.4   2   2  8.7e-132  1.3e-128  428.0  11.5    22   516   240   804   221   821 0.83 -
scaffold126:172695-175302 -            824 19237at147550        -            539  3.4e-115  383.7  19.0   1   4   0.00019      0.29    7.8   0.1     1    49    81   130    81   136 0.89 -
scaffold126:172695-175302 -            824 19237at147550        -            539  3.4e-115  383.7  19.0   2   4    2e-111    3e-108  360.8  14.0    38   398   242   617   237   621 0.93 -
scaffold126:172695-175302 -            824 19237at147550        -            539  3.4e-115  383.7  19.0   3   4      0.02        31    1.0   0.0   437   462   709   734   698   740 0.92 -
scaffold126:172695-175302 -            824 19237at147550        -            539  3.4e-115  383.7  19.0   4   4   4.6e-06     0.007   13.1   0.0   461   521   761   823   749   824 0.87 -
#
# Program:         hmmsearch
# Version:         3.1b2 (February 2015)
# Pipeline mode:   SEARCH
# Query file:      /pickett_shared/projects/lwy647/discula_draft_assembly/busco_downloads/lineages/sordariomycetes_odb10/hmms/19237at147550.hmm
# Target file:     /pickett_shared/projects/lwy647/discula_draft_assembly/discula70_53.scafSeq.BUSCO/run_sordariomycetes_odb10/metaeuk_output/initial_results/discula70_53.scafSeq.modified.fas
# Option settings: hmmsearch --domtblout /pickett_shared/projects/lwy647/discula_draft_assembly/discula70_53.scafSeq.BUSCO/run_sordariomycetes_odb10/hmmer_output/initial_run_results/19237at147550.out --cpu 1 /pickett_shared/projects/lwy647/discula_draft_assembly/busco_downloads/lineages/sordariomycetes_odb10/hmms/19237at147550.hmm /pickett_shared/projects/lwy647/discula_draft_assembly/discula70_53.scafSeq.BUSCO/run_sordariomycetes_odb10/metaeuk_output/initial_results/discula70_53.scafSeq.modified.fas 
# Current dir:     /pickett_shared/projects/lwy647/discula_draft_assembly
# Date:            Thu Aug 31 18:11:48 2023
# [ok]
