#                                                                                --- full sequence --- -------------- this domain -------------   hmm coord   ali coord   env coord
# target name            accession   tlen query name           accession   qlen   E-value  score  bias   #  of  c-Evalue  i-Evalue  score  bias  from    to  from    to  from    to  acc description of target
#    ------------------- ---------- ----- -------------------- ---------- ----- --------- ------ ----- --- --- --------- --------- ------ ----- ----- ----- ----- ----- ----- ----- ---- ---------------------
scaffold284:1102-3117    -            672 19333at147550        -            478  4.1e-271  898.0   0.2   1   2  9.6e-274  8.8e-271  896.9   0.1     8   468   138   622   132   625 0.96 -
scaffold284:1102-3117    -            672 19333at147550        -            478  4.1e-271  898.0   0.2   2   2      0.45   4.2e+02   -2.2   0.0   465   477   648   660   645   661 0.81 -
scaffold126:1731-3690    -            629 19333at147550        -            478   1.7e-42  144.1   0.0   1   1   2.8e-45   2.6e-42  143.5   0.0   132   463   234   565   169   573 0.84 -
scaffold692:4943-6720    -            518 19333at147550        -            478   6.5e-39  132.3   0.0   1   1   9.9e-42   9.1e-39  131.8   0.0   102   339   125   372   116   400 0.88 -
scaffold166:13325-14383  -            353 19333at147550        -            478   6.6e-36  122.4   0.0   1   1   5.3e-38   4.9e-35  119.5   0.0   132   459     2   348     1   353 0.78 -
scaffold95:105389-106030 -            214 19333at147550        -            478   1.2e-21   75.4   0.1   1   2   3.5e-14   3.2e-11   41.0   0.0   133   246    11   124     8   131 0.86 -
scaffold95:105389-106030 -            214 19333at147550        -            478   1.2e-21   75.4   0.1   2   2   5.9e-12   5.4e-09   33.7   0.0   225   310   126   214   108   214 0.82 -
#
# Program:         hmmsearch
# Version:         3.1b2 (February 2015)
# Pipeline mode:   SEARCH
# Query file:      /pickett_shared/projects/lwy647/discula_draft_assembly/busco_downloads/lineages/sordariomycetes_odb10/hmms/19333at147550.hmm
# Target file:     /pickett_shared/projects/lwy647/discula_draft_assembly/discula70_53.scafSeq.BUSCO/run_sordariomycetes_odb10/metaeuk_output/initial_results/discula70_53.scafSeq.modified.fas
# Option settings: hmmsearch --domtblout /pickett_shared/projects/lwy647/discula_draft_assembly/discula70_53.scafSeq.BUSCO/run_sordariomycetes_odb10/hmmer_output/initial_run_results/19333at147550.out --cpu 1 /pickett_shared/projects/lwy647/discula_draft_assembly/busco_downloads/lineages/sordariomycetes_odb10/hmms/19333at147550.hmm /pickett_shared/projects/lwy647/discula_draft_assembly/discula70_53.scafSeq.BUSCO/run_sordariomycetes_odb10/metaeuk_output/initial_results/discula70_53.scafSeq.modified.fas 
# Current dir:     /pickett_shared/projects/lwy647/discula_draft_assembly
# Date:            Thu Aug 31 18:11:48 2023
# [ok]
