#                                                                                 --- full sequence --- -------------- this domain -------------   hmm coord   ali coord   env coord
# target name             accession   tlen query name           accession   qlen   E-value  score  bias   #  of  c-Evalue  i-Evalue  score  bias  from    to  from    to  from    to  acc description of target
#     ------------------- ---------- ----- -------------------- ---------- ----- --------- ------ ----- --- --- --------- --------- ------ ----- ----- ----- ----- ----- ----- ----- ---- ---------------------
scaffold163:92278-94186   -            607 19960at147550        -            478  3.2e-212  703.4  38.9   1   2    7e-177  4.1e-175  581.0  19.2     1   397     2   463     2   476 0.89 -
scaffold163:92278-94186   -            607 19960at147550        -            478  3.2e-212  703.4  38.9   2   2   1.3e-39   7.6e-38  128.4  11.7   377   478   488   603   477   603 0.87 -
scaffold679:35697-36815   -            373 19960at147550        -            478   2.1e-36  123.7  20.1   1   6   3.2e-05    0.0019   15.0   0.5   199   236     5    42     1    46 0.90 -
scaffold679:35697-36815   -            373 19960at147550        -            478   2.1e-36  123.7  20.1   2   6   2.6e-06   0.00015   18.5   0.0   167   232    49   122    44   125 0.84 -
scaffold679:35697-36815   -            373 19960at147550        -            478   2.1e-36  123.7  20.1   3   6   1.9e-11   1.1e-09   35.5   0.5   168   239    92   171    88   212 0.84 -
scaffold679:35697-36815   -            373 19960at147550        -            478   2.1e-36  123.7  20.1   4   6   7.3e-08   4.3e-06   23.7   0.1   199   235   214   250   194   258 0.83 -
scaffold679:35697-36815   -            373 19960at147550        -            478   2.1e-36  123.7  20.1   5   6   1.2e-10   7.1e-09   32.8   1.3   163   233   256   334   252   343 0.86 -
scaffold679:35697-36815   -            373 19960at147550        -            478   2.1e-36  123.7  20.1   6   6   1.1e-05   0.00065   16.5   0.2   193   230   336   373   332   373 0.94 -
scaffold8:77148-79251     -            607 19960at147550        -            478   2.3e-29  100.4   3.3   1   5   1.5e-06   8.8e-05   19.3   0.0   167   235   302   383   294   386 0.76 -
scaffold8:77148-79251     -            607 19960at147550        -            478   2.3e-29  100.4   3.3   2   5   6.5e-14   3.8e-12   43.6   0.1   171   259   353   450   344   459 0.84 -
scaffold8:77148-79251     -            607 19960at147550        -            478   2.3e-29  100.4   3.3   3   5     0.094       5.5    3.5   0.0    57    84   438   464   429   473 0.65 -
scaffold8:77148-79251     -            607 19960at147550        -            478   2.3e-29  100.4   3.3   4   5   1.1e-07   6.5e-06   23.1   0.0   195   236   470   511   463   519 0.89 -
scaffold8:77148-79251     -            607 19960at147550        -            478   2.3e-29  100.4   3.3   5   5   9.8e-08   5.7e-06   23.3   0.1   163   231   527   603   515   606 0.85 -
scaffold290:53613-55254   -            520 19960at147550        -            478   2.2e-28   97.2  18.6   1   6   0.00067     0.039   10.6   0.1   199   236   143   181   126   185 0.84 -
scaffold290:53613-55254   -            520 19960at147550        -            478   2.2e-28   97.2  18.6   2   6   4.8e-12   2.8e-10   37.5   1.0   169   236   147   223   145   228 0.84 -
scaffold290:53613-55254   -            520 19960at147550        -            478   2.2e-28   97.2  18.6   3   6    0.0019      0.11    9.1   0.2   211   238   247   274   227   278 0.77 -
scaffold290:53613-55254   -            520 19960at147550        -            478   2.2e-28   97.2  18.6   4   6   4.3e-05    0.0026   14.5   0.2   200   235   278   314   274   325 0.85 -
scaffold290:53613-55254   -            520 19960at147550        -            478   2.2e-28   97.2  18.6   5   6   7.2e-10   4.2e-08   30.3   0.1   167   235   405   481   391   485 0.85 -
scaffold290:53613-55254   -            520 19960at147550        -            478   2.2e-28   97.2  18.6   6   6   3.6e-05    0.0021   14.8   0.0   192   230   480   518   477   520 0.90 -
scaffold721:13595-16468   -            958 19960at147550        -            478   2.6e-25   87.1  18.8   1   7   5.2e-07     3e-05   20.9   0.2   376   462    62   159    53   172 0.81 -
scaffold721:13595-16468   -            958 19960at147550        -            478   2.6e-25   87.1  18.8   2   7     0.034         2    5.0   0.1   183   235   182   243   171   252 0.78 -
scaffold721:13595-16468   -            958 19960at147550        -            478   2.6e-25   87.1  18.8   3   7    0.0022      0.13    8.9   0.0   201   270   425   494   417   502 0.76 -
scaffold721:13595-16468   -            958 19960at147550        -            478   2.6e-25   87.1  18.8   4   7   6.8e-07     4e-05   20.5   0.2   194   243   499   548   467   562 0.87 -
scaffold721:13595-16468   -            958 19960at147550        -            478   2.6e-25   87.1  18.8   5   7   5.7e-07   3.3e-05   20.7   0.0   191   240   595   644   562   662 0.72 -
scaffold721:13595-16468   -            958 19960at147550        -            478   2.6e-25   87.1  18.8   6   7     1e-05    0.0006   16.6   1.0   183   236   668   729   648   740 0.75 -
scaffold721:13595-16468   -            958 19960at147550        -            478   2.6e-25   87.1  18.8   7   7       1.6        96   -0.6   0.0   426   450   816   840   813   844 0.88 -
scaffold679:36393-37040   -            216 19960at147550        -            478   3.5e-22   76.7  15.6   1   5      0.14       8.1    3.0   0.1   219   235     2    18     1    25 0.79 -
scaffold679:36393-37040   -            216 19960at147550        -            478   3.5e-22   76.7  15.6   2   5   6.2e-11   3.7e-09   33.8   1.0   164   233    25   102    23   107 0.86 -
scaffold679:36393-37040   -            216 19960at147550        -            478   3.5e-22   76.7  15.6   3   5   3.3e-08   1.9e-06   24.8   0.2   193   236   104   147   100   152 0.93 -
scaffold679:36393-37040   -            216 19960at147550        -            478   3.5e-22   76.7  15.6   4   5   6.4e-07   3.8e-05   20.5   0.1   200   236   153   189   147   198 0.90 -
scaffold679:36393-37040   -            216 19960at147550        -            478   3.5e-22   76.7  15.6   5   5      0.33        19    1.7   0.1   375   395   195   215   189   216 0.85 -
scaffold39:57898-58915    -            313 19960at147550        -            478   1.7e-19   67.9   3.5   1   3   1.8e-11   1.1e-09   35.6   0.0   166   237    18    98    10   101 0.84 -
scaffold39:57898-58915    -            313 19960at147550        -            478   1.7e-19   67.9   3.5   2   3   3.1e-06   0.00018   18.3   0.1   122   233    95   220    95   224 0.77 -
scaffold39:57898-58915    -            313 19960at147550        -            478   1.7e-19   67.9   3.5   3   3    0.0002     0.012   12.3   0.0   189   236   225   273   222   279 0.87 -
scaffold509:105503-107947 -            796 19960at147550        -            478   3.7e-18   63.5   1.9   1   4   3.9e-05    0.0023   14.7   0.1   200   236   457   491   451   497 0.90 -
scaffold509:105503-107947 -            796 19960at147550        -            478   3.7e-18   63.5   1.9   2   4   2.6e-09   1.5e-07   28.5   0.0   379   478   546   654   512   654 0.84 -
scaffold509:105503-107947 -            796 19960at147550        -            478   3.7e-18   63.5   1.9   3   4   1.8e-05     0.001   15.8   0.1   200   249   664   713   655   740 0.71 -
scaffold509:105503-107947 -            796 19960at147550        -            478   3.7e-18   63.5   1.9   4   4       0.4        23    1.5   0.0   280   309   716   745   704   783 0.51 -
scaffold31:53043-54041    -            304 19960at147550        -            478   4.2e-18   63.3   5.0   1   4      0.53        31    1.1   0.0   215   235    29    49    15    57 0.85 -
scaffold31:53043-54041    -            304 19960at147550        -            478   4.2e-18   63.3   5.0   2   4   7.8e-09   4.6e-07   26.9   0.8   200   268    58   128    25   176 0.71 -
scaffold31:53043-54041    -            304 19960at147550        -            478   4.2e-18   63.3   5.0   3   4   2.6e-06   0.00015   18.6   0.1   200   237   188   225   162   233 0.86 -
scaffold31:53043-54041    -            304 19960at147550        -            478   4.2e-18   63.3   5.0   4   4   2.6e-05    0.0015   15.2   0.0   199   239   243   283   236   299 0.87 -
scaffold262:5982-8751     -            898 19960at147550        -            478   8.6e-17   58.9   9.9   1   7      0.31        18    1.8   0.0   363   395    84   114    37   130 0.67 -
scaffold262:5982-8751     -            898 19960at147550        -            478   8.6e-17   58.9   9.9   2   7   5.4e-05    0.0032   14.2   0.1   197   237   145   185   141   229 0.73 -
scaffold262:5982-8751     -            898 19960at147550        -            478   8.6e-17   58.9   9.9   3   7       7.7   4.5e+02   -2.8   0.0   378   417   260   299   254   315 0.81 -
scaffold262:5982-8751     -            898 19960at147550        -            478   8.6e-17   58.9   9.9   4   7   2.9e-06   0.00017   18.4   0.0   199   235   340   376   332   380 0.93 -
scaffold262:5982-8751     -            898 19960at147550        -            478   8.6e-17   58.9   9.9   5   7    0.0074      0.44    7.2   0.0   200   234   383   417   379   429 0.88 -
scaffold262:5982-8751     -            898 19960at147550        -            478   8.6e-17   58.9   9.9   6   7     2e-05    0.0012   15.6   0.1   193   279   462   551   433   556 0.84 -
scaffold262:5982-8751     -            898 19960at147550        -            478   8.6e-17   58.9   9.9   7   7      0.59        35    0.9   0.0   176   200   583   607   571   621 0.68 -
scaffold351:111404-113017 -            538 19960at147550        -            478   4.6e-15   53.2  13.1   1   5     0.026       1.6    5.3   0.1    50    82   243   276   229   281 0.50 -
scaffold351:111404-113017 -            538 19960at147550        -            478   4.6e-15   53.2  13.1   2   5   5.2e-08     3e-06   24.2   0.2   168   238   246   326   244   342 0.73 -
scaffold351:111404-113017 -            538 19960at147550        -            478   4.6e-15   53.2  13.1   3   5   7.9e-05    0.0046   13.7   0.1   199   233   374   408   347   415 0.83 -
scaffold351:111404-113017 -            538 19960at147550        -            478   4.6e-15   53.2  13.1   4   5   2.3e-05    0.0013   15.4   0.3    18    83   426   497   411   508 0.78 -
scaffold351:111404-113017 -            538 19960at147550        -            478   4.6e-15   53.2  13.1   5   5      0.11       6.5    3.3   0.1   203   231   509   538   498   538 0.71 -
scaffold126:226891-229130 -            665 19960at147550        -            478   5.4e-15   53.0  14.7   1   5   6.6e-05    0.0039   13.9   1.2   272   340   316   392   271   397 0.61 -
scaffold126:226891-229130 -            665 19960at147550        -            478   5.4e-15   53.0  14.7   2   5   1.2e-05   0.00068   16.4   1.5   412   478   362   432   356   432 0.82 -
scaffold126:226891-229130 -            665 19960at147550        -            478   5.4e-15   53.0  14.7   3   5   4.1e-07   2.4e-05   21.2   1.4   412   477   403   471   396   472 0.89 -
scaffold126:226891-229130 -            665 19960at147550        -            478   5.4e-15   53.0  14.7   4   5   0.00017      0.01   12.5   0.1   200   236   442   476   434   482 0.89 -
scaffold126:226891-229130 -            665 19960at147550        -            478   5.4e-15   53.0  14.7   5   5   5.4e-08   3.1e-06   24.1   0.2   413   477   484   551   477   552 0.85 -
scaffold126:47557-48887   -            358 19960at147550        -            478   7.2e-15   52.6   2.1   1   5   5.4e-06   0.00032   17.5   0.2   199   235    69   105    58   115 0.86 -
scaffold126:47557-48887   -            358 19960at147550        -            478   7.2e-15   52.6   2.1   2   5    0.0023      0.13    8.9   0.0   169   236   115   194   105   201 0.76 -
scaffold126:47557-48887   -            358 19960at147550        -            478   7.2e-15   52.6   2.1   3   5     0.012      0.73    6.4   0.0   201   237   201   238   195   242 0.86 -
scaffold126:47557-48887   -            358 19960at147550        -            478   7.2e-15   52.6   2.1   4   5   9.4e-05    0.0055   13.4   0.0   200   237   243   280   237   287 0.90 -
scaffold126:47557-48887   -            358 19960at147550        -            478   7.2e-15   52.6   2.1   5   5      0.18        11    2.6   0.0   376   420   289   338   276   357 0.41 -
scaffold69:144016-144591  -            192 19960at147550        -            478   3.4e-14   50.4   2.0   1   3   2.5e-05    0.0015   15.3   0.5   200   236     6    42     3    46 0.87 -
scaffold69:144016-144591  -            192 19960at147550        -            478   3.4e-14   50.4   2.0   2   3   5.1e-07     3e-05   20.9   0.1   197   236    45    84    42    94 0.89 -
scaffold69:144016-144591  -            192 19960at147550        -            478   3.4e-14   50.4   2.0   3   3   0.00016    0.0092   12.7   0.0   201   454   127   174   116   192 0.60 -
scaffold163:116213-117779 -            499 19960at147550        -            478   4.9e-14   49.9   1.0   1   4    0.0023      0.14    8.8   0.0   201   232    70   102    30   110 0.58 -
scaffold163:116213-117779 -            499 19960at147550        -            478   4.9e-14   49.9   1.0   2   4   0.00096     0.057   10.1   0.0   199   262   127   194   119   205 0.80 -
scaffold163:116213-117779 -            499 19960at147550        -            478   4.9e-14   49.9   1.0   3   4    0.0083      0.49    7.0   0.0   198   236   217   256   198   273 0.77 -
scaffold163:116213-117779 -            499 19960at147550        -            478   4.9e-14   49.9   1.0   4   4   1.5e-06   9.1e-05   19.3   0.0   200   237   295   332   288   354 0.80 -
scaffold178:63097-64787   -            507 19960at147550        -            478   1.1e-13   48.7   8.2   1   5      0.52        31    1.1   0.0    55    81   193   219   183   228 0.85 -
scaffold178:63097-64787   -            507 19960at147550        -            478   1.1e-13   48.7   8.2   2   5       0.1         6    3.4   0.0   200   234   231   272   220   277 0.73 -
scaffold178:63097-64787   -            507 19960at147550        -            478   1.1e-13   48.7   8.2   3   5   3.3e-08   1.9e-06   24.8   0.2   175   240   290   363   284   369 0.85 -
scaffold178:63097-64787   -            507 19960at147550        -            478   1.1e-13   48.7   8.2   4   5    0.0069       0.4    7.3   0.1   200   234   365   398   363   412 0.88 -
scaffold178:63097-64787   -            507 19960at147550        -            478   1.1e-13   48.7   8.2   5   5   9.6e-05    0.0057   13.4   0.1   184   231   447   502   436   506 0.76 -
scaffold377:5691-7553     -            580 19960at147550        -            478   6.6e-13   46.1  11.0   1   4    0.0071      0.42    7.2   1.0   420   477   279   341   275   342 0.73 -
scaffold377:5691-7553     -            580 19960at147550        -            478   6.6e-13   46.1  11.0   2   4     3e-10   1.8e-08   31.5   3.6   380   477   316   424   292   425 0.84 -
scaffold377:5691-7553     -            580 19960at147550        -            478   6.6e-13   46.1  11.0   3   4    0.0079      0.47    7.1   0.5   163   231   433   512   426   519 0.74 -
scaffold377:5691-7553     -            580 19960at147550        -            478   6.6e-13   46.1  11.0   4   4   0.00092     0.054   10.1   0.0   199   233   522   556   516   567 0.91 -
scaffold72:58344-59805    -            468 19960at147550        -            478   7.4e-13   46.0   4.2   1   3     1e-06   5.9e-05   19.9   0.1   194   236   150   192   145   199 0.92 -
scaffold72:58344-59805    -            468 19960at147550        -            478   7.4e-13   46.0   4.2   2   3    0.0019      0.11    9.1   0.0   168   248   200   288   196   294 0.83 -
scaffold72:58344-59805    -            468 19960at147550        -            478   7.4e-13   46.0   4.2   3   3      0.12       6.8    3.2   0.0   205   235   419   449   411   455 0.83 -
scaffold91:236420-239677  -           1003 19960at147550        -            478   1.2e-12   45.3  11.6   1   4   2.2e-06   0.00013   18.8   0.1   177   235   632   696   617   706 0.76 -
scaffold91:236420-239677  -           1003 19960at147550        -            478   1.2e-12   45.3  11.6   2   4   3.6e-06   0.00021   18.1   1.7   411   477   779   850   773   851 0.86 -
scaffold91:236420-239677  -           1003 19960at147550        -            478   1.2e-12   45.3  11.6   3   4     0.048       2.8    4.5   0.0   216   236   875   895   862   900 0.89 -
scaffold91:236420-239677  -           1003 19960at147550        -            478   1.2e-12   45.3  11.6   4   4    0.0059      0.35    7.5   0.1   201   237   902   935   896   949 0.84 -
scaffold299:50012-51394   -            438 19960at147550        -            478     1e-11   42.2   2.0   1   4    0.0018       0.1    9.2   0.0   412   477   100   174    92   175 0.71 -
scaffold299:50012-51394   -            438 19960at147550        -            478     1e-11   42.2   2.0   2   4      0.71        42    0.6   0.0    42    73   177   208   174   213 0.82 -
scaffold299:50012-51394   -            438 19960at147550        -            478     1e-11   42.2   2.0   3   4   1.3e-08   7.7e-07   26.1   0.3   178   339   206   373   202   379 0.68 -
scaffold299:50012-51394   -            438 19960at147550        -            478     1e-11   42.2   2.0   4   4      0.17        10    2.7   0.0   163   199   339   375   333   397 0.72 -
scaffold255:80910-83161   -            706 19960at147550        -            478   1.1e-11   42.1   7.5   1   5    0.0073      0.43    7.2   0.0   204   304   325   426   318   432 0.77 -
scaffold255:80910-83161   -            706 19960at147550        -            478   1.1e-11   42.1   7.5   2   5   0.00092     0.054   10.2   0.1   200   233   434   467   428   474 0.91 -
scaffold255:80910-83161   -            706 19960at147550        -            478   1.1e-11   42.1   7.5   3   5   0.00051      0.03   11.0   0.5   192   238   468   516   465   519 0.82 -
scaffold255:80910-83161   -            706 19960at147550        -            478   1.1e-11   42.1   7.5   4   5      0.05       2.9    4.4   0.0    51    85   520   554   515   562 0.84 -
scaffold255:80910-83161   -            706 19960at147550        -            478   1.1e-11   42.1   7.5   5   5   0.00066     0.039   10.6   0.1   199   233   561   596   553   617 0.85 -
scaffold265:74878-78595   -            799 19960at147550        -            478   1.2e-11   41.9   5.9   1   4     0.056       3.3    4.3   0.1   200   239    63   104    57   107 0.80 -
scaffold265:74878-78595   -            799 19960at147550        -            478   1.2e-11   41.9   5.9   2   4    0.0016     0.092    9.4   0.8   166   208   106   147   102   185 0.64 -
scaffold265:74878-78595   -            799 19960at147550        -            478   1.2e-11   41.9   5.9   3   4       4.3   2.5e+02   -2.0   0.0   203   233   196   227   192   246 0.70 -
scaffold265:74878-78595   -            799 19960at147550        -            478   1.2e-11   41.9   5.9   4   4   2.1e-09   1.2e-07   28.7   0.0   166   246   279   368   269   373 0.81 -
scaffold71:251585-253878  -            652 19960at147550        -            478   1.3e-11   41.9   3.8   1   3      0.01       0.6    6.7   0.0   201   237   312   348   307   353 0.88 -
scaffold71:251585-253878  -            652 19960at147550        -            478   1.3e-11   41.9   3.8   2   3    0.0002     0.012   12.3   0.1   200   307   353   465   349   471 0.75 -
scaffold71:251585-253878  -            652 19960at147550        -            478   1.3e-11   41.9   3.8   3   3   7.4e-06   0.00044   17.1   0.1   409   477   533   603   508   604 0.76 -
scaffold37:114701-116273  -            412 19960at147550        -            478   5.8e-11   39.7   7.2   1   3     2e-08   1.2e-06   25.5   1.1   154   233    70   157    57   179 0.84 -
scaffold37:114701-116273  -            412 19960at147550        -            478   5.8e-11   39.7   7.2   2   3   0.00048     0.028   11.1   0.1   193   237   278   322   256   354 0.83 -
scaffold37:114701-116273  -            412 19960at147550        -            478   5.8e-11   39.7   7.2   3   3     0.074       4.4    3.9   0.1   207   234   383   410   372   412 0.86 -
scaffold663:21837-23802   -            626 19960at147550        -            478   6.4e-11   39.6  12.4   1   5   0.00036     0.021   11.5   0.1   201   238   297   333   281   337 0.77 -
scaffold663:21837-23802   -            626 19960at147550        -            478   6.4e-11   39.6  12.4   2   5   1.8e-06    0.0001   19.1   0.3   413   477   339   406   336   407 0.78 -
scaffold663:21837-23802   -            626 19960at147550        -            478   6.4e-11   39.6  12.4   3   5   0.00013    0.0079   12.9   0.6   410   477   376   447   369   448 0.82 -
scaffold663:21837-23802   -            626 19960at147550        -            478   6.4e-11   39.6  12.4   4   5     0.013      0.77    6.3   0.2   190   240   399   456   397   470 0.69 -
scaffold663:21837-23802   -            626 19960at147550        -            478   6.4e-11   39.6  12.4   5   5    0.0015     0.088    9.4   0.3   200   267   555   621   529   625 0.76 -
scaffold848:10283-11353   -            357 19960at147550        -            478   9.5e-11   39.0   5.6   1   5     0.075       4.4    3.8   0.0   204   235     3    35     1    47 0.76 -
scaffold848:10283-11353   -            357 19960at147550        -            478   9.5e-11   39.0   5.6   2   5   7.7e-07   4.5e-05   20.3   0.2   196   251    57   113    49   118 0.86 -
scaffold848:10283-11353   -            357 19960at147550        -            478   9.5e-11   39.0   5.6   3   5     0.012      0.72    6.4   0.2   200   234   107   142   100   152 0.58 -
scaffold848:10283-11353   -            357 19960at147550        -            478   9.5e-11   39.0   5.6   4   5      0.12         7    3.2   0.1   286   308   124   146   115   167 0.74 -
scaffold848:10283-11353   -            357 19960at147550        -            478   9.5e-11   39.0   5.6   5   5   0.00069      0.04   10.6   0.0   178   235   169   232   150   261 0.65 -
scaffold190:183806-185430 -            522 19960at147550        -            478     2e-10   37.9   1.2   1   3     0.052         3    4.4   0.0   380   426   122   168   114   183 0.75 -
scaffold190:183806-185430 -            522 19960at147550        -            478     2e-10   37.9   1.2   2   3   4.2e-08   2.5e-06   24.4   0.1   380   477   226   340   220   341 0.78 -
scaffold190:183806-185430 -            522 19960at147550        -            478     2e-10   37.9   1.2   3   3     0.013      0.78    6.3   0.0   287   314   412   439   388   446 0.87 -
scaffold226:67411-68872   -            447 19960at147550        -            478   2.6e-10   37.6   4.0   1   4   0.00029     0.017   11.8   0.0   412   477   101   175    88   184 0.52 -
scaffold226:67411-68872   -            447 19960at147550        -            478   2.6e-10   37.6   4.0   2   4     0.013      0.74    6.4   0.0   214   236   207   229   179   235 0.70 -
scaffold226:67411-68872   -            447 19960at147550        -            478   2.6e-10   37.6   4.0   3   4    0.0006     0.035   10.8   0.1   176   232   203   267   196   291 0.65 -
scaffold226:67411-68872   -            447 19960at147550        -            478   2.6e-10   37.6   4.0   4   4    0.0015     0.091    9.4   0.1   184   295   318   441   312   446 0.65 -
scaffold203:50644-51853   -            335 19960at147550        -            478   4.5e-10   36.8   2.9   1   3   6.2e-10   3.6e-08   30.5   0.5   168   240     9    92     5   101 0.81 -
scaffold203:50644-51853   -            335 19960at147550        -            478   4.5e-10   36.8   2.9   2   3     0.041       2.4    4.7   0.0   204   232   191   220   149   230 0.71 -
scaffold203:50644-51853   -            335 19960at147550        -            478   4.5e-10   36.8   2.9   3   3       9.5   5.6e+02   -3.1   0.0   125   141   280   296   265   315 0.73 -
scaffold33:10801-13583    -            883 19960at147550        -            478   6.3e-10   36.3  30.5   1   8   1.6e-05   0.00096   15.9   0.0   379   477   108   210    93   211 0.88 -
scaffold33:10801-13583    -            883 19960at147550        -            478   6.3e-10   36.3  30.5   2   8      0.04       2.3    4.8   0.8   201   235   222   256   213   265 0.87 -
scaffold33:10801-13583    -            883 19960at147550        -            478   6.3e-10   36.3  30.5   3   8     0.074       4.3    3.9   0.0   174   232   270   339   263   345 0.63 -
scaffold33:10801-13583    -            883 19960at147550        -            478   6.3e-10   36.3  30.5   4   8      0.56        33    1.0   0.1   201   236   418   453   408   476 0.72 -
scaffold33:10801-13583    -            883 19960at147550        -            478   6.3e-10   36.3  30.5   5   8       2.5   1.5e+02   -1.2   0.0   218   234   497   513   496   524 0.73 -
scaffold33:10801-13583    -            883 19960at147550        -            478   6.3e-10   36.3  30.5   6   8    0.0017       0.1    9.2   0.2   190   236   516   562   511   577 0.86 -
scaffold33:10801-13583    -            883 19960at147550        -            478   6.3e-10   36.3  30.5   7   8   0.00037     0.022   11.5   1.3   198   237   622   669   593   673 0.52 -
scaffold33:10801-13583    -            883 19960at147550        -            478   6.3e-10   36.3  30.5   8   8     0.058       3.4    4.2   0.5   201   237   675   711   670   720 0.88 -
scaffold622:34300-35663   -            422 19960at147550        -            478   1.2e-09   35.4   0.0   1   3   1.6e-06   9.1e-05   19.3   0.0   388   445    95   157    78   169 0.81 -
scaffold622:34300-35663   -            422 19960at147550        -            478   1.2e-09   35.4   0.0   2   3      0.35        21    1.6   0.0   201   237   172   212   168   217 0.70 -
scaffold622:34300-35663   -            422 19960at147550        -            478   1.2e-09   35.4   0.0   3   3   0.00071     0.042   10.5   0.0   345   412   248   314   239   327 0.79 -
scaffold7:127691-129352   -            554 19960at147550        -            478   2.7e-09   34.2   2.7   1   3      0.27        16    2.0   0.0   386   408   116   138   107   145 0.85 -
scaffold7:127691-129352   -            554 19960at147550        -            478   2.7e-09   34.2   2.7   2   3   0.00044     0.026   11.2   0.2   187   237   136   187   127   209 0.77 -
scaffold7:127691-129352   -            554 19960at147550        -            478   2.7e-09   34.2   2.7   3   3   9.5e-07   5.6e-05   20.0   0.1   213   317   210   325   197   348 0.66 -
scaffold67:41310-44753    -           1018 19960at147550        -            478   3.1e-09   34.0   5.3   1   3    0.0003     0.018   11.7   0.2   197   245    81   132    12   142 0.77 -
scaffold67:41310-44753    -           1018 19960at147550        -            478   3.1e-09   34.0   5.3   2   3      0.79        46    0.5   0.0   216   305   145   164   123   187 0.59 -
scaffold67:41310-44753    -           1018 19960at147550        -            478   3.1e-09   34.0   5.3   3   3   3.5e-07   2.1e-05   21.4   0.2   200   256   217   273   181   292 0.77 -
scaffold352:77693-80310   -            853 19960at147550        -            478   4.1e-09   33.6   0.9   1   3   4.7e-05    0.0028   14.4   0.0   175   234    15    80     7    91 0.70 -
scaffold352:77693-80310   -            853 19960at147550        -            478   4.1e-09   33.6   0.9   2   3       1.9   1.1e+02   -0.8   0.0   382   407   138   163   128   180 0.86 -
scaffold352:77693-80310   -            853 19960at147550        -            478   4.1e-09   33.6   0.9   3   3   3.5e-05    0.0021   14.8   0.1   197   234   222   259   180   277 0.75 -
scaffold94:208851-211790  -            980 19960at147550        -            478   1.1e-08   32.2   6.4   1   5      0.13       7.8    3.0   0.0   200   235   253   287   238   299 0.74 -
scaffold94:208851-211790  -            980 19960at147550        -            478   1.1e-08   32.2   6.4   2   5   8.4e-05    0.0049   13.6   0.0   424   477   313   369   292   370 0.76 -
scaffold94:208851-211790  -            980 19960at147550        -            478   1.1e-08   32.2   6.4   3   5   0.00093     0.055   10.1   0.5   444   477   410   443   407   444 0.92 -
scaffold94:208851-211790  -            980 19960at147550        -            478   1.1e-08   32.2   6.4   4   5     0.042       2.4    4.7   0.0   202   235   456   487   447   518 0.67 -
scaffold94:208851-211790  -            980 19960at147550        -            478   1.1e-08   32.2   6.4   5   5         3   1.8e+02   -1.5   0.1   217   239   576   598   571   605 0.73 -
scaffold343:218272-221419 -           1005 19960at147550        -            478   1.2e-08   32.1   6.1   1   5     0.018       1.1    5.9   0.0   206   234    10    38     3    46 0.73 -
scaffold343:218272-221419 -           1005 19960at147550        -            478   1.2e-08   32.1   6.1   2   5     0.048       2.8    4.5   0.0    39    78    45    84    35    92 0.62 -
scaffold343:218272-221419 -           1005 19960at147550        -            478   1.2e-08   32.1   6.1   3   5   5.1e-06    0.0003   17.6   0.4   401   476   108   190    97   192 0.74 -
scaffold343:218272-221419 -           1005 19960at147550        -            478   1.2e-08   32.1   6.1   4   5      0.62        36    0.8   0.0   364   406   211   254   199   321 0.61 -
scaffold343:218272-221419 -           1005 19960at147550        -            478   1.2e-08   32.1   6.1   5   5      0.48        28    1.2   0.1   203   226   335   358   298   373 0.56 -
scaffold255:124337-126211 -            625 19960at147550        -            478   1.2e-08   32.0   2.2   1   3   1.4e-09     8e-08   29.4   0.3   164   235   249   328   229   359 0.80 -
scaffold255:124337-126211 -            625 19960at147550        -            478   1.2e-08   32.0   2.2   2   3       1.3        77   -0.3   0.0   200   232   398   429   378   435 0.68 -
scaffold255:124337-126211 -            625 19960at147550        -            478   1.2e-08   32.0   2.2   3   3       4.2   2.5e+02   -1.9   0.0   288   303   484   499   473   507 0.63 -
scaffold237:16750-20683   -           1207 19960at147550        -            478   1.4e-08   31.9   2.7   1   5   3.2e-05    0.0019   14.9   0.0   408   477    41   117    26   118 0.83 -
scaffold237:16750-20683   -           1207 19960at147550        -            478   1.4e-08   31.9   2.7   2   5    0.0017     0.098    9.3   0.0   198   234   126   162   120   179 0.89 -
scaffold237:16750-20683   -           1207 19960at147550        -            478   1.4e-08   31.9   2.7   3   5      0.25        15    2.1   0.0   446   477   200   233   165   234 0.69 -
scaffold237:16750-20683   -           1207 19960at147550        -            478   1.4e-08   31.9   2.7   4   5      0.11       6.4    3.3   0.0   201   242   203   244   197   266 0.75 -
scaffold237:16750-20683   -           1207 19960at147550        -            478   1.4e-08   31.9   2.7   5   5      0.85        50    0.4   0.0   218   235   264   281   245   303 0.71 -
scaffold501:15617-17502   -            609 19960at147550        -            478   1.1e-07   28.9  10.1   1   5   3.4e-06    0.0002   18.2   2.8   378   477   338   448   317   449 0.82 -
scaffold501:15617-17502   -            609 19960at147550        -            478   1.1e-07   28.9  10.1   2   5     6e-05    0.0035   14.1   0.1   200   243   417   460   401   464 0.86 -
scaffold501:15617-17502   -            609 19960at147550        -            478   1.1e-07   28.9  10.1   3   5   0.00021     0.012   12.3   1.9   168   235   419   498   419   516 0.59 -
scaffold501:15617-17502   -            609 19960at147550        -            478   1.1e-07   28.9  10.1   4   5     0.063       3.7    4.1   0.6   199   237   459   500   448   543 0.54 -
scaffold501:15617-17502   -            609 19960at147550        -            478   1.1e-07   28.9  10.1   5   5    0.0066      0.39    7.3   0.0   168   198   550   580   544   606 0.64 -
scaffold269:73282-75225   -            582 19960at147550        -            478   1.3e-07   28.7   2.2   1   3    0.0048      0.28    7.8   0.0   203   242   292   332   280   345 0.76 -
scaffold269:73282-75225   -            582 19960at147550        -            478   1.3e-07   28.7   2.2   2   3     0.007      0.41    7.2   0.3   175   234   350   418   344   435 0.63 -
scaffold269:73282-75225   -            582 19960at147550        -            478   1.3e-07   28.7   2.2   3   3   0.00048     0.028   11.1   0.0   424   474   526   581   470   582 0.87 -
scaffold32:6587-9265      -            893 19960at147550        -            478   1.5e-07   28.5   2.7   1   5    0.0068       0.4    7.3   0.0   201   234   101   135    94   144 0.85 -
scaffold32:6587-9265      -            893 19960at147550        -            478   1.5e-07   28.5   2.7   2   5   5.4e-05    0.0032   14.2   0.1   200   234   169   202   165   217 0.87 -
scaffold32:6587-9265      -            893 19960at147550        -            478   1.5e-07   28.5   2.7   3   5       1.3        77   -0.2   0.0   202   236   211   246   206   253 0.69 -
scaffold32:6587-9265      -            893 19960at147550        -            478   1.5e-07   28.5   2.7   4   5      0.42        25    1.4   0.0   379   407   256   284   244   295 0.90 -
scaffold32:6587-9265      -            893 19960at147550        -            478   1.5e-07   28.5   2.7   5   5       1.2        70   -0.1   0.0    59    82   365   388   325   427 0.61 -
scaffold842:15351-17150   -            600 19960at147550        -            478   3.4e-07   27.3   9.8   1   5     0.027       1.6    5.3   0.0   201   235   112   146   106   158 0.86 -
scaffold842:15351-17150   -            600 19960at147550        -            478   3.4e-07   27.3   9.8   2   5   2.3e-05    0.0014   15.4   0.3   187   238   211   263   193   266 0.80 -
scaffold842:15351-17150   -            600 19960at147550        -            478   3.4e-07   27.3   9.8   3   5     0.012      0.73    6.4   1.9   399   477   264   358   260   359 0.68 -
scaffold842:15351-17150   -            600 19960at147550        -            478   3.4e-07   27.3   9.8   4   5     0.036       2.1    4.9   0.0   170   200   331   361   316   383 0.70 -
scaffold842:15351-17150   -            600 19960at147550        -            478   3.4e-07   27.3   9.8   5   5      0.45        26    1.3   0.0    52    81   375   404   359   408 0.76 -
scaffold250:114896-117332 -            718 19960at147550        -            478   3.7e-07   27.2   6.2   1   5     0.066       3.9    4.0   0.0   207   234    18    46    10    50 0.77 -
scaffold250:114896-117332 -            718 19960at147550        -            478   3.7e-07   27.2   6.2   2   5    0.0013     0.074    9.7   0.1   188   231    48    91    44   108 0.83 -
scaffold250:114896-117332 -            718 19960at147550        -            478   3.7e-07   27.2   6.2   3   5   0.00011    0.0063   13.2   0.1   172   235   124   195   101   208 0.80 -
scaffold250:114896-117332 -            718 19960at147550        -            478   3.7e-07   27.2   6.2   4   5       1.7        99   -0.6   0.0   165   202   336   375   327   382 0.77 -
scaffold250:114896-117332 -            718 19960at147550        -            478   3.7e-07   27.2   6.2   5   5       4.9   2.9e+02   -2.1   0.0   203   224   520   541   499   548 0.70 -
scaffold479:74407-77248   -            836 19960at147550        -            478   3.8e-07   27.1   1.5   1   4     0.029       1.7    5.2   0.0   421   477    55   115    49   116 0.76 -
scaffold479:74407-77248   -            836 19960at147550        -            478   3.8e-07   27.1   1.5   2   4    0.0025      0.15    8.7   0.0   201   254   128   181   120   186 0.75 -
scaffold479:74407-77248   -            836 19960at147550        -            478   3.8e-07   27.1   1.5   3   4      0.19        11    2.5   0.1   214   234   187   207   183   212 0.83 -
scaffold479:74407-77248   -            836 19960at147550        -            478   3.8e-07   27.1   1.5   4   4     0.016      0.95    6.0   0.1    50    85   214   249   207   406 0.80 -
scaffold639:53258-54412   -            385 19960at147550        -            478   6.1e-07   26.5   8.2   1   4    0.0001    0.0062   13.3   0.5   200   236    91   127    73   135 0.92 -
scaffold639:53258-54412   -            385 19960at147550        -            478   6.1e-07   26.5   8.2   2   4    0.0012     0.072    9.7   1.3   202   236    93   127    93   191 0.70 -
scaffold639:53258-54412   -            385 19960at147550        -            478   6.1e-07   26.5   8.2   3   4       1.6        95   -0.6   0.1   201   239   200   236   165   243 0.68 -
scaffold639:53258-54412   -            385 19960at147550        -            478   6.1e-07   26.5   8.2   4   4   2.2e-05    0.0013   15.5   0.1   197   231   331   365   309   378 0.89 -
scaffold726:47529-48488   -            287 19960at147550        -            478   7.7e-07   26.1  17.4   1   5     0.013      0.78    6.3   0.0   215   235     9    29     5    36 0.85 -
scaffold726:47529-48488   -            287 19960at147550        -            478   7.7e-07   26.1  17.4   2   5      0.39        23    1.5   0.0   202   233    86   119    79   138 0.75 -
scaffold726:47529-48488   -            287 19960at147550        -            478   7.7e-07   26.1  17.4   3   5       0.2        12    2.4   0.0   213   235   159   181   143   190 0.82 -
scaffold726:47529-48488   -            287 19960at147550        -            478   7.7e-07   26.1  17.4   4   5   0.00086     0.051   10.2   1.0   199   235   192   231   185   242 0.79 -
scaffold726:47529-48488   -            287 19960at147550        -            478   7.7e-07   26.1  17.4   5   5     0.051         3    4.4   0.7   205   238   246   279   235   285 0.87 -
scaffold842:6306-8594     -            593 19960at147550        -            478   1.2e-06   25.5   1.1   1   3      0.15       8.6    2.9   0.0   287   325    81   121    62   136 0.68 -
scaffold842:6306-8594     -            593 19960at147550        -            478   1.2e-06   25.5   1.1   2   3     0.029       1.7    5.2   0.0   205   237   124   157   115   160 0.72 -
scaffold842:6306-8594     -            593 19960at147550        -            478   1.2e-06   25.5   1.1   3   3     4e-05    0.0024   14.6   0.1   202   241   163   202   159   208 0.88 -
scaffold55:67073-68598    -            432 19960at147550        -            478   1.4e-06   25.3   2.7   1   4     0.005      0.29    7.7   0.0   201   237   185   222   181   231 0.84 -
scaffold55:67073-68598    -            432 19960at147550        -            478   1.4e-06   25.3   2.7   2   4   0.00044     0.026   11.2   0.1   198   236   277   316   224   322 0.65 -
scaffold55:67073-68598    -            432 19960at147550        -            478   1.4e-06   25.3   2.7   3   4      0.11       6.5    3.3   0.1   200   232   323   356   316   364 0.68 -
scaffold55:67073-68598    -            432 19960at147550        -            478   1.4e-06   25.3   2.7   4   4       1.5        90   -0.5   0.0   201   231   381   412   374   417 0.53 -
scaffold284:35441-37282   -            596 19960at147550        -            478   2.5e-06   24.4   2.7   1   3   1.8e-05    0.0011   15.8   0.3   143   235    79   181    61   188 0.81 -
scaffold284:35441-37282   -            596 19960at147550        -            478   2.5e-06   24.4   2.7   2   3     0.029       1.7    5.2   0.0   209   289   197   284   186   304 0.61 -
scaffold284:35441-37282   -            596 19960at147550        -            478   2.5e-06   24.4   2.7   3   3      0.53        31    1.0   0.0   201   231   344   374   338   391 0.89 -
scaffold71:271898-273020  -            351 19960at147550        -            478   3.3e-06   24.1   0.7   1   4       1.9   1.1e+02   -0.8   0.0   213   237    22    46     7    59 0.64 -
scaffold71:271898-273020  -            351 19960at147550        -            478   3.3e-06   24.1   0.7   2   4   0.00014     0.008   12.9   0.0   289   373    74   169    70   221 0.75 -
scaffold71:271898-273020  -            351 19960at147550        -            478   3.3e-06   24.1   0.7   3   4      0.13       7.5    3.1   0.0   215   238   267   290   259   297 0.84 -
scaffold71:271898-273020  -            351 19960at147550        -            478   3.3e-06   24.1   0.7   4   4      0.13       7.5    3.1   0.0   378   397   298   317   290   322 0.84 -
scaffold479:11817-13184   -            456 19960at147550        -            478   3.7e-06   23.9   0.9   1   3   0.00021     0.013   12.2   0.1   378   446    16    91     6    96 0.80 -
scaffold479:11817-13184   -            456 19960at147550        -            478   3.7e-06   23.9   0.9   2   3    0.0041      0.24    8.0   0.0   146   352   314   376   200   404 0.60 -
scaffold479:11817-13184   -            456 19960at147550        -            478   3.7e-06   23.9   0.9   3   3         6   3.5e+02   -2.4   0.0   383   402   432   451   422   455 0.79 -
scaffold50:560692-561832  -            356 19960at147550        -            478   3.9e-06   23.8   0.0   1   5     0.066       3.9    4.0   0.0   204   229    26    51    20    61 0.90 -
scaffold50:560692-561832  -            356 19960at147550        -            478   3.9e-06   23.8   0.0   2   5     0.036       2.1    4.9   0.0   199   236    64   102    54   112 0.77 -
scaffold50:560692-561832  -            356 19960at147550        -            478   3.9e-06   23.8   0.0   3   5       9.3   5.4e+02   -3.1   0.0   375   404   173   202   152   205 0.73 -
scaffold50:560692-561832  -            356 19960at147550        -            478   3.9e-06   23.8   0.0   4   5    0.0034       0.2    8.3   0.0   200   233   230   263   224   272 0.84 -
scaffold50:560692-561832  -            356 19960at147550        -            478   3.9e-06   23.8   0.0   5   5       1.4        81   -0.3   0.0   377   398   275   296   268   332 0.82 -
scaffold687:37237-38688   -            465 19960at147550        -            478   4.2e-06   23.7   1.7   1   4     0.005      0.29    7.7   0.0    55    85    25    55    12    63 0.80 -
scaffold687:37237-38688   -            465 19960at147550        -            478   4.2e-06   23.7   1.7   2   4    0.0022      0.13    8.9   0.2   200   239    63   102    55   108 0.90 -
scaffold687:37237-38688   -            465 19960at147550        -            478   4.2e-06   23.7   1.7   3   4     0.064       3.8    4.1   0.0   332   394   169   232   157   248 0.73 -
scaffold687:37237-38688   -            465 19960at147550        -            478   4.2e-06   23.7   1.7   4   4       2.8   1.6e+02   -1.3   0.0   393   412   331   352   278   358 0.68 -
scaffold50:513257-518764  -           1074 19960at147550        -            478   6.2e-06   23.1   0.1   1   2   1.2e-06   6.9e-05   19.7   0.0   193   233    93   133    53   144 0.86 -
scaffold50:513257-518764  -           1074 19960at147550        -            478   6.2e-06   23.1   0.1   2   2      0.72        42    0.6   0.0   164   201   245   282   231   295 0.78 -
scaffold377:101263-103464 -            734 19960at147550        -            478   6.6e-06   23.1   5.5   1   5   0.00037     0.022   11.4   0.1   199   234   265   300   216   309 0.88 -
scaffold377:101263-103464 -            734 19960at147550        -            478   6.6e-06   23.1   5.5   2   5    0.0021      0.12    8.9   0.3   202   235   268   301   268   349 0.84 -
scaffold377:101263-103464 -            734 19960at147550        -            478   6.6e-06   23.1   5.5   3   5     0.099       5.8    3.4   0.0   205   239   422   459   416   466 0.76 -
scaffold377:101263-103464 -            734 19960at147550        -            478   6.6e-06   23.1   5.5   4   5       9.7   5.7e+02   -3.1   0.1   380   407   484   511   482   512 0.82 -
scaffold377:101263-103464 -            734 19960at147550        -            478   6.6e-06   23.1   5.5   5   5     0.014      0.81    6.3   0.0   200   231   662   692   647   702 0.91 -
scaffold410:104282-105569 -            373 19960at147550        -            478     7e-06   23.0   4.4   1   3     0.044       2.6    4.6   0.9   200   234   102   137    90   155 0.79 -
scaffold410:104282-105569 -            373 19960at147550        -            478     7e-06   23.0   4.4   2   3   0.00019     0.011   12.4   0.0   177   232   243   308   240   321 0.70 -
scaffold410:104282-105569 -            373 19960at147550        -            478     7e-06   23.0   4.4   3   3      0.77        46    0.5   0.1   443   477   330   368   325   369 0.79 -
scaffold28:170917-172763  -            570 19960at147550        -            478   1.8e-05   21.6   0.0   1   2   0.00075     0.044   10.4   0.0   411   477   323   398   310   399 0.74 -
scaffold28:170917-172763  -            570 19960at147550        -            478   1.8e-05   21.6   0.0   2   2    0.0021      0.12    9.0   0.0   175   236   453   515   440   525 0.76 -
scaffold265:24096-26810   -            905 19960at147550        -            478   1.9e-05   21.6   1.3   1   3      0.14       8.1    3.0   0.0   216   234   391   409   378   424 0.82 -
scaffold265:24096-26810   -            905 19960at147550        -            478   1.9e-05   21.6   1.3   2   3     0.002      0.11    9.1   0.5   171   237   642   707   637   715 0.72 -
scaffold265:24096-26810   -            905 19960at147550        -            478   1.9e-05   21.6   1.3   3   3     0.025       1.5    5.4   0.0   377   406   717   746   711   750 0.90 -
scaffold529:48622-50226   -            535 19960at147550        -            478   3.7e-05   20.6   5.3   1   3     0.016      0.95    6.0   0.1   215   233   363   381   315   388 0.77 -
scaffold529:48622-50226   -            535 19960at147550        -            478   3.7e-05   20.6   5.3   2   3   0.00029     0.017   11.8   0.4   205   245   402   441   392   451 0.82 -
scaffold529:48622-50226   -            535 19960at147550        -            478   3.7e-05   20.6   5.3   3   3      0.15       8.8    2.9   0.0    54    81   507   534   494   535 0.89 -
scaffold143:178879-181985 -            991 19960at147550        -            478   5.5e-05   20.0   2.7   1   4      0.21        12    2.4   0.0   191   235   536   580   527   590 0.77 -
scaffold143:178879-181985 -            991 19960at147550        -            478   5.5e-05   20.0   2.7   2   4     0.082       4.8    3.7   0.1   283   343   558   623   545   628 0.70 -
scaffold143:178879-181985 -            991 19960at147550        -            478   5.5e-05   20.0   2.7   3   4   0.00016    0.0096   12.6   0.3   176   235   607   665   586   673 0.72 -
scaffold143:178879-181985 -            991 19960at147550        -            478   5.5e-05   20.0   2.7   4   4      0.27        16    2.0   0.0   379   402   676   698   667   717 0.79 -
scaffold352:12971-15458   -            438 19960at147550        -            478   5.8e-05   19.9   9.0   1   4      0.73        43    0.6   0.0   408   477    99   180    76   181 0.61 -
scaffold352:12971-15458   -            438 19960at147550        -            478   5.8e-05   19.9   9.0   2   4      0.21        12    2.4   0.1   199   236   200   237   189   256 0.75 -
scaffold352:12971-15458   -            438 19960at147550        -            478   5.8e-05   19.9   9.0   3   4      0.72        42    0.6   0.0   370   405   242   278   236   284 0.66 -
scaffold352:12971-15458   -            438 19960at147550        -            478   5.8e-05   19.9   9.0   4   4   4.3e-06   0.00026   17.8   1.8   376   464   316   417   308   426 0.66 -
scaffold842:10217-17147   -           1919 19960at147550        -            478   6.1e-05   19.9   9.2   1   4      0.11       6.2    3.4   0.0   201   234   111   144   105   156 0.86 -
scaffold842:10217-17147   -           1919 19960at147550        -            478   6.1e-05   19.9   9.2   2   4   9.5e-05    0.0056   13.4   0.3   187   238   210   262   195   265 0.79 -
scaffold842:10217-17147   -           1919 19960at147550        -            478   6.1e-05   19.9   9.2   3   4     0.054       3.1    4.3   1.7   399   477   263   357   260   358 0.68 -
scaffold842:10217-17147   -           1919 19960at147550        -            478   6.1e-05   19.9   9.2   4   4       1.7        98   -0.6   0.0    52    81   374   403   358   407 0.76 -
scaffold110:11492-13412   -            541 19960at147550        -            478   9.6e-05   19.2   0.0   1   2   5.2e-06    0.0003   17.6   0.0   172   232   324   392   302   399 0.76 -
scaffold110:11492-13412   -            541 19960at147550        -            478   9.6e-05   19.2   0.0   2   2       5.1     3e+02   -2.2   0.0   168   200   404   441   396   444 0.63 -
scaffold69:68839-70440    -            491 19960at147550        -            478   0.00012   18.9   6.0   1   3   0.00017      0.01   12.5   1.0   202   248   234   281   221   298 0.76 -
scaffold69:68839-70440    -            491 19960at147550        -            478   0.00012   18.9   6.0   2   3      0.13       7.6    3.1   0.2   406   435   270   303   267   314 0.75 -
scaffold69:68839-70440    -            491 19960at147550        -            478   0.00012   18.9   6.0   3   3     0.017      0.97    6.0   0.1   218   251   387   419   367   425 0.71 -
scaffold186:17686-18939   -            378 19960at147550        -            478   0.00017   18.4   0.0   1   4      0.79        46    0.5   0.0   195   237    45    87    20   100 0.79 -
scaffold186:17686-18939   -            378 19960at147550        -            478   0.00017   18.4   0.0   2   4   0.00013    0.0076   13.0   0.0   173   235   112   171    96   180 0.74 -
scaffold186:17686-18939   -            378 19960at147550        -            478   0.00017   18.4   0.0   3   4       1.7     1e+02   -0.6   0.0   375   401   232   257   216   263 0.79 -
scaffold186:17686-18939   -            378 19960at147550        -            478   0.00017   18.4   0.0   4   4       9.3   5.4e+02   -3.1   0.0    62    82   308   327   303   329 0.66 -
scaffold66:5930-6604      -            225 19960at147550        -            478   0.00029   17.6   2.5   1   3     0.053       3.1    4.3   0.0   183   234    18    78     1    94 0.59 -
scaffold66:5930-6604      -            225 19960at147550        -            478   0.00029   17.6   2.5   2   3     0.086       5.1    3.6   0.0   210   247   104   142    97   166 0.74 -
scaffold66:5930-6604      -            225 19960at147550        -            478   0.00029   17.6   2.5   3   3    0.0049      0.29    7.7   0.4   436   477   177   224   164   225 0.70 -
scaffold555:86991-89803   -            912 19960at147550        -            478   0.00041   17.1   1.7   1   3   0.00034      0.02   11.6   0.1   413   476    10    80     7    81 0.84 -
scaffold555:86991-89803   -            912 19960at147550        -            478   0.00041   17.1   1.7   2   3       9.2   5.4e+02   -3.0   0.0    63    83   262   282   252   293 0.60 -
scaffold555:86991-89803   -            912 19960at147550        -            478   0.00041   17.1   1.7   3   3       0.1       5.9    3.4   0.1   402   440   343   386   324   398 0.74 -
scaffold440:10778-12017   -            388 19960at147550        -            478   0.00055   16.7   3.4   1   4      0.78        46    0.5   0.0   214   236    46    69    28    94 0.79 -
scaffold440:10778-12017   -            388 19960at147550        -            478   0.00055   16.7   3.4   2   4    0.0024      0.14    8.8   0.1   177   235   113   180    99   187 0.67 -
scaffold440:10778-12017   -            388 19960at147550        -            478   0.00055   16.7   3.4   3   4    0.0078      0.46    7.1   0.1   270   306   145   181   117   217 0.80 -
scaffold440:10778-12017   -            388 19960at147550        -            478   0.00055   16.7   3.4   4   4     0.031       1.8    5.1   0.3   163   202   283   322   231   353 0.60 -
scaffold528:88245-89801   -            490 19960at147550        -            478   0.00057   16.7   7.9   1   3      0.03       1.8    5.1   0.7   393   439   148   196   112   210 0.57 -
scaffold528:88245-89801   -            490 19960at147550        -            478   0.00057   16.7   7.9   2   3    0.0032      0.19    8.4   0.3   201   233   216   248   208   253 0.90 -
scaffold528:88245-89801   -            490 19960at147550        -            478   0.00057   16.7   7.9   3   3     0.039       2.3    4.8   0.0    52   232   384   416   357   425 0.65 -
scaffold687:30891-38688   -           2204 19960at147550        -            478   0.00066   16.5   0.9   1   3      0.03       1.7    5.2   0.0    55    85    25    55    12    63 0.81 -
scaffold687:30891-38688   -           2204 19960at147550        -            478   0.00066   16.5   0.9   2   3     0.012      0.72    6.4   0.2   200   239    63   102    55   124 0.90 -
scaffold687:30891-38688   -           2204 19960at147550        -            478   0.00066   16.5   0.9   3   3      0.46        27    1.2   0.0   332   394   166   229   155   244 0.72 -
scaffold274:80316-83268   -            949 19960at147550        -            478   0.00094   15.9   1.7   1   4       3.7   2.2e+02   -1.7   0.0    60   307   137   163   103   184 0.60 -
scaffold274:80316-83268   -            949 19960at147550        -            478   0.00094   15.9   1.7   2   4     0.011      0.64    6.6   0.1   201   236   341   376   330   413 0.87 -
scaffold274:80316-83268   -            949 19960at147550        -            478   0.00094   15.9   1.7   3   4       5.7   3.3e+02   -2.4   0.0   376   394   522   540   505   543 0.72 -
scaffold274:80316-83268   -            949 19960at147550        -            478   0.00094   15.9   1.7   4   4     0.017      0.99    6.0   0.0   199   231   597   629   589   636 0.92 -
scaffold160:20465-25159   -           1565 19960at147550        -            478    0.0012   15.6   0.4   1   1   7.9e-05    0.0047   13.7   0.4   128   234   125   249   116   253 0.68 -
scaffold192:3730-5082     -            451 19960at147550        -            478    0.0043   13.8  15.4   1   5      0.43        25    1.4   0.1   200   234    61    99    44   111 0.77 -
scaffold192:3730-5082     -            451 19960at147550        -            478    0.0043   13.8  15.4   2   5    0.0014     0.081    9.6   0.4   200   234   148   183   142   207 0.76 -
scaffold192:3730-5082     -            451 19960at147550        -            478    0.0043   13.8  15.4   3   5       0.8        47    0.4   0.3   201   238   198   246   180   253 0.63 -
scaffold192:3730-5082     -            451 19960at147550        -            478    0.0043   13.8  15.4   4   5   0.00098     0.058   10.1   0.1   200   234   253   292   247   296 0.78 -
scaffold192:3730-5082     -            451 19960at147550        -            478    0.0043   13.8  15.4   5   5       1.6        91   -0.5   0.1   206   476   341   365   332   410 0.59 -
scaffold71:316993-321694  -           1546 19960at147550        -            478    0.0054   13.4   0.0   1   2   0.00035     0.021   11.5   0.1   194   233  1105  1144  1091  1159 0.89 -
scaffold71:316993-321694  -           1546 19960at147550        -            478    0.0054   13.4   0.0   2   2       4.6   2.7e+02   -2.0   0.0   184   225  1419  1460  1415  1471 0.79 -
scaffold50:198890-201451  -            836 19960at147550        -            478    0.0081   12.9   0.0   1   2   0.00041     0.024   11.3   0.1   200   263   487   555   483   566 0.78 -
scaffold50:198890-201451  -            836 19960at147550        -            478    0.0081   12.9   0.0   2   2       9.1   5.4e+02   -3.0   0.0   196   230   746   780   740   784 0.75 -
scaffold65:31609-35490    -           1294 19960at147550        -            478     0.015   12.0   0.1   1   1   0.00049     0.029   11.0   0.1   201   236   257   292   237   298 0.90 -
scaffold302:92474-95184   -            666 19960at147550        -            478      0.03   11.0   0.6   1   4       5.1     3e+02   -2.2   0.0   216   478   295   311   284   314 0.68 -
scaffold302:92474-95184   -            666 19960at147550        -            478      0.03   11.0   0.6   2   4     0.026       1.6    5.3   0.0   204   239   342   380   330   391 0.78 -
scaffold302:92474-95184   -            666 19960at147550        -            478      0.03   11.0   0.6   3   4       2.2   1.3e+02   -1.0   0.0    55    83   485   513   462   516 0.79 -
scaffold302:92474-95184   -            666 19960at147550        -            478      0.03   11.0   0.6   4   4      0.81        48    0.4   0.0   377   406   577   605   567   614 0.78 -
scaffold589:3411-4524     -            351 19960at147550        -            478     0.094    9.3   2.8   1   3      0.23        13    2.3   0.0   191   222    42    73     6    83 0.59 -
scaffold589:3411-4524     -            351 19960at147550        -            478     0.094    9.3   2.8   2   3      0.51        30    1.1   0.1   209   239   102   132    94   141 0.70 -
scaffold589:3411-4524     -            351 19960at147550        -            478     0.094    9.3   2.8   3   3      0.18        11    2.6   0.0   163   195   197   229   186   237 0.82 -
#
# Program:         hmmsearch
# Version:         3.1b2 (February 2015)
# Pipeline mode:   SEARCH
# Query file:      /pickett_shared/projects/lwy647/discula_draft_assembly/busco_downloads/lineages/sordariomycetes_odb10/hmms/19960at147550.hmm
# Target file:     /pickett_shared/projects/lwy647/discula_draft_assembly/discula70_53.scafSeq.BUSCO/run_sordariomycetes_odb10/metaeuk_output/initial_results/discula70_53.scafSeq.modified.fas
# Option settings: hmmsearch --domtblout /pickett_shared/projects/lwy647/discula_draft_assembly/discula70_53.scafSeq.BUSCO/run_sordariomycetes_odb10/hmmer_output/initial_run_results/19960at147550.out --cpu 1 /pickett_shared/projects/lwy647/discula_draft_assembly/busco_downloads/lineages/sordariomycetes_odb10/hmms/19960at147550.hmm /pickett_shared/projects/lwy647/discula_draft_assembly/discula70_53.scafSeq.BUSCO/run_sordariomycetes_odb10/metaeuk_output/initial_results/discula70_53.scafSeq.modified.fas 
# Current dir:     /pickett_shared/projects/lwy647/discula_draft_assembly
# Date:            Thu Aug 31 18:11:42 2023
# [ok]
