#                                                                                 --- full sequence --- -------------- this domain -------------   hmm coord   ali coord   env coord
# target name             accession   tlen query name           accession   qlen   E-value  score  bias   #  of  c-Evalue  i-Evalue  score  bias  from    to  from    to  from    to  acc description of target
#     ------------------- ---------- ----- -------------------- ---------- ----- --------- ------ ----- --- --- --------- --------- ------ ----- ----- ----- ----- ----- ----- ----- ---- ---------------------
scaffold71:316993-321694  -           1546 2048at147550         -           1126         0 1869.5  14.4   1   4         0         0 1183.1   1.0     1   680     1   780     1   786 0.92 -
scaffold71:316993-321694  -           1546 2048at147550         -           1126         0 1869.5  14.4   2   4   1.7e-17   7.2e-16   54.8   0.2   672   736   804   867   782   905 0.80 -
scaffold71:316993-321694  -           1546 2048at147550         -           1126         0 1869.5  14.4   3   4   0.00077     0.032    9.6   0.0   732   769   980  1021   976  1030 0.87 -
scaffold71:316993-321694  -           1546 2048at147550         -           1126         0 1869.5  14.4   4   4  1.4e-190  5.8e-189  628.0   0.4   770  1114  1047  1445  1035  1460 0.91 -
scaffold679:35697-36815   -            373 2048at147550         -           1126   5.5e-14   48.6   4.1   1   7      0.27        11    1.2   0.0   818   853     4    39     1    51 0.88 -
scaffold679:35697-36815   -            373 2048at147550         -           1126   5.5e-14   48.6   4.1   2   7     0.045       1.8    3.8   0.0   812   851    40    79    31    82 0.88 -
scaffold679:35697-36815   -            373 2048at147550         -           1126   5.5e-14   48.6   4.1   3   7   0.00015    0.0064   12.0   0.0   810   906    79   169    74   180 0.86 -
scaffold679:35697-36815   -            373 2048at147550         -           1126   5.5e-14   48.6   4.1   4   7   3.9e-06   0.00016   17.2   0.0   791   870   185   264   177   288 0.79 -
scaffold679:35697-36815   -            373 2048at147550         -           1126   5.5e-14   48.6   4.1   5   7    0.0048       0.2    7.0   0.0   821   853   260   292   249   308 0.89 -
scaffold679:35697-36815   -            373 2048at147550         -           1126   5.5e-14   48.6   4.1   6   7      0.11       4.5    2.5   0.0   813   855   294   336   291   343 0.87 -
scaffold679:35697-36815   -            373 2048at147550         -           1126   5.5e-14   48.6   4.1   7   7    0.0048       0.2    7.0   0.1   806   850   328   373   303   373 0.80 -
scaffold72:58344-59805    -            468 2048at147550         -           1126   1.9e-13   46.8   4.1   1   5   8.2e-06   0.00034   16.2   0.3   804   853   140   189   133   190 0.92 -
scaffold72:58344-59805    -            468 2048at147550         -           1126   1.9e-13   46.8   4.1   2   5   0.00071      0.03    9.7   0.0   812   852   190   230   188   237 0.91 -
scaffold72:58344-59805    -            468 2048at147550         -           1126   1.9e-13   46.8   4.1   3   5    0.0054      0.22    6.8   0.1   813   853   233   273   230   287 0.82 -
scaffold72:58344-59805    -            468 2048at147550         -           1126   1.9e-13   46.8   4.1   4   5      0.16       6.4    2.0   0.0   816   853   278   315   273   328 0.86 -
scaffold72:58344-59805    -            468 2048at147550         -           1126   1.9e-13   46.8   4.1   5   5   0.00055     0.023   10.1   0.0   803   852   347   396   333   408 0.86 -
scaffold299:50012-51394   -            438 2048at147550         -           1126   4.2e-12   42.4   0.2   1   3   0.00012    0.0048   12.4   0.0   807   910    86   184    79   196 0.74 -
scaffold299:50012-51394   -            438 2048at147550         -           1126   4.2e-12   42.4   0.2   2   3   1.5e-06   6.1e-05   18.6   0.0   812   855   228   271   214   292 0.84 -
scaffold299:50012-51394   -            438 2048at147550         -           1126   4.2e-12   42.4   0.2   3   3     0.004      0.17    7.3   0.0   803   855   325   377   315   388 0.89 -
scaffold378:18-3826       -            459 2048at147550         -           1126     5e-12   42.1   0.1   1   2   8.2e-13   3.4e-11   39.4   0.0   101   209   163   271   138   310 0.88 -
scaffold378:18-3826       -            459 2048at147550         -           1126     5e-12   42.1   0.1   2   2      0.41        17    0.6   0.0   233   261   325   353   305   362 0.80 -
scaffold55:93772-94632    -            287 2048at147550         -           1126   5.5e-11   38.7   0.0   1   2     4e-12   1.7e-10   37.1   0.0    54   209    42   194    16   207 0.80 -
scaffold55:93772-94632    -            287 2048at147550         -           1126   5.5e-11   38.7   0.0   2   2       1.8        75   -1.5   0.0   239   261   255   277   251   280 0.89 -
scaffold261:178379-179719 -            357 2048at147550         -           1126   6.3e-11   38.5   0.1   1   1     2e-12   8.3e-11   38.1   0.1    72   209    91   229    66   237 0.85 -
scaffold31:53043-54041    -            304 2048at147550         -           1126   7.9e-11   38.1   2.2   1   5     0.035       1.4    4.2   0.0   820   853    15    47     2    53 0.77 -
scaffold31:53043-54041    -            304 2048at147550         -           1126   7.9e-11   38.1   2.2   2   5   4.9e-05     0.002   13.6   0.1   817   863    55   103    49   128 0.76 -
scaffold31:53043-54041    -            304 2048at147550         -           1126   7.9e-11   38.1   2.2   3   5     0.056       2.3    3.5   0.0   821   853   100   132    92   169 0.88 -
scaffold31:53043-54041    -            304 2048at147550         -           1126   7.9e-11   38.1   2.2   4   5    0.0003     0.012   11.0   0.0   816   852   184   220   172   227 0.90 -
scaffold31:53043-54041    -            304 2048at147550         -           1126   7.9e-11   38.1   2.2   5   5     0.065       2.7    3.3   0.0   829  1108   253   282   235   299 0.55 -
scaffold40:42978-44004    -            321 2048at147550         -           1126   8.5e-11   38.0   0.0   1   2   9.1e-11   3.8e-09   32.6   0.0    65   209    67   210    24   216 0.83 -
scaffold40:42978-44004    -            321 2048at147550         -           1126   8.5e-11   38.0   0.0   2   2     0.058       2.4    3.4   0.1   232   261   261   290   236   309 0.82 -
scaffold311:79317-81767   -            737 2048at147550         -           1126   6.4e-10   35.1   0.0   1   1   2.1e-11   8.7e-10   34.7   0.0    58   321   132   392    97   400 0.82 -
scaffold226:67411-68872   -            447 2048at147550         -           1126   1.2e-09   34.2   0.9   1   4    0.0012     0.051    8.9   0.0   808   866    88   148    77   190 0.84 -
scaffold226:67411-68872   -            447 2048at147550         -           1126   1.2e-09   34.2   0.9   2   4       1.1        44   -0.8   0.0   806   852   171   225   164   227 0.60 -
scaffold226:67411-68872   -            447 2048at147550         -           1126   1.2e-09   34.2   0.9   3   4    0.0015     0.064    8.6   0.1   812   853   227   268   214   293 0.81 -
scaffold226:67411-68872   -            447 2048at147550         -           1126   1.2e-09   34.2   0.9   4   4     7e-05    0.0029   13.1   0.0   803   869   324   389   315   402 0.87 -
scaffold539:25815-27270   -            393 2048at147550         -           1126   1.4e-09   34.0   0.0   1   1   4.8e-11     2e-09   33.5   0.0   101   209   132   236    86   247 0.77 -
scaffold410:153706-155017 -            396 2048at147550         -           1126   2.1e-09   33.4   0.0   1   1   6.7e-11   2.8e-09   33.0   0.0    58   257   108   311    94   318 0.77 -
scaffold337:49925-50889   -            302 2048at147550         -           1126   2.8e-09   33.0   0.0   1   1   9.8e-11   4.1e-09   32.5   0.0    64   260    95   298    83   301 0.77 -
scaffold8:77148-79251     -            607 2048at147550         -           1126   4.7e-09   32.3   0.4   1   4    0.0016     0.067    8.6   0.0   826   859   354   388   348   423 0.72 -
scaffold8:77148-79251     -            607 2048at147550         -           1126   4.7e-09   32.3   0.4   2   4     0.084       3.5    2.9   0.0   800   852   452   507   443   517 0.85 -
scaffold8:77148-79251     -            607 2048at147550         -           1126   4.7e-09   32.3   0.4   3   4    0.0025       0.1    8.0   0.0   812   852   522   562   514   569 0.90 -
scaffold8:77148-79251     -            607 2048at147550         -           1126   4.7e-09   32.3   0.4   4   4    0.0063      0.26    6.6   0.0   817   855   569   607   562   607 0.88 -
scaffold262:5982-8751     -            898 2048at147550         -           1126     9e-09   31.3   1.5   1   4      0.25        11    1.3   0.0   818   852   146   180   140   227 0.79 -
scaffold262:5982-8751     -            898 2048at147550         -           1126     9e-09   31.3   1.5   2   4   3.7e-05    0.0015   14.0   0.0   808   852   330   373   318   376 0.84 -
scaffold262:5982-8751     -            898 2048at147550         -           1126     9e-09   31.3   1.5   3   4     0.014      0.58    5.5   0.0   814   856   377   419   374   435 0.87 -
scaffold262:5982-8751     -            898 2048at147550         -           1126     9e-09   31.3   1.5   4   4    0.0098       0.4    6.0   0.0   806   851   454   500   442   512 0.88 -
scaffold679:36393-37040   -            216 2048at147550         -           1126   2.1e-08   30.1   3.0   1   4    0.0014      0.06    8.7   0.1   818   853    24    60     2    64 0.80 -
scaffold679:36393-37040   -            216 2048at147550         -           1126   2.1e-08   30.1   3.0   2   4     0.048         2    3.7   0.0   813   855    62   104    59   111 0.87 -
scaffold679:36393-37040   -            216 2048at147550         -           1126   2.1e-08   30.1   3.0   3   4   0.00015    0.0063   12.0   0.1   808   853    98   144    75   150 0.84 -
scaffold679:36393-37040   -            216 2048at147550         -           1126   2.1e-08   30.1   3.0   4   4    0.0069      0.29    6.5   0.0   817   859   150   194   144   204 0.80 -
scaffold126:47557-48887   -            358 2048at147550         -           1126   3.5e-08   29.4   0.7   1   4     0.029       1.2    4.4   0.0   810   857    57   107    44   158 0.79 -
scaffold126:47557-48887   -            358 2048at147550         -           1126   3.5e-08   29.4   0.7   2   4      0.15       6.3    2.0   0.0   813   852   193   233   169   235 0.82 -
scaffold126:47557-48887   -            358 2048at147550         -           1126   3.5e-08   29.4   0.7   3   4   1.8e-06   7.5e-05   18.3   0.1   812   852   235   275   231   286 0.89 -
scaffold126:47557-48887   -            358 2048at147550         -           1126   3.5e-08   29.4   0.7   4   4      0.58        24    0.1   0.0   826   858   293   325   286   340 0.83 -
scaffold577:71257-72367   -            331 2048at147550         -           1126   5.6e-08   28.7   0.1   1   2   1.1e-08   4.4e-07   25.7   0.0    78   209    91   214    27   221 0.81 -
scaffold577:71257-72367   -            331 2048at147550         -           1126   5.6e-08   28.7   0.1   2   2      0.39        16    0.7   0.0   232   260   265   293   256   298 0.87 -
scaffold18:7372-8094      -            241 2048at147550         -           1126   7.2e-08   28.3   0.0   1   1   2.2e-09     9e-08   28.0   0.0    77   202    62   188    47   199 0.81 -
scaffold121:177340-180080 -            891 2048at147550         -           1126   1.1e-07   27.7   0.0   1   1   3.8e-09   1.6e-07   27.2   0.0   111   258   730   881   722   886 0.75 -
scaffold479:74407-77248   -            836 2048at147550         -           1126   2.2e-07   26.7   0.2   1   3   0.00028     0.011   11.1   0.1   813   898    77   157    69   163 0.73 -
scaffold479:74407-77248   -            836 2048at147550         -           1126   2.2e-07   26.7   0.2   2   3     0.028       1.2    4.4   0.1   787   852   134   205   128   209 0.66 -
scaffold479:74407-77248   -            836 2048at147550         -           1126   2.2e-07   26.7   0.2   3   3   0.00011    0.0046   12.4   0.0   788   858   179   255   172   277 0.79 -
scaffold343:24690-26686   -            545 2048at147550         -           1126   4.5e-07   25.7   0.0   1   1   1.4e-08   5.8e-07   25.3   0.0    91   151    91   150    31   169 0.89 -
scaffold258:1439-3710     -            666 2048at147550         -           1126   4.9e-07   25.6   2.0   1   2   6.5e-06   0.00027   16.5   0.2   485   601   327   449   228   454 0.78 -
scaffold258:1439-3710     -            666 2048at147550         -           1126   4.9e-07   25.6   2.0   2   2    0.0019      0.08    8.3   0.2   531   629   454   554   446   579 0.79 -
scaffold639:53258-54412   -            385 2048at147550         -           1126   5.5e-07   25.4   0.3   1   2    0.0002    0.0081   11.6   0.1   805   856    76   127    63   167 0.87 -
scaffold639:53258-54412   -            385 2048at147550         -           1126   5.5e-07   25.4   0.3   2   2   0.00016    0.0065   11.9   0.0   812   852   326   366   318   379 0.89 -
scaffold351:111404-113017 -            538 2048at147550         -           1126   6.3e-07   25.2   0.9   1   3     0.016      0.67    5.3   0.1   806   853   231   278   213   282 0.81 -
scaffold351:111404-113017 -            538 2048at147550         -           1126   6.3e-07   25.2   0.9   2   3    0.0028      0.12    7.8   0.0   813   853   281   321   278   368 0.88 -
scaffold351:111404-113017 -            538 2048at147550         -           1126   6.3e-07   25.2   0.9   3   3   0.00076     0.032    9.6   0.1   811   852   366   407   344   410 0.90 -
scaffold126:226891-229130 -            665 2048at147550         -           1126   6.4e-07   25.2   0.3   1   2     0.011      0.44    5.8   0.0   795   859   336   400   306   420 0.81 -
scaffold126:226891-229130 -            665 2048at147550         -           1126   6.4e-07   25.2   0.3   2   2   4.7e-06    0.0002   17.0   0.0   786   940   447   587   421   593 0.80 -
scaffold385:21802-23241   -            338 2048at147550         -           1126   1.8e-06   23.7   0.1   1   1   5.1e-08   2.1e-06   23.5   0.1    51   141    77   167    59   234 0.84 -
scaffold721:13595-16468   -            958 2048at147550         -           1126   2.4e-06   23.3   6.7   1   4      0.13       5.2    2.3   0.0   813   855    51    96    35   145 0.67 -
scaffold721:13595-16468   -            958 2048at147550         -           1126   2.4e-06   23.3   6.7   2   4       0.2       8.2    1.7   0.0   837   900   182   239   162   258 0.62 -
scaffold721:13595-16468   -            958 2048at147550         -           1126   2.4e-06   23.3   6.7   3   4   2.1e-05   0.00087   14.8   0.0   813   946   498   638   494   656 0.70 -
scaffold721:13595-16468   -            958 2048at147550         -           1126   2.4e-06   23.3   6.7   4   4     0.057       2.4    3.4   0.1   814   853   687   726   670   747 0.81 -
scaffold290:53613-55254   -            520 2048at147550         -           1126   2.5e-06   23.2   5.3   1   4     0.038       1.6    4.0   0.0   818   853   185   220   179   223 0.92 -
scaffold290:53613-55254   -            520 2048at147550         -           1126   2.5e-06   23.2   5.3   2   4     0.039       1.6    4.0   0.2   813   854   271   313   257   342 0.73 -
scaffold290:53613-55254   -            520 2048at147550         -           1126   2.5e-06   23.2   5.3   3   4      0.16       6.5    2.0   0.0   815   851   399   435   385   438 0.84 -
scaffold290:53613-55254   -            520 2048at147550         -           1126   2.5e-06   23.2   5.3   4   4    0.0014     0.057    8.8   0.1   812   853   438   479   434   495 0.92 -
scaffold9:44361-44936     -            192 2048at147550         -           1126   4.7e-06   22.3   0.0   1   1   2.3e-07   9.6e-06   21.3   0.0   105   262    38   189    27   191 0.81 -
scaffold622:34300-35663   -            422 2048at147550         -           1126   5.7e-06   22.0   0.0   1   1   3.5e-07   1.4e-05   20.7   0.0   771   862    70   163    43   248 0.74 -
scaffold232:71869-74963   -            967 2048at147550         -           1126   1.1e-05   21.0   0.0   1   1   4.1e-07   1.7e-05   20.5   0.0    65   245   113   298    91   313 0.75 -
scaffold734:8883-11720    -            602 2048at147550         -           1126   1.4e-05   20.8   0.0   1   2      0.28        12    1.1   0.0    64   137   190   265   137   270 0.70 -
scaffold734:8883-11720    -            602 2048at147550         -           1126   1.4e-05   20.8   0.0   2   2   3.8e-06   0.00016   17.3   0.0   177   260   328   417   314   428 0.80 -
scaffold227:69528-70487   -            299 2048at147550         -           1126   1.7e-05   20.4   0.0   1   1   9.3e-07   3.8e-05   19.3   0.0   101   209   109   212   100   223 0.75 -
scaffold291:11561-16022   -           1341 2048at147550         -           1126   2.3e-05   20.1   0.0   1   1   1.1e-06   4.7e-05   19.0   0.0   111   260   104   247    89   250 0.81 -
scaffold186:31-1265       -            380 2048at147550         -           1126   2.9e-05   19.7   0.0   1   1   9.7e-07     4e-05   19.2   0.0    80   208    99   225    70   230 0.84 -
scaffold55:67073-68598    -            432 2048at147550         -           1126   3.6e-05   19.4   1.0   1   2    0.0036      0.15    7.4   0.2   834   870   199   235   193   242 0.78 -
scaffold55:67073-68598    -            432 2048at147550         -           1126   3.6e-05   19.4   1.0   2   2   2.6e-05    0.0011   14.5   0.3   818   946   230   356   223   361 0.86 -
scaffold509:105503-107947 -            796 2048at147550         -           1126   3.7e-05   19.3   3.2   1   3     0.098       4.1    2.7   0.1   808   854   445   489   434   497 0.63 -
scaffold509:105503-107947 -            796 2048at147550         -           1126   3.7e-05   19.3   3.2   2   3   0.00026     0.011   11.2   0.2   792   915   514   627   497   640 0.69 -
scaffold509:105503-107947 -            796 2048at147550         -           1126   3.7e-05   19.3   3.2   3   3     0.025         1    4.7   0.0   811   856   655   700   646   754 0.72 -
scaffold190:183806-185430 -            522 2048at147550         -           1126   3.9e-05   19.3   0.0   1   2   3.7e-06   0.00015   17.3   0.0   917  1044   222   351   216   370 0.86 -
scaffold190:183806-185430 -            522 2048at147550         -           1126   3.9e-05   19.3   0.0   2   2       1.4        58   -1.1   0.0   810   852   379   427   374   440 0.76 -
scaffold163:116213-117779 -            499 2048at147550         -           1126   4.6e-05   19.1   0.1   1   3      0.27        11    1.2   0.0   834  1103    84   103    66   158 0.77 -
scaffold163:116213-117779 -            499 2048at147550         -           1126   4.6e-05   19.1   0.1   2   3     0.036       1.5    4.1   0.0   823   855   222   255   191   261 0.81 -
scaffold163:116213-117779 -            499 2048at147550         -           1126   4.6e-05   19.1   0.1   3   3   0.00066     0.027    9.9   0.0   821   853   296   328   285   336 0.90 -
scaffold37:114701-116273  -            412 2048at147550         -           1126   5.5e-05   18.8   0.2   1   3       2.2        90   -1.8   0.0   838   883    53    95    50   111 0.67 -
scaffold37:114701-116273  -            412 2048at147550         -           1126   5.5e-05   18.8   0.2   2   3      0.14         6    2.1   0.0   813   852   117   156   106   170 0.85 -
scaffold37:114701-116273  -            412 2048at147550         -           1126   5.5e-05   18.8   0.2   3   3     7e-05    0.0029   13.1   0.0   814   883   279   340   265   369 0.73 -
scaffold213:162124-164094 -            657 2048at147550         -           1126   6.2e-05   18.6   0.0   1   1   2.1e-06   8.7e-05   18.1   0.0    61   147    77   165    71   183 0.82 -
scaffold284:35441-37282   -            596 2048at147550         -           1126   7.5e-05   18.3   0.1   1   2   0.00017    0.0071   11.8   0.1   806   853   132   179   103   187 0.93 -
scaffold284:35441-37282   -            596 2048at147550         -           1126   7.5e-05   18.3   0.1   2   2      0.03       1.3    4.4   0.0   805   858   214   268   195   279 0.81 -
scaffold7:20231-21538     -            436 2048at147550         -           1126   9.3e-05   18.0   0.0   1   2   6.5e-06   0.00027   16.5   0.0   107   210   142   244    95   260 0.87 -
scaffold7:20231-21538     -            436 2048at147550         -           1126   9.3e-05   18.0   0.0   2   2       1.8        76   -1.6   0.0   239   260   351   372   338   377 0.89 -
scaffold203:50644-51853   -            335 2048at147550         -           1126   0.00011   17.8   0.0   1   3    0.0029      0.12    7.7   0.0   803   852    31    81    13    91 0.85 -
scaffold203:50644-51853   -            335 2048at147550         -           1126   0.00011   17.8   0.0   2   3     0.059       2.4    3.4   0.0   824   857   192   225   169   239 0.82 -
scaffold203:50644-51853   -            335 2048at147550         -           1126   0.00011   17.8   0.0   3   3     0.083       3.4    2.9   0.0   818   850   283   315   274   321 0.89 -
scaffold69:144016-144591  -            192 2048at147550         -           1126   0.00012   17.7   0.4   1   3    0.0034      0.14    7.5   0.1   821   853     7    39     3    43 0.92 -
scaffold69:144016-144591  -            192 2048at147550         -           1126   0.00012   17.7   0.4   2   3    0.0019     0.077    8.4   0.0   813   852    41    80    38    89 0.90 -
scaffold69:144016-144591  -            192 2048at147550         -           1126   0.00012   17.7   0.4   3   3       3.5   1.5e+02   -2.5   0.0   822   857   128   165   126   190 0.63 -
scaffold237:16750-20683   -           1207 2048at147550         -           1126   0.00012   17.7   3.2   1   4    0.0014      0.06    8.7   0.0   804   852    28    76    21   100 0.90 -
scaffold237:16750-20683   -           1207 2048at147550         -           1126   0.00012   17.7   3.2   2   4     0.023      0.95    4.8   0.1   806   862   113   170    94   181 0.80 -
scaffold237:16750-20683   -           1207 2048at147550         -           1126   0.00012   17.7   3.2   3   4      0.28        11    1.2   0.1   828   828   254   254   188   281 0.52 -
scaffold237:16750-20683   -           1207 2048at147550         -           1126   0.00012   17.7   3.2   4   4      0.46        19    0.4   0.0  1087  1104   263   280   252   289 0.72 -
scaffold178:68493-69599   -            369 2048at147550         -           1126   0.00012   17.7   0.0   1   1   3.3e-06   0.00014   17.5   0.0    59   203    80   221    29   270 0.80 -
scaffold255:124337-126211 -            625 2048at147550         -           1126   0.00016   17.3   0.4   1   3   0.00026     0.011   11.2   0.1   818   902   249   326   233   345 0.82 -
scaffold255:124337-126211 -            625 2048at147550         -           1126   0.00016   17.3   0.4   2   3     0.064       2.6    3.3   0.0   821   852   399   429   386   434 0.83 -
scaffold255:124337-126211 -            625 2048at147550         -           1126   0.00016   17.3   0.4   3   3       3.8   1.6e+02   -2.6   0.0   837   857   483   507   474   510 0.76 -
scaffold255:217267-219187 -            558 2048at147550         -           1126   0.00017   17.2   0.0   1   1   5.8e-06   0.00024   16.7   0.0   102   210   149   264   122   270 0.70 -
scaffold440:10778-12017   -            388 2048at147550         -           1126   0.00018   17.1   0.1   1   2    0.0012      0.05    9.0   0.0   879   991   112   217   103   221 0.87 -
scaffold440:10778-12017   -            388 2048at147550         -           1126   0.00018   17.1   0.1   2   2      0.01      0.42    5.9   0.0   823   853   289   319   275   326 0.86 -
scaffold151:81253-83485   -            725 2048at147550         -           1126   0.00019   17.0   0.0   1   1   6.2e-06   0.00025   16.6   0.0   108   258   264   422   199   439 0.68 -
scaffold267:80340-82571   -            744 2048at147550         -           1126   0.00022   16.8   0.0   1   1   7.2e-06    0.0003   16.4   0.0    83   162    74   155    67   168 0.80 -
scaffold14:182929-186459  -           1084 2048at147550         -           1126    0.0003   16.3   0.0   1   1   9.8e-06   0.00041   15.9   0.0    61   149    84   173    48   275 0.86 -
scaffold848:10283-11353   -            357 2048at147550         -           1126    0.0003   16.3   2.6   1   2   0.00015    0.0062   12.0   0.5   812   897    53   136    44   138 0.79 -
scaffold848:10283-11353   -            357 2048at147550         -           1126    0.0003   16.3   2.6   2   2       2.7   1.1e+02   -2.1   0.0   839   893   176   221   152   230 0.52 -
scaffold580:59467-63178   -           1199 2048at147550         -           1126   0.00034   16.1   0.0   1   1   1.2e-05   0.00049   15.7   0.0    98   149   375   427   314   442 0.76 -
scaffold67:41310-44753    -           1018 2048at147550         -           1126   0.00035   16.1   0.1   1   3       1.5        64   -1.3   0.0   965   992    26    53    11    59 0.69 -
scaffold67:41310-44753    -           1018 2048at147550         -           1126   0.00035   16.1   0.1   2   3       2.2        91   -1.8   0.0  1085  1102   144   161    73   164 0.66 -
scaffold67:41310-44753    -           1018 2048at147550         -           1126   0.00035   16.1   0.1   3   3   6.2e-05    0.0026   13.3   0.0   786   852   182   249   179   275 0.88 -
scaffold343:218272-221419 -           1005 2048at147550         -           1126   0.00036   16.1   0.7   1   3    0.0044      0.18    7.1   0.0   829   900    13    88     2    92 0.75 -
scaffold343:218272-221419 -           1005 2048at147550         -           1126   0.00036   16.1   0.7   2   3      0.26        11    1.3   0.0   794   867    95   165    89   167 0.84 -
scaffold343:218272-221419 -           1005 2048at147550         -           1126   0.00036   16.1   0.7   3   3    0.0085      0.35    6.2   0.1   815   853   155   193   141   206 0.82 -
scaffold12:96866-97828    -            277 2048at147550         -           1126   0.00039   16.0   0.0   1   1   9.5e-06   0.00039   16.0   0.0    46   154    47   154    21   262 0.78 -
scaffold205:104126-107053 -            929 2048at147550         -           1126    0.0004   15.9   0.0   1   1   1.4e-05   0.00059   15.4   0.0    64   155   139   233   121   250 0.83 -
scaffold663:21837-23802   -            626 2048at147550         -           1126   0.00041   15.9   1.7   1   3    0.0075      0.31    6.4   1.2   808   990   284   448   275   458 0.65 -
scaffold663:21837-23802   -            626 2048at147550         -           1126   0.00041   15.9   1.7   2   3       5.2   2.1e+02   -3.0   0.0  1086  1102   529   545   522   549 0.71 -
scaffold663:21837-23802   -            626 2048at147550         -           1126   0.00041   15.9   1.7   3   3     0.011      0.45    5.8   0.0   806   851   580   624   570   626 0.86 -
scaffold255:80910-83161   -            706 2048at147550         -           1126   0.00047   15.7   2.6   1   4       4.3   1.8e+02   -2.8   0.0   256   289    55    86    51    92 0.83 -
scaffold255:80910-83161   -            706 2048at147550         -           1126   0.00047   15.7   2.6   2   4      0.66        27   -0.1   0.0   816   852   315   353   310   375 0.81 -
scaffold255:80910-83161   -            706 2048at147550         -           1126   0.00047   15.7   2.6   3   4     0.004      0.17    7.3   0.1   816   856   430   470   416   501 0.81 -
scaffold255:80910-83161   -            706 2048at147550         -           1126   0.00047   15.7   2.6   4   4    0.0092      0.38    6.1   0.1   806   902   505   596   485   604 0.72 -
scaffold265:74878-78595   -            799 2048at147550         -           1126   0.00057   15.4   0.2   1   2       2.6   1.1e+02   -2.0   0.0   821   862    64   106    32   140 0.65 -
scaffold265:74878-78595   -            799 2048at147550         -           1126   0.00057   15.4   0.2   2   2   4.5e-05    0.0018   13.7   0.1   822   876   321   378   311   382 0.86 -
scaffold7:12925-21541     -           1294 2048at147550         -           1126   0.00076   15.0   0.0   1   1   3.6e-05    0.0015   14.0   0.0   107   210   999  1101   953  1112 0.87 -
scaffold39:57898-58915    -            313 2048at147550         -           1126   0.00095   14.7   0.1   1   3     0.028       1.1    4.5   0.0   811   852    94   136    80   143 0.81 -
scaffold39:57898-58915    -            313 2048at147550         -           1126   0.00095   14.7   0.1   2   3    0.0082      0.34    6.2   0.0   806   853   131   178   122   181 0.93 -
scaffold39:57898-58915    -            313 2048at147550         -           1126   0.00095   14.7   0.1   3   3    0.0081      0.33    6.3   0.0   805   853   171   220   161   233 0.82 -
scaffold723:1598-4489     -            918 2048at147550         -           1126    0.0011   14.5   0.0   1   1   3.3e-05    0.0014   14.2   0.0    63   149   102   189    86   297 0.87 -
scaffold121:118845-120433 -            505 2048at147550         -           1126    0.0011   14.5   0.0   1   1   3.5e-05    0.0014   14.1   0.0   104   260   325   488   302   495 0.78 -
scaffold126:273839-274687 -            283 2048at147550         -           1126    0.0011   14.5   0.0   1   1     3e-05    0.0012   14.3   0.0    65   139    60   135    44   198 0.79 -
scaffold163:92278-94186   -            607 2048at147550         -           1126    0.0013   14.2   3.6   1   3       0.2       8.2    1.7   0.0   819   853    54    88    46   158 0.74 -
scaffold163:92278-94186   -            607 2048at147550         -           1126    0.0013   14.2   3.6   2   3   0.00052     0.021   10.2   0.2   821   858   231   268   219   306 0.87 -
scaffold163:92278-94186   -            607 2048at147550         -           1126    0.0013   14.2   3.6   3   3      0.39        16    0.7   0.1   810   853   562   604   488   607 0.86 -
scaffold244:5579-8162     -            839 2048at147550         -           1126    0.0014   14.2   0.3   1   3         1        42   -0.7   0.1   838   858   477   497   470   510 0.71 -
scaffold244:5579-8162     -            839 2048at147550         -           1126    0.0014   14.2   0.3   2   3         1        42   -0.7   0.0   832   852   529   549   525   554 0.90 -
scaffold244:5579-8162     -            839 2048at147550         -           1126    0.0014   14.2   0.3   3   3   0.00048      0.02   10.3   0.0   818   898   759   836   747   838 0.92 -
scaffold73:38112-39384    -            401 2048at147550         -           1126    0.0018   13.8   0.0   1   1   5.5e-05    0.0023   13.4   0.0   110   151   238   279   192   290 0.84 -
scaffold842:15351-17150   -            600 2048at147550         -           1126    0.0018   13.7   0.1   1   2     0.017      0.69    5.2   0.0   834   879   239   286   218   333 0.62 -
scaffold842:15351-17150   -            600 2048at147550         -           1126    0.0018   13.7   0.1   2   2    0.0079      0.33    6.3   0.0   831   899   338   404   321   408 0.79 -
scaffold250:114896-117332 -            718 2048at147550         -           1126    0.0019   13.7   0.3   1   2    0.0018     0.074    8.4   0.1   814   851    54    91    37    97 0.90 -
scaffold250:114896-117332 -            718 2048at147550         -           1126    0.0019   13.7   0.3   2   2     0.066       2.7    3.2   0.0   826   903   124   194   110   218 0.66 -
scaffold28:170917-172763  -            570 2048at147550         -           1126    0.0023   13.4   0.1   1   2    0.0061      0.25    6.7   0.1   837   899   341   397   322   405 0.74 -
scaffold28:170917-172763  -            570 2048at147550         -           1126    0.0023   13.4   0.1   2   2     0.026       1.1    4.6   0.0   810   853   468   512   444   522 0.78 -
scaffold473:94265-95111   -            265 2048at147550         -           1126    0.0025   13.3   0.0   1   1   8.6e-05    0.0036   12.8   0.0   113   258   122   264    71   265 0.71 -
scaffold252:38601-40728   -            690 2048at147550         -           1126    0.0025   13.3   0.0   1   1   8.7e-05    0.0036   12.8   0.0   125   253   147   269   143   281 0.79 -
scaffold269:77507-78087   -            176 2048at147550         -           1126    0.0027   13.2   0.0   1   1     8e-05    0.0033   12.9   0.0   100   161    40   100    19   106 0.89 -
scaffold33:10801-13583    -            883 2048at147550         -           1126    0.0027   13.2  13.7   1   6     0.048         2    3.7   0.0   814   851    97   134    89   146 0.73 -
scaffold33:10801-13583    -            883 2048at147550         -           1126    0.0027   13.2  13.7   2   6       1.2        50   -1.0   0.1   840   864   199   216   192   275 0.63 -
scaffold33:10801-13583    -            883 2048at147550         -           1126    0.0027   13.2  13.7   3   6       1.1        44   -0.7   0.1   837   898   279   336   273   343 0.69 -
scaffold33:10801-13583    -            883 2048at147550         -           1126    0.0027   13.2  13.7   4   6         1        43   -0.7   0.1  1071  1109   418   456   387   470 0.75 -
scaffold33:10801-13583    -            883 2048at147550         -           1126    0.0027   13.2  13.7   5   6    0.0017     0.072    8.5   0.0   837   903   496   560   489   600 0.62 -
scaffold33:10801-13583    -            883 2048at147550         -           1126    0.0027   13.2  13.7   6   6     0.038       1.6    4.0   0.3   835   898   647   703   602   713 0.63 -
scaffold377:5691-7553     -            580 2048at147550         -           1126    0.0028   13.1   0.3   1   2      0.12       4.9    2.4   0.1   970   999   322   351   299   365 0.81 -
scaffold377:5691-7553     -            580 2048at147550         -           1126    0.0028   13.1   0.3   2   2    0.0017      0.07    8.5   0.0   795   851   497   554   482   559 0.86 -
scaffold71:271898-273020  -            351 2048at147550         -           1126    0.0034   12.8   0.0   1   2    0.0016     0.065    8.6   0.0   806   849    82   125    68   130 0.84 -
scaffold71:271898-273020  -            351 2048at147550         -           1126    0.0034   12.8   0.0   2   2      0.15         6    2.1   0.0   825   856   256   288   250   313 0.74 -
scaffold261:104721-106032 -            412 2048at147550         -           1126    0.0039   12.7   0.0   1   1   0.00012    0.0048   12.4   0.0    65   205    78   218    43   280 0.66 -
scaffold809:4998-5553     -            166 2048at147550         -           1126    0.0063   12.0   0.0   1   1   0.00018    0.0073   11.8   0.0    99   161    35    96    15   110 0.89 -
scaffold428:17190-18919   -            519 2048at147550         -           1126    0.0064   12.0   0.0   1   1   0.00021    0.0086   11.5   0.0   119   212   181   265   129   279 0.79 -
scaffold211:18191-19531   -            413 2048at147550         -           1126    0.0064   12.0   0.0   1   2   0.00036     0.015   10.8   0.0   106   206   180   275   104   295 0.75 -
scaffold211:18191-19531   -            413 2048at147550         -           1126    0.0064   12.0   0.0   2   2       5.6   2.3e+02   -3.2   0.0   239   261   339   361   338   367 0.86 -
scaffold91:236420-239677  -           1003 2048at147550         -           1126    0.0075   11.7   3.5   1   3       1.9        78   -1.6   0.1   834   854   635   655   618   690 0.72 -
scaffold91:236420-239677  -           1003 2048at147550         -           1126    0.0075   11.7   3.5   2   3     0.085       3.5    2.9   0.0  1088  1116   679   707   671   715 0.68 -
scaffold91:236420-239677  -           1003 2048at147550         -           1126    0.0075   11.7   3.5   3   3    0.0017     0.069    8.5   0.3   833  1058   732   956   723   970 0.70 -
scaffold69:149100-151551  -            781 2048at147550         -           1126    0.0079   11.6   0.0   1   1   0.00027     0.011   11.1   0.0    77   154   252   330   243   344 0.76 -
scaffold50:513257-518764  -           1074 2048at147550         -           1126    0.0095   11.4   0.2   1   2       0.9        37   -0.5   0.0   822   851    58    87    47    94 0.88 -
scaffold50:513257-518764  -           1074 2048at147550         -           1126    0.0095   11.4   0.2   2   2   0.00078     0.032    9.6   0.2   814   853    94   133    76   139 0.84 -
scaffold237:245243-245845 -            201 2048at147550         -           1126    0.0095   11.4   0.0   1   2   0.00098     0.041    9.3   0.0   106   149    26    71    16    82 0.80 -
scaffold237:245243-245845 -            201 2048at147550         -           1126    0.0095   11.4   0.0   2   2      0.79        33   -0.3   0.0   237   260   148   171   128   176 0.86 -
scaffold255:107147-112207 -           1576 2048at147550         -           1126     0.011   11.2   0.0   1   2     0.022      0.91    4.8   0.0    90   137   335   382   276   387 0.72 -
scaffold255:107147-112207 -           1576 2048at147550         -           1126     0.011   11.2   0.0   2   2     0.044       1.8    3.8   0.0    97   260   757   930   737   936 0.68 -
scaffold50:198890-201451  -            836 2048at147550         -           1126     0.011   11.1   0.0   1   1   0.00045     0.019   10.4   0.0   817   851   484   518   466   533 0.87 -
scaffold143:178879-181985 -            991 2048at147550         -           1126     0.016   10.7   1.5   1   2      0.02      0.81    5.0   0.1   812   904   537   623   525   629 0.70 -
scaffold143:178879-181985 -            991 2048at147550         -           1126     0.016   10.7   1.5   2   2     0.014      0.57    5.5   0.3   816  1035   626   663   602   679 0.58 -
scaffold501:15617-17502   -            609 2048at147550         -           1126     0.017   10.6   3.0   1   3     0.025         1    4.7   0.4  1014  1043   346   376   338   390 0.82 -
scaffold501:15617-17502   -            609 2048at147550         -           1126     0.017   10.6   3.0   2   3     0.014      0.57    5.5   0.1   812   856   409   453   402   474 0.82 -
scaffold501:15617-17502   -            609 2048at147550         -           1126     0.017   10.6   3.0   3   3       3.4   1.4e+02   -2.4   0.0   822   850   550   578   510   583 0.69 -
scaffold639:46447-48378   -            644 2048at147550         -           1126     0.019   10.4   0.0   1   1   0.00085     0.035    9.5   0.0   801   852    32    84    26   128 0.83 -
scaffold635:38137-38817   -            227 2048at147550         -           1126     0.019   10.4   0.0   1   1   0.00051     0.021   10.2   0.0   106   209    42   165    27   205 0.69 -
scaffold258:65783-68691   -            895 2048at147550         -           1126     0.023   10.1   0.0   1   1   0.00081     0.034    9.6   0.0    89   215   421   543   362   548 0.77 -
scaffold213:2678-3649     -            262 2048at147550         -           1126     0.027    9.9   0.1   1   1     0.001     0.042    9.2   0.1    73   150    73   149     2   157 0.61 -
scaffold250:153608-155285 -            538 2048at147550         -           1126      0.03    9.7   0.0   1   1   0.00096      0.04    9.3   0.0    90   150   104   164    56   177 0.80 -
scaffold250:257677-258663 -            329 2048at147550         -           1126      0.03    9.7   0.0   1   1    0.0011     0.044    9.2   0.0   113   150   117   154    93   161 0.81 -
scaffold463:53867-59161   -           1731 2048at147550         -           1126     0.033    9.6   0.0   1   1    0.0012      0.05    9.0   0.0   109   230  1556  1680  1545  1695 0.73 -
scaffold27:121248-124531  -            726 2048at147550         -           1126     0.034    9.5   0.1   1   2    0.0033      0.13    7.6   0.0   110   155   377   422   292   472 0.74 -
scaffold27:121248-124531  -            726 2048at147550         -           1126     0.034    9.5   0.1   2   2      0.97        40   -0.6   0.0   234   260   579   605   573   613 0.83 -
scaffold29:2161-4286      -            688 2048at147550         -           1126     0.036    9.5   0.0   1   1    0.0012      0.05    9.0   0.0   831   902   364   436   348   445 0.84 -
scaffold41:176902-179771  -            924 2048at147550         -           1126     0.042    9.2   0.0   1   1    0.0014     0.059    8.7   0.0    91   199   137   241   111   250 0.69 -
scaffold125:25713-27656   -            648 2048at147550         -           1126     0.044    9.2   0.0   1   1    0.0016     0.068    8.6   0.0   968  1036   208   275   192   282 0.78 -
scaffold121:97085-99214   -            638 2048at147550         -           1126     0.045    9.1   0.0   1   1    0.0018     0.073    8.4   0.0    99   150   191   241   131   256 0.86 -
scaffold10:24122-25868    -            542 2048at147550         -           1126     0.052    8.9   0.0   1   1    0.0019     0.078    8.4   0.0   796   860   257   322   247   386 0.79 -
scaffold121:52252-53721   -            490 2048at147550         -           1126     0.053    8.9   0.6   1   2     0.077       3.2    3.0   0.0   819   854   301   337   293   374 0.85 -
scaffold121:52252-53721   -            490 2048at147550         -           1126     0.053    8.9   0.6   2   2      0.04       1.7    3.9   0.2   805   853   379   432   371   443 0.78 -
scaffold528:88245-89801   -            490 2048at147550         -           1126     0.054    8.9   0.1   1   2      0.38        16    0.7   0.0   821   854   216   249   149   257 0.90 -
scaffold528:88245-89801   -            490 2048at147550         -           1126     0.054    8.9   0.1   2   2     0.012      0.48    5.7   0.0   816   853   379   417   364   425 0.76 -
scaffold213:23242-26827   -           1149 2048at147550         -           1126      0.06    8.7   0.0   1   1    0.0021     0.087    8.2   0.0    65   151   957  1047   922  1056 0.80 -
scaffold585:41899-53073   -            857 2048at147550         -           1126      0.08    8.3   0.0   1   1    0.0028      0.12    7.8   0.0  1072  1106   377   412   320   423 0.86 -
scaffold71:251585-253878  -            652 2048at147550         -           1126      0.16    7.3   2.7   1   4      0.24        10    1.4   0.0   812   854   345   385   317   394 0.67 -
scaffold71:251585-253878  -            652 2048at147550         -           1126      0.16    7.3   2.7   2   4      0.59        24    0.1   0.0  1084  1104   442   462   427   478 0.81 -
scaffold71:251585-253878  -            652 2048at147550         -           1126      0.16    7.3   2.7   3   4      0.69        28   -0.1   0.0   976   992   511   527   497   539 0.83 -
scaffold71:251585-253878  -            652 2048at147550         -           1126      0.16    7.3   2.7   4   4       0.2       8.4    1.6   0.2   814   852   529   565   520   571 0.75 -
#
# Program:         hmmsearch
# Version:         3.1b2 (February 2015)
# Pipeline mode:   SEARCH
# Query file:      /pickett_shared/projects/lwy647/discula_draft_assembly/busco_downloads/lineages/sordariomycetes_odb10/hmms/2048at147550.hmm
# Target file:     /pickett_shared/projects/lwy647/discula_draft_assembly/discula70_53.scafSeq.BUSCO/run_sordariomycetes_odb10/metaeuk_output/initial_results/discula70_53.scafSeq.modified.fas
# Option settings: hmmsearch --domtblout /pickett_shared/projects/lwy647/discula_draft_assembly/discula70_53.scafSeq.BUSCO/run_sordariomycetes_odb10/hmmer_output/initial_run_results/2048at147550.out --cpu 1 /pickett_shared/projects/lwy647/discula_draft_assembly/busco_downloads/lineages/sordariomycetes_odb10/hmms/2048at147550.hmm /pickett_shared/projects/lwy647/discula_draft_assembly/discula70_53.scafSeq.BUSCO/run_sordariomycetes_odb10/metaeuk_output/initial_results/discula70_53.scafSeq.modified.fas 
# Current dir:     /pickett_shared/projects/lwy647/discula_draft_assembly
# Date:            Thu Aug 31 18:11:46 2023
# [ok]
