#                                                                                 --- full sequence --- -------------- this domain -------------   hmm coord   ali coord   env coord
# target name             accession   tlen query name           accession   qlen   E-value  score  bias   #  of  c-Evalue  i-Evalue  score  bias  from    to  from    to  from    to  acc description of target
#     ------------------- ---------- ----- -------------------- ---------- ----- --------- ------ ----- --- --- --------- --------- ------ ----- ----- ----- ----- ----- ----- ----- ---- ---------------------
scaffold244:5579-8162     -            839 20863at147550        -            506  7.8e-261  863.9  46.4   1   6   2.3e-43   1.5e-41  140.5   1.8     1    74     4    77     4    88 0.95 -
scaffold244:5579-8162     -            839 20863at147550        -            506  7.8e-261  863.9  46.4   2   6   4.1e-20   2.7e-18   63.8   0.1    79   124   137   182   128   211 0.82 -
scaffold244:5579-8162     -            839 20863at147550        -            506  7.8e-261  863.9  46.4   3   6   3.8e-07   2.5e-05   21.0   0.3   112   143   315   347   308   362 0.75 -
scaffold244:5579-8162     -            839 20863at147550        -            506  7.8e-261  863.9  46.4   4   6  5.5e-131  3.6e-129  429.6  14.1   143   397   375   684   361   692 0.90 -
scaffold244:5579-8162     -            839 20863at147550        -            506  7.8e-261  863.9  46.4   5   6     6e-15   3.9e-13   46.8   0.1   392   424   704   736   693   746 0.89 -
scaffold244:5579-8162     -            839 20863at147550        -            506  7.8e-261  863.9  46.4   6   6   3.2e-54   2.1e-52  176.3   0.8   420   506   753   839   738   839 0.97 -
scaffold679:35697-36815   -            373 20863at147550        -            506   5.5e-31  105.6  12.2   1   6   1.5e-08   9.5e-07   25.7   0.3   428   504     6    78     2    78 0.92 -
scaffold679:35697-36815   -            373 20863at147550        -            506   5.5e-31  105.6  12.2   2   6   0.00013    0.0086   12.6   0.0   401   459    63   121    52   126 0.89 -
scaffold679:35697-36815   -            373 20863at147550        -            506   5.5e-31  105.6  12.2   3   6   9.5e-05    0.0062   13.1   0.0   429   464   133   168   124   179 0.88 -
scaffold679:35697-36815   -            373 20863at147550        -            506   5.5e-31  105.6  12.2   4   6     2e-08   1.3e-06   25.2   0.1   401   495   188   280   182   281 0.87 -
scaffold679:35697-36815   -            373 20863at147550        -            506   5.5e-31  105.6  12.2   5   6   3.1e-11     2e-09   34.5   0.4   406   503   235   330   235   332 0.90 -
scaffold679:35697-36815   -            373 20863at147550        -            506   5.5e-31  105.6  12.2   6   6   5.3e-11   3.5e-09   33.7   0.8   405   503   278   372   276   373 0.95 -
scaffold721:13595-16468   -            958 20863at147550        -            506   3.5e-25   86.5  10.3   1   6   2.2e-05    0.0015   15.2   0.0   391   469    65   144    43   157 0.88 -
scaffold721:13595-16468   -            958 20863at147550        -            506   3.5e-25   86.5  10.3   2   6   0.00015      0.01   12.4   0.0   400   463   179   243   163   253 0.87 -
scaffold721:13595-16468   -            958 20863at147550        -            506   3.5e-25   86.5  10.3   3   6   0.00042     0.028   11.0   0.1   429   468   425   463   414   473 0.87 -
scaffold721:13595-16468   -            958 20863at147550        -            506   3.5e-25   86.5  10.3   4   6   1.4e-07     9e-06   22.5   0.1   402   504   479   592   465   594 0.81 -
scaffold721:13595-16468   -            958 20863at147550        -            506   3.5e-25   86.5  10.3   5   6   0.00084     0.055   10.0   0.0   410   473   586   649   584   656 0.93 -
scaffold721:13595-16468   -            958 20863at147550        -            506   3.5e-25   86.5  10.3   6   6   2.1e-06   0.00014   18.6   0.2   404   459   669   724   657   738 0.90 -
scaffold679:36393-37040   -            216 20863at147550        -            506   1.4e-21   74.7   6.1   1   4   5.2e-09   3.4e-07   27.2   0.1   405   459     2    58     1    61 0.89 -
scaffold679:36393-37040   -            216 20863at147550        -            506   1.4e-21   74.7   6.1   2   4   6.7e-09   4.4e-07   26.8   0.1   405   473    46   114    44   115 0.92 -
scaffold679:36393-37040   -            216 20863at147550        -            506   1.4e-21   74.7   6.1   3   4     7e-06   0.00046   16.8   0.1   423   461   106   144   101   149 0.88 -
scaffold679:36393-37040   -            216 20863at147550        -            506   1.4e-21   74.7   6.1   4   4   3.9e-09   2.6e-07   27.6   0.5   404   472   129   197   127   216 0.90 -
scaffold8:77148-79251     -            607 20863at147550        -            506   3.1e-19   66.9   8.3   1   4       2.9   1.9e+02   -1.7   0.0    77   112    76   112    29   117 0.60 -
scaffold8:77148-79251     -            607 20863at147550        -            506   3.1e-19   66.9   8.3   2   4   2.3e-11   1.5e-09   35.0   1.2   326   504   297   461   285   463 0.82 -
scaffold8:77148-79251     -            607 20863at147550        -            506   3.1e-19   66.9   8.3   3   4   3.7e-05    0.0024   14.5   0.1   430   462   477   509   475   551 0.68 -
scaffold8:77148-79251     -            607 20863at147550        -            506   3.1e-19   66.9   8.3   4   4   1.5e-06   9.7e-05   19.1   0.0   404   461   548   605   538   607 0.94 -
scaffold299:50012-51394   -            438 20863at147550        -            506   8.9e-19   65.4   2.1   1   4    0.0051      0.33    7.4   0.0   236   297   118   173   113   184 0.66 -
scaffold299:50012-51394   -            438 20863at147550        -            506   8.9e-19   65.4   2.1   2   4   1.7e-05    0.0011   15.6   0.1   230   300   156   227   148   228 0.89 -
scaffold299:50012-51394   -            438 20863at147550        -            506   8.9e-19   65.4   2.1   3   4   1.4e-10   8.9e-09   32.4   0.1   396   479   204   284   190   297 0.85 -
scaffold299:50012-51394   -            438 20863at147550        -            506   8.9e-19   65.4   2.1   4   4   1.1e-07   7.5e-06   22.7   0.0   403   469   318   384   293   418 0.83 -
scaffold91:236420-239677  -           1003 20863at147550        -            506   1.1e-18   65.0   2.4   1   3   6.7e-08   4.4e-06   23.5   0.0   403   472   638   705   635   717 0.91 -
scaffold91:236420-239677  -           1003 20863at147550        -            506   1.1e-18   65.0   2.4   2   3   9.3e-12   6.1e-10   36.2   1.2   260   500   704   925   703   929 0.76 -
scaffold91:236420-239677  -           1003 20863at147550        -            506   1.1e-18   65.0   2.4   3   3    0.0016       0.1    9.1   0.0   418   470   891   940   890   945 0.88 -
scaffold33:10801-13583    -            883 20863at147550        -            506   1.8e-16   57.8  15.3   1   6     0.042       2.7    4.4   0.0   277   298   113   134    58   146 0.65 -
scaffold33:10801-13583    -            883 20863at147550        -            506   1.8e-16   57.8  15.3   2   6     0.014      0.89    6.0   0.1   446   479   197   231   189   238 0.79 -
scaffold33:10801-13583    -            883 20863at147550        -            506   1.8e-16   57.8  15.3   3   6      0.25        16    1.8   0.0   403   495   238   328   224   338 0.56 -
scaffold33:10801-13583    -            883 20863at147550        -            506   1.8e-16   57.8  15.3   4   6     0.012      0.81    6.1   0.0   233   302   433   514   429   527 0.74 -
scaffold33:10801-13583    -            883 20863at147550        -            506   1.8e-16   57.8  15.3   5   6   2.6e-08   1.7e-06   24.9   0.3   175   300   495   615   491   621 0.79 -
scaffold33:10801-13583    -            883 20863at147550        -            506   1.8e-16   57.8  15.3   6   6   2.2e-07   1.4e-05   21.8   0.7   203   298   622   705   615   729 0.76 -
scaffold290:53613-55254   -            520 20863at147550        -            506   7.2e-16   55.8  11.1   1   5   0.00014     0.009   12.6   0.1   404   459   163   218   151   225 0.81 -
scaffold290:53613-55254   -            520 20863at147550        -            506   7.2e-16   55.8  11.1   2   5     0.023       1.5    5.2   0.2   241   311   211   280   209   285 0.73 -
scaffold290:53613-55254   -            520 20863at147550        -            506   7.2e-16   55.8  11.1   3   5     4e-05    0.0026   14.4   0.7   406   473   256   324   250   334 0.90 -
scaffold290:53613-55254   -            520 20863at147550        -            506   7.2e-16   55.8  11.1   4   5     1e-08   6.5e-07   26.2   0.2   390   504   365   476   357   479 0.85 -
scaffold290:53613-55254   -            520 20863at147550        -            506   7.2e-16   55.8  11.1   5   5     0.018       1.2    5.6   0.0   429   458   489   518   477   520 0.85 -
scaffold39:57898-58915    -            313 20863at147550        -            506   4.3e-15   53.2   0.3   1   3      0.16        11    2.5   0.0   429   488    19    75     8    85 0.57 -
scaffold39:57898-58915    -            313 20863at147550        -            506   4.3e-15   53.2   0.3   2   3   0.00025     0.016   11.7   0.0   404   466    79   142    73   151 0.85 -
scaffold39:57898-58915    -            313 20863at147550        -            506   4.3e-15   53.2   0.3   3   3     1e-11   6.7e-10   36.1   0.0   396   505   155   268   147   269 0.85 -
scaffold226:67411-68872   -            447 20863at147550        -            506   4.4e-15   53.2   2.7   1   4       6.1     4e+02   -2.8   0.0    56    85    35    64    28    95 0.65 -
scaffold226:67411-68872   -            447 20863at147550        -            506   4.4e-15   53.2   2.7   2   4    0.0071      0.47    6.9   0.1   236   297   119   174   114   183 0.76 -
scaffold226:67411-68872   -            447 20863at147550        -            506   4.4e-15   53.2   2.7   3   4   3.5e-07   2.3e-05   21.1   0.1   396   460   203   267   188   278 0.89 -
scaffold226:67411-68872   -            447 20863at147550        -            506   4.4e-15   53.2   2.7   4   4   9.6e-08   6.3e-06   23.0   0.0   384   469   300   383   280   395 0.83 -
scaffold126:226891-229130 -            665 20863at147550        -            506   8.2e-14   49.0   7.5   1   3     0.047       3.1    4.2   0.1   235   268   338   370   326   377 0.72 -
scaffold126:226891-229130 -            665 20863at147550        -            506   8.2e-14   49.0   7.5   2   3   4.3e-06   0.00028   17.5   0.1   403   472   377   444   373   450 0.91 -
scaffold126:226891-229130 -            665 20863at147550        -            506   8.2e-14   49.0   7.5   3   3   9.6e-10   6.3e-08   29.6   0.7   404   504   458   550   446   552 0.87 -
scaffold37:114701-116273  -            412 20863at147550        -            506     9e-14   48.9   1.3   1   4      0.24        16    1.9   0.0   235   270    53    92    48   103 0.75 -
scaffold37:114701-116273  -            412 20863at147550        -            506     9e-14   48.9   1.3   2   4     2e-08   1.3e-06   25.3   0.3   405   503   101   198    95   202 0.85 -
scaffold37:114701-116273  -            412 20863at147550        -            506     9e-14   48.9   1.3   3   4     0.004      0.26    7.7   0.0   411   462   268   319   264   326 0.85 -
scaffold37:114701-116273  -            412 20863at147550        -            506     9e-14   48.9   1.3   4   4   2.9e-05    0.0019   14.8   0.0   406   503   305   405   301   408 0.78 -
scaffold255:80910-83161   -            706 20863at147550        -            506   9.4e-14   48.8  10.1   1   4       1.4        95   -0.7   0.0   280   303   334   357   328   374 0.75 -
scaffold255:80910-83161   -            706 20863at147550        -            506   9.4e-14   48.8  10.1   2   4    0.0089      0.58    6.6   0.2   205   268   377   443   369   450 0.80 -
scaffold255:80910-83161   -            706 20863at147550        -            506   9.4e-14   48.8  10.1   3   4    0.0002     0.013   12.0   0.5   235   299   452   510   444   510 0.77 -
scaffold255:80910-83161   -            706 20863at147550        -            506   9.4e-14   48.8  10.1   4   4   3.8e-12   2.5e-10   37.5   0.5   406   504   498   593   494   595 0.93 -
scaffold509:105503-107947 -            796 20863at147550        -            506   1.1e-13   48.6   2.2   1   4     0.055       3.6    4.0   0.0   427   469   456   496   446   513 0.72 -
scaffold509:105503-107947 -            796 20863at147550        -            506   1.1e-13   48.6   2.2   2   4     0.003       0.2    8.2   0.1   369   482   522   642   504   643 0.71 -
scaffold509:105503-107947 -            796 20863at147550        -            506   1.1e-13   48.6   2.2   3   4   3.4e-08   2.3e-06   24.5   0.1   402   473   638   709   624   717 0.92 -
scaffold509:105503-107947 -            796 20863at147550        -            506   1.1e-13   48.6   2.2   4   4   0.00072     0.047   10.2   0.0   396   454   716   773   710   780 0.83 -
scaffold262:5982-8751     -            898 20863at147550        -            506     2e-13   47.7   3.8   1   5      0.37        24    1.3   0.0   419   466    43    90    33   124 0.79 -
scaffold262:5982-8751     -            898 20863at147550        -            506     2e-13   47.7   3.8   2   5      0.17        11    2.4   0.1   429   461   149   181   142   219 0.82 -
scaffold262:5982-8751     -            898 20863at147550        -            506     2e-13   47.7   3.8   3   5   5.1e-07   3.3e-05   20.6   0.1   426   502   339   411   327   415 0.88 -
scaffold262:5982-8751     -            898 20863at147550        -            506     2e-13   47.7   3.8   4   5   8.4e-07   5.5e-05   19.9   0.0   402   468   442   509   431   516 0.90 -
scaffold262:5982-8751     -            898 20863at147550        -            506     2e-13   47.7   3.8   5   5       2.3   1.5e+02   -1.4   0.0   434   465   517   548   506   566 0.79 -
scaffold663:21837-23802   -            626 20863at147550        -            506   9.9e-13   45.4   5.3   1   4   3.1e-07     2e-05   21.3   0.1   402   480   311   383   292   392 0.88 -
scaffold663:21837-23802   -            626 20863at147550        -            506   9.9e-13   45.4   5.3   2   4   5.2e-05    0.0034   14.0   0.2   402   469   391   457   384   463 0.91 -
scaffold663:21837-23802   -            626 20863at147550        -            506   9.9e-13   45.4   5.3   3   4       0.3        20    1.6   0.0   234   267   530   563   521   568 0.69 -
scaffold663:21837-23802   -            626 20863at147550        -            506   9.9e-13   45.4   5.3   4   4    0.0036      0.23    7.9   0.0   404   458   571   623   565   626 0.81 -
scaffold31:53043-54041    -            304 20863at147550        -            506   9.9e-13   45.4   3.3   1   4   1.2e-07   7.5e-06   22.7   0.0   414   504     1    88     1    91 0.82 -
scaffold31:53043-54041    -            304 20863at147550        -            506   9.9e-13   45.4   3.3   2   4    0.0017      0.11    9.0   0.1   430   498   101   166    90   174 0.73 -
scaffold31:53043-54041    -            304 20863at147550        -            506   9.9e-13   45.4   3.3   3   4    0.0018      0.12    8.9   0.0   413   465   173   225   165   230 0.87 -
scaffold31:53043-54041    -            304 20863at147550        -            506   9.9e-13   45.4   3.3   4   4      0.11       7.5    2.9   0.1   430   472   246   288   240   299 0.81 -
scaffold126:47557-48887   -            358 20863at147550        -            506     3e-12   43.8   3.7   1   4      0.14         9    2.7   0.0   132   164    47    79    26    82 0.80 -
scaffold126:47557-48887   -            358 20863at147550        -            506     3e-12   43.8   3.7   2   4   0.00011     0.007   12.9   0.1   429   504    71   142    64   144 0.87 -
scaffold126:47557-48887   -            358 20863at147550        -            506     3e-12   43.8   3.7   3   4     3e-07     2e-05   21.4   0.1   402   467   217   282   203   304 0.85 -
scaffold126:47557-48887   -            358 20863at147550        -            506     3e-12   43.8   3.7   4   4    0.0016       0.1    9.1   0.0   395   453   296   354   282   358 0.83 -
scaffold72:58344-59805    -            468 20863at147550        -            506   4.7e-12   43.2   1.2   1   4   1.7e-08   1.1e-06   25.5   0.0   394   470   164   240   153   247 0.88 -
scaffold72:58344-59805    -            468 20863at147550        -            506   4.7e-12   43.2   1.2   2   4    0.0026      0.17    8.4   0.1   430   481   242   293   236   311 0.76 -
scaffold72:58344-59805    -            468 20863at147550        -            506   4.7e-12   43.2   1.2   3   4     0.026       1.7    5.0   0.1   402   472   298   367   286   389 0.77 -
scaffold72:58344-59805    -            468 20863at147550        -            506   4.7e-12   43.2   1.2   4   4     0.083       5.4    3.4   0.0   413   503   350   443   331   446 0.69 -
scaffold71:251585-253878  -            652 20863at147550        -            506   1.5e-11   41.6   5.1   1   4       9.4   6.2e+02   -3.4   0.1    26    71   180   225   168   237 0.73 -
scaffold71:251585-253878  -            652 20863at147550        -            506   1.5e-11   41.6   5.1   2   4   7.3e-05    0.0048   13.5   0.0   402   462   327   385   304   395 0.85 -
scaffold71:251585-253878  -            652 20863at147550        -            506   1.5e-11   41.6   5.1   3   4    0.0011     0.071    9.6   0.0   429   470   431   470   420   491 0.79 -
scaffold71:251585-253878  -            652 20863at147550        -            506   1.5e-11   41.6   5.1   4   4   1.8e-06   0.00012   18.8   0.1   403   505   510   603   497   604 0.86 -
scaffold351:111404-113017 -            538 20863at147550        -            506   2.2e-11   41.0   1.4   1   3     2e-07   1.3e-05   21.9   0.1   403   470   262   330   242   335 0.88 -
scaffold351:111404-113017 -            538 20863at147550        -            506   2.2e-11   41.0   1.4   2   3   0.00015      0.01   12.4   0.0   405   470   351   417   347   456 0.72 -
scaffold351:111404-113017 -            538 20863at147550        -            506   2.2e-11   41.0   1.4   3   3      0.06         4    3.9   0.1   436   502   473   535   455   538 0.77 -
scaffold639:55577-58163   -            801 20863at147550        -            506   3.4e-11   40.4   8.3   1   4      0.29        19    1.6   0.0   232   441    73   116    47   119 0.57 -
scaffold639:55577-58163   -            801 20863at147550        -            506   3.4e-11   40.4   8.3   2   4    0.0014     0.091    9.3   0.4   401   461    73   136    68   138 0.85 -
scaffold639:55577-58163   -            801 20863at147550        -            506   3.4e-11   40.4   8.3   3   4   7.6e-05    0.0049   13.4   2.1   233   299   119   176   113   198 0.75 -
scaffold639:55577-58163   -            801 20863at147550        -            506   3.4e-11   40.4   8.3   4   4   1.2e-09   8.1e-08   29.2   1.1   342   506   156   306   154   306 0.86 -
scaffold178:63097-64787   -            507 20863at147550        -            506   1.2e-10   38.6   4.9   1   4   3.1e-05     0.002   14.7   0.0   238   308   210   277   193   290 0.83 -
scaffold178:63097-64787   -            507 20863at147550        -            506   1.2e-10   38.6   4.9   2   4   0.00061      0.04   10.4   0.2   406   464   301   359   285   395 0.79 -
scaffold178:63097-64787   -            507 20863at147550        -            506   1.2e-10   38.6   4.9   3   4      0.93        61   -0.1   0.0   282   304   381   401   368   416 0.69 -
scaffold178:63097-64787   -            507 20863at147550        -            506   1.2e-10   38.6   4.9   4   4   0.00013    0.0086   12.6   0.1   448   505   449   502   440   505 0.56 -
scaffold479:74407-77248   -            836 20863at147550        -            506   9.5e-10   35.6   0.0   1   3   7.7e-05     0.005   13.4   0.0   231   274    56    99    39   115 0.85 -
scaffold479:74407-77248   -            836 20863at147550        -            506   9.5e-10   35.6   0.0   2   3     0.033       2.2    4.7   0.0   235   302   102   163    99   171 0.72 -
scaffold479:74407-77248   -            836 20863at147550        -            506   9.5e-10   35.6   0.0   3   3   0.00011    0.0069   13.0   0.0   234   303   190   251   185   261 0.86 -
scaffold237:16750-20683   -           1207 20863at147550        -            506   2.1e-09   34.5   3.8   1   3     0.077       5.1    3.5   0.0   236   268    63    95    56   101 0.67 -
scaffold237:16750-20683   -           1207 20863at147550        -            506   2.1e-09   34.5   3.8   2   3   3.9e-05    0.0025   14.4   0.3   234   309   103   170   100   189 0.81 -
scaffold237:16750-20683   -           1207 20863at147550        -            506   2.1e-09   34.5   3.8   3   3   6.2e-05    0.0041   13.7   0.0   403   469   219   287   194   292 0.83 -
scaffold163:116213-117779 -            499 20863at147550        -            506   2.4e-09   34.3   5.2   1   5   4.8e-05    0.0031   14.1   0.0   426   462    67   104    54   109 0.87 -
scaffold163:116213-117779 -            499 20863at147550        -            506   2.4e-09   34.3   5.2   2   5       3.6   2.3e+02   -2.0   0.0   429   460   129   161   126   169 0.83 -
scaffold163:116213-117779 -            499 20863at147550        -            506   2.4e-09   34.3   5.2   3   5     0.028       1.8    5.0   0.1   284   302   237   255   180   260 0.86 -
scaffold163:116213-117779 -            499 20863at147550        -            506   2.4e-09   34.3   5.2   4   5   9.1e-05     0.006   13.2   0.0   428   460   295   327   287   336 0.88 -
scaffold163:116213-117779 -            499 20863at147550        -            506   2.4e-09   34.3   5.2   5   5      0.82        53    0.1   0.2   226   248   434   455   405   469 0.84 -
scaffold352:81022-82225   -            383 20863at147550        -            506   2.6e-09   34.2   9.2   1   3    0.0024      0.16    8.5   1.3   233   298    82   141    67   152 0.82 -
scaffold352:81022-82225   -            383 20863at147550        -            506   2.6e-09   34.2   9.2   2   3      0.21        14    2.1   0.0   426   461   157   193   151   204 0.70 -
scaffold352:81022-82225   -            383 20863at147550        -            506   2.6e-09   34.2   9.2   3   3   1.2e-08   7.7e-07   26.0   0.2   229   300   270   337   262   342 0.89 -
scaffold69:144016-144591  -            192 20863at147550        -            506     5e-09   33.2   1.1   1   2   1.2e-07   7.8e-06   22.7   0.5   429   505     7    79     2    80 0.91 -
scaffold69:144016-144591  -            192 20863at147550        -            506     5e-09   33.2   1.1   2   2    0.0027      0.17    8.3   0.0   403   450   143   190   122   192 0.71 -
scaffold203:50644-51853   -            335 20863at147550        -            506   8.9e-09   32.4   0.2   1   3   1.2e-05   0.00077   16.1   0.1   234   300    24    82    12    89 0.88 -
scaffold203:50644-51853   -            335 20863at147550        -            506   8.9e-09   32.4   0.2   2   3   9.3e-05    0.0061   13.1   0.0   396   459   153   219   133   230 0.83 -
scaffold203:50644-51853   -            335 20863at147550        -            506   8.9e-09   32.4   0.2   3   3       2.3   1.5e+02   -1.4   0.0   171   188   297   314   253   325 0.64 -
scaffold377:5691-7553     -            580 20863at147550        -            506   3.1e-08   30.6   1.8   1   4       1.7   1.1e+02   -0.9   0.0   450   504   290   340   279   343 0.74 -
scaffold377:5691-7553     -            580 20863at147550        -            506   3.1e-08   30.6   1.8   2   4     0.033       2.2    4.7   0.0   403   459   367   424   349   429 0.85 -
scaffold377:5691-7553     -            580 20863at147550        -            506   3.1e-08   30.6   1.8   3   4   5.4e-05    0.0035   13.9   0.3   402   501   409   506   408   512 0.80 -
scaffold377:5691-7553     -            580 20863at147550        -            506   3.1e-08   30.6   1.8   4   4   0.00039     0.025   11.1   0.0   427   463   522   558   513   564 0.85 -
scaffold284:35441-37282   -            596 20863at147550        -            506   5.1e-08   29.9   1.7   1   4   0.00098     0.064    9.8   0.1   426   461   103   138    90   176 0.79 -
scaffold284:35441-37282   -            596 20863at147550        -            506   5.1e-08   29.9   1.7   2   4    0.0087      0.57    6.6   0.1   232   449   120   167   117   192 0.64 -
scaffold284:35441-37282   -            596 20863at147550        -            506   5.1e-08   29.9   1.7   3   4     1e-05   0.00066   16.3   0.0   400   462   202   265   181   302 0.83 -
scaffold284:35441-37282   -            596 20863at147550        -            506   5.1e-08   29.9   1.7   4   4       1.3        88   -0.6   0.0   428   460   343   375   339   384 0.88 -
scaffold848:10283-11353   -            357 20863at147550        -            506   1.2e-07   28.6   7.5   1   3      0.78        51    0.2   0.2   285   315    18    48    11    56 0.79 -
scaffold848:10283-11353   -            357 20863at147550        -            506   1.2e-07   28.6   7.5   2   3   9.8e-05    0.0064   13.1   0.4   421   504    54   138    48   141 0.82 -
scaffold848:10283-11353   -            357 20863at147550        -            506   1.2e-07   28.6   7.5   3   3   2.5e-06   0.00017   18.3   0.1   389   467   158   236   154   247 0.84 -
scaffold265:74878-78595   -            799 20863at147550        -            506   1.3e-07   28.6   0.3   1   2      0.28        19    1.6   0.0   430   501    65   132    59   136 0.71 -
scaffold265:74878-78595   -            799 20863at147550        -            506   1.3e-07   28.6   0.3   2   2     2e-09   1.3e-07   28.6   0.3   361   504   214   352   153   354 0.84 -
scaffold501:15617-17502   -            609 20863at147550        -            506   1.5e-07   28.4   8.8   1   4       1.7   1.1e+02   -0.9   0.2   479   504   339   364   307   366 0.78 -
scaffold501:15617-17502   -            609 20863at147550        -            506   1.5e-07   28.4   8.8   2   4      0.03         2    4.9   0.1   235   274   435   475   418   482 0.66 -
scaffold501:15617-17502   -            609 20863at147550        -            506   1.5e-07   28.4   8.8   3   4   5.5e-05    0.0036   13.9   0.2   407   463   484   541   478   555 0.82 -
scaffold501:15617-17502   -            609 20863at147550        -            506   1.5e-07   28.4   8.8   4   4   0.00011    0.0071   12.9   0.0   429   463   549   584   543   592 0.84 -
scaffold7:127691-129352   -            554 20863at147550        -            506   1.9e-07   28.0   1.1   1   2   8.5e-07   5.6e-05   19.9   0.5   233   299   166   229   111   248 0.84 -
scaffold7:127691-129352   -            554 20863at147550        -            506   1.9e-07   28.0   1.1   2   2     0.011      0.74    6.3   0.0   407   458   259   310   251   321 0.77 -
scaffold163:92278-94186   -            607 20863at147550        -            506   2.1e-07   27.9  12.5   1   4       1.2        76   -0.4   0.0   282   298    70    86    54    97 0.75 -
scaffold163:92278-94186   -            607 20863at147550        -            506   2.1e-07   27.9  12.5   2   4   1.7e-05    0.0011   15.5   0.2   405   489   205   294   194   307 0.78 -
scaffold163:92278-94186   -            607 20863at147550        -            506   2.1e-07   27.9  12.5   3   4      0.13       8.7    2.7   0.1   413   449   466   506   447   520 0.65 -
scaffold163:92278-94186   -            607 20863at147550        -            506   2.1e-07   27.9  12.5   4   4   5.5e-05    0.0036   13.9   1.5   426   504   526   601   512   603 0.89 -
scaffold190:183806-185430 -            522 20863at147550        -            506   4.8e-07   26.7   0.3   1   3   0.00015    0.0095   12.5   0.0   433   505   225   295   211   296 0.85 -
scaffold190:183806-185430 -            522 20863at147550        -            506   4.8e-07   26.7   0.3   2   3   2.3e-05    0.0015   15.2   0.0   403   468   281   349   269   360 0.89 -
scaffold190:183806-185430 -            522 20863at147550        -            506   4.8e-07   26.7   0.3   3   3      0.68        45    0.4   0.0   284   312   412   440   405   449 0.71 -
scaffold67:41310-44753    -           1018 20863at147550        -            506   2.2e-06   24.5   1.1   1   3      0.14       9.1    2.7   0.1   280   333    32    87    24   132 0.53 -
scaffold67:41310-44753    -           1018 20863at147550        -            506   2.2e-06   24.5   1.1   2   3     0.057       3.7    4.0   0.1   420   501    76   156    69   160 0.76 -
scaffold67:41310-44753    -           1018 20863at147550        -            506   2.2e-06   24.5   1.1   3   3   4.2e-06   0.00028   17.6   0.0   395   473   184   262   167   284 0.89 -
scaffold343:218272-221419 -           1005 20863at147550        -            506   3.7e-06   23.7   2.2   1   4   0.00028     0.019   11.5   0.1   435   504    11    87     6    89 0.77 -
scaffold343:218272-221419 -           1005 20863at147550        -            506   3.7e-06   23.7   2.2   2   4      0.21        14    2.1   0.0   427   504   117   190   109   192 0.71 -
scaffold343:218272-221419 -           1005 20863at147550        -            506   3.7e-06   23.7   2.2   3   4    0.0099      0.65    6.5   0.0   400   453   303   357   291   368 0.75 -
scaffold343:218272-221419 -           1005 20863at147550        -            506   3.7e-06   23.7   2.2   4   4       3.2   2.1e+02   -1.8   0.0   270   307   682   720   667   726 0.81 -
scaffold71:316993-321694  -           1546 20863at147550        -            506   8.9e-06   22.5   0.9   1   2   3.9e-05    0.0025   14.4   0.3   421   503  1104  1189  1100  1192 0.76 -
scaffold71:316993-321694  -           1546 20863at147550        -            506   8.9e-06   22.5   0.9   2   2     0.014       0.9    6.0   0.0   283   326  1417  1460  1382  1473 0.79 -
scaffold143:178879-181985 -            991 20863at147550        -            506   1.1e-05   22.1   7.8   1   3     0.033       2.2    4.7   0.2   345   424   167   244    73   264 0.89 -
scaffold143:178879-181985 -            991 20863at147550        -            506   1.1e-05   22.1   7.8   2   3    0.0086      0.56    6.7   0.1   173   251   274   350   260   361 0.79 -
scaffold143:178879-181985 -            991 20863at147550        -            506   1.1e-05   22.1   7.8   3   3    0.0001    0.0068   13.0   0.4   400   504   559   660   532   662 0.84 -
scaffold50:560692-561832  -            356 20863at147550        -            506   1.5e-05   21.7   0.0   1   2   0.00098     0.064    9.8   0.0   423   470    60   108    27   112 0.77 -
scaffold50:560692-561832  -            356 20863at147550        -            506   1.5e-05   21.7   0.0   2   2     0.001     0.066    9.7   0.0   416   496   218   294   209   301 0.82 -
scaffold842:6306-8594     -            593 20863at147550        -            506   3.2e-05   20.7   0.1   1   2      0.41        27    1.1   0.0   238   300    41    97    35   102 0.70 -
scaffold842:6306-8594     -            593 20863at147550        -            506   3.2e-05   20.7   0.1   2   2     8e-06   0.00053   16.6   0.0   400   463   134   196   120   228 0.88 -
scaffold10:24122-25868    -            542 20863at147550        -            506   4.2e-05   20.3   0.0   1   1   1.1e-06   7.2e-05   19.5   0.0   401   461   255   315   227   349 0.88 -
scaffold55:67073-68598    -            432 20863at147550        -            506   5.5e-05   19.9   0.6   1   1   0.00051     0.033   10.7   0.5   401   463   295   359   197   413 0.56 -
scaffold352:12971-15458   -            438 20863at147550        -            506   9.2e-05   19.1   3.6   1   2    0.0018      0.12    8.9   0.1   440   505   213   278    96   279 0.87 -
scaffold352:12971-15458   -            438 20863at147550        -            506   9.2e-05   19.1   3.6   2   2     0.001     0.068    9.7   0.8   214   259   361   401   310   427 0.49 -
scaffold110:11492-13412   -            541 20863at147550        -            506   0.00011   18.8   0.0   1   1   3.4e-06   0.00022   17.9   0.0   432   504   322   390   305   392 0.86 -
scaffold639:53258-54412   -            385 20863at147550        -            506   0.00017   18.3   0.1   1   2    0.0023      0.15    8.5   0.0   405   464   110   169    88   192 0.84 -
scaffold639:53258-54412   -            385 20863at147550        -            506   0.00017   18.3   0.1   2   2    0.0047      0.31    7.5   0.0   389   459   294   365   289   370 0.77 -
scaffold269:73282-75225   -            582 20863at147550        -            506   0.00026   17.7   0.2   1   4    0.0099      0.65    6.5   0.1   429   501   290   368   283   372 0.84 -
scaffold269:73282-75225   -            582 20863at147550        -            506   0.00026   17.7   0.2   2   4    0.0062      0.41    7.1   0.1   433   498   346   406   340   413 0.83 -
scaffold269:73282-75225   -            582 20863at147550        -            506   0.00026   17.7   0.2   3   4       2.7   1.7e+02   -1.6   0.0   434   467   430   463   425   496 0.76 -
scaffold269:73282-75225   -            582 20863at147550        -            506   0.00026   17.7   0.2   4   4      0.03       1.9    4.9   0.0   397   456   521   581   513   582 0.84 -
scaffold50:198890-201451  -            836 20863at147550        -            506   0.00033   17.3   0.1   1   2     0.015         1    5.8   0.0   430   460   489   519   480   555 0.71 -
scaffold50:198890-201451  -            836 20863at147550        -            506   0.00033   17.3   0.1   2   2    0.0014     0.089    9.3   0.0   404   503   725   834   717   836 0.80 -
scaffold528:88245-89801   -            490 20863at147550        -            506   0.00061   16.4  14.6   1   2     0.021       1.4    5.4   2.0   199   297   102   195    99   197 0.76 -
scaffold528:88245-89801   -            490 20863at147550        -            506   0.00061   16.4  14.6   2   2   4.5e-05    0.0029   14.2   8.8   233   462   181   418   153   482 0.66 -
scaffold94:208851-211790  -            980 20863at147550        -            506   0.00078   16.1  10.5   1   3     0.042       2.8    4.4   0.1   439   468   263   292   255   329 0.61 -
scaffold94:208851-211790  -            980 20863at147550        -            506   0.00078   16.1  10.5   2   3   8.6e-05    0.0057   13.2   0.2   430   505   416   483   407   484 0.73 -
scaffold94:208851-211790  -            980 20863at147550        -            506   0.00078   16.1  10.5   3   3      0.27        18    1.7   1.3   211   251   554   593   484   609 0.59 -
scaffold255:124337-126211 -            625 20863at147550        -            506   0.00095   15.8   0.6   1   3   0.00023     0.015   11.8   0.0   403   472   268   337   258   341 0.85 -
scaffold255:124337-126211 -            625 20863at147550        -            506   0.00095   15.8   0.6   2   3   0.00096     0.063    9.8   0.1   230   349   306   416   291   431 0.70 -
scaffold255:124337-126211 -            625 20863at147550        -            506   0.00095   15.8   0.6   3   3       6.1     4e+02   -2.7   0.0   283   299   484   498   472   506 0.67 -
scaffold66:5930-6604      -            225 20863at147550        -            506    0.0011   15.5   0.1   1   2     0.042       2.8    4.4   0.0   405   499    20   119     9   126 0.69 -
scaffold66:5930-6604      -            225 20863at147550        -            506    0.0011   15.5   0.1   2   2    0.0013     0.088    9.3   0.1   408   460   169   225   111   225 0.82 -
scaffold192:3730-5082     -            451 20863at147550        -            506    0.0014   15.3   9.3   1   3       5.4   3.5e+02   -2.6   0.1   430   457    41    69    37   102 0.67 -
scaffold192:3730-5082     -            451 20863at147550        -            506    0.0014   15.3   9.3   2   3     4e-05    0.0026   14.3   3.0   202   302   194   293   130   307 0.71 -
scaffold192:3730-5082     -            451 20863at147550        -            506    0.0014   15.3   9.3   3   3      0.13       8.5    2.8   0.0   477   504   338   365   313   367 0.85 -
scaffold687:37237-38688   -            465 20863at147550        -            506    0.0014   15.2   0.1   1   2    0.0019      0.12    8.8   0.0   404   463    39    98    28   108 0.88 -
scaffold687:37237-38688   -            465 20863at147550        -            506    0.0014   15.2   0.1   2   2     0.072       4.7    3.6   0.0   173   252   226   304   207   346 0.67 -
scaffold186:17686-18939   -            378 20863at147550        -            506    0.0021   14.7   0.1   1   3   0.00016     0.011   12.4   0.0   345   466    66   174    60   185 0.71 -
scaffold186:17686-18939   -            378 20863at147550        -            506    0.0021   14.7   0.1   2   3       3.5   2.3e+02   -2.0   0.0   342   372   189   220   179   229 0.75 -
scaffold186:17686-18939   -            378 20863at147550        -            506    0.0021   14.7   0.1   3   3       4.4   2.9e+02   -2.3   0.0   483   499   306   322   300   357 0.63 -
scaffold32:6587-9265      -            893 20863at147550        -            506    0.0021   14.6   7.9   1   4      0.02       1.3    5.4   0.0   479   505   106   132    90   160 0.77 -
scaffold32:6587-9265      -            893 20863at147550        -            506    0.0021   14.6   7.9   2   4     0.028       1.8    5.0   0.0   405   462   187   244   179   253 0.71 -
scaffold32:6587-9265      -            893 20863at147550        -            506    0.0021   14.6   7.9   3   4    0.0093      0.61    6.5   0.2   336   498   258   433   250   439 0.68 -
scaffold32:6587-9265      -            893 20863at147550        -            506    0.0021   14.6   7.9   4   4       5.7   3.8e+02   -2.7   0.6   103   129   664   690   659   693 0.87 -
scaffold639:46447-48378   -            644 20863at147550        -            506    0.0033   14.0   0.1   1   2     0.012      0.76    6.2   0.0   421   464   186   236   148   243 0.77 -
scaffold639:46447-48378   -            644 20863at147550        -            506    0.0033   14.0   0.1   2   2     0.049       3.2    4.2   0.0   428   461   542   574   522   578 0.82 -
scaffold250:114896-117332 -            718 20863at147550        -            506    0.0054   13.3   0.5   1   3    0.0049      0.32    7.5   0.1   434   503    17    89     7    92 0.66 -
scaffold250:114896-117332 -            718 20863at147550        -            506    0.0054   13.3   0.5   2   3    0.0017      0.11    9.0   0.3   427   504    59   148    25   150 0.68 -
scaffold250:114896-117332 -            718 20863at147550        -            506    0.0054   13.3   0.5   3   3      0.11       7.4    3.0   0.0   428   505   118   191   102   192 0.73 -
scaffold763:72440-73604   -            333 20863at147550        -            506    0.0092   12.6   0.0   1   1    0.0002     0.013   12.0   0.0   423   504   116   195    95   197 0.87 -
scaffold29:2161-4286      -            688 20863at147550        -            506    0.0095   12.5   0.1   1   2       3.9   2.5e+02   -2.1   0.0   249   300   387   436   371   444 0.60 -
scaffold29:2161-4286      -            688 20863at147550        -            506    0.0095   12.5   0.1   2   2    0.0004     0.026   11.1   0.1   200   312   449   555   402   572 0.76 -
scaffold69:68839-70440    -            491 20863at147550        -            506     0.011   12.3   0.3   1   2    0.0032      0.21    8.1   0.1   430   492   234   293   225   306 0.75 -
scaffold69:68839-70440    -            491 20863at147550        -            506     0.011   12.3   0.3   2   2      0.22        14    2.0   0.0   264   300   363   402   341   430 0.64 -
scaffold302:92474-95184   -            666 20863at147550        -            506     0.012   12.2   1.3   1   3      0.44        29    1.0   0.1   237   266   299   328   267   336 0.71 -
scaffold302:92474-95184   -            666 20863at147550        -            506     0.012   12.2   1.3   2   3      0.41        27    1.1   0.0   433   463   343   376   337   380 0.81 -
scaffold302:92474-95184   -            666 20863at147550        -            506     0.012   12.2   1.3   3   3    0.0081      0.53    6.7   0.0   229   273   542   588   522   626 0.74 -
scaffold50:513257-518764  -           1074 20863at147550        -            506     0.015   11.9   0.1   1   2     0.004      0.26    7.7   0.0   427   504    55   130    42   132 0.77 -
scaffold50:513257-518764  -           1074 20863at147550        -            506     0.015   11.9   0.1   2   2      0.31        21    1.5   0.0   309   377   223   294   198   309 0.75 -
scaffold71:271898-273020  -            351 20863at147550        -            506     0.018   11.6   0.0   1   2     0.016         1    5.8   0.0   412   460    81   128    61   132 0.80 -
scaffold71:271898-273020  -            351 20863at147550        -            506     0.018   11.6   0.0   2   2     0.062       4.1    3.8   0.0   285   490   270   310   150   328 0.71 -
scaffold385:114015-116784 -            902 20863at147550        -            506     0.021   11.4   6.0   1   2    0.0079      0.52    6.8   3.6   337   459   183   298    53   346 0.63 -
scaffold385:114015-116784 -            902 20863at147550        -            506     0.021   11.4   6.0   2   2       2.9   1.9e+02   -1.7   0.0   431   459   422   450   415   495 0.76 -
scaffold40:189031-190566  -            464 20863at147550        -            506     0.026   11.0   1.2   1   4    0.0037      0.24    7.9   0.0   419   463   251   295   217   332 0.82 -
scaffold40:189031-190566  -            464 20863at147550        -            506     0.026   11.0   1.2   2   4         4   2.6e+02   -2.2   0.0   477   504   345   373   311   376 0.79 -
scaffold40:189031-190566  -            464 20863at147550        -            506     0.026   11.0   1.2   3   4       4.2   2.8e+02   -2.2   0.0   476   501   389   414   359   420 0.80 -
scaffold40:189031-190566  -            464 20863at147550        -            506     0.026   11.0   1.2   4   4      0.76        50    0.2   0.1   481   504   436   459   429   461 0.89 -
scaffold410:104282-105569 -            373 20863at147550        -            506      0.06    9.9   0.0   1   4       2.4   1.6e+02   -1.4   0.1   480   503   108   132    72   136 0.56 -
scaffold410:104282-105569 -            373 20863at147550        -            506      0.06    9.9   0.0   2   4         6   3.9e+02   -2.7   0.1   286   308   122   144   116   174 0.60 -
scaffold410:104282-105569 -            373 20863at147550        -            506      0.06    9.9   0.0   3   4   0.00092      0.06    9.9   0.0   402   459   247   307   242   313 0.82 -
scaffold410:104282-105569 -            373 20863at147550        -            506      0.06    9.9   0.0   4   4       8.6   5.6e+02   -3.2   0.4   232   248   352   368   337   370 0.78 -
#
# Program:         hmmsearch
# Version:         3.1b2 (February 2015)
# Pipeline mode:   SEARCH
# Query file:      /pickett_shared/projects/lwy647/discula_draft_assembly/busco_downloads/lineages/sordariomycetes_odb10/hmms/20863at147550.hmm
# Target file:     /pickett_shared/projects/lwy647/discula_draft_assembly/discula70_53.scafSeq.BUSCO/run_sordariomycetes_odb10/metaeuk_output/initial_results/discula70_53.scafSeq.modified.fas
# Option settings: hmmsearch --domtblout /pickett_shared/projects/lwy647/discula_draft_assembly/discula70_53.scafSeq.BUSCO/run_sordariomycetes_odb10/hmmer_output/initial_run_results/20863at147550.out --cpu 1 /pickett_shared/projects/lwy647/discula_draft_assembly/busco_downloads/lineages/sordariomycetes_odb10/hmms/20863at147550.hmm /pickett_shared/projects/lwy647/discula_draft_assembly/discula70_53.scafSeq.BUSCO/run_sordariomycetes_odb10/metaeuk_output/initial_results/discula70_53.scafSeq.modified.fas 
# Current dir:     /pickett_shared/projects/lwy647/discula_draft_assembly
# Date:            Thu Aug 31 18:11:49 2023
# [ok]
