#                                                                               --- full sequence --- -------------- this domain -------------   hmm coord   ali coord   env coord
# target name           accession   tlen query name           accession   qlen   E-value  score  bias   #  of  c-Evalue  i-Evalue  score  bias  from    to  from    to  from    to  acc description of target
#   ------------------- ---------- ----- -------------------- ---------- ----- --------- ------ ----- --- --- --------- --------- ------ ----- ----- ----- ----- ----- ----- ----- ---- ---------------------
scaffold35:68388-71726  -           1113 21167at147550        -            728         0 1144.1  30.9   1   7  2.7e-103  6.1e-100  333.5   0.1     1   211     1   234     1   237 0.90 -
scaffold35:68388-71726  -           1113 21167at147550        -            728         0 1144.1  30.9   2   7   7.8e-27   1.8e-23   80.7   1.2   206   274   262   331   251   335 0.83 -
scaffold35:68388-71726  -           1113 21167at147550        -            728         0 1144.1  30.9   3   7   1.4e-27   3.1e-24   83.2   0.0   255   307   332   384   326   393 0.90 -
scaffold35:68388-71726  -           1113 21167at147550        -            728         0 1144.1  30.9   4   7  1.1e-124  2.5e-121  404.1   0.0   309   506   425   621   415   634 0.97 -
scaffold35:68388-71726  -           1113 21167at147550        -            728         0 1144.1  30.9   5   7     0.022        51   -0.2   0.1   498   521   648   674   639   678 0.79 -
scaffold35:68388-71726  -           1113 21167at147550        -            728         0 1144.1  30.9   6   7   7.6e-36   1.7e-32  110.5   1.9   510   619   685   822   668   842 0.75 -
scaffold35:68388-71726  -           1113 21167at147550        -            728         0 1144.1  30.9   7   7   4.3e-46     1e-42  144.3   2.7   616   709   868   961   851   972 0.89 -
scaffold624:36836-38401 -            436 21167at147550        -            728   6.1e-10   35.9   3.1   1   4     0.067   1.5e+02   -1.8   0.0   213   223    13    23    10    26 0.86 -
scaffold624:36836-38401 -            436 21167at147550        -            728   6.1e-10   35.9   3.1   2   4   3.9e-09   8.9e-06   22.2   0.0   309   363    81   133    73   138 0.89 -
scaffold624:36836-38401 -            436 21167at147550        -            728   6.1e-10   35.9   3.1   3   4   2.2e-06     0.005   13.1   0.0   417   455   163   203   137   216 0.82 -
scaffold624:36836-38401 -            436 21167at147550        -            728   6.1e-10   35.9   3.1   4   4      0.16   3.7e+02   -3.0   0.2   645   665   410   432   408   434 0.73 -
#
# Program:         hmmsearch
# Version:         3.1b2 (February 2015)
# Pipeline mode:   SEARCH
# Query file:      /pickett_shared/projects/lwy647/discula_draft_assembly/busco_downloads/lineages/sordariomycetes_odb10/hmms/21167at147550.hmm
# Target file:     /pickett_shared/projects/lwy647/discula_draft_assembly/discula70_53.scafSeq.BUSCO/run_sordariomycetes_odb10/metaeuk_output/initial_results/discula70_53.scafSeq.modified.fas
# Option settings: hmmsearch --domtblout /pickett_shared/projects/lwy647/discula_draft_assembly/discula70_53.scafSeq.BUSCO/run_sordariomycetes_odb10/hmmer_output/initial_run_results/21167at147550.out --cpu 1 /pickett_shared/projects/lwy647/discula_draft_assembly/busco_downloads/lineages/sordariomycetes_odb10/hmms/21167at147550.hmm /pickett_shared/projects/lwy647/discula_draft_assembly/discula70_53.scafSeq.BUSCO/run_sordariomycetes_odb10/metaeuk_output/initial_results/discula70_53.scafSeq.modified.fas 
# Current dir:     /pickett_shared/projects/lwy647/discula_draft_assembly
# Date:            Thu Aug 31 18:11:50 2023
# [ok]
