#                                                                               --- full sequence --- -------------- this domain -------------   hmm coord   ali coord   env coord
# target name           accession   tlen query name           accession   qlen   E-value  score  bias   #  of  c-Evalue  i-Evalue  score  bias  from    to  from    to  from    to  acc description of target
#   ------------------- ---------- ----- -------------------- ---------- ----- --------- ------ ----- --- --- --------- --------- ------ ----- ----- ----- ----- ----- ----- ----- ---- ---------------------
scaffold216:60361-63103 -            879 22356at147550        -            685    1e-259  861.4  33.5   1   2  1.3e-251  1.5e-248  824.5  25.1     2   628     3   780     2   786 0.85 -
scaffold216:60361-63103 -            879 22356at147550        -            685    1e-259  861.4  33.5   2   2   3.2e-10   3.7e-07   26.7   1.6   601   684   789   879   779   879 0.65 -
scaffold31:53043-54041  -            304 22356at147550        -            685   0.00014   18.1   0.8   1   2   0.00034      0.38    6.8   0.2    64   151    19    90     9   127 0.57 -
scaffold31:53043-54041  -            304 22356at147550        -            685   0.00014   18.1   0.8   2   2   0.00023      0.27    7.3   0.0    24   154   149   279   133   285 0.78 -
scaffold8:77148-79251   -            607 22356at147550        -            685    0.0092   12.2   1.5   1   2   3.2e-05     0.036   10.2   1.0   546   602    32    89    22    93 0.87 -
scaffold8:77148-79251   -            607 22356at147550        -            685    0.0092   12.2   1.5   2   2     0.057        65   -0.6   0.0   133   159   362   389   354   408 0.78 -
scaffold213:61558-62303 -            226 22356at147550        -            685      0.11    8.6   4.3   1   1   0.00013      0.15    8.2   4.3   543   617    63   137    43   146 0.86 -
#
# Program:         hmmsearch
# Version:         3.1b2 (February 2015)
# Pipeline mode:   SEARCH
# Query file:      /pickett_shared/projects/lwy647/discula_draft_assembly/busco_downloads/lineages/sordariomycetes_odb10/hmms/22356at147550.hmm
# Target file:     /pickett_shared/projects/lwy647/discula_draft_assembly/discula70_53.scafSeq.BUSCO/run_sordariomycetes_odb10/metaeuk_output/initial_results/discula70_53.scafSeq.modified.fas
# Option settings: hmmsearch --domtblout /pickett_shared/projects/lwy647/discula_draft_assembly/discula70_53.scafSeq.BUSCO/run_sordariomycetes_odb10/hmmer_output/initial_run_results/22356at147550.out --cpu 1 /pickett_shared/projects/lwy647/discula_draft_assembly/busco_downloads/lineages/sordariomycetes_odb10/hmms/22356at147550.hmm /pickett_shared/projects/lwy647/discula_draft_assembly/discula70_53.scafSeq.BUSCO/run_sordariomycetes_odb10/metaeuk_output/initial_results/discula70_53.scafSeq.modified.fas 
# Current dir:     /pickett_shared/projects/lwy647/discula_draft_assembly
# Date:            Thu Aug 31 18:11:43 2023
# [ok]
