#                                                                                 --- full sequence --- -------------- this domain -------------   hmm coord   ali coord   env coord
# target name             accession   tlen query name           accession   qlen   E-value  score  bias   #  of  c-Evalue  i-Evalue  score  bias  from    to  from    to  from    to  acc description of target
#     ------------------- ---------- ----- -------------------- ---------- ----- --------- ------ ----- --- --- --------- --------- ------ ----- ----- ----- ----- ----- ----- ----- ---- ---------------------
scaffold250:114896-117332 -            718 24586at147550        -            513  2.4e-235  780.1  60.7   1   5  1.3e-120  1.8e-118  394.5   3.3     1   212     1   240     1   261 0.90 -
scaffold250:114896-117332 -            718 24586at147550        -            513  2.4e-235  780.1  60.7   2   5   3.4e-83   4.7e-81  271.0  20.1   202   378   263   464   249   471 0.88 -
scaffold250:114896-117332 -            718 24586at147550        -            513  2.4e-235  780.1  60.7   3   5   2.9e-40     4e-38  129.4   2.3   363   479   468   581   463   594 0.82 -
scaffold250:114896-117332 -            718 24586at147550        -            513  2.4e-235  780.1  60.7   4   5     0.025       3.5    4.2  10.1   443   485   596   646   584   673 0.76 -
scaffold250:114896-117332 -            718 24586at147550        -            513  2.4e-235  780.1  60.7   5   5      0.86   1.2e+02   -0.8   0.7   485   498   669   682   648   718 0.57 -
scaffold343:218272-221419 -           1005 24586at147550        -            513   2.4e-24   83.9   0.7   1   3     5e-19   6.9e-17   59.3   0.2    13   176     6   200     3   220 0.74 -
scaffold343:218272-221419 -           1005 24586at147550        -            513   2.4e-24   83.9   0.7   2   3      0.66        92   -0.5   0.0   264   284   220   240   210   250 0.83 -
scaffold343:218272-221419 -           1005 24586at147550        -            513   2.4e-24   83.9   0.7   3   3     4e-07   5.6e-05   20.0   0.0   386   453   305   374   283   383 0.86 -
scaffold679:35697-36815   -            373 24586at147550        -            513     1e-17   62.0   1.1   1   4     3e-05    0.0041   13.9   0.0   115   169    25    81    11    94 0.83 -
scaffold679:35697-36815   -            373 24586at147550        -            513     1e-17   62.0   1.1   2   4   1.9e-06   0.00026   17.8   0.0    15   174    94   252    82   258 0.84 -
scaffold679:35697-36815   -            373 24586at147550        -            513     1e-17   62.0   1.1   3   4   0.00077      0.11    9.2   0.0    18    62   222   266   214   271 0.85 -
scaffold679:35697-36815   -            373 24586at147550        -            513     1e-17   62.0   1.1   4   4   2.5e-09   3.5e-07   27.3   0.1    15   125   263   372   257   373 0.85 -
scaffold726:47529-48488   -            287 24586at147550        -            513     7e-14   49.4   7.8   1   3   1.9e-08   2.6e-06   24.4   0.0    28    84    10    72     3    78 0.88 -
scaffold726:47529-48488   -            287 24586at147550        -            513     7e-14   49.4   7.8   2   3   1.2e-05    0.0017   15.1   0.8    25   110   159   252   149   254 0.72 -
scaffold726:47529-48488   -            287 24586at147550        -            513     7e-14   49.4   7.8   3   3     0.002      0.28    7.8   0.1    14    50   244   279   239   286 0.83 -
scaffold679:36393-37040   -            216 24586at147550        -            513   2.7e-12   44.2   1.7   1   2      0.25        34    0.9   0.0    30    62     1    34     1    39 0.83 -
scaffold679:36393-37040   -            216 24586at147550        -            513   2.7e-12   44.2   1.7   2   2   3.1e-14   4.3e-12   43.5   1.1    15   179    31   196    20   207 0.85 -
scaffold290:53613-55254   -            520 24586at147550        -            513   3.3e-12   43.9   6.4   1   3   3.9e-07   5.4e-05   20.1   0.0    16    85   149   220   139   225 0.89 -
scaffold290:53613-55254   -            520 24586at147550        -            513   3.3e-12   43.9   6.4   2   3   0.00027     0.038   10.7   1.3    25   126   249   309   232   338 0.55 -
scaffold290:53613-55254   -            520 24586at147550        -            513   3.3e-12   43.9   6.4   3   3   9.7e-05     0.013   12.2   0.1    30   165   378   517   365   519 0.80 -
scaffold55:67073-68598    -            432 24586at147550        -            513   4.2e-10   37.0   2.4   1   2   0.00053     0.073    9.8   0.1    21    67   194   244   185   280 0.83 -
scaffold55:67073-68598    -            432 24586at147550        -            513   4.2e-10   37.0   2.4   2   2   7.9e-09   1.1e-06   25.7   0.5    19    85   287   357   271   419 0.78 -
scaffold8:77148-79251     -            607 24586at147550        -            513   1.6e-09   35.0   0.1   1   3   7.9e-08   1.1e-05   22.4   0.0    16   170   353   509   346   521 0.81 -
scaffold8:77148-79251     -            607 24586at147550        -            513   1.6e-09   35.0   0.1   2   3     8e-07   0.00011   19.1   0.0    13   186   392   580   385   586 0.76 -
scaffold8:77148-79251     -            607 24586at147550        -            513   1.6e-09   35.0   0.1   3   3      0.97   1.3e+02   -1.0   0.0    24    43   585   603   574   606 0.56 -
scaffold265:74878-78595   -            799 24586at147550        -            513   1.3e-08   32.1   1.6   1   3     0.002      0.28    7.8   0.0    15    85    67   138    52   179 0.82 -
scaffold265:74878-78595   -            799 24586at147550        -            513   1.3e-08   32.1   1.6   2   3     0.067       9.3    2.8   0.1     5    67   187   247   183   272 0.75 -
scaffold265:74878-78595   -            799 24586at147550        -            513   1.3e-08   32.1   1.6   3   3   8.2e-07   0.00011   19.0   0.0    17    94   285   364   275   390 0.85 -
scaffold299:50012-51394   -            438 24586at147550        -            513   4.2e-08   30.3   0.3   1   3   3.8e-06   0.00053   16.8   0.1    14    91   102   182    93   246 0.71 -
scaffold299:50012-51394   -            438 24586at147550        -            513   4.2e-08   30.3   0.3   2   3    0.0013      0.18    8.4   0.1    25    83   206   267   187   290 0.73 -
scaffold299:50012-51394   -            438 24586at147550        -            513   4.2e-08   30.3   0.3   3   3     0.095        13    2.3   0.0    16    70   347   401   317   417 0.78 -
scaffold351:111404-113017 -            538 24586at147550        -            513     1e-07   29.1   2.0   1   3   1.3e-05    0.0018   15.1   0.0     6    63   239   296   236   320 0.90 -
scaffold351:111404-113017 -            538 24586at147550        -            513     1e-07   29.1   2.0   2   3    0.0026      0.36    7.5   0.2   125   172   406   454   374   467 0.80 -
scaffold351:111404-113017 -            538 24586at147550        -            513     1e-07   29.1   2.0   3   3     0.022         3    4.4   0.0    12    42   507   537   499   538 0.90 -
scaffold663:21837-23802   -            626 24586at147550        -            513     2e-07   28.2   0.5   1   2   6.9e-08   9.6e-06   22.6   0.2    28   261   311   540   301   555 0.73 -
scaffold663:21837-23802   -            626 24586at147550        -            513     2e-07   28.2   0.5   2   2     0.051       7.1    3.2   0.0    28    82   569   623   559   625 0.86 -
scaffold479:74407-77248   -            836 24586at147550        -            513   2.5e-07   27.8   0.3   1   4     0.083        12    2.5   0.0   115   166    61   114    54   127 0.83 -
scaffold479:74407-77248   -            836 24586at147550        -            513   2.5e-07   27.8   0.3   2   4   0.00058     0.081    9.6   0.0   137   183   128   175   115   181 0.84 -
scaffold479:74407-77248   -            836 24586at147550        -            513   2.5e-07   27.8   0.3   3   4   0.00017     0.024   11.4   0.0     7    85   168   248   163   255 0.85 -
scaffold479:74407-77248   -            836 24586at147550        -            513   2.5e-07   27.8   0.3   4   4      0.13        18    1.9   0.1    62   129   671   737   654   762 0.84 -
scaffold284:35441-37282   -            596 24586at147550        -            513   4.7e-07   26.9   0.6   1   3   3.7e-05    0.0051   13.6   0.4    14   167    66   219    57   229 0.83 -
scaffold284:35441-37282   -            596 24586at147550        -            513   4.7e-07   26.9   0.6   2   3   0.00047     0.065    9.9   0.0    10    82   229   304   221   313 0.84 -
scaffold284:35441-37282   -            596 24586at147550        -            513   4.7e-07   26.9   0.6   3   3      0.84   1.2e+02   -0.8   0.0   142   166   349   373   343   388 0.72 -
scaffold226:67411-68872   -            447 24586at147550        -            513   2.1e-06   24.7   0.1   1   3     0.002      0.28    7.8   0.0     9    90    98   182    91   186 0.82 -
scaffold226:67411-68872   -            447 24586at147550        -            513   2.1e-06   24.7   0.1   2   3     0.064         9    2.9   0.1    26    85   207   268   187   278 0.75 -
scaffold226:67411-68872   -            447 24586at147550        -            513   2.1e-06   24.7   0.1   3   3   0.00045     0.062   10.0   0.0   116   174   320   378   311   438 0.83 -
scaffold39:57898-58915    -            313 24586at147550        -            513   2.6e-06   24.4   0.5   1   4   2.1e-05    0.0029   14.4   0.0    15    82    22    91    12   101 0.87 -
scaffold39:57898-58915    -            313 24586at147550        -            513   2.6e-06   24.4   0.5   2   4       0.4        56    0.3   0.0    65    87   117   139   102   164 0.76 -
scaffold39:57898-58915    -            313 24586at147550        -            513   2.6e-06   24.4   0.5   3   4     0.088        12    2.4   0.0    13    62   147   194   138   217 0.73 -
scaffold39:57898-58915    -            313 24586at147550        -            513   2.6e-06   24.4   0.5   4   4     0.086        12    2.5   0.0    24    67   250   291   241   309 0.77 -
scaffold72:58344-59805    -            468 24586at147550        -            513   7.7e-06   22.9   0.2   1   4   0.00019     0.027   11.2   0.0   133   182   153   202   147   223 0.88 -
scaffold72:58344-59805    -            468 24586at147550        -            513   7.7e-06   22.9   0.2   2   4     0.008       1.1    5.9   0.1     5    64   234   291   230   326 0.78 -
scaffold72:58344-59805    -            468 24586at147550        -            513   7.7e-06   22.9   0.2   3   4      0.36        50    0.4   0.0   112   157   298   345   290   365 0.68 -
scaffold72:58344-59805    -            468 24586at147550        -            513   7.7e-06   22.9   0.2   4   4      0.57        80   -0.3   0.0    13    46   416   448   414   452 0.84 -
scaffold352:77693-80310   -            853 24586at147550        -            513   2.7e-05   21.1   0.0   1   2   1.4e-05    0.0019   15.0   0.0    25   188    20   181    11   213 0.75 -
scaffold352:77693-80310   -            853 24586at147550        -            513   2.7e-05   21.1   0.0   2   2     0.024       3.3    4.3   0.1    84   155   212   284   170   296 0.74 -
scaffold589:3411-4524     -            351 24586at147550        -            513   4.9e-05   20.2   0.2   1   2   7.6e-07   0.00011   19.1   0.1    54   128    92   171    56   177 0.88 -
scaffold589:3411-4524     -            351 24586at147550        -            513   4.9e-05   20.2   0.2   2   2       2.4   3.4e+02   -2.3   0.0   398   399   230   231   200   294 0.54 -
scaffold237:16750-20683   -           1207 24586at147550        -            513   5.7e-05   20.0   6.5   1   4   2.1e-05    0.0029   14.4   0.3    67   168    59   160    26   181 0.68 -
scaffold237:16750-20683   -           1207 24586at147550        -            513   5.7e-05   20.0   6.5   2   4     0.046       6.4    3.4   0.1    54    88   201   238   192   255 0.78 -
scaffold237:16750-20683   -           1207 24586at147550        -            513   5.7e-05   20.0   6.5   3   4      0.71        99   -0.6   0.0    31    79   265   314   246   327 0.62 -
scaffold237:16750-20683   -           1207 24586at147550        -            513   5.7e-05   20.0   6.5   4   4      0.46        64    0.1   0.0   390   427   468   503   423   536 0.66 -
scaffold352:12971-15458   -            438 24586at147550        -            513   0.00015   18.6   0.2   1   2     0.021       2.9    4.5   0.0   143   177   208   242   204   260 0.88 -
scaffold352:12971-15458   -            438 24586at147550        -            513   0.00015   18.6   0.2   2   2   0.00017     0.024   11.4   0.2    15   102   318   418   313   427 0.76 -
scaffold69:144016-144591  -            192 24586at147550        -            513   0.00019   18.3   0.0   1   2     3e-05    0.0042   13.9   0.0   116   172    26    84     4    96 0.66 -
scaffold69:144016-144591  -            192 24586at147550        -            513   0.00019   18.3   0.0   2   2       0.1        14    2.2   0.0    16    58   131   171   125   187 0.63 -
scaffold50:198890-201451  -            836 24586at147550        -            513   0.00047   17.0   0.0   1   2   3.4e-05    0.0047   13.7   0.0    17    73   493   553   483   569 0.76 -
scaffold50:198890-201451  -            836 24586at147550        -            513   0.00047   17.0   0.0   2   2      0.44        60    0.1   0.0   353   410   649   706   636   731 0.76 -
scaffold33:10801-13583    -            883 24586at147550        -            513    0.0013   15.5  17.0   1   6       1.2   1.6e+02   -1.3   0.0    26    42   118   133    94   137 0.55 -
scaffold33:10801-13583    -            883 24586at147550        -            513    0.0013   15.5  17.0   2   6     0.029         4    4.0   0.6    25    82   192   251   182   262 0.74 -
scaffold33:10801-13583    -            883 24586at147550        -            513    0.0013   15.5  17.0   3   6     0.011       1.6    5.4   0.0    30    51   435   456   421   479 0.78 -
scaffold33:10801-13583    -            883 24586at147550        -            513    0.0013   15.5  17.0   4   6      0.21        30    1.2   0.1    30    87   497   561   492   571 0.67 -
scaffold33:10801-13583    -            883 24586at147550        -            513    0.0013   15.5  17.0   5   6    0.0046      0.64    6.7   0.0    13    71   582   640   573   646 0.81 -
scaffold33:10801-13583    -            883 24586at147550        -            513    0.0013   15.5  17.0   6   6     0.012       1.6    5.3   0.6    24    87   644   709   638   724 0.79 -
scaffold126:47557-48887   -            358 24586at147550        -            513    0.0014   15.4   0.2   1   2   0.00016     0.023   11.4   0.1    93   173    64   150    57   181 0.71 -
scaffold126:47557-48887   -            358 24586at147550        -            513    0.0014   15.4   0.2   2   2      0.24        33    1.0   0.0   113   169   218   276   204   283 0.81 -
scaffold203:50644-51853   -            335 24586at147550        -            513    0.0018   15.1   0.1   1   3      0.43        60    0.2   0.0    54    86     6    41     4    46 0.76 -
scaffold203:50644-51853   -            335 24586at147550        -            513    0.0018   15.1   0.1   2   3    0.0058      0.81    6.3   0.0     9    45    47    82    40    87 0.89 -
scaffold203:50644-51853   -            335 24586at147550        -            513    0.0018   15.1   0.1   3   3     0.021       2.9    4.5   0.0   100   131   189   223   143   269 0.87 -
scaffold163:92278-94186   -            607 24586at147550        -            513    0.0019   15.0  14.7   1   3      0.71        99   -0.6   0.0    57   147    57   153    28   173 0.59 -
scaffold163:92278-94186   -            607 24586at147550        -            513    0.0019   15.0  14.7   2   3    0.0017      0.24    8.1   0.4    17   119   192   299   184   349 0.78 -
scaffold163:92278-94186   -            607 24586at147550        -            513    0.0019   15.0  14.7   3   3   8.8e-05     0.012   12.3   3.7    10    83   527   602   516   605 0.88 -
scaffold178:63097-64787   -            507 24586at147550        -            513    0.0054   13.5   0.4   1   3      0.66        92   -0.5   0.0    29    49   255   275   247   308 0.61 -
scaffold178:63097-64787   -            507 24586at147550        -            513    0.0054   13.5   0.4   2   3     0.018       2.5    4.7   0.0   407   445   361   398   341   411 0.76 -
scaffold178:63097-64787   -            507 24586at147550        -            513    0.0054   13.5   0.4   3   3      0.58        80   -0.3   0.0    30    84   447   503   436   506 0.62 -
scaffold7:127691-129352   -            554 24586at147550        -            513     0.007   13.1   0.2   1   2       5.9   8.2e+02   -3.6   1.4   451   483    49    81    32    92 0.53 -
scaffold7:127691-129352   -            554 24586at147550        -            513     0.007   13.1   0.2   2   2   5.1e-05     0.007   13.1   0.2    29   129   120   230   111   241 0.74 -
scaffold639:53258-54412   -            385 24586at147550        -            513     0.016   11.9   0.8   1   2     0.018       2.5    4.7   0.1   117   181   112   177    93   218 0.72 -
scaffold639:53258-54412   -            385 24586at147550        -            513     0.016   11.9   0.8   2   2      0.01       1.5    5.5   0.0    68    95   350   377   332   383 0.81 -
scaffold126:226891-229130 -            665 24586at147550        -            513     0.018   11.8  18.0   1   2   5.8e-05    0.0081   12.9   1.0    30   182   338   486   333   494 0.78 -
scaffold126:226891-229130 -            665 24586at147550        -            513     0.018   11.8  18.0   2   2   0.00013     0.018   11.8   0.1    29    82   497   550   488   556 0.89 -
scaffold50:560692-561832  -            356 24586at147550        -            513     0.026   11.3   0.0   1   3     0.015       2.1    5.0   0.0   140   165    26    51    19    57 0.88 -
scaffold50:560692-561832  -            356 24586at147550        -            513     0.026   11.3   0.0   2   3     0.048       6.7    3.3   0.0    12    47    66   101    59   113 0.88 -
scaffold50:560692-561832  -            356 24586at147550        -            513     0.026   11.3   0.0   3   3         3   4.1e+02   -2.6   0.0    20    44   239   262   228   279 0.60 -
scaffold192:3730-5082     -            451 24586at147550        -            513     0.065    9.9  12.8   1   4      0.81   1.1e+02   -0.7   0.3   161   230    43   125    31   139 0.57 -
scaffold192:3730-5082     -            451 24586at147550        -            513     0.065    9.9  12.8   2   4    0.0077       1.1    5.9   0.3    57   111   150   209   139   214 0.45 -
scaffold192:3730-5082     -            451 24586at147550        -            513     0.065    9.9  12.8   3   4   0.00042     0.058   10.1   0.2    26    67   222   265   215   299 0.78 -
scaffold192:3730-5082     -            451 24586at147550        -            513     0.065    9.9  12.8   4   4      0.45        63    0.1   0.1   412   459   335   383   326   423 0.63 -
#
# Program:         hmmsearch
# Version:         3.1b2 (February 2015)
# Pipeline mode:   SEARCH
# Query file:      /pickett_shared/projects/lwy647/discula_draft_assembly/busco_downloads/lineages/sordariomycetes_odb10/hmms/24586at147550.hmm
# Target file:     /pickett_shared/projects/lwy647/discula_draft_assembly/discula70_53.scafSeq.BUSCO/run_sordariomycetes_odb10/metaeuk_output/initial_results/discula70_53.scafSeq.modified.fas
# Option settings: hmmsearch --domtblout /pickett_shared/projects/lwy647/discula_draft_assembly/discula70_53.scafSeq.BUSCO/run_sordariomycetes_odb10/hmmer_output/initial_run_results/24586at147550.out --cpu 1 /pickett_shared/projects/lwy647/discula_draft_assembly/busco_downloads/lineages/sordariomycetes_odb10/hmms/24586at147550.hmm /pickett_shared/projects/lwy647/discula_draft_assembly/discula70_53.scafSeq.BUSCO/run_sordariomycetes_odb10/metaeuk_output/initial_results/discula70_53.scafSeq.modified.fas 
# Current dir:     /pickett_shared/projects/lwy647/discula_draft_assembly
# Date:            Thu Aug 31 18:11:36 2023
# [ok]
