#                                                                               --- full sequence --- -------------- this domain -------------   hmm coord   ali coord   env coord
# target name           accession   tlen query name           accession   qlen   E-value  score  bias   #  of  c-Evalue  i-Evalue  score  bias  from    to  from    to  from    to  acc description of target
#   ------------------- ---------- ----- -------------------- ---------- ----- --------- ------ ----- --- --- --------- --------- ------ ----- ----- ----- ----- ----- ----- ----- ---- ---------------------
scaffold145:78056-83695 -           1854 27858at147550        -           1229         0 1401.3 147.9   1  10   3.5e-18   1.6e-14   50.8   0.6    20   100     2    86     1   100 0.72 -
scaffold145:78056-83695 -           1854 27858at147550        -           1229         0 1401.3 147.9   2  10   7.9e-05      0.36    6.5   0.0    92   114   129   151   121   164 0.85 -
scaffold145:78056-83695 -           1854 27858at147550        -           1229         0 1401.3 147.9   3  10   5.1e-13   2.3e-09   33.7   9.0   135   206   257   338   174   352 0.75 -
scaffold145:78056-83695 -           1854 27858at147550        -           1229         0 1401.3 147.9   4  10   9.2e-19   4.2e-15   52.7   1.9   200   254   404   458   390   464 0.81 -
scaffold145:78056-83695 -           1854 27858at147550        -           1229         0 1401.3 147.9   5  10     2e-05     0.092    8.5   8.4   253   316   514   576   497   587 0.63 -
scaffold145:78056-83695 -           1854 27858at147550        -           1229         0 1401.3 147.9   6  10   1.4e-19   6.6e-16   55.4  34.2   277   410   581   747   568   774 0.68 -
scaffold145:78056-83695 -           1854 27858at147550        -           1229         0 1401.3 147.9   7  10   2.1e-91   9.6e-88  293.3   3.3   415   598   821  1005   759  1014 0.88 -
scaffold145:78056-83695 -           1854 27858at147550        -           1229         0 1401.3 147.9   8  10  2.3e-203  1.1e-199  664.1   0.0   588  1016  1018  1457  1015  1466 0.89 -
scaffold145:78056-83695 -           1854 27858at147550        -           1229         0 1401.3 147.9   9  10   6.5e-63     3e-59  198.9  24.6   928  1152  1509  1752  1500  1754 0.77 -
scaffold145:78056-83695 -           1854 27858at147550        -           1229         0 1401.3 147.9  10  10   1.5e-25   6.7e-22   75.2  10.8  1132  1229  1752  1854  1749  1854 0.78 -
#
# Program:         hmmsearch
# Version:         3.1b2 (February 2015)
# Pipeline mode:   SEARCH
# Query file:      /pickett_shared/projects/lwy647/discula_draft_assembly/busco_downloads/lineages/sordariomycetes_odb10/hmms/27858at147550.hmm
# Target file:     /pickett_shared/projects/lwy647/discula_draft_assembly/discula70_53.scafSeq.BUSCO/run_sordariomycetes_odb10/metaeuk_output/initial_results/discula70_53.scafSeq.modified.fas
# Option settings: hmmsearch --domtblout /pickett_shared/projects/lwy647/discula_draft_assembly/discula70_53.scafSeq.BUSCO/run_sordariomycetes_odb10/hmmer_output/initial_run_results/27858at147550.out --cpu 1 /pickett_shared/projects/lwy647/discula_draft_assembly/busco_downloads/lineages/sordariomycetes_odb10/hmms/27858at147550.hmm /pickett_shared/projects/lwy647/discula_draft_assembly/discula70_53.scafSeq.BUSCO/run_sordariomycetes_odb10/metaeuk_output/initial_results/discula70_53.scafSeq.modified.fas 
# Current dir:     /pickett_shared/projects/lwy647/discula_draft_assembly
# Date:            Thu Aug 31 18:11:49 2023
# [ok]
