#                                                                               --- full sequence --- -------------- this domain -------------   hmm coord   ali coord   env coord
# target name           accession   tlen query name           accession   qlen   E-value  score  bias   #  of  c-Evalue  i-Evalue  score  bias  from    to  from    to  from    to  acc description of target
#   ------------------- ---------- ----- -------------------- ---------- ----- --------- ------ ----- --- --- --------- --------- ------ ----- ----- ----- ----- ----- ----- ----- ---- ---------------------
scaffold510:71896-73917 -            674 29069at147550        -            511  1.6e-277  919.1  15.6   1   3  3.4e-157  3.1e-154  512.3   6.2     2   260     4   265     3   274 0.98 -
scaffold510:71896-73917 -            674 29069at147550        -            511  1.6e-277  919.1  15.6   2   3  3.1e-119  2.9e-116  387.0   0.0   253   470   315   549   308   563 0.94 -
scaffold510:71896-73917 -            674 29069at147550        -            511  1.6e-277  919.1  15.6   3   3   1.7e-09   1.6e-06   25.0   0.6   474   511   604   656   566   656 0.75 -
scaffold137:41877-44025 -            579 29069at147550        -            511   6.4e-38  128.6   0.0   1   1   1.8e-40   1.7e-37  127.2   0.0   172   467   206   490   202   495 0.87 -
scaffold142:9709-11382  -            558 29069at147550        -            511   5.4e-20   69.4   0.0   1   1   1.5e-22   1.3e-19   68.1   0.0   178   438   180   475   173   486 0.76 -
scaffold188:36496-38031 -            512 29069at147550        -            511    0.0013   15.4   0.0   1   1   2.2e-06     0.002   14.7   0.0   278   316   231   269   209   292 0.87 -
scaffold691:12315-13541 -            409 29069at147550        -            511     0.032   10.8   0.0   1   1   5.6e-05     0.051   10.1   0.0   281   302     7    28     3    41 0.87 -
#
# Program:         hmmsearch
# Version:         3.1b2 (February 2015)
# Pipeline mode:   SEARCH
# Query file:      /pickett_shared/projects/lwy647/discula_draft_assembly/busco_downloads/lineages/sordariomycetes_odb10/hmms/29069at147550.hmm
# Target file:     /pickett_shared/projects/lwy647/discula_draft_assembly/discula70_53.scafSeq.BUSCO/run_sordariomycetes_odb10/metaeuk_output/initial_results/discula70_53.scafSeq.modified.fas
# Option settings: hmmsearch --domtblout /pickett_shared/projects/lwy647/discula_draft_assembly/discula70_53.scafSeq.BUSCO/run_sordariomycetes_odb10/hmmer_output/initial_run_results/29069at147550.out --cpu 1 /pickett_shared/projects/lwy647/discula_draft_assembly/busco_downloads/lineages/sordariomycetes_odb10/hmms/29069at147550.hmm /pickett_shared/projects/lwy647/discula_draft_assembly/discula70_53.scafSeq.BUSCO/run_sordariomycetes_odb10/metaeuk_output/initial_results/discula70_53.scafSeq.modified.fas 
# Current dir:     /pickett_shared/projects/lwy647/discula_draft_assembly
# Date:            Thu Aug 31 18:11:45 2023
# [ok]
