#                                                                                 --- full sequence --- -------------- this domain -------------   hmm coord   ali coord   env coord
# target name             accession   tlen query name           accession   qlen   E-value  score  bias   #  of  c-Evalue  i-Evalue  score  bias  from    to  from    to  from    to  acc description of target
#     ------------------- ---------- ----- -------------------- ---------- ----- --------- ------ ----- --- --- --------- --------- ------ ----- ----- ----- ----- ----- ----- ----- ---- ---------------------
scaffold639:46447-48378   -            644 29135at147550        -            393  4.6e-182  603.3   6.9   1   4   3.1e-55   2.6e-53  179.4   0.1     1    92    32   123    32   133 0.96 -
scaffold639:46447-48378   -            644 29135at147550        -            393  4.6e-182  603.3   6.9   2   4   3.3e-48   2.8e-46  156.2   0.0    91   209   148   274   142   287 0.89 -
scaffold639:46447-48378   -            644 29135at147550        -            393  4.6e-182  603.3   6.9   3   4       3.8   3.2e+02   -2.0   0.1   203   219   318   337   304   340 0.74 -
scaffold639:46447-48378   -            644 29135at147550        -            393  4.6e-182  603.3   6.9   4   4   1.7e-82   1.4e-80  269.1   0.1   222   391   455   644   451   644 0.88 -
scaffold679:35697-36815   -            373 29135at147550        -            393   1.5e-27   94.6   6.3   1   6   2.3e-05     0.002   15.1   0.1   134   196     4    66     2    70 0.92 -
scaffold679:35697-36815   -            373 29135at147550        -            393   1.5e-27   94.6   6.3   2   6    0.0081      0.69    6.8   0.0   235   282    67   115    62   124 0.82 -
scaffold679:35697-36815   -            373 29135at147550        -            393   1.5e-27   94.6   6.3   3   6   4.3e-07   3.6e-05   20.9   0.0   137   193   133   189   127   206 0.90 -
scaffold679:35697-36815   -            373 29135at147550        -            393   1.5e-27   94.6   6.3   4   6   0.00016     0.014   12.4   0.0   134   174   213   254   200   259 0.85 -
scaffold679:35697-36815   -            373 29135at147550        -            393   1.5e-27   94.6   6.3   5   6   5.3e-08   4.5e-06   23.8   0.0   135   180   258   303   249   306 0.87 -
scaffold679:35697-36815   -            373 29135at147550        -            393   1.5e-27   94.6   6.3   6   6   8.3e-06   0.00071   16.6   0.1   134   199   299   364   296   373 0.88 -
scaffold679:36393-37040   -            216 29135at147550        -            393   7.7e-22   75.8   5.1   1   3   9.6e-09   8.1e-07   26.3   0.1   112   179     3    70     1    71 0.81 -
scaffold679:36393-37040   -            216 29135at147550        -            393   7.7e-22   75.8   5.1   2   3   4.4e-06   0.00037   17.5   0.2    97   173    74   148    73   151 0.86 -
scaffold679:36393-37040   -            216 29135at147550        -            393   7.7e-22   75.8   5.1   3   3   1.3e-09   1.1e-07   29.1   0.1   133   194   150   210   144   215 0.85 -
scaffold126:47557-48887   -            358 29135at147550        -            393   5.5e-18   63.1   1.7   1   4   3.9e-06   0.00033   17.7   0.0   201   314    54   169    41   173 0.75 -
scaffold126:47557-48887   -            358 29135at147550        -            393   5.5e-18   63.1   1.7   2   4   4.7e-06    0.0004   17.4   0.0   120   194   143   216   132   218 0.83 -
scaffold126:47557-48887   -            358 29135at147550        -            393   5.5e-18   63.1   1.7   3   4   2.5e-05    0.0021   15.1   0.0   143   203   207   268   202   275 0.83 -
scaffold126:47557-48887   -            358 29135at147550        -            393   5.5e-18   63.1   1.7   4   4   2.1e-05    0.0018   15.3   0.1    91   161   286   354   279   357 0.88 -
scaffold39:57898-58915    -            313 29135at147550        -            393   2.6e-16   57.5   1.1   1   4   1.7e-06   0.00014   18.9   0.1   133   191    58   116    38   120 0.91 -
scaffold39:57898-58915    -            313 29135at147550        -            393   2.6e-16   57.5   1.1   2   4     6e-06   0.00051   17.1   0.0   223   291   111   179   106   185 0.89 -
scaffold39:57898-58915    -            313 29135at147550        -            393   2.6e-16   57.5   1.1   3   4    0.0017      0.14    9.1   0.0   134   179   185   234   179   241 0.79 -
scaffold39:57898-58915    -            313 29135at147550        -            393   2.6e-16   57.5   1.1   4   4   0.00045     0.039   10.9   0.0   149   202   250   303   240   310 0.90 -
scaffold509:105503-107947 -            796 29135at147550        -            393   2.5e-15   54.3   4.0   1   5    0.0025      0.21    8.5   0.2   125   171   445   490   439   496 0.74 -
scaffold509:105503-107947 -            796 29135at147550        -            393   2.5e-15   54.3   4.0   2   5      0.12       9.9    3.0   0.0   134   172   540   577   530   583 0.85 -
scaffold509:105503-107947 -            796 29135at147550        -            393   2.5e-15   54.3   4.0   3   5   1.7e-06   0.00014   18.9   0.0   132   192   580   638   577   648 0.90 -
scaffold509:105503-107947 -            796 29135at147550        -            393   2.5e-15   54.3   4.0   4   5     1e-06   8.8e-05   19.6   0.1   125   187   653   715   642   722 0.88 -
scaffold509:105503-107947 -            796 29135at147550        -            393   2.5e-15   54.3   4.0   5   5      0.06       5.1    3.9   0.0   136   177   706   747   704   756 0.89 -
scaffold72:58344-59805    -            468 29135at147550        -            393   2.5e-15   54.3   1.4   1   1   1.6e-14   1.3e-12   45.4   0.7    28   249   163   397   162   412 0.79 -
scaffold663:21837-23802   -            626 29135at147550        -            393   5.4e-15   53.2   8.8   1   5   3.2e-07   2.8e-05   21.3   0.1   132   188   292   347   281   349 0.87 -
scaffold663:21837-23802   -            626 29135at147550        -            393   5.4e-15   53.2   8.8   2   5    0.0043      0.36    7.7   0.0   227   255   346   374   341   380 0.82 -
scaffold663:21837-23802   -            626 29135at147550        -            393   5.4e-15   53.2   8.8   3   5     0.094         8    3.3   0.0   128   173   369   412   366   418 0.85 -
scaffold663:21837-23802   -            626 29135at147550        -            393   5.4e-15   53.2   8.8   4   5   2.7e-06   0.00023   18.3   0.1   131   187   411   467   393   493 0.82 -
scaffold663:21837-23802   -            626 29135at147550        -            393   5.4e-15   53.2   8.8   5   5    0.0061      0.52    7.2   0.2   153   246   530   623   526   625 0.66 -
scaffold126:226891-229130 -            665 29135at147550        -            393   5.7e-15   53.1   7.3   1   4    0.0017      0.15    9.0   0.1   124   173   310   357   289   359 0.84 -
scaffold126:226891-229130 -            665 29135at147550        -            393   5.7e-15   53.1   7.3   2   4   7.6e-06   0.00064   16.8   0.1   133   190   358   414   356   427 0.89 -
scaffold126:226891-229130 -            665 29135at147550        -            393   5.7e-15   53.1   7.3   3   4   0.00062     0.052   10.5   0.1   127   191   433   495   418   507 0.85 -
scaffold126:226891-229130 -            665 29135at147550        -            393   5.7e-15   53.1   7.3   4   4     3e-06   0.00025   18.1   0.3   131   184   517   568   497   582 0.83 -
scaffold721:13595-16468   -            958 29135at147550        -            393     1e-14   52.3   9.0   1   5   6.9e-05    0.0058   13.6   0.3    65   189    37   156    24   262 0.82 -
scaffold721:13595-16468   -            958 29135at147550        -            393     1e-14   52.3   9.0   2   5   2.8e-06   0.00024   18.2   0.0   163   292   370   498   355   502 0.78 -
scaffold721:13595-16468   -            958 29135at147550        -            393     1e-14   52.3   9.0   3   5    0.0023       0.2    8.6   0.1   132   170   501   539   498   551 0.89 -
scaffold721:13595-16468   -            958 29135at147550        -            393     1e-14   52.3   9.0   4   5     0.019       1.6    5.6   0.0   135   185   603   653   594   664 0.81 -
scaffold721:13595-16468   -            958 29135at147550        -            393     1e-14   52.3   9.0   5   5     0.021       1.8    5.4   0.1   154   204   669   719   663   749 0.84 -
scaffold8:77148-79251     -            607 29135at147550        -            393   1.2e-13   48.8   1.1   1   2    0.0044      0.37    7.7   0.0   117   170   456   509   436   515 0.66 -
scaffold8:77148-79251     -            607 29135at147550        -            393   1.2e-13   48.8   1.1   2   2   2.7e-07   2.3e-05   21.5   0.0   108   197   504   591   502   600 0.88 -
scaffold69:144016-144591  -            192 29135at147550        -            393   5.1e-13   46.7   0.1   1   3   8.2e-07     7e-05   19.9   0.2   135   200     5    70     2    73 0.94 -
scaffold69:144016-144591  -            192 29135at147550        -            393   5.1e-13   46.7   0.1   2   3   0.00025     0.021   11.8   0.0   131   172    43    84    41    94 0.90 -
scaffold69:144016-144591  -            192 29135at147550        -            393   5.1e-13   46.7   0.1   3   3   2.1e-07   1.8e-05   21.9   0.0   125   196   117   186   103   192 0.86 -
scaffold290:53613-55254   -            520 29135at147550        -            393   1.2e-12   45.5   3.1   1   3   1.7e-07   1.5e-05   22.1   0.4   137   289   145   311   133   315 0.79 -
scaffold290:53613-55254   -            520 29135at147550        -            393   1.2e-12   45.5   3.1   2   3     0.012         1    6.2   0.1   128   184   270   327   263   335 0.82 -
scaffold290:53613-55254   -            520 29135at147550        -            393   1.2e-12   45.5   3.1   3   3   3.3e-07   2.8e-05   21.2   0.1   126   274   352   504   346   516 0.84 -
scaffold37:114701-116273  -            412 29135at147550        -            393   2.6e-12   44.4   4.4   1   3   1.2e-08     1e-06   26.0   0.7   128   186    74   132    51   134 0.80 -
scaffold37:114701-116273  -            412 29135at147550        -            393   2.6e-12   44.4   4.4   2   3    0.0021      0.18    8.7   0.1   138   192   126   181   125   193 0.86 -
scaffold37:114701-116273  -            412 29135at147550        -            393   2.6e-12   44.4   4.4   3   3   0.00061     0.052   10.5   0.0   166   286   273   405   265   411 0.68 -
scaffold33:10801-13583    -            883 29135at147550        -            393   1.1e-11   42.3  14.2   1   7   7.2e-08   6.1e-06   23.4   0.3   131   300    98   261    90   268 0.71 -
scaffold33:10801-13583    -            883 29135at147550        -            393   1.1e-11   42.3  14.2   2   7       1.9   1.6e+02   -1.0   0.0    22    77   263   319   254   335 0.71 -
scaffold33:10801-13583    -            883 29135at147550        -            393   1.1e-11   42.3  14.2   3   7       4.2   3.6e+02   -2.2   0.1   101   172   382   453   377   491 0.66 -
scaffold33:10801-13583    -            883 29135at147550        -            393   1.1e-11   42.3  14.2   4   7   0.00072     0.061   10.3   0.1   128   202   518   592   496   599 0.89 -
scaffold33:10801-13583    -            883 29135at147550        -            393   1.1e-11   42.3  14.2   5   7    0.0023       0.2    8.6   0.1   153   187   599   633   592   659 0.84 -
scaffold33:10801-13583    -            883 29135at147550        -            393   1.1e-11   42.3  14.2   6   7      0.98        83   -0.1   0.0   228   249   644   665   635   671 0.80 -
scaffold33:10801-13583    -            883 29135at147550        -            393   1.1e-11   42.3  14.2   7   7     0.024         2    5.2   0.2   128   172   666   710   659   728 0.82 -
scaffold299:50012-51394   -            438 29135at147550        -            393   1.5e-11   41.9   0.1   1   3   0.00051     0.043   10.7   0.0   133   189    96   152    92   170 0.87 -
scaffold299:50012-51394   -            438 29135at147550        -            393   1.5e-11   41.9   0.1   2   3   1.5e-05    0.0012   15.8   0.0   126   198   176   256   158   267 0.78 -
scaffold299:50012-51394   -            438 29135at147550        -            393   1.5e-11   41.9   0.1   3   3   0.00028     0.024   11.6   0.0   128   194   334   402   312   428 0.79 -
scaffold351:111404-113017 -            538 29135at147550        -            393   1.8e-11   41.6   1.0   1   3    0.0012       0.1    9.5   0.0   130   179   238   289   230   289 0.82 -
scaffold351:111404-113017 -            538 29135at147550        -            393   1.8e-11   41.6   1.0   2   3   4.7e-09     4e-07   27.3   0.0   135   256   287   416   281   446 0.73 -
scaffold351:111404-113017 -            538 29135at147550        -            393   1.8e-11   41.6   1.0   3   3     0.006      0.51    7.2   0.1   133   265   372   515   348   538 0.59 -
scaffold91:236420-239677  -           1003 29135at147550        -            393   2.1e-11   41.4   4.8   1   4     0.022       1.8    5.4   0.0   146   187   631   672   619   676 0.85 -
scaffold91:236420-239677  -           1003 29135at147550        -            393   2.1e-11   41.4   4.8   2   4    0.0032      0.28    8.1   0.0   147   188   672   713   668   722 0.86 -
scaffold91:236420-239677  -           1003 29135at147550        -            393   2.1e-11   41.4   4.8   3   4   4.2e-07   3.6e-05   20.9   0.2    98   192   785   875   776   887 0.82 -
scaffold91:236420-239677  -           1003 29135at147550        -            393   2.1e-11   41.4   4.8   4   4     0.017       1.5    5.7   0.1   128   180   893   942   886   966 0.79 -
scaffold71:251585-253878  -            652 29135at147550        -            393   4.1e-11   40.5   2.2   1   3   0.00053     0.045   10.7   0.0   125   188   300   363   290   369 0.91 -
scaffold71:251585-253878  -            652 29135at147550        -            393   4.1e-11   40.5   2.2   2   3   0.00014     0.012   12.6   0.2   133   184   427   476   422   536 0.68 -
scaffold71:251585-253878  -            652 29135at147550        -            393   4.1e-11   40.5   2.2   3   3   5.2e-05    0.0044   14.0   0.1   153   284   510   647   496   651 0.71 -
scaffold226:67411-68872   -            447 29135at147550        -            393   8.7e-11   39.4   0.6   1   2   1.3e-07   1.1e-05   22.6   0.1   133   281    97   258    93   287 0.76 -
scaffold226:67411-68872   -            447 29135at147550        -            393   8.7e-11   39.4   0.6   2   2   0.00059      0.05   10.5   0.0   107   179   315   385   309   418 0.76 -
scaffold848:10283-11353   -            357 29135at147550        -            393   1.9e-10   38.2   1.0   1   3       3.5     3e+02   -1.9   0.0    37    53    16    32     3    41 0.77 -
scaffold848:10283-11353   -            357 29135at147550        -            393   1.9e-10   38.2   1.0   2   3   2.2e-07   1.9e-05   21.8   0.2   127   191    52   120    35   194 0.73 -
scaffold848:10283-11353   -            357 29135at147550        -            393   1.9e-10   38.2   1.0   3   3   0.00067     0.057   10.3   0.0   139   180   200   241   167   246 0.84 -
scaffold255:80910-83161   -            706 29135at147550        -            393   2.9e-10   37.6   2.9   1   3       4.6   3.9e+02   -2.3   0.0    28    52   328   352   321   362 0.62 -
scaffold255:80910-83161   -            706 29135at147550        -            393   2.9e-10   37.6   2.9   2   3     0.092       7.8    3.3   0.0   155   197   411   453   406   462 0.65 -
scaffold255:80910-83161   -            706 29135at147550        -            393   2.9e-10   37.6   2.9   3   3     1e-10   8.5e-09   32.8   0.5   131   252   468   599   461   623 0.79 -
scaffold178:63097-64787   -            507 29135at147550        -            393   1.2e-09   35.6   0.8   1   3      0.43        37    1.1   0.0   142   191   195   244   186   253 0.90 -
scaffold178:63097-64787   -            507 29135at147550        -            393   1.2e-09   35.6   0.8   2   3   3.2e-05    0.0027   14.7   0.2   149   292   251   399   205   404 0.72 -
scaffold178:63097-64787   -            507 29135at147550        -            393   1.2e-09   35.6   0.8   3   3   4.2e-06   0.00036   17.6   0.0   118   169   455   504   439   507 0.83 -
scaffold352:81022-82225   -            383 29135at147550        -            393   2.4e-09   34.6   2.3   1   3   2.5e-09   2.1e-07   28.2   1.0   125   222    55   155    35   195 0.67 -
scaffold352:81022-82225   -            383 29135at147550        -            393   2.4e-09   34.6   2.3   2   3       2.3     2e+02   -1.3   0.0   228   250   270   292   254   302 0.79 -
scaffold352:81022-82225   -            383 29135at147550        -            393   2.4e-09   34.6   2.3   3   3      0.67        57    0.5   0.0   231   248   319   336   300   349 0.77 -
scaffold262:5982-8751     -            898 29135at147550        -            393   7.7e-09   33.0   1.7   1   4      0.27        23    1.8   0.0   227   287   159   222   141   230 0.66 -
scaffold262:5982-8751     -            898 29135at147550        -            393   7.7e-09   33.0   1.7   2   4   6.4e-05    0.0054   13.7   0.0   132   197   337   402   306   412 0.87 -
scaffold262:5982-8751     -            898 29135at147550        -            393   7.7e-09   33.0   1.7   3   4      0.36        31    1.4   0.0   232   250   399   417   393   455 0.61 -
scaffold262:5982-8751     -            898 29135at147550        -            393   7.7e-09   33.0   1.7   4   4   7.1e-05     0.006   13.6   0.1   114   228   449   519   427   552 0.48 -
scaffold7:127691-129352   -            554 29135at147550        -            393   7.1e-08   29.8   1.1   1   3   1.9e-05    0.0016   15.4   0.0   103   186   115   200   103   209 0.81 -
scaffold7:127691-129352   -            554 29135at147550        -            393   7.1e-08   29.8   1.1   2   3     0.031       2.6    4.9   0.0   229   255   210   236   203   248 0.83 -
scaffold7:127691-129352   -            554 29135at147550        -            393   7.1e-08   29.8   1.1   3   3    0.0082       0.7    6.8   0.1   130   177   274   321   253   420 0.72 -
scaffold528:88245-89801   -            490 29135at147550        -            393     1e-07   29.2   0.2   1   4      0.17        15    2.4   0.0   231   256   135   160   126   176 0.82 -
scaffold528:88245-89801   -            490 29135at147550        -            393     1e-07   29.2   0.2   2   4       1.3   1.1e+02   -0.4   0.0   225   248   174   197   156   212 0.75 -
scaffold528:88245-89801   -            490 29135at147550        -            393     1e-07   29.2   0.2   3   4      0.03       2.5    4.9   0.0   213   251   212   250   175   270 0.80 -
scaffold528:88245-89801   -            490 29135at147550        -            393     1e-07   29.2   0.2   4   4   6.2e-06   0.00053   17.0   0.0   103   185   349   434   337   443 0.79 -
scaffold639:55577-58163   -            801 29135at147550        -            393   2.4e-07   28.0   1.3   1   2    0.0017      0.15    9.0   0.1   135   182   102   149    91   154 0.84 -
scaffold639:55577-58163   -            801 29135at147550        -            393   2.4e-07   28.0   1.3   2   2   2.3e-06    0.0002   18.4   0.2   137   301   146   318   141   336 0.68 -
scaffold55:67073-68598    -            432 29135at147550        -            393   1.3e-06   25.7   0.1   1   2     0.004      0.34    7.8   0.0   264   374   190   302   134   316 0.68 -
scaffold55:67073-68598    -            432 29135at147550        -            393   1.3e-06   25.7   0.1   2   2   1.4e-05    0.0012   15.9   0.0   130   169   317   357   306   367 0.87 -
scaffold69:68839-70440    -            491 29135at147550        -            393   4.3e-06   23.9   3.1   1   3    0.0003     0.025   11.5   0.2   136   188   232   285   208   291 0.77 -
scaffold69:68839-70440    -            491 29135at147550        -            393   4.3e-06   23.9   3.1   2   3     0.008      0.68    6.8   0.0   229   293   289   355   283   361 0.86 -
scaffold69:68839-70440    -            491 29135at147550        -            393   4.3e-06   23.9   3.1   3   3     0.011      0.94    6.3   0.1   115   171   342   404   336   426 0.77 -
scaffold237:16750-20683   -           1207 29135at147550        -            393     5e-06   23.7   0.3   1   2   0.00025     0.021   11.8   0.1    98   247     9   159     2   173 0.82 -
scaffold237:16750-20683   -           1207 29135at147550        -            393     5e-06   23.7   0.3   2   2    0.0018      0.15    8.9   0.0   133   198   243   308   212   318 0.81 -
scaffold31:53043-54041    -            304 29135at147550        -            393   6.5e-06   23.3   0.8   1   4     0.024         2    5.2   0.0   267   325    24    79    16    81 0.88 -
scaffold31:53043-54041    -            304 29135at147550        -            393   6.5e-06   23.3   0.8   2   4   0.00013     0.011   12.6   0.1   232   320    74   158    56   179 0.77 -
scaffold31:53043-54041    -            304 29135at147550        -            393   6.5e-06   23.3   0.8   3   4      0.25        21    1.9   0.0   131   173   183   225   173   233 0.87 -
scaffold31:53043-54041    -            304 29135at147550        -            393   6.5e-06   23.3   0.8   4   4       0.3        26    1.6   0.0   140   181   248   289   240   300 0.67 -
scaffold94:208851-211790  -            980 29135at147550        -            393   6.6e-06   23.3   5.4   1   4     0.052       4.4    4.1   0.1   138   178   297   339   270   351 0.80 -
scaffold94:208851-211790  -            980 29135at147550        -            393   6.6e-06   23.3   5.4   2   4     1e-05   0.00087   16.3   0.2   132   189   410   465   407   480 0.90 -
scaffold94:208851-211790  -            980 29135at147550        -            393   6.6e-06   23.3   5.4   3   4       1.5   1.2e+02   -0.7   0.0   149   190   465   506   460   524 0.74 -
scaffold94:208851-211790  -            980 29135at147550        -            393   6.6e-06   23.3   5.4   4   4       1.4   1.2e+02   -0.6   0.1   154   169   577   592   574   610 0.79 -
scaffold163:116213-117779 -            499 29135at147550        -            393   2.6e-05   21.3   0.1   1   4     0.024         2    5.2   0.0   135   170    68   104    46   113 0.81 -
scaffold163:116213-117779 -            499 29135at147550        -            393   2.6e-05   21.3   0.1   2   4       2.2   1.9e+02   -1.2   0.0   232   249   145   162   130   180 0.82 -
scaffold163:116213-117779 -            499 29135at147550        -            393   2.6e-05   21.3   0.1   3   4     0.045       3.8    4.3   0.1   230   250   234   254   143   262 0.81 -
scaffold163:116213-117779 -            499 29135at147550        -            393   2.6e-05   21.3   0.1   4   4    0.0083      0.71    6.7   0.0   135   178   294   338   281   380 0.78 -
scaffold385:114015-116784 -            902 29135at147550        -            393   3.4e-05   20.9   0.8   1   4   6.9e-05    0.0059   13.6   0.0   155   234    93   172    87   184 0.83 -
scaffold385:114015-116784 -            902 29135at147550        -            393   3.4e-05   20.9   0.8   2   4     0.028       2.4    5.0   0.0   101   177   139   217   133   227 0.78 -
scaffold385:114015-116784 -            902 29135at147550        -            393   3.4e-05   20.9   0.8   3   4      0.48        41    1.0   0.0   132   162   263   293   227   298 0.73 -
scaffold385:114015-116784 -            902 29135at147550        -            393   3.4e-05   20.9   0.8   4   4       1.4   1.2e+02   -0.6   0.0   265   341   426   507   415   526 0.71 -
scaffold203:50644-51853   -            335 29135at147550        -            393     5e-05   20.4   3.1   1   5   0.00033     0.028   11.4   0.1   135   201     6    72     2    87 0.79 -
scaffold203:50644-51853   -            335 29135at147550        -            393     5e-05   20.4   3.1   2   5   0.00097     0.083    9.8   0.0   127   178    40    91    34   108 0.88 -
scaffold203:50644-51853   -            335 29135at147550        -            393     5e-05   20.4   3.1   3   5      0.68        57    0.5   0.1    37    55   160   178   150   184 0.89 -
scaffold203:50644-51853   -            335 29135at147550        -            393     5e-05   20.4   3.1   4   5      0.24        20    1.9   0.0     8    45   218   253   211   269 0.80 -
scaffold203:50644-51853   -            335 29135at147550        -            393     5e-05   20.4   3.1   5   5      0.13        11    2.8   0.0    27    50   291   314   284   320 0.90 -
scaffold71:271898-273020  -            351 29135at147550        -            393   9.1e-05   19.6   0.0   1   3    0.0026      0.22    8.4   0.0   137   173     9    46     2    59 0.83 -
scaffold71:271898-273020  -            351 29135at147550        -            393   9.1e-05   19.6   0.0   2   3     0.033       2.8    4.8   0.0   131   170    91   130    74   205 0.76 -
scaffold71:271898-273020  -            351 29135at147550        -            393   9.1e-05   19.6   0.0   3   3      0.14        12    2.7   0.0   152   195   268   311   256   322 0.63 -
scaffold67:41310-44753    -           1018 29135at147550        -            393   0.00011   19.3   2.7   1   4      0.14        12    2.7   0.0   129   170    12    53     5    73 0.83 -
scaffold67:41310-44753    -           1018 29135at147550        -            393   0.00011   19.3   2.7   2   4       3.2   2.7e+02   -1.7   0.0   137   167    85   115    70   126 0.84 -
scaffold67:41310-44753    -           1018 29135at147550        -            393   0.00011   19.3   2.7   3   4      0.15        12    2.7   0.0   137   176   129   169   117   179 0.72 -
scaffold67:41310-44753    -           1018 29135at147550        -            393   0.00011   19.3   2.7   4   4   0.00049     0.041   10.8   0.0   128   175   209   256   181   282 0.65 -
scaffold440:10778-12017   -            388 29135at147550        -            393   0.00014   19.0   0.2   1   3       2.3     2e+02   -1.3   0.0   156   182    53    82    42   111 0.62 -
scaffold440:10778-12017   -            388 29135at147550        -            393   0.00014   19.0   0.2   2   3   0.00016     0.014   12.4   0.0   118   172   117   181    94   208 0.65 -
scaffold440:10778-12017   -            388 29135at147550        -            393   0.00014   19.0   0.2   3   3     0.085       7.2    3.4   0.0    26   276   291   346   231   364 0.59 -
scaffold529:48622-50226   -            535 29135at147550        -            393   0.00017   18.7   0.1   1   1   7.1e-06   0.00061   16.8   0.1   133   298   253   437   204   459 0.71 -
scaffold377:5691-7553     -            580 29135at147550        -            393   0.00037   17.5   1.0   1   2    0.0023      0.19    8.6   0.6    97   215   357   471   334   494 0.77 -
scaffold377:5691-7553     -            580 29135at147550        -            393   0.00037   17.5   1.0   2   2     0.019       1.6    5.6   0.0   130   168   517   555   483   574 0.86 -
scaffold555:86991-89803   -            912 29135at147550        -            393   0.00062   16.8   0.1   1   3    0.0059       0.5    7.2   0.0   135   183     5    53     3    77 0.86 -
scaffold555:86991-89803   -            912 29135at147550        -            393   0.00062   16.8   0.1   2   3      0.83        70    0.2   0.0    31    52   205   226   202   238 0.83 -
scaffold555:86991-89803   -            912 29135at147550        -            393   0.00062   16.8   0.1   3   3     0.032       2.7    4.8   0.0   128   178   243   292   236   298 0.87 -
scaffold255:124337-126211 -            625 29135at147550        -            393   0.00093   16.2   2.5   1   4       6.7   5.7e+02   -2.8   0.2   189   219    47    77    37   101 0.82 -
scaffold255:124337-126211 -            625 29135at147550        -            393   0.00093   16.2   2.5   2   4    0.0011      0.09    9.7   0.0   124   199   279   356   256   363 0.82 -
scaffold255:124337-126211 -            625 29135at147550        -            393   0.00093   16.2   2.5   3   4     0.077       6.6    3.6   0.0   135   221   334   420   330   426 0.79 -
scaffold255:124337-126211 -            625 29135at147550        -            393   0.00093   16.2   2.5   4   4     0.087       7.4    3.4   0.0   145   170   475   500   463   560 0.77 -
scaffold687:37237-38688   -            465 29135at147550        -            393   0.00097   16.2   0.2   1   3   0.00032     0.027   11.4   0.0   143   193    28    78    17   108 0.84 -
scaffold687:37237-38688   -            465 29135at147550        -            393   0.00097   16.2   0.2   2   3       8.5   7.2e+02   -3.2   0.0   138   158   214   234   181   243 0.47 -
scaffold687:37237-38688   -            465 29135at147550        -            393   0.00097   16.2   0.2   3   3       0.3        25    1.6   0.0   105   121   325   341   275   348 0.58 -
scaffold479:74407-77248   -            836 29135at147550        -            393   0.00098   16.2   0.0   1   1   2.9e-05    0.0024   14.8   0.0   108   293    58   248    31   267 0.76 -
scaffold50:560692-561832  -            356 29135at147550        -            393    0.0029   14.6   0.0   1   2    0.0056      0.48    7.3   0.0   184   273    28   122    22   131 0.64 -
scaffold50:560692-561832  -            356 29135at147550        -            393    0.0029   14.6   0.0   2   2     0.025       2.1    5.2   0.0    26    56   235   265   227   293 0.86 -
scaffold501:15617-17502   -            609 29135at147550        -            393    0.0058   13.6   4.1   1   2    0.0068      0.58    7.0   0.4   110   169   392   450   382   459 0.89 -
scaffold501:15617-17502   -            609 29135at147550        -            393    0.0058   13.6   4.1   2   2    0.0085      0.72    6.7   0.1   136   197   460   523   456   533 0.85 -
scaffold71:316993-321694  -           1546 29135at147550        -            393     0.012   12.6   0.0   1   2   0.00044     0.038   10.9   0.0    25    54  1115  1144  1103  1167 0.83 -
scaffold71:316993-321694  -           1546 29135at147550        -            393     0.012   12.6   0.0   2   2       5.1   4.4e+02   -2.4   0.0   154   174  1419  1439  1413  1446 0.64 -
scaffold66:5930-6604      -            225 29135at147550        -            393     0.012   12.5   0.1   1   1    0.0009     0.077    9.9   0.1   141   180   100   138    77   225 0.77 -
scaffold639:53258-54412   -            385 29135at147550        -            393     0.016   12.1   0.2   1   2     0.078       6.6    3.6   0.0   128   174    83   129    76   154 0.84 -
scaffold639:53258-54412   -            385 29135at147550        -            393     0.016   12.1   0.2   2   2     0.012         1    6.2   0.1   127   167   325   365   312   376 0.87 -
scaffold269:73282-75225   -            582 29135at147550        -            393     0.031   11.2   0.8   1   3       3.4   2.9e+02   -1.9   0.0   145   173   298   326   287   332 0.79 -
scaffold269:73282-75225   -            582 29135at147550        -            393     0.031   11.2   0.8   2   3     0.036       3.1    4.6   0.1   232   277   357   401   343   417 0.85 -
scaffold269:73282-75225   -            582 29135at147550        -            393     0.031   11.2   0.8   3   3     0.088       7.5    3.4   0.0   150   192   524   566   514   578 0.76 -
scaffold687:30891-38688   -           2204 29135at147550        -            393      0.04   10.8   0.1   1   2    0.0023       0.2    8.6   0.0   143   193    28    78    18    89 0.81 -
scaffold687:30891-38688   -           2204 29135at147550        -            393      0.04   10.8   0.1   2   2       2.1   1.8e+02   -1.2   0.0   105   123   322   340   277   344 0.60 -
scaffold143:178879-181985 -            991 29135at147550        -            393     0.056   10.4   1.9   1   3       2.1   1.7e+02   -1.1   0.0   273   293   122   142   111   175 0.77 -
scaffold143:178879-181985 -            991 29135at147550        -            393     0.056   10.4   1.9   2   3       7.1     6e+02   -2.9   0.1   151   172   331   353   327   372 0.75 -
scaffold143:178879-181985 -            991 29135at147550        -            393     0.056   10.4   1.9   3   3    0.0021      0.18    8.7   0.2   123   283   532   696   513   725 0.72 -
scaffold410:104282-105569 -            373 29135at147550        -            393      0.11    9.3   2.2   1   2     0.042       3.5    4.4   0.1   226   247   113   134   100   180 0.80 -
scaffold410:104282-105569 -            373 29135at147550        -            393      0.11    9.3   2.2   2   2      0.31        26    1.6   0.3   129   169   328   370   248   372 0.58 -
#
# Program:         hmmsearch
# Version:         3.1b2 (February 2015)
# Pipeline mode:   SEARCH
# Query file:      /pickett_shared/projects/lwy647/discula_draft_assembly/busco_downloads/lineages/sordariomycetes_odb10/hmms/29135at147550.hmm
# Target file:     /pickett_shared/projects/lwy647/discula_draft_assembly/discula70_53.scafSeq.BUSCO/run_sordariomycetes_odb10/metaeuk_output/initial_results/discula70_53.scafSeq.modified.fas
# Option settings: hmmsearch --domtblout /pickett_shared/projects/lwy647/discula_draft_assembly/discula70_53.scafSeq.BUSCO/run_sordariomycetes_odb10/hmmer_output/initial_run_results/29135at147550.out --cpu 1 /pickett_shared/projects/lwy647/discula_draft_assembly/busco_downloads/lineages/sordariomycetes_odb10/hmms/29135at147550.hmm /pickett_shared/projects/lwy647/discula_draft_assembly/discula70_53.scafSeq.BUSCO/run_sordariomycetes_odb10/metaeuk_output/initial_results/discula70_53.scafSeq.modified.fas 
# Current dir:     /pickett_shared/projects/lwy647/discula_draft_assembly
# Date:            Thu Aug 31 18:11:46 2023
# [ok]
