#                                                                                 --- full sequence --- -------------- this domain -------------   hmm coord   ali coord   env coord
# target name             accession   tlen query name           accession   qlen   E-value  score  bias   #  of  c-Evalue  i-Evalue  score  bias  from    to  from    to  from    to  acc description of target
#     ------------------- ---------- ----- -------------------- ---------- ----- --------- ------ ----- --- --- --------- --------- ------ ----- ----- ----- ----- ----- ----- ----- ---- ---------------------
scaffold481:28703-30805   -            701 29505at147550        -            502  2.9e-223  740.1  20.5   1   4      0.63        85   -0.4   0.0     1    16     1    16     1    44 0.61 -
scaffold481:28703-30805   -            701 29505at147550        -            502  2.9e-223  740.1  20.5   2   4     7e-07   9.4e-05   19.2   0.2    32    56   102   126    78   137 0.80 -
scaffold481:28703-30805   -            701 29505at147550        -            502  2.9e-223  740.1  20.5   3   4   2.5e-45   3.4e-43  146.0   1.3    46   176   141   295   126   298 0.83 -
scaffold481:28703-30805   -            701 29505at147550        -            502  2.9e-223  740.1  20.5   4   4  3.4e-177  4.6e-175  581.0   5.4   173   498   329   684   323   688 0.92 -
scaffold115:178419-181611 -           1008 29505at147550        -            502   5.6e-46  155.2   0.0   1   1   7.7e-48     1e-45  154.3   0.0    72   426   384   746   362   809 0.83 -
scaffold5:7385-8836       -            484 29505at147550        -            502   1.6e-44  150.5   0.6   1   1   3.8e-46   5.2e-44  148.7   0.6    67   410     1   374     1   419 0.75 -
scaffold186:67992-69092   -            367 29505at147550        -            502   2.1e-44  150.0   2.5   1   2   1.6e-24   2.1e-22   77.5   0.2    71   271     3   218     1   233 0.81 -
scaffold186:67992-69092   -            367 29505at147550        -            502   2.1e-44  150.0   2.5   2   2     4e-23   5.4e-21   72.8   0.1   335   423   272   359   242   365 0.95 -
scaffold255:119134-121303 -            683 29505at147550        -            502   2.9e-43  146.3   0.0   1   1   9.2e-45   1.2e-42  144.2   0.0    75   425   197   566   185   577 0.80 -
scaffold64:254731-256409  -            394 29505at147550        -            502   4.4e-43  145.7   0.0   1   1   4.7e-45   6.3e-43  145.2   0.0    60   413    38   394    21   394 0.81 -
scaffold368:47411-48718   -            398 29505at147550        -            502   8.4e-43  144.7   0.8   1   1   1.4e-44   1.9e-42  143.6   0.8    81   424    37   378    22   384 0.86 -
scaffold70:120389-121809  -            435 29505at147550        -            502   1.3e-42  144.1   0.2   1   1   1.4e-44   1.9e-42  143.6   0.2    54   414    16   381     8   398 0.82 -
scaffold256:142216-143823 -            536 29505at147550        -            502   2.5e-41  139.9   2.7   1   3     1e-15   1.4e-13   48.3   0.0    58   155    27   130    18   145 0.88 -
scaffold256:142216-143823 -            536 29505at147550        -            502   2.5e-41  139.9   2.7   2   3   5.6e-07   7.6e-05   19.5   0.1   175   218   211   258   206   304 0.87 -
scaffold256:142216-143823 -            536 29505at147550        -            502   2.5e-41  139.9   2.7   3   3   1.6e-22   2.1e-20   70.8   0.2   300   407   427   531   418   536 0.84 -
scaffold110:175563-177944 -            728 29505at147550        -            502   2.5e-40  136.6   0.2   1   2   3.1e-20   4.2e-18   63.3   0.0    73   225   178   354   169   364 0.77 -
scaffold110:175563-177944 -            728 29505at147550        -            502   2.5e-40  136.6   0.2   2   2   1.9e-22   2.5e-20   70.6   0.6   335   474   485   628   456   655 0.76 -
scaffold337:21815-23932   -            706 29505at147550        -            502   3.9e-40  135.9   0.0   1   2   1.6e-19   2.2e-17   60.9   0.0    72   225   291   464   258   471 0.79 -
scaffold337:21815-23932   -            706 29505at147550        -            502   3.9e-40  135.9   0.0   2   2   4.9e-23   6.6e-21   72.5   0.0   227   431   490   682   476   690 0.87 -
scaffold226:27268-28966   -            526 29505at147550        -            502   1.8e-39  133.8   0.0   1   2   1.5e-27   2.1e-25   87.4   0.0    56   254    43   254    33   261 0.79 -
scaffold226:27268-28966   -            526 29505at147550        -            502   1.8e-39  133.8   0.0   2   2   1.6e-14   2.2e-12   44.4   0.0   335   423   325   413   295   425 0.90 -
scaffold16:31974-34111    -            648 29505at147550        -            502   6.6e-39  131.9   0.0   1   1   4.9e-41   6.6e-39  131.9   0.0    86   420   234   595   224   624 0.78 -
scaffold50:85198-86547    -            372 29505at147550        -            502   5.9e-38  128.8   1.1   1   1   9.5e-40   1.3e-37  127.7   1.1    69   425    11   354     3   360 0.85 -
scaffold18:26481-27964    -            451 29505at147550        -            502   6.1e-38  128.7   0.3   1   1   1.9e-39   2.6e-37  126.7   0.3    70   411     3   342     1   348 0.81 -
scaffold47:13940-15391    -            484 29505at147550        -            502   1.5e-37  127.4   0.1   1   1   1.5e-38   2.1e-36  123.7   0.1    70   417    11   354     4   381 0.80 -
scaffold105:63733-65369   -            524 29505at147550        -            502     2e-37  127.0   0.1   1   2   1.2e-12   1.6e-10   38.2   0.0    67   211   101   261    93   276 0.78 -
scaffold105:63733-65369   -            524 29505at147550        -            502     2e-37  127.0   0.1   2   2   3.1e-27   4.2e-25   86.4   0.4   333   426   381   473   354   508 0.91 -
scaffold197:48875-50660   -            572 29505at147550        -            502     3e-37  126.4   0.0   1   1   2.4e-38   3.2e-36  123.0   0.0    62   421    71   466    41   471 0.77 -
scaffold410:44573-47406   -            926 29505at147550        -            502   7.2e-37  125.2   0.3   1   2   2.1e-22   2.9e-20   70.4   0.0    64   251    81   281    49   327 0.80 -
scaffold410:44573-47406   -            926 29505at147550        -            502   7.2e-37  125.2   0.3   2   2   4.9e-17   6.6e-15   52.7   0.1   336   406   387   457   364   474 0.89 -
scaffold452:99620-101899  -            760 29505at147550        -            502   7.1e-36  121.9   0.1   1   1   2.7e-37   3.6e-35  119.6   0.1    77   409    17   354     5   405 0.81 -
scaffold14:142476-143887  -            410 29505at147550        -            502   1.4e-34  117.6   0.0   1   2   1.3e-08   1.8e-06   24.9   0.0    63   136    14    83     2    89 0.83 -
scaffold14:142476-143887  -            410 29505at147550        -            502   1.4e-34  117.6   0.0   2   2   2.3e-28   3.2e-26   90.1   0.0   142   417   110   388   102   399 0.79 -
scaffold14:157573-159729  -            433 29505at147550        -            502   5.6e-34  115.6   0.1   1   1   8.4e-35   1.1e-32  111.3   0.1    70   416    51   400    46   410 0.81 -
scaffold295:18956-20835   -            607 29505at147550        -            502   5.7e-34  115.6   0.1   1   2   1.4e-14   1.9e-12   44.6   0.0    80   156    20   100     3   106 0.84 -
scaffold295:18956-20835   -            607 29505at147550        -            502   5.7e-34  115.6   0.1   2   2   7.4e-22     1e-19   68.6   0.0   179   415   160   400   155   438 0.79 -
scaffold19:62240-64384    -            715 29505at147550        -            502     9e-31  105.1   0.0   1   2   3.1e-17   4.2e-15   53.4   0.0    68   234    48   245    36   250 0.77 -
scaffold19:62240-64384    -            715 29505at147550        -            502     9e-31  105.1   0.0   2   2   5.5e-16   7.4e-14   49.3   0.0   335   411   408   485   315   499 0.89 -
scaffold213:12318-13703   -            462 29505at147550        -            502   1.8e-27   94.2   1.3   1   3   0.00066     0.089    9.4   0.0   108   131    62    85    57   112 0.81 -
scaffold213:12318-13703   -            462 29505at147550        -            502   1.8e-27   94.2   1.3   2   3   1.4e-11   1.8e-09   34.8   0.0   141   257   131   263   126   273 0.76 -
scaffold213:12318-13703   -            462 29505at147550        -            502   1.8e-27   94.2   1.3   3   3   3.8e-15   5.2e-13   46.5   0.8   341   415   375   449   368   460 0.84 -
scaffold189:75548-78865   -           1106 29505at147550        -            502   8.1e-11   39.2   0.0   1   2    0.0019      0.26    7.9   0.0   110   246   168   314   159   322 0.69 -
scaffold189:75548-78865   -           1106 29505at147550        -            502   8.1e-11   39.2   0.0   2   2   1.1e-09   1.5e-07   28.5   0.0   341   408   562   628   557   647 0.87 -
scaffold71:392505-398463  -           1968 29505at147550        -            502     1e-10   38.9   1.3   1   4   1.5e-06    0.0002   18.1   0.2    86   214   273   431   262   472 0.66 -
scaffold71:392505-398463  -           1968 29505at147550        -            502     1e-10   38.9   1.3   2   4      0.16        22    1.5   0.0   335   380   591   636   587   690 0.89 -
scaffold71:392505-398463  -           1968 29505at147550        -            502     1e-10   38.9   1.3   3   4   0.00014     0.018   11.7   0.0    81   188  1130  1244  1110  1307 0.75 -
scaffold71:392505-398463  -           1968 29505at147550        -            502     1e-10   38.9   1.3   4   4      0.11        14    2.1   0.0   335   376  1429  1470  1416  1525 0.78 -
scaffold343:117910-119514 -            535 29505at147550        -            502   1.4e-08   31.9   0.4   1   2   2.3e-08   3.1e-06   24.1   0.2   107   240    54   203    28   220 0.64 -
scaffold343:117910-119514 -            535 29505at147550        -            502   1.4e-08   31.9   0.4   2   2    0.0084       1.1    5.8   0.0   335   392   328   389   315   418 0.74 -
scaffold115:211396-218034 -           2213 29505at147550        -            502   4.2e-08   30.3   0.0   1   3   2.3e-07   3.1e-05   20.8   0.0    96   210   539   674   529   709 0.72 -
scaffold115:211396-218034 -           2213 29505at147550        -            502   4.2e-08   30.3   0.0   2   3     0.041       5.6    3.5   0.0   338   374   841   877   836   886 0.90 -
scaffold115:211396-218034 -           2213 29505at147550        -            502   4.2e-08   30.3   0.0   3   3      0.15        20    1.7   0.0    94   164  1388  1457  1366  1519 0.67 -
scaffold495:124177-125946 -            590 29505at147550        -            502   5.4e-08   29.9   0.6   1   2   4.2e-05    0.0056   13.4   0.1   108   161    35    86    27   152 0.69 -
scaffold495:124177-125946 -            590 29505at147550        -            502   5.4e-08   29.9   0.6   2   2   1.7e-05    0.0023   14.7   0.1   333   403   511   582   500   587 0.81 -
scaffold580:52864-58577   -           1887 29505at147550        -            502   1.8e-05   21.6   0.0   1   2     0.052         7    3.2   0.0    93   151   970  1024   924  1076 0.70 -
scaffold580:52864-58577   -           1887 29505at147550        -            502   1.8e-05   21.6   0.0   2   2   6.7e-06    0.0009   16.0   0.0   338   424  1223  1308  1215  1339 0.82 -
scaffold742:15512-21019   -            697 29505at147550        -            502   6.8e-05   19.7   0.0   1   1   7.6e-07    0.0001   19.1   0.0   338   444   240   348   226   361 0.76 -
scaffold798:3640-4677     -            346 29505at147550        -            502    0.0012   15.6   0.0   1   2      0.56        76   -0.2   0.0   104   127    43    66    34   160 0.80 -
scaffold798:3640-4677     -            346 29505at147550        -            502    0.0012   15.6   0.0   2   2   4.8e-05    0.0065   13.2   0.0   343   407   274   339   267   345 0.85 -
scaffold71:568600-572208  -           1203 29505at147550        -            502    0.0086   12.8   0.2   1   2      0.14        19    1.8   0.0   102   160   437   493   378   498 0.79 -
scaffold71:568600-572208  -           1203 29505at147550        -            502    0.0086   12.8   0.2   2   2    0.0012      0.17    8.5   0.2   332   405   699   772   665   779 0.85 -
#
# Program:         hmmsearch
# Version:         3.1b2 (February 2015)
# Pipeline mode:   SEARCH
# Query file:      /pickett_shared/projects/lwy647/discula_draft_assembly/busco_downloads/lineages/sordariomycetes_odb10/hmms/29505at147550.hmm
# Target file:     /pickett_shared/projects/lwy647/discula_draft_assembly/discula70_53.scafSeq.BUSCO/run_sordariomycetes_odb10/metaeuk_output/initial_results/discula70_53.scafSeq.modified.fas
# Option settings: hmmsearch --domtblout /pickett_shared/projects/lwy647/discula_draft_assembly/discula70_53.scafSeq.BUSCO/run_sordariomycetes_odb10/hmmer_output/initial_run_results/29505at147550.out --cpu 1 /pickett_shared/projects/lwy647/discula_draft_assembly/busco_downloads/lineages/sordariomycetes_odb10/hmms/29505at147550.hmm /pickett_shared/projects/lwy647/discula_draft_assembly/discula70_53.scafSeq.BUSCO/run_sordariomycetes_odb10/metaeuk_output/initial_results/discula70_53.scafSeq.modified.fas 
# Current dir:     /pickett_shared/projects/lwy647/discula_draft_assembly
# Date:            Thu Aug 31 18:11:48 2023
# [ok]
