#                                                                                 --- full sequence --- -------------- this domain -------------   hmm coord   ali coord   env coord
# target name             accession   tlen query name           accession   qlen   E-value  score  bias   #  of  c-Evalue  i-Evalue  score  bias  from    to  from    to  from    to  acc description of target
#     ------------------- ---------- ----- -------------------- ---------- ----- --------- ------ ----- --- --- --------- --------- ------ ----- ----- ----- ----- ----- ----- ----- ---- ---------------------
scaffold493:61-2335       -            699 29636at147550        -            465  2.9e-213  706.8   0.2   1   2    8e-168  1.2e-165  549.8   0.1     4   362    83   505    80   513 0.88 -
scaffold493:61-2335       -            699 29636at147550        -            465  2.9e-213  706.8   0.2   2   2   2.1e-46   3.1e-44  149.5   0.0   355   462   585   698   570   699 0.93 -
scaffold746:18659-20732   -            675 29636at147550        -            465   2.1e-14   51.2   4.4   1   1   2.1e-16     3e-14   50.6   4.4    42    89   249   300   225   314 0.75 -
scaffold454:25340-27948   -            808 29636at147550        -            465   3.2e-10   37.4   2.2   1   3   8.7e-07   0.00013   18.9   3.3    48    91    15    58     3    69 0.88 -
scaffold454:25340-27948   -            808 29636at147550        -            465   3.2e-10   37.4   2.2   2   3      0.12        18    1.9   0.0   117   164   348   397   305   416 0.81 -
scaffold454:25340-27948   -            808 29636at147550        -            465   3.2e-10   37.4   2.2   3   3   0.00016     0.023   11.5   0.0   385   438   713   769   700   776 0.89 -
scaffold9:287651-289091   -            400 29636at147550        -            465   1.2e-09   35.5   0.0   1   1   1.2e-11   1.7e-09   35.0   0.0    58   168     1   114     1   199 0.63 -
scaffold27:76414-79350    -            891 29636at147550        -            465   7.5e-09   32.9   5.1   1   1   7.9e-11   1.2e-08   32.2   5.1    55    90     1    36     1    40 0.97 -
scaffold483:19352-21683   -            714 29636at147550        -            465   7.3e-08   29.6   9.5   1   2   1.8e-09   2.7e-07   27.7   6.1    44    96    49    99    14   128 0.74 -
scaffold483:19352-21683   -            714 29636at147550        -            465   7.3e-08   29.6   9.5   2   2     0.064       9.5    2.8   0.1   116   182   296   367   281   439 0.59 -
scaffold535:224257-226735 -            463 29636at147550        -            465   1.8e-07   28.3   7.3   1   1   2.3e-09   3.4e-07   27.4   7.3    45    83     3    41     2    53 0.93 -
scaffold528:45507-47776   -            729 29636at147550        -            465   3.2e-07   27.5   8.0   1   1   4.7e-09   6.9e-07   26.4   8.0    40    83    31    74    19    78 0.89 -
scaffold197:56988-60258   -           1056 29636at147550        -            465   7.7e-07   26.2   1.5   1   1   8.4e-09   1.2e-06   25.5   1.5    45    84    82   121    72   147 0.80 -
scaffold577:16582-18893   -            648 29636at147550        -            465   9.3e-07   26.0   8.9   1   1     1e-08   1.5e-06   25.3   8.9    24    83    21    80     6    96 0.81 -
scaffold476:65696-67477   -            594 29636at147550        -            465   2.6e-06   24.5   3.9   1   1   2.6e-08   3.9e-06   23.9   3.9    52   104     1    53     1    75 0.88 -
scaffold322:239281-242127 -            900 29636at147550        -            465   1.2e-05   22.3   4.9   1   2   7.9e-08   1.2e-05   22.3   4.9    32    74     5    46     1    97 0.62 -
scaffold322:239281-242127 -            900 29636at147550        -            465   1.2e-05   22.3   4.9   2   2      0.89   1.3e+02   -0.9   0.0   337   375   497   537   459   568 0.65 -
scaffold170:62163-63566   -            468 29636at147550        -            465   2.6e-05   21.2   7.7   1   2   9.9e-07   0.00015   18.7   7.5    46    80     5    39     1    52 0.90 -
scaffold170:62163-63566   -            468 29636at147550        -            465   2.6e-05   21.2   7.7   2   2       0.4        60    0.2   0.0    95   164   162   238   155   258 0.65 -
scaffold140:60189-63462   -           1015 29636at147550        -            465   6.1e-05   20.0   1.7   1   1   6.9e-07    0.0001   19.2   1.7    48    84    68   104    53   129 0.85 -
scaffold50:549747-551327  -            527 29636at147550        -            465   0.00027   17.8   4.4   1   1   2.7e-06    0.0004   17.3   4.4    50   107     5    64     2    71 0.73 -
scaffold760:21098-22519   -            474 29636at147550        -            465    0.0006   16.7   2.9   1   2   0.00082      0.12    9.1   1.6    50    99    23    71     5    80 0.79 -
scaffold760:21098-22519   -            474 29636at147550        -            465    0.0006   16.7   2.9   2   2    0.0047      0.69    6.6   0.0   282   335   392   446   388   454 0.88 -
scaffold639:26420-27814   -            465 29636at147550        -            465    0.0007   16.5   9.2   1   1   7.7e-06    0.0011   15.8   9.2    47    77     3    33     1    36 0.89 -
scaffold721:84601-86052   -            484 29636at147550        -            465    0.0023   14.8   1.3   1   2    0.0078       1.2    5.9   0.1    61    80     2    21     1    36 0.91 -
scaffold721:84601-86052   -            484 29636at147550        -            465    0.0023   14.8   1.3   2   2    0.0019      0.29    7.9   0.1   147   185   133   171    95   195 0.79 -
scaffold218:61800-63176   -            459 29636at147550        -            465    0.0051   13.6  19.2   1   2   9.9e-05     0.015   12.1   5.3    50    79     5    34     1    39 0.86 -
scaffold218:61800-63176   -            459 29636at147550        -            465    0.0051   13.6  19.2   2   2    0.0028      0.41    7.3   6.0    46    79    78   111    72   123 0.88 -
scaffold578:6333-9037     -            748 29636at147550        -            465     0.012   12.4   5.0   1   1   0.00014      0.02   11.7   5.0    45    75    30    59    21    78 0.83 -
scaffold216:11618-14635   -            985 29636at147550        -            465     0.033   11.0   5.5   1   1   0.00036     0.053   10.3   5.5    49    79   107   137    84   156 0.86 -
scaffold27:249960-252989  -            784 29636at147550        -            465     0.036   10.8   5.7   1   1   0.00037     0.054   10.2   5.7    47    80     7    36     1    56 0.87 -
scaffold437:54132-55776   -            532 29636at147550        -            465      0.26    8.0   2.7   1   1    0.0035      0.52    7.0   2.7    56    79     1    24     1    32 0.90 -
scaffold492:15009-16496   -            496 29636at147550        -            465      0.31    7.7   6.1   1   1    0.0034       0.5    7.1   6.1    47    74     9    35     2    45 0.78 -
scaffold746:10845-12510   -            528 29636at147550        -            465      0.39    7.4   6.5   1   1    0.0043      0.63    6.7   6.5    43    73    10    39     2    48 0.80 -
scaffold126:70381-73658   -           1076 29636at147550        -            465      0.51    7.0   4.7   1   1     0.005      0.75    6.5   4.7    47    98    25    82    21    88 0.77 -
scaffold513:611-3727      -            930 29636at147550        -            465      0.62    6.8   4.1   1   1    0.0068         1    6.1   4.1    45    79    17    51     6    67 0.83 -
scaffold40:123144-124361  -            406 29636at147550        -            465      0.86    6.3   4.2   1   1    0.0081       1.2    5.8   4.2    49   109     4    66     1    71 0.72 -
scaffold733:5736-8369     -            878 29636at147550        -            465      0.96    6.1   7.6   1   1     0.012       1.7    5.3   7.6    46    85   137   177   125   192 0.80 -
scaffold5:24240-25856     -            539 29636at147550        -            465       1.1    5.9   5.4   1   1     0.013       1.9    5.2   5.4    43    80     7    43     3    66 0.84 -
scaffold27:407217-410186  -            702 29636at147550        -            465       1.7    5.3   5.8   1   1     0.024       3.5    4.3   5.8    43    76     5    40     1    45 0.82 -
#
# Program:         hmmsearch
# Version:         3.1b2 (February 2015)
# Pipeline mode:   SEARCH
# Query file:      /pickett_shared/projects/lwy647/discula_draft_assembly/busco_downloads/lineages/sordariomycetes_odb10/hmms/29636at147550.hmm
# Target file:     /pickett_shared/projects/lwy647/discula_draft_assembly/discula70_53.scafSeq.BUSCO/run_sordariomycetes_odb10/metaeuk_output/initial_results/discula70_53.scafSeq.modified.fas
# Option settings: hmmsearch --domtblout /pickett_shared/projects/lwy647/discula_draft_assembly/discula70_53.scafSeq.BUSCO/run_sordariomycetes_odb10/hmmer_output/initial_run_results/29636at147550.out --cpu 1 /pickett_shared/projects/lwy647/discula_draft_assembly/busco_downloads/lineages/sordariomycetes_odb10/hmms/29636at147550.hmm /pickett_shared/projects/lwy647/discula_draft_assembly/discula70_53.scafSeq.BUSCO/run_sordariomycetes_odb10/metaeuk_output/initial_results/discula70_53.scafSeq.modified.fas 
# Current dir:     /pickett_shared/projects/lwy647/discula_draft_assembly
# Date:            Thu Aug 31 18:11:49 2023
# [ok]
