#                                                                                 --- full sequence --- -------------- this domain -------------   hmm coord   ali coord   env coord
# target name             accession   tlen query name           accession   qlen   E-value  score  bias   #  of  c-Evalue  i-Evalue  score  bias  from    to  from    to  from    to  acc description of target
#     ------------------- ---------- ----- -------------------- ---------- ----- --------- ------ ----- --- --- --------- --------- ------ ----- ----- ----- ----- ----- ----- ----- ---- ---------------------
scaffold351:120434-122051 -            476 30482at147550        -            392  1.6e-189  627.8   0.1   1   2   7.1e-97   1.1e-93  312.3   0.0     2   191     1   210     1   216 0.92 -
scaffold351:120434-122051 -            476 30482at147550        -            392  1.6e-189  627.8   0.1   2   2   2.6e-97   3.9e-94  313.7   0.0   192   392   230   451   225   451 0.93 -
scaffold204:172955-174471 -            485 30482at147550        -            392   5.5e-08   30.1   0.1   1   2   4.6e-05     0.071   10.0   0.0   100   167   148   222    39   236 0.77 -
scaffold204:172955-174471 -            485 30482at147550        -            392   5.5e-08   30.1   0.1   2   2   2.1e-07   0.00033   17.7   0.0   270   309   366   405   346   435 0.83 -
scaffold100:61562-62596   -            345 30482at147550        -            392   0.00089   16.3   0.1   1   3     0.021        32    1.3   0.0     4    24     2    22     1    52 0.72 -
scaffold100:61562-62596   -            345 30482at147550        -            392   0.00089   16.3   0.1   2   3      0.11   1.7e+02   -1.1   0.0   149   167   155   173   117   179 0.85 -
scaffold100:61562-62596   -            345 30482at147550        -            392   0.00089   16.3   0.1   3   3   1.5e-05     0.023   11.6   0.0   276   304   285   313   274   344 0.79 -
#
# Program:         hmmsearch
# Version:         3.1b2 (February 2015)
# Pipeline mode:   SEARCH
# Query file:      /pickett_shared/projects/lwy647/discula_draft_assembly/busco_downloads/lineages/sordariomycetes_odb10/hmms/30482at147550.hmm
# Target file:     /pickett_shared/projects/lwy647/discula_draft_assembly/discula70_53.scafSeq.BUSCO/run_sordariomycetes_odb10/metaeuk_output/initial_results/discula70_53.scafSeq.modified.fas
# Option settings: hmmsearch --domtblout /pickett_shared/projects/lwy647/discula_draft_assembly/discula70_53.scafSeq.BUSCO/run_sordariomycetes_odb10/hmmer_output/initial_run_results/30482at147550.out --cpu 1 /pickett_shared/projects/lwy647/discula_draft_assembly/busco_downloads/lineages/sordariomycetes_odb10/hmms/30482at147550.hmm /pickett_shared/projects/lwy647/discula_draft_assembly/discula70_53.scafSeq.BUSCO/run_sordariomycetes_odb10/metaeuk_output/initial_results/discula70_53.scafSeq.modified.fas 
# Current dir:     /pickett_shared/projects/lwy647/discula_draft_assembly
# Date:            Thu Aug 31 18:11:43 2023
# [ok]
