#                                                                               --- full sequence --- -------------- this domain -------------   hmm coord   ali coord   env coord
# target name           accession   tlen query name           accession   qlen   E-value  score  bias   #  of  c-Evalue  i-Evalue  score  bias  from    to  from    to  from    to  acc description of target
#   ------------------- ---------- ----- -------------------- ---------- ----- --------- ------ ----- --- --- --------- --------- ------ ----- ----- ----- ----- ----- ----- ----- ---- ---------------------
scaffold9:172791-181594 -           2761 304at147550          -           2922         0 3773.2   1.2   1   2  1.1e-114  9.8e-112  372.4   0.0    48   505     1   430     1   432 0.95 -
scaffold9:172791-181594 -           2761 304at147550          -           2922         0 3773.2   1.2   2   2         0         0 3398.5   1.2   619  2922   430  2761   429  2761 0.97 -
scaffold148:34413-42142 -           2229 304at147550          -           2922   6.5e-62  207.1   4.8   1   3      0.36   3.3e+02   -4.2   0.0   472   552   555   638   547   643 0.78 -
scaffold148:34413-42142 -           2229 304at147550          -           2922   6.5e-62  207.1   4.8   2   3     0.012        11    0.6   0.8  1851  1923  1208  1279  1190  1561 0.57 -
scaffold148:34413-42142 -           2229 304at147550          -           2922   6.5e-62  207.1   4.8   3   3   1.2e-62   1.1e-59  199.7   0.1  2392  2918  1716  2225  1628  2228 0.79 -
scaffold473:13445-20743 -           2413 304at147550          -           2922   7.8e-53  177.0   2.7   1   2   1.1e-07    0.0001   17.4   0.1  2373  2456  1714  1797  1688  1855 0.78 -
scaffold473:13445-20743 -           2413 304at147550          -           2922   7.8e-53  177.0   2.7   2   2   9.5e-50   8.7e-47  156.9   0.4  2556  2834  1967  2247  1950  2253 0.87 -
scaffold216:52177-55415 -           1005 304at147550          -           2922   3.4e-12   42.2   0.0   1   1   6.3e-15   5.8e-12   41.4   0.0  2705  2818   831   947   825   989 0.82 -
scaffold164:46058-48881 -            918 304at147550          -           2922   2.3e-06   22.8   0.0   1   2   0.00029      0.26    6.0   0.1  2580  2647   653   715   629   721 0.86 -
scaffold164:46058-48881 -            918 304at147550          -           2922   2.3e-06   22.8   0.0   2   2   7.5e-07   0.00069   14.6   0.0  2722  2817   756   849   740   856 0.88 -
#
# Program:         hmmsearch
# Version:         3.1b2 (February 2015)
# Pipeline mode:   SEARCH
# Query file:      /pickett_shared/projects/lwy647/discula_draft_assembly/busco_downloads/lineages/sordariomycetes_odb10/hmms/304at147550.hmm
# Target file:     /pickett_shared/projects/lwy647/discula_draft_assembly/discula70_53.scafSeq.BUSCO/run_sordariomycetes_odb10/metaeuk_output/initial_results/discula70_53.scafSeq.modified.fas
# Option settings: hmmsearch --domtblout /pickett_shared/projects/lwy647/discula_draft_assembly/discula70_53.scafSeq.BUSCO/run_sordariomycetes_odb10/hmmer_output/initial_run_results/304at147550.out --cpu 1 /pickett_shared/projects/lwy647/discula_draft_assembly/busco_downloads/lineages/sordariomycetes_odb10/hmms/304at147550.hmm /pickett_shared/projects/lwy647/discula_draft_assembly/discula70_53.scafSeq.BUSCO/run_sordariomycetes_odb10/metaeuk_output/initial_results/discula70_53.scafSeq.modified.fas 
# Current dir:     /pickett_shared/projects/lwy647/discula_draft_assembly
# Date:            Thu Aug 31 18:11:43 2023
# [ok]
