#                                                                                 --- full sequence --- -------------- this domain -------------   hmm coord   ali coord   env coord
# target name             accession   tlen query name           accession   qlen   E-value  score  bias   #  of  c-Evalue  i-Evalue  score  bias  from    to  from    to  from    to  acc description of target
#     ------------------- ---------- ----- -------------------- ---------- ----- --------- ------ ----- --- --- --------- --------- ------ ----- ----- ----- ----- ----- ----- ----- ---- ---------------------
scaffold495:60026-62657   -            662 33327at147550        -            511  5.8e-255  844.6   3.9   1   2     2e-79     2e-77  258.8   0.0     5   193    12   212     8   232 0.92 -
scaffold495:60026-62657   -            662 33327at147550        -            511  5.8e-255  844.6   3.9   2   2  1.7e-177  1.7e-175  582.4   5.3   194   511   338   661   334   661 0.97 -
scaffold746:77773-78709   -            290 33327at147550        -            511   1.4e-53  180.2   2.3   1   1     3e-55     3e-53  179.1   2.3   207   508     1   289     1   290 0.89 -
scaffold243:136861-139134 -            702 33327at147550        -            511   4.7e-34  115.7   8.8   1   5     0.082       8.3    2.8   0.2    79   140    69   128    61   143 0.75 -
scaffold243:136861-139134 -            702 33327at147550        -            511   4.7e-34  115.7   8.8   2   5     0.019       1.9    4.8   0.6    54   142   109   202    91   207 0.72 -
scaffold243:136861-139134 -            702 33327at147550        -            511   4.7e-34  115.7   8.8   3   5     0.042       4.2    3.7   0.0    44   106   208   274   202   297 0.78 -
scaffold243:136861-139134 -            702 33327at147550        -            511   4.7e-34  115.7   8.8   4   5   2.9e-17   2.9e-15   53.7   0.1   426   501   351   427   330   436 0.89 -
scaffold243:136861-139134 -            702 33327at147550        -            511   4.7e-34  115.7   8.8   5   5   1.9e-17   1.9e-15   54.4   0.1   310   503   440   630   434   637 0.83 -
scaffold50:150873-151857  -            311 33327at147550        -            511   1.9e-33  113.8   3.2   1   2     4e-22   4.1e-20   69.8   0.1   320   506     9   202     3   207 0.80 -
scaffold50:150873-151857  -            311 33327at147550        -            511   1.9e-33  113.8   3.2   2   2   1.9e-14   1.9e-12   44.4   0.4   428   505   220   305   213   310 0.73 -
scaffold383:32399-33671   -            387 33327at147550        -            511   1.1e-32  111.2   4.8   1   4   1.6e-14   1.6e-12   44.7   0.1   426   509    26   118     7   120 0.81 -
scaffold383:32399-33671   -            387 33327at147550        -            511   1.1e-32  111.2   4.8   2   4      0.15        15    1.9   0.0   430   457   135   162   117   170 0.68 -
scaffold383:32399-33671   -            387 33327at147550        -            511   1.1e-32  111.2   4.8   3   4   1.3e-13   1.3e-11   41.7   0.1   359   452   192   284   185   291 0.90 -
scaffold383:32399-33671   -            387 33327at147550        -            511   1.1e-32  111.2   4.8   4   4   9.3e-08   9.5e-06   22.4   0.0   457   507   325   375   298   379 0.82 -
scaffold249:67870-68960   -            341 33327at147550        -            511   4.9e-31  105.8   0.6   1   3   0.00053     0.054   10.0   0.0   323   355    28    60    21    76 0.81 -
scaffold249:67870-68960   -            341 33327at147550        -            511   4.9e-31  105.8   0.6   2   3   2.4e-10   2.4e-08   30.9   0.0   471   509    91   129    78   131 0.89 -
scaffold249:67870-68960   -            341 33327at147550        -            511   4.9e-31  105.8   0.6   3   3   8.4e-19   8.5e-17   58.8   0.3   315   503   140   341   132   341 0.83 -
scaffold410:84210-85462   -            395 33327at147550        -            511     2e-30  103.7   3.1   1   3   7.7e-16   7.8e-14   49.0   0.0   208   354    70   203    50   216 0.81 -
scaffold410:84210-85462   -            395 33327at147550        -            511     2e-30  103.7   3.1   2   3    0.0047      0.48    6.8   0.1   356   397   232   273   225   289 0.84 -
scaffold410:84210-85462   -            395 33327at147550        -            511     2e-30  103.7   3.1   3   3   3.7e-15   3.8e-13   46.8   0.1   309   403   300   393   288   394 0.88 -
scaffold165:24829-25983   -            366 33327at147550        -            511   7.5e-29   98.6   0.3   1   2       0.6        61   -0.1   0.1   303   336     4    37     1    39 0.85 -
scaffold165:24829-25983   -            366 33327at147550        -            511   7.5e-29   98.6   0.3   2   2   7.4e-31   7.5e-29   98.6   0.3   238   507    84   350    68   354 0.84 -
scaffold125:148762-150125 -            279 33327at147550        -            511   8.1e-25   85.3   0.2   1   3   9.2e-07   9.4e-05   19.1   0.0   448   494    19    64     9    78 0.89 -
scaffold125:148762-150125 -            279 33327at147550        -            511   8.1e-25   85.3   0.2   2   3   1.2e-10   1.2e-08   31.9   0.0   424   488    93   154    82   158 0.89 -
scaffold125:148762-150125 -            279 33327at147550        -            511   8.1e-25   85.3   0.2   3   3   2.2e-10   2.2e-08   31.1   0.0   419   504   182   269   170   275 0.84 -
scaffold107:316207-317403 -            336 33327at147550        -            511   8.2e-25   85.3   4.1   1   3     5e-09   5.1e-07   26.5   0.3   312   389    40   114    26   134 0.80 -
scaffold107:316207-317403 -            336 33327at147550        -            511   8.2e-25   85.3   4.1   2   3   1.4e-15   1.4e-13   48.2   0.0   219   346   156   280   141   288 0.84 -
scaffold107:316207-317403 -            336 33327at147550        -            511   8.2e-25   85.3   4.1   3   3   0.00029     0.029   10.9   0.1   255   303   285   333   280   336 0.90 -
scaffold256:156532-157695 -            291 33327at147550        -            511   4.9e-24   82.7   3.7   1   1   1.3e-25   1.3e-23   81.3   3.7   210   494     2   272     1   284 0.83 -
scaffold250:176405-177698 -            413 33327at147550        -            511   1.8e-22   77.5   0.1   1   3    0.0003     0.031   10.8   0.0   304   352     8    56     4    88 0.81 -
scaffold250:176405-177698 -            413 33327at147550        -            511   1.8e-22   77.5   0.1   2   3   2.5e-05    0.0026   14.3   0.0   457   503   119   165   110   178 0.88 -
scaffold250:176405-177698 -            413 33327at147550        -            511   1.8e-22   77.5   0.1   3   3   1.5e-15   1.6e-13   48.0   0.0   314   509   180   400   176   402 0.74 -
scaffold67:39412-40320    -            303 33327at147550        -            511   2.8e-22   76.9   4.0   1   3   5.2e-09   5.3e-07   26.5   1.7   319   430     7   101     3   105 0.88 -
scaffold67:39412-40320    -            303 33327at147550        -            511   2.8e-22   76.9   4.0   2   3   2.4e-11   2.4e-09   34.2   0.0   304   449   104   249    98   258 0.79 -
scaffold67:39412-40320    -            303 33327at147550        -            511   2.8e-22   76.9   4.0   3   3   0.00021     0.021   11.3   0.0   254   297   256   299   249   303 0.88 -
scaffold691:3808-4867     -            292 33327at147550        -            511   3.4e-22   76.6   0.1   1   2   3.6e-17   3.6e-15   53.4   0.0   315   489     2   171     1   191 0.89 -
scaffold691:3808-4867     -            292 33327at147550        -            511   3.4e-22   76.6   0.1   2   2   1.7e-07   1.7e-05   21.5   0.0   315   399   199   287   177   291 0.84 -
scaffold125:101463-102538 -            334 33327at147550        -            511   3.5e-21   73.3   1.4   1   2   3.1e-17   3.1e-15   53.6   1.6   318   494    48   220    31   238 0.83 -
scaffold125:101463-102538 -            334 33327at147550        -            511   3.5e-21   73.3   1.4   2   2   2.9e-06    0.0003   17.4   0.0   428   501   252   325   228   329 0.70 -
scaffold337:19676-20674   -            313 33327at147550        -            511   7.5e-21   72.2   0.9   1   3     5e-10   5.1e-08   29.9   0.0   425   490    16    80     2    92 0.87 -
scaffold337:19676-20674   -            313 33327at147550        -            511   7.5e-21   72.2   0.9   2   3      0.09       9.1    2.6   0.0   320   345   118   143   111   151 0.87 -
scaffold337:19676-20674   -            313 33327at147550        -            511   7.5e-21   72.2   0.9   3   3   4.9e-12     5e-10   36.5   0.5   258   401   156   308   144   311 0.85 -
scaffold261:73093-74152   -            294 33327at147550        -            511     1e-20   71.7   4.1   1   2     0.037       3.8    3.9   0.0   322   347     9    35     1    40 0.80 -
scaffold261:73093-74152   -            294 33327at147550        -            511     1e-20   71.7   4.1   2   2   1.4e-21   1.5e-19   67.9   2.2   258   507    42   292    35   294 0.81 -
scaffold199:62035-62523   -            163 33327at147550        -            511     6e-17   59.3   0.1   1   2   0.00046     0.047   10.2   0.0   240   301     2    63     1    77 0.84 -
scaffold199:62035-62523   -            163 33327at147550        -            511     6e-17   59.3   0.1   2   2   1.7e-15   1.8e-13   47.9   0.1   426   510    76   162    66   163 0.84 -
scaffold71:587740-588843  -            349 33327at147550        -            511   1.6e-16   57.9   0.7   1   3     4e-14   4.1e-12   43.4   0.0   318   505     5   186     2   192 0.85 -
scaffold71:587740-588843  -            349 33327at147550        -            511   1.6e-16   57.9   0.7   2   3   0.00024     0.024   11.1   0.1   426   453   206   233   194   251 0.84 -
scaffold71:587740-588843  -            349 33327at147550        -            511   1.6e-16   57.9   0.7   3   3      0.95        97   -0.8   0.0   233   277   275   318   261   325 0.72 -
scaffold539:47160-47918   -            253 33327at147550        -            511   2.8e-16   57.1   1.0   1   2   3.4e-05    0.0035   13.9   0.0   373   510    17   151     5   152 0.74 -
scaffold539:47160-47918   -            253 33327at147550        -            511   2.8e-16   57.1   1.0   2   2   7.6e-16   7.7e-14   49.1   0.2   307   504    56   252    41   253 0.80 -
scaffold186:16001-16857   -            269 33327at147550        -            511   7.5e-16   55.7   1.5   1   4     0.022       2.3    4.6   0.0   448   484     6    40     2    46 0.80 -
scaffold186:16001-16857   -            269 33327at147550        -            511   7.5e-16   55.7   1.5   2   4   3.2e-10   3.2e-08   30.5   0.5   366   497    28   157    21   172 0.81 -
scaffold186:16001-16857   -            269 33327at147550        -            511   7.5e-16   55.7   1.5   3   4   5.3e-05    0.0054   13.3   0.2   253   327   121   195   115   209 0.89 -
scaffold186:16001-16857   -            269 33327at147550        -            511   7.5e-16   55.7   1.5   4   4   1.2e-07   1.3e-05   22.0   0.0   459   509   215   265   184   267 0.81 -
scaffold521:1081-1482     -            134 33327at147550        -            511     2e-15   54.3   0.5   1   2   3.6e-08   3.7e-06   23.7   0.0   473   507     8    42     5    46 0.93 -
scaffold521:1081-1482     -            134 33327at147550        -            511     2e-15   54.3   0.5   2   2   8.4e-10   8.5e-08   29.1   0.1   422   488    56   125    48   130 0.79 -
scaffold66:134158-135383  -            316 33327at147550        -            511   3.5e-15   53.5   1.0   1   2   3.4e-05    0.0034   13.9   0.0   428   488    14    67     6    90 0.74 -
scaffold66:134158-135383  -            316 33327at147550        -            511   3.5e-15   53.5   1.0   2   2   1.5e-12   1.6e-10   38.1   0.3   206   403   119   311    95   315 0.80 -
scaffold97:23082-24437    -            317 33327at147550        -            511   2.5e-14   50.6   3.0   1   3   8.9e-06    0.0009   15.8   0.1   425   494    16    76     2    91 0.80 -
scaffold97:23082-24437    -            317 33327at147550        -            511   2.5e-14   50.6   3.0   2   3   2.4e-07   2.4e-05   21.0   0.4   420   507   102   185    84   188 0.79 -
scaffold97:23082-24437    -            317 33327at147550        -            511   2.5e-14   50.6   3.0   3   3   0.00016     0.017   11.7   0.0   432   492   206   267   199   284 0.80 -
scaffold407:15648-16109   -            154 33327at147550        -            511   6.2e-14   49.4   0.2   1   1   2.3e-14   2.3e-12   44.2   0.2   254   397     5   143     2   143 0.85 -
scaffold237:398-1420      -            341 33327at147550        -            511   3.5e-13   46.9   1.1   1   2   2.9e-06    0.0003   17.4   0.0   315   483     5   181     2   188 0.75 -
scaffold237:398-1420      -            341 33327at147550        -            511   3.5e-13   46.9   1.1   2   2   6.7e-09   6.9e-07   26.1   0.4   319   398   245   339   232   341 0.76 -
scaffold741:10149-13663   -            842 33327at147550        -            511   1.5e-12   44.8   6.8   1   1   1.8e-13   1.9e-11   41.2   6.7   258   509   123   364    64   366 0.85 -
scaffold116:109089-109887 -            203 33327at147550        -            511   1.5e-11   41.5   1.4   1   2   2.6e-06   0.00027   17.6   0.0    79   143    37   102    33   111 0.85 -
scaffold116:109089-109887 -            203 33327at147550        -            511   1.5e-11   41.5   1.4   2   2   7.6e-08   7.8e-06   22.6   1.1    51   139   107   193   104   201 0.77 -
scaffold289:152729-153656 -            261 33327at147550        -            511   4.2e-11   40.0   6.2   1   1     1e-11     1e-09   35.4   6.2   254   492    18   244     3   255 0.85 -
scaffold113:24486-25067   -            194 33327at147550        -            511   6.1e-11   39.5   0.3   1   2   1.5e-11   1.5e-09   34.9   0.1   321   459     1   128     1   160 0.76 -
scaffold113:24486-25067   -            194 33327at147550        -            511   6.1e-11   39.5   0.3   2   2     0.053       5.4    3.4   0.0   371   400   165   194   144   194 0.73 -
scaffold256:111763-112901 -            307 33327at147550        -            511   2.3e-10   37.6   4.5   1   2   5.9e-08     6e-06   23.0   1.1   320   498    17   197    11   208 0.76 -
scaffold256:111763-112901 -            307 33327at147550        -            511   2.3e-10   37.6   4.5   2   2   2.1e-05    0.0022   14.6   0.1   423   490   216   282   200   306 0.71 -
scaffold422:146478-147320 -            281 33327at147550        -            511   3.5e-10   37.0   0.1   1   1   1.6e-10   1.6e-08   31.5   0.1   213   493     8   281     2   281 0.73 -
scaffold50:300337-300888  -            184 33327at147550        -            511   5.2e-10   36.4   0.5   1   1     5e-10   5.1e-08   29.8   0.5   321   503     4   184     2   184 0.67 -
scaffold255:203821-204507 -            156 33327at147550        -            511     1e-09   35.5   2.1   1   2   1.2e-06   0.00012   18.7   0.1    48   142     7   102     1   113 0.79 -
scaffold255:203821-204507 -            156 33327at147550        -            511     1e-09   35.5   2.1   2   2   4.4e-06   0.00045   16.8   0.4    47    82   115   150   106   155 0.83 -
scaffold265:27886-28902   -            295 33327at147550        -            511   1.3e-08   31.8   1.9   1   1     2e-10     2e-08   31.2   1.3   254   385   152   283   103   292 0.81 -
scaffold125:106761-107413 -            183 33327at147550        -            511   6.6e-08   29.5   0.1   1   2    0.0001      0.01   12.3   0.0    68   114    19    65     7    78 0.89 -
scaffold125:106761-107413 -            183 33327at147550        -            511   6.6e-08   29.5   0.1   2   2   1.2e-05    0.0013   15.4   0.1    82   142   118   178   106   182 0.90 -
scaffold336:9804-10619    -            272 33327at147550        -            511   1.7e-07   28.1   1.2   1   2   7.1e-09   7.2e-07   26.0   0.6   335   501     4   158     1   168 0.79 -
scaffold336:9804-10619    -            272 33327at147550        -            511   1.7e-07   28.1   1.2   2   2      0.38        38    0.6   0.0   317   339   186   208   152   215 0.76 -
scaffold27:285943-286585  -            187 33327at147550        -            511   5.2e-07   26.5   1.3   1   2   2.2e-05    0.0023   14.5   0.2    83   140    64   121    38   141 0.77 -
scaffold27:285943-286585  -            187 33327at147550        -            511   5.2e-07   26.5   1.3   2   2   0.00028     0.029   10.9   0.1    77   113   142   178   139   184 0.85 -
scaffold56:148517-149755  -            291 33327at147550        -            511   2.2e-06   24.5   0.1   1   1   1.3e-07   1.3e-05   21.9   0.1   411   497   194   273    62   280 0.68 -
scaffold535:242768-243667 -            300 33327at147550        -            511   9.3e-06   22.4   1.0   1   2   1.4e-05    0.0014   15.2   0.2   422   488   176   242     5   249 0.63 -
scaffold535:242768-243667 -            300 33327at147550        -            511   9.3e-06   22.4   1.0   2   2     0.081       8.2    2.8   0.0   260   302   248   290   236   299 0.81 -
scaffold104:186076-188154 -            645 33327at147550        -            511    0.0073   12.8   0.2   1   1    0.0001      0.01   12.4   0.2    80   142   509   570   446   618 0.87 -
scaffold256:100812-101546 -            198 33327at147550        -            511    0.0074   12.8   0.1   1   1     9e-05    0.0092   12.5   0.1    46    76    85   115    42   124 0.84 -
scaffold780:35209-36144   -            291 33327at147550        -            511    0.0078   12.8   0.0   1   2    0.0038      0.39    7.1   0.0    78   121   126   169   109   178 0.90 -
scaffold780:35209-36144   -            291 33327at147550        -            511    0.0078   12.8   0.0   2   2     0.048       4.9    3.5   0.0    79   106   197   224   191   244 0.89 -
scaffold509:25152-26531   -            460 33327at147550        -            511      0.02   11.4   0.0   1   1   0.00033     0.034   10.6   0.0   205   299   185   273   128   299 0.71 -
scaffold438:3850-6513     -            888 33327at147550        -            511     0.034   10.6   0.0   1   1   0.00049      0.05   10.1   0.0    25   107   165   254   152   272 0.74 -
#
# Program:         hmmsearch
# Version:         3.1b2 (February 2015)
# Pipeline mode:   SEARCH
# Query file:      /pickett_shared/projects/lwy647/discula_draft_assembly/busco_downloads/lineages/sordariomycetes_odb10/hmms/33327at147550.hmm
# Target file:     /pickett_shared/projects/lwy647/discula_draft_assembly/discula70_53.scafSeq.BUSCO/run_sordariomycetes_odb10/metaeuk_output/initial_results/discula70_53.scafSeq.modified.fas
# Option settings: hmmsearch --domtblout /pickett_shared/projects/lwy647/discula_draft_assembly/discula70_53.scafSeq.BUSCO/run_sordariomycetes_odb10/hmmer_output/initial_run_results/33327at147550.out --cpu 1 /pickett_shared/projects/lwy647/discula_draft_assembly/busco_downloads/lineages/sordariomycetes_odb10/hmms/33327at147550.hmm /pickett_shared/projects/lwy647/discula_draft_assembly/discula70_53.scafSeq.BUSCO/run_sordariomycetes_odb10/metaeuk_output/initial_results/discula70_53.scafSeq.modified.fas 
# Current dir:     /pickett_shared/projects/lwy647/discula_draft_assembly
# Date:            Thu Aug 31 18:11:44 2023
# [ok]
