#                                                                                --- full sequence --- -------------- this domain -------------   hmm coord   ali coord   env coord
# target name            accession   tlen query name           accession   qlen   E-value  score  bias   #  of  c-Evalue  i-Evalue  score  bias  from    to  from    to  from    to  acc description of target
#    ------------------- ---------- ----- -------------------- ---------- ----- --------- ------ ----- --- --- --------- --------- ------ ----- ----- ----- ----- ----- ----- ----- ---- ---------------------
scaffold56:141556-147408 -           1951 3408at147550         -           1101         0 1123.3 163.7   1  12   2.4e-09   1.1e-05   21.3   2.0     4    32    30    58    28    67 0.93 -
scaffold56:141556-147408 -           1951 3408at147550         -           1101         0 1123.3 163.7   2  12     0.026   1.2e+02   -2.0   0.0    29    47    82   104    76   112 0.77 -
scaffold56:141556-147408 -           1951 3408at147550         -           1101         0 1123.3 163.7   3  12   4.5e-10     2e-06   23.7   0.3    49    77   163   193   134   197 0.84 -
scaffold56:141556-147408 -           1951 3408at147550         -           1101         0 1123.3 163.7   4  12   2.2e-33   9.9e-30  100.9   6.6    71   142   219   290   205   316 0.88 -
scaffold56:141556-147408 -           1951 3408at147550         -           1101         0 1123.3 163.7   5  12   1.4e-19   6.6e-16   55.2   0.1   140   221   319   415   305   419 0.85 -
scaffold56:141556-147408 -           1951 3408at147550         -           1101         0 1123.3 163.7   6  12  1.9e-118  8.6e-115  382.6  11.4   211   505   469   834   465   842 0.84 -
scaffold56:141556-147408 -           1951 3408at147550         -           1101         0 1123.3 163.7   7  12   8.7e-50     4e-46  155.2   3.1   489   656   844  1036   833  1043 0.87 -
scaffold56:141556-147408 -           1951 3408at147550         -           1101         0 1123.3 163.7   8  12   3.8e-34   1.8e-30  103.4  13.9   593   729  1011  1175  1008  1179 0.79 -
scaffold56:141556-147408 -           1951 3408at147550         -           1101         0 1123.3 163.7   9  12   9.5e-65   4.4e-61  204.8  39.5   666   933  1166  1488  1164  1503 0.81 -
scaffold56:141556-147408 -           1951 3408at147550         -           1101         0 1123.3 163.7  10  12   0.00016      0.75    5.3   5.3   913   984  1519  1595  1516  1598 0.83 -
scaffold56:141556-147408 -           1951 3408at147550         -           1101         0 1123.3 163.7  11  12   7.7e-40   3.5e-36  122.3  14.0   954  1054  1595  1701  1590  1708 0.92 -
scaffold56:141556-147408 -           1951 3408at147550         -           1101         0 1123.3 163.7  12  12   0.00032       1.5    4.4   0.1  1060  1091  1751  1802  1738  1808 0.69 -
#
# Program:         hmmsearch
# Version:         3.1b2 (February 2015)
# Pipeline mode:   SEARCH
# Query file:      /pickett_shared/projects/lwy647/discula_draft_assembly/busco_downloads/lineages/sordariomycetes_odb10/hmms/3408at147550.hmm
# Target file:     /pickett_shared/projects/lwy647/discula_draft_assembly/discula70_53.scafSeq.BUSCO/run_sordariomycetes_odb10/metaeuk_output/initial_results/discula70_53.scafSeq.modified.fas
# Option settings: hmmsearch --domtblout /pickett_shared/projects/lwy647/discula_draft_assembly/discula70_53.scafSeq.BUSCO/run_sordariomycetes_odb10/hmmer_output/initial_run_results/3408at147550.out --cpu 1 /pickett_shared/projects/lwy647/discula_draft_assembly/busco_downloads/lineages/sordariomycetes_odb10/hmms/3408at147550.hmm /pickett_shared/projects/lwy647/discula_draft_assembly/discula70_53.scafSeq.BUSCO/run_sordariomycetes_odb10/metaeuk_output/initial_results/discula70_53.scafSeq.modified.fas 
# Current dir:     /pickett_shared/projects/lwy647/discula_draft_assembly
# Date:            Thu Aug 31 18:11:48 2023
# [ok]
