#                                                                                 --- full sequence --- -------------- this domain -------------   hmm coord   ali coord   env coord
# target name             accession   tlen query name           accession   qlen   E-value  score  bias   #  of  c-Evalue  i-Evalue  score  bias  from    to  from    to  from    to  acc description of target
#     ------------------- ---------- ----- -------------------- ---------- ----- --------- ------ ----- --- --- --------- --------- ------ ----- ----- ----- ----- ----- ----- ----- ---- ---------------------
scaffold265:74878-78595   -            799 35222at147550        -            368  5.4e-168  556.9  10.9   1   1  1.7e-169  9.6e-168  556.0  10.9    15   368    34   443     1   443 0.90 -
scaffold679:35697-36815   -            373 35222at147550        -            368     1e-50  171.0   5.7   1   6   2.7e-09   1.5e-07   28.9   0.2   207   277     5    78     2    78 0.87 -
scaffold679:35697-36815   -            373 35222at147550        -            368     1e-50  171.0   5.7   2   6     3e-08   1.7e-06   25.5   0.0   204   280    44   123    42   132 0.88 -
scaffold679:35697-36815   -            373 35222at147550        -            368     1e-50  171.0   5.7   3   6   3.2e-10   1.8e-08   31.9   0.0   207   281   131   207   127   212 0.85 -
scaffold679:35697-36815   -            373 35222at147550        -            368     1e-50  171.0   5.7   4   6     2e-18   1.1e-16   59.0   0.1   185   287   192   299   188   299 0.87 -
scaffold679:35697-36815   -            373 35222at147550        -            368     1e-50  171.0   5.7   5   6   7.4e-06   0.00041   17.6   0.0   205   242   298   335   295   341 0.91 -
scaffold679:35697-36815   -            373 35222at147550        -            368     1e-50  171.0   5.7   6   6   2.4e-07   1.4e-05   22.5   0.0   205   238   340   373   337   373 0.95 -
scaffold679:36393-37040   -            216 35222at147550        -            368   8.5e-36  121.9   2.1   1   4   6.9e-11   3.9e-09   34.1   0.1   185   244     2    63     1    67 0.81 -
scaffold679:36393-37040   -            216 35222at147550        -            368   8.5e-36  121.9   2.1   2   4   3.6e-06    0.0002   18.6   0.0   205   242    66   103    63   108 0.92 -
scaffold679:36393-37040   -            216 35222at147550        -            368   8.5e-36  121.9   2.1   3   4   1.8e-10     1e-08   32.7   0.0   205   246   108   149   103   151 0.92 -
scaffold679:36393-37040   -            216 35222at147550        -            368   8.5e-36  121.9   2.1   4   4   5.5e-11   3.1e-09   34.5   0.0   206   246   151   191   147   199 0.92 -
scaffold290:53613-55254   -            520 35222at147550        -            368   4.3e-31  106.4   0.3   1   4   8.9e-12     5e-10   37.1   0.0   177   279   114   219   105   226 0.84 -
scaffold290:53613-55254   -            520 35222at147550        -            368   4.3e-31  106.4   0.3   2   4   3.6e-07     2e-05   21.9   0.0   185   244   255   315   233   329 0.89 -
scaffold290:53613-55254   -            520 35222at147550        -            368   4.3e-31  106.4   0.3   3   4   5.3e-09     3e-07   27.9   0.0   185   282   379   481   374   485 0.84 -
scaffold290:53613-55254   -            520 35222at147550        -            368   4.3e-31  106.4   0.3   4   4     7e-09   3.9e-07   27.5   0.1   203   278   441   519   437   520 0.87 -
scaffold8:77148-79251     -            607 35222at147550        -            368   8.5e-28   95.5   2.8   1   3     8e-14   4.5e-12   43.8   0.0   176   279   358   463   352   473 0.89 -
scaffold8:77148-79251     -            607 35222at147550        -            368   8.5e-28   95.5   2.8   2   3   2.4e-10   1.4e-08   32.4   0.0   209   277   476   560   468   561 0.69 -
scaffold8:77148-79251     -            607 35222at147550        -            368   8.5e-28   95.5   2.8   3   3     6e-07   3.4e-05   21.2   0.0   178   239   542   603   528   606 0.87 -
scaffold91:236420-239677  -           1003 35222at147550        -            368     1e-21   75.6   3.5   1   3   1.1e-08   6.2e-07   26.9   0.0   186   278   641   750   634   770 0.71 -
scaffold91:236420-239677  -           1003 35222at147550        -            368     1e-21   75.6   3.5   2   3   5.8e-09   3.3e-07   27.8   1.0   205   278   776   850   766   856 0.80 -
scaffold91:236420-239677  -           1003 35222at147550        -            368     1e-21   75.6   3.5   3   3   1.9e-05    0.0011   16.2   0.0   224   278   875   929   870   935 0.84 -
scaffold33:10801-13583    -            883 35222at147550        -            368   1.1e-21   75.4  14.0   1   7     0.049       2.7    5.0   0.0    49    74   108   135    96   143 0.76 -
scaffold33:10801-13583    -            883 35222at147550        -            368   1.1e-21   75.4  14.0   2   7     0.022       1.2    6.2   0.0    59    78   196   215   186   221 0.82 -
scaffold33:10801-13583    -            883 35222at147550        -            368   1.1e-21   75.4  14.0   3   7   1.8e-07     1e-05   22.9   0.5   185   290   198   305   197   320 0.86 -
scaffold33:10801-13583    -            883 35222at147550        -            368   1.1e-21   75.4  14.0   4   7    0.0027      0.15    9.2   0.0   168   243   377   452   369   459 0.85 -
scaffold33:10801-13583    -            883 35222at147550        -            368   1.1e-21   75.4  14.0   5   7   1.4e-06   7.7e-05   20.0   0.1   183   259   496   576   484   613 0.77 -
scaffold33:10801-13583    -            883 35222at147550        -            368   1.1e-21   75.4  14.0   6   7       1.2        69    0.4   0.0    61    78   601   618   590   634 0.72 -
scaffold33:10801-13583    -            883 35222at147550        -            368   1.1e-21   75.4  14.0   7   7   1.2e-05   0.00067   16.9   0.6   227   308   651   734   648   741 0.79 -
scaffold299:50012-51394   -            438 35222at147550        -            368     1e-20   72.3   0.0   1   3   2.1e-07   1.2e-05   22.7   0.0   176   239   109   174   105   183 0.88 -
scaffold299:50012-51394   -            438 35222at147550        -            368     1e-20   72.3   0.0   2   3   8.9e-09     5e-07   27.2   0.0   209   285   187   274   175   309 0.74 -
scaffold299:50012-51394   -            438 35222at147550        -            368     1e-20   72.3   0.0   3   3   3.7e-06   0.00021   18.6   0.0   182   242   317   376   310   388 0.87 -
scaffold126:226891-229130 -            665 35222at147550        -            368     2e-20   71.3   6.3   1   4     5e-09   2.8e-07   28.0   0.0   185   279   300   392   289   396 0.89 -
scaffold126:226891-229130 -            665 35222at147550        -            368     2e-20   71.3   6.3   2   4   5.8e-09   3.2e-07   27.8   0.3   197   287   391   480   390   481 0.86 -
scaffold126:226891-229130 -            665 35222at147550        -            368     2e-20   71.3   6.3   3   4      0.08       4.5    4.3   0.0    44    76   482   514   477   522 0.73 -
scaffold126:226891-229130 -            665 35222at147550        -            368     2e-20   71.3   6.3   4   4   0.00023     0.013   12.7   0.1    45    82   523   559   516   575 0.85 -
scaffold226:67411-68872   -            447 35222at147550        -            368   1.2e-19   68.7   0.0   1   3   1.4e-08   8.1e-07   26.5   0.0   176   239   110   175    96   183 0.87 -
scaffold226:67411-68872   -            447 35222at147550        -            368   1.2e-19   68.7   0.0   2   3   4.6e-06   0.00026   18.3   0.0   208   278   187   266   178   273 0.77 -
scaffold226:67411-68872   -            447 35222at147550        -            368   1.2e-19   68.7   0.0   3   3   1.4e-06   7.9e-05   20.0   0.0   223   279   315   373   293   389 0.79 -
scaffold721:13595-16468   -            958 35222at147550        -            368   4.2e-19   66.9   6.0   1   6   8.9e-05     0.005   14.0   0.0   184   239    79   134    61   147 0.92 -
scaffold721:13595-16468   -            958 35222at147550        -            368   4.2e-19   66.9   6.0   2   6      0.28        15    2.6   0.1   221   284   177   245   171   331 0.63 -
scaffold721:13595-16468   -            958 35222at147550        -            368   4.2e-19   66.9   6.0   3   6      0.81        45    1.0   0.0    51    78   433   459   423   467 0.77 -
scaffold721:13595-16468   -            958 35222at147550        -            368   4.2e-19   66.9   6.0   4   6   2.7e-05    0.0015   15.8   0.0   171   241   468   538   449   567 0.82 -
scaffold721:13595-16468   -            958 35222at147550        -            368   4.2e-19   66.9   6.0   5   6   0.00012    0.0066   13.6   0.0   214   278   568   635   553   642 0.84 -
scaffold721:13595-16468   -            958 35222at147550        -            368   4.2e-19   66.9   6.0   6   6     1e-05   0.00058   17.1   0.1   209   302   647   748   636   756 0.71 -
scaffold509:105503-107947 -            796 35222at147550        -            368   4.6e-19   66.8   1.3   1   5   2.2e-05    0.0012   16.0   0.0    44    79   457   492   445   520 0.84 -
scaffold509:105503-107947 -            796 35222at147550        -            368   4.6e-19   66.8   1.3   2   5    0.0033      0.18    8.9   0.0    32    93   531   592   526   601 0.83 -
scaffold509:105503-107947 -            796 35222at147550        -            368   4.6e-19   66.8   1.3   3   5    0.0003     0.017   12.3   0.0   183   243   558   617   552   621 0.88 -
scaffold509:105503-107947 -            796 35222at147550        -            368   4.6e-19   66.8   1.3   4   5   8.1e-10   4.6e-08   30.6   0.1   185   283   601   700   596   709 0.88 -
scaffold509:105503-107947 -            796 35222at147550        -            368   4.6e-19   66.8   1.3   5   5     0.014      0.79    6.8   0.1   208   246   706   744   699   776 0.61 -
scaffold262:5982-8751     -            898 35222at147550        -            368   1.5e-18   65.1   1.4   1   5       4.1   2.3e+02   -1.3   0.0   217   274    20    79    11    93 0.77 -
scaffold262:5982-8751     -            898 35222at147550        -            368   1.5e-18   65.1   1.4   2   5     0.003      0.17    9.0   0.3   208   286   148   231   142   256 0.81 -
scaffold262:5982-8751     -            898 35222at147550        -            368   1.5e-18   65.1   1.4   3   5    0.0011     0.064   10.4   0.0   252   279   345   373   326   379 0.71 -
scaffold262:5982-8751     -            898 35222at147550        -            368   1.5e-18   65.1   1.4   4   5      0.01      0.57    7.3   0.0   207   239   382   414   378   420 0.92 -
scaffold262:5982-8751     -            898 35222at147550        -            368   1.5e-18   65.1   1.4   5   5   3.6e-10     2e-08   31.8   0.0   178   280   438   544   420   559 0.74 -
scaffold39:57898-58915    -            313 35222at147550        -            368   2.2e-17   61.3   3.2   1   4   0.00012    0.0067   13.6   0.0   208   240    18    50    11    57 0.91 -
scaffold39:57898-58915    -            313 35222at147550        -            368   2.2e-17   61.3   3.2   2   4   1.1e-07   6.3e-06   23.6   0.1   205   281    58   138    53   148 0.81 -
scaffold39:57898-58915    -            313 35222at147550        -            368   2.2e-17   61.3   3.2   3   4   3.4e-05    0.0019   15.4   0.5   188   280   167   270   150   274 0.73 -
scaffold39:57898-58915    -            313 35222at147550        -            368   2.2e-17   61.3   3.2   4   4     0.073       4.1    4.4   0.0   208   236   279   308   270   311 0.83 -
scaffold255:80910-83161   -            706 35222at147550        -            368   2.3e-17   61.2   2.8   1   4      0.46        26    1.8   0.0   258   286   332   360   324   391 0.74 -
scaffold255:80910-83161   -            706 35222at147550        -            368   2.3e-17   61.2   2.8   2   4      0.51        29    1.7   0.0   265   278   410   423   404   428 0.71 -
scaffold255:80910-83161   -            706 35222at147550        -            368   2.3e-17   61.2   2.8   3   4   1.9e-09   1.1e-07   29.4   1.6   189   278   415   509   411   516 0.83 -
scaffold255:80910-83161   -            706 35222at147550        -            368   2.3e-17   61.2   2.8   4   4     1e-08   5.8e-07   27.0   0.0   191   280   503   596   502   623 0.84 -
scaffold163:92278-94186   -            607 35222at147550        -            368   3.3e-16   57.4   4.3   1   4     0.037       2.1    5.4   0.0   208   250    55    98    38   125 0.67 -
scaffold163:92278-94186   -            607 35222at147550        -            368   3.3e-16   57.4   4.3   2   4   1.3e-08   7.4e-07   26.6   0.1   191   283   169   266   145   273 0.77 -
scaffold163:92278-94186   -            607 35222at147550        -            368   3.3e-16   57.4   4.3   3   4      0.11       5.9    3.9   0.0   188   255   300   372   284   401 0.75 -
scaffold163:92278-94186   -            607 35222at147550        -            368   3.3e-16   57.4   4.3   4   4     2e-06   0.00011   19.5   0.1   158   279   476   603   463   607 0.82 -
scaffold69:144016-144591  -            192 35222at147550        -            368   4.8e-16   56.9   0.0   1   2   4.7e-12   2.6e-10   38.0   0.1   207   282     5    83     3    95 0.84 -
scaffold69:144016-144591  -            192 35222at147550        -            368   4.8e-16   56.9   0.0   2   2   1.3e-05   0.00072   16.8   0.0   210   245   128   163   119   192 0.62 -
scaffold284:35441-37282   -            596 35222at147550        -            368   8.8e-16   56.0   0.1   1   4     0.015      0.82    6.7   0.0   258   300    74   118    60   121 0.85 -
scaffold284:35441-37282   -            596 35222at147550        -            368   8.8e-16   56.0   0.1   2   4     0.014      0.76    6.9   0.1   190   243   129   181   120   187 0.78 -
scaffold284:35441-37282   -            596 35222at147550        -            368   8.8e-16   56.0   0.1   3   4   5.9e-08   3.3e-06   24.5   0.0   174   241   196   264   193   303 0.85 -
scaffold284:35441-37282   -            596 35222at147550        -            368   8.8e-16   56.0   0.1   4   4   0.00062     0.035   11.3   0.0   203   242   338   377   333   393 0.84 -
scaffold178:63097-64787   -            507 35222at147550        -            368   1.1e-15   55.6   0.1   1   3     0.056       3.2    4.8   0.0    55    76   251   272   240   280 0.87 -
scaffold178:63097-64787   -            507 35222at147550        -            368   1.1e-15   55.6   0.1   2   3   2.4e-08   1.3e-06   25.8   0.0   177   282   292   399   285   409 0.89 -
scaffold178:63097-64787   -            507 35222at147550        -            368   1.1e-15   55.6   0.1   3   3   6.9e-07   3.9e-05   21.0   0.0   187   242   450   505   440   507 0.80 -
scaffold663:21837-23802   -            626 35222at147550        -            368   1.5e-15   55.2  10.0   1   6   7.7e-09   4.3e-07   27.4   0.2   202   280   290   368   280   374 0.81 -
scaffold663:21837-23802   -            626 35222at147550        -            368   1.5e-15   55.2  10.0   2   6   8.6e-05    0.0048   14.1   0.1    45    78   338   371   333   386 0.83 -
scaffold663:21837-23802   -            626 35222at147550        -            368   1.5e-15   55.2  10.0   3   6   2.8e-06   0.00016   19.0   0.5   199   280   368   449   366   457 0.82 -
scaffold663:21837-23802   -            626 35222at147550        -            368   1.5e-15   55.2  10.0   4   6       2.1   1.2e+02   -0.4   0.0   262   279   528   545   525   555 0.86 -
scaffold663:21837-23802   -            626 35222at147550        -            368   1.5e-15   55.2  10.0   5   6     0.012      0.65    7.1   0.0    44    73   555   584   547   591 0.92 -
scaffold663:21837-23802   -            626 35222at147550        -            368   1.5e-15   55.2  10.0   6   6      0.14       7.8    3.5   0.0    44    73   595   624   590   626 0.84 -
scaffold71:251585-253878  -            652 35222at147550        -            368     2e-15   54.8   0.3   1   3   3.5e-05     0.002   15.4   0.0   207   287   310   391   280   408 0.80 -
scaffold71:251585-253878  -            652 35222at147550        -            368     2e-15   54.8   0.3   2   3   0.00069     0.039   11.1   0.0   206   245   428   465   421   476 0.86 -
scaffold71:251585-253878  -            652 35222at147550        -            368     2e-15   54.8   0.3   3   3   7.4e-08   4.2e-06   24.2   0.0   180   283   507   608   497   643 0.85 -
scaffold126:47557-48887   -            358 35222at147550        -            368   4.9e-15   53.5   0.1   1   4   2.5e-05    0.0014   15.9   0.0   201   283    63   148    59   161 0.80 -
scaffold126:47557-48887   -            358 35222at147550        -            368   4.9e-15   53.5   0.1   2   4    0.0003     0.017   12.3   0.0   186   246   178   239   170   242 0.89 -
scaffold126:47557-48887   -            358 35222at147550        -            368   4.9e-15   53.5   0.1   3   4   4.7e-09   2.6e-07   28.1   0.0   191   286   226   326   220   335 0.84 -
scaffold126:47557-48887   -            358 35222at147550        -            368   4.9e-15   53.5   0.1   4   4      0.27        15    2.6   0.0   188   235   309   356   306   358 0.87 -
scaffold94:208851-211790  -            980 35222at147550        -            368     7e-15   53.0   3.6   1   4     0.032       1.8    5.6   0.0    48    80   258   290   250   295 0.77 -
scaffold94:208851-211790  -            980 35222at147550        -            368     7e-15   53.0   3.6   2   4   0.00086     0.048   10.8   0.0   171   242   302   372   297   382 0.73 -
scaffold94:208851-211790  -            980 35222at147550        -            368     7e-15   53.0   3.6   3   4   8.5e-08   4.7e-06   24.0   0.1   205   291   411   492   408   512 0.78 -
scaffold94:208851-211790  -            980 35222at147550        -            368     7e-15   53.0   3.6   4   4    0.0031      0.18    9.0   0.2   226   253   577   605   571   612 0.82 -
scaffold72:58344-59805    -            468 35222at147550        -            368   1.3e-14   52.2   0.4   1   3   5.5e-06   0.00031   18.0   0.0   205   279   153   230   148   234 0.80 -
scaffold72:58344-59805    -            468 35222at147550        -            368   1.3e-14   52.2   0.4   2   3   9.4e-10   5.2e-08   30.4   0.0   178   293   210   328   200   336 0.89 -
scaffold72:58344-59805    -            468 35222at147550        -            368   1.3e-14   52.2   0.4   3   3       0.3        17    2.4   0.0   217   242   423   448   414   455 0.84 -
scaffold351:111404-113017 -            538 35222at147550        -            368   2.6e-14   51.2   4.9   1   4   0.00021     0.012   12.8   0.0   205   240   241   277   234   287 0.83 -
scaffold351:111404-113017 -            538 35222at147550        -            368   2.6e-14   51.2   4.9   2   4   3.4e-06   0.00019   18.7   0.0   206   249   286   329   279   334 0.89 -
scaffold351:111404-113017 -            538 35222at147550        -            368   2.6e-14   51.2   4.9   3   4   5.2e-06   0.00029   18.1   0.6   186   288   352   459   336   468 0.76 -
scaffold351:111404-113017 -            538 35222at147550        -            368   2.6e-14   51.2   4.9   4   4       0.3        17    2.4   0.5   178   277   430   537   419   538 0.60 -
scaffold203:50644-51853   -            335 35222at147550        -            368     1e-13   49.2   0.1   1   4    0.0013     0.075   10.2   0.0   207   251     6    50     3    52 0.94 -
scaffold203:50644-51853   -            335 35222at147550        -            368     1e-13   49.2   0.1   2   4   5.2e-07   2.9e-05   21.4   0.0   207   245    48    86    46   112 0.90 -
scaffold203:50644-51853   -            335 35222at147550        -            368     1e-13   49.2   0.1   3   4     0.002      0.11    9.6   0.0   174   276   152   258   130   276 0.75 -
scaffold203:50644-51853   -            335 35222at147550        -            368     1e-13   49.2   0.1   4   4      0.04       2.3    5.3   0.0   204   255   281   332   267   334 0.85 -
scaffold237:16750-20683   -           1207 35222at147550        -            368   4.6e-13   47.1   1.7   1   3   0.00013    0.0074   13.5   0.1   196   279    33   118    12   126 0.69 -
scaffold237:16750-20683   -           1207 35222at147550        -            368   4.6e-13   47.1   1.7   2   3   0.00021     0.011   12.8   0.0   207   240   127   160   119   173 0.88 -
scaffold237:16750-20683   -           1207 35222at147550        -            368   4.6e-13   47.1   1.7   3   3   4.5e-06   0.00025   18.3   0.0   204   287   198   284   167   295 0.80 -
scaffold37:114701-116273  -            412 35222at147550        -            368   1.2e-12   45.7   4.9   1   6         1        59    0.6   0.0   225   246    52    73    41    82 0.66 -
scaffold37:114701-116273  -            412 35222at147550        -            368   1.2e-12   45.7   4.9   2   6     2e-10   1.1e-08   32.6   0.5   207   279    81   156    75   166 0.87 -
scaffold37:114701-116273  -            412 35222at147550        -            368   1.2e-12   45.7   4.9   3   6      0.16       9.2    3.3   0.0   207   237   166   198   157   207 0.85 -
scaffold37:114701-116273  -            412 35222at147550        -            368   1.2e-12   45.7   4.9   4   6      0.13       7.4    3.6   0.0   210   282   287   320   267   345 0.58 -
scaffold37:114701-116273  -            412 35222at147550        -            368   1.2e-12   45.7   4.9   5   6      0.83        46    1.0   0.0   122   143   346   367   338   372 0.85 -
scaffold37:114701-116273  -            412 35222at147550        -            368   1.2e-12   45.7   4.9   6   6       3.9   2.2e+02   -1.2   0.0   216   238   384   406   376   410 0.68 -
scaffold726:47529-48488   -            287 35222at147550        -            368   9.3e-12   42.8   0.5   1   2   2.9e-07   1.6e-05   22.2   0.0   185   276    13   115     9   128 0.77 -
scaffold726:47529-48488   -            287 35222at147550        -            368   9.3e-12   42.8   0.5   2   2   4.6e-06   0.00026   18.3   0.2   201   280   186   274   163   285 0.70 -
scaffold32:6587-9265      -            893 35222at147550        -            368   9.8e-12   42.7   0.5   1   3     0.088       4.9    4.2   0.0   258   279   112   133   101   154 0.68 -
scaffold32:6587-9265      -            893 35222at147550        -            368   9.8e-12   42.7   0.5   2   3   8.8e-07   4.9e-05   20.6   0.0   207   278   168   241   159   251 0.81 -
scaffold32:6587-9265      -            893 35222at147550        -            368   9.8e-12   42.7   0.5   3   3   0.00015    0.0082   13.3   0.0   227   297   332   405   302   414 0.73 -
scaffold31:53043-54041    -            304 35222at147550        -            368   1.3e-11   42.3   0.0   1   3   7.6e-09   4.2e-07   27.4   0.0   186   278    34   130    22   141 0.81 -
scaffold31:53043-54041    -            304 35222at147550        -            368   1.3e-11   42.3   0.0   2   3     0.021       1.2    6.2   0.0   208   244   188   224   159   228 0.80 -
scaffold31:53043-54041    -            304 35222at147550        -            368   1.3e-11   42.3   0.0   3   3     0.051       2.9    5.0   0.0   208   242   244   278   240   298 0.72 -
scaffold410:104282-105569 -            373 35222at147550        -            368   3.5e-11   40.9   0.4   1   4     0.001     0.057   10.6   0.0   177   239    69   134    50   145 0.80 -
scaffold410:104282-105569 -            373 35222at147550        -            368   3.5e-11   40.9   0.4   2   4       2.8   1.6e+02   -0.8   0.0   215   242   153   181   148   193 0.73 -
scaffold410:104282-105569 -            373 35222at147550        -            368   3.5e-11   40.9   0.4   3   4   2.1e-08   1.2e-06   26.0   0.0   182   240   247   308   233   321 0.82 -
scaffold410:104282-105569 -            373 35222at147550        -            368   3.5e-11   40.9   0.4   4   4         5   2.8e+02   -1.6   0.0   198   240   325   369   313   371 0.74 -
scaffold250:114896-117332 -            718 35222at147550        -            368   6.6e-11   40.0   0.5   1   3   7.5e-06   0.00042   17.6   0.0   213   278    16    91     7   104 0.79 -
scaffold250:114896-117332 -            718 35222at147550        -            368   6.6e-11   40.0   0.5   2   3   2.6e-05    0.0014   15.8   0.1   202   280   112   193    99   226 0.85 -
scaffold250:114896-117332 -            718 35222at147550        -            368   6.6e-11   40.0   0.5   3   3      0.21        12    2.9   0.0   183   232   492   541   484   572 0.76 -
scaffold479:74407-77248   -            836 35222at147550        -            368     3e-10   37.8   0.2   1   3      0.71        40    1.2   0.0   258   285    53    80     5    88 0.73 -
scaffold479:74407-77248   -            836 35222at147550        -            368     3e-10   37.8   0.2   2   3     1e-07   5.8e-06   23.7   0.1   177   278    95   204    89   212 0.80 -
scaffold479:74407-77248   -            836 35222at147550        -            368     3e-10   37.8   0.2   3   3   4.6e-06   0.00026   18.3   0.0   214   281   177   249   168   257 0.78 -
scaffold55:67073-68598    -            432 35222at147550        -            368   3.8e-10   37.5   0.3   1   5    0.0027      0.15    9.2   0.0   250   292   186   230   122   245 0.62 -
scaffold55:67073-68598    -            432 35222at147550        -            368   3.8e-10   37.5   0.3   2   5    0.0016     0.089    9.9   0.0   173   241   191   266   184   273 0.61 -
scaffold55:67073-68598    -            432 35222at147550        -            368   3.8e-10   37.5   0.3   3   5   0.00016    0.0091   13.2   0.0   182   242   249   314   234   320 0.77 -
scaffold55:67073-68598    -            432 35222at147550        -            368   3.8e-10   37.5   0.3   4   5   1.7e-07   9.3e-06   23.0   0.0   176   240   289   356   284   363 0.83 -
scaffold55:67073-68598    -            432 35222at147550        -            368   3.8e-10   37.5   0.3   5   5       7.1   3.9e+02   -2.1   0.0    55    73   394   412   377   417 0.53 -
scaffold244:5579-8162     -            839 35222at147550        -            368   4.3e-10   37.3   0.2   1   3       3.4   1.9e+02   -1.0   0.0   227   241   478   492   447   510 0.76 -
scaffold244:5579-8162     -            839 35222at147550        -            368   4.3e-10   37.3   0.2   2   3      0.24        13    2.8   0.0    57    74   532   549   524   556 0.60 -
scaffold244:5579-8162     -            839 35222at147550        -            368   4.3e-10   37.3   0.2   3   3     1e-09   5.7e-08   30.3   0.0   209   277   762   837   755   839 0.81 -
scaffold639:53258-54412   -            385 35222at147550        -            368   5.9e-10   36.8   0.0   1   3   6.9e-05    0.0039   14.4   0.0   173   242    98   167    88   176 0.80 -
scaffold639:53258-54412   -            385 35222at147550        -            368   5.9e-10   36.8   0.0   2   3       2.2   1.3e+02   -0.4   0.0    76   100   200   225   193   243 0.76 -
scaffold639:53258-54412   -            385 35222at147550        -            368   5.9e-10   36.8   0.0   3   3   3.6e-06    0.0002   18.6   0.0   202   240   328   366   311   378 0.86 -
scaffold528:88245-89801   -            490 35222at147550        -            368     1e-09   36.0   0.2   1   3      0.49        27    1.7   0.0   258   278   131   151   127   164 0.65 -
scaffold528:88245-89801   -            490 35222at147550        -            368     1e-09   36.0   0.2   2   3   0.00011    0.0062   13.7   0.0   209   282   167   250   155   258 0.71 -
scaffold528:88245-89801   -            490 35222at147550        -            368     1e-09   36.0   0.2   3   3   1.3e-05   0.00072   16.8   0.0   183   240   355   416   319   423 0.76 -
scaffold163:116213-117779 -            499 35222at147550        -            368   1.2e-09   35.8   0.2   1   5     0.074       4.1    4.4   0.0    46    76    71   104    62   115 0.67 -
scaffold163:116213-117779 -            499 35222at147550        -            368   1.2e-09   35.8   0.2   2   5     0.076       4.2    4.4   0.0   208   242   128   163   118   214 0.79 -
scaffold163:116213-117779 -            499 35222at147550        -            368   1.2e-09   35.8   0.2   3   5    0.0066      0.37    7.9   0.0   212   244   223   256   187   264 0.65 -
scaffold163:116213-117779 -            499 35222at147550        -            368   1.2e-09   35.8   0.2   4   5   0.00021     0.012   12.8   0.0   207   244   294   331   287   334 0.91 -
scaffold163:116213-117779 -            499 35222at147550        -            368   1.2e-09   35.8   0.2   5   5       4.2   2.3e+02   -1.3   0.0   263   282   440   459   436   469 0.78 -
scaffold192:3730-5082     -            451 35222at147550        -            368   1.3e-09   35.7   3.9   1   4      0.11       6.4    3.8   0.0   220   244    77   101    40   105 0.79 -
scaffold192:3730-5082     -            451 35222at147550        -            368   1.3e-09   35.7   3.9   2   4   7.4e-06   0.00041   17.6   0.2   206   240   146   180   142   242 0.70 -
scaffold192:3730-5082     -            451 35222at147550        -            368   1.3e-09   35.7   3.9   3   4     0.014      0.77    6.8   0.0   205   245   250   295   246   302 0.78 -
scaffold192:3730-5082     -            451 35222at147550        -            368   1.3e-09   35.7   3.9   4   4       1.6        92    0.0   0.0    45    73   336   366   329   383 0.74 -
scaffold848:10283-11353   -            357 35222at147550        -            368   1.7e-09   35.3   1.9   1   3     0.014      0.79    6.8   0.0   262   307    15    61     9    70 0.73 -
scaffold848:10283-11353   -            357 35222at147550        -            368   1.7e-09   35.3   1.9   2   3   0.00014    0.0079   13.4   0.1   166   243    63   143    56   147 0.75 -
scaffold848:10283-11353   -            357 35222at147550        -            368   1.7e-09   35.3   1.9   3   3    0.0001    0.0058   13.8   0.0   222   277   171   227   152   252 0.76 -
scaffold50:560692-561832  -            356 35222at147550        -            368   2.5e-09   34.8   0.0   1   2   2.3e-05    0.0013   16.0   0.0   176   242    32   100    26   129 0.87 -
scaffold50:560692-561832  -            356 35222at147550        -            368   2.5e-09   34.8   0.0   2   2   2.2e-05    0.0012   16.1   0.0   207   270   229   295   206   300 0.83 -
scaffold343:218272-221419 -           1005 35222at147550        -            368   2.7e-09   34.7   0.1   1   4      0.15       8.4    3.4   0.0   214   242    10    38     4    54 0.73 -
scaffold343:218272-221419 -           1005 35222at147550        -            368   2.7e-09   34.7   0.1   2   4    0.0018     0.099    9.8   0.0   206   242    55    91    38    98 0.86 -
scaffold343:218272-221419 -           1005 35222at147550        -            368   2.7e-09   34.7   0.1   3   4     0.013       0.7    7.0   0.0   185   239   137   191   114   204 0.75 -
scaffold343:218272-221419 -           1005 35222at147550        -            368   2.7e-09   34.7   0.1   4   4    0.0032      0.18    8.9   0.0   184   244   307   368   300   380 0.88 -
scaffold71:271898-273020  -            351 35222at147550        -            368   2.9e-09   34.5   0.2   1   3    0.0031      0.17    9.0   0.0   211   248    11    49     3    57 0.81 -
scaffold71:271898-273020  -            351 35222at147550        -            368   2.9e-09   34.5   0.2   2   3   2.6e-07   1.4e-05   22.4   0.1   186   274    29   123    28   130 0.81 -
scaffold71:271898-273020  -            351 35222at147550        -            368   2.9e-09   34.5   0.2   3   3     0.052       2.9    4.9   0.0    59    80   269   290   252   308 0.79 -
scaffold352:12971-15458   -            438 35222at147550        -            368   3.6e-09   34.2   0.0   1   3      0.47        26    1.8   0.0    22    72    84   130    55   139 0.75 -
scaffold352:12971-15458   -            438 35222at147550        -            368   3.6e-09   34.2   0.0   2   3     0.061       3.4    4.7   0.0   179   244   214   283   208   288 0.65 -
scaffold352:12971-15458   -            438 35222at147550        -            368   3.6e-09   34.2   0.0   3   3   5.5e-07   3.1e-05   21.3   0.0   174   244   322   395   307   411 0.58 -
scaffold67:41310-44753    -           1018 35222at147550        -            368   8.2e-09   33.1   0.7   1   3     0.017      0.93    6.6   0.0    43    75    19    52     5    56 0.80 -
scaffold67:41310-44753    -           1018 35222at147550        -            368   8.2e-09   33.1   0.7   2   3    0.0063      0.35    8.0   0.0   209   280    85   162    72   175 0.78 -
scaffold67:41310-44753    -           1018 35222at147550        -            368   8.2e-09   33.1   0.7   3   3     4e-05    0.0022   15.2   0.0   190   247   199   256   182   276 0.83 -
scaffold639:55577-58163   -            801 35222at147550        -            368   1.1e-08   32.6   2.7   1   4       1.7        92   -0.0   0.0   210   240    11    40     5    45 0.64 -
scaffold639:55577-58163   -            801 35222at147550        -            368   1.1e-08   32.6   2.7   2   4   8.1e-06   0.00045   17.5   0.1   201   279    96   176    91   184 0.84 -
scaffold639:55577-58163   -            801 35222at147550        -            368   1.1e-08   32.6   2.7   3   4      0.74        41    1.1   0.0    59    75   211   227   192   232 0.63 -
scaffold639:55577-58163   -            801 35222at147550        -            368   1.1e-08   32.6   2.7   4   4     0.018      0.98    6.5   0.0   207   277   234   304   229   317 0.71 -
scaffold255:124337-126211 -            625 35222at147550        -            368   1.2e-08   32.5   3.3   1   3   3.1e-06   0.00017   18.9   0.6   183   280   268   368   249   388 0.82 -
scaffold255:124337-126211 -            625 35222at147550        -            368   1.2e-08   32.5   3.3   2   3     0.021       1.2    6.2   0.0   249   278   399   428   385   435 0.87 -
scaffold255:124337-126211 -            625 35222at147550        -            368   1.2e-08   32.5   3.3   3   3     0.056       3.1    4.8   0.0   262   284   481   503   474   516 0.78 -
scaffold7:127691-129352   -            554 35222at147550        -            368   2.2e-08   31.7   0.4   1   3       1.3        72    0.3   0.0   260   287   117   144    65   153 0.82 -
scaffold7:127691-129352   -            554 35222at147550        -            368   2.2e-08   31.7   0.4   2   3   2.3e-05    0.0013   15.9   0.0   175   240   158   229   150   250 0.78 -
scaffold7:127691-129352   -            554 35222at147550        -            368   2.2e-08   31.7   0.4   3   3    0.0016     0.087   10.0   0.0   185   240   257   312   250   319 0.93 -
scaffold501:15617-17502   -            609 35222at147550        -            368   4.4e-08   30.7   2.6   1   4       3.6     2e+02   -1.1   0.0    36    70   159   198   150   210 0.77 -
scaffold501:15617-17502   -            609 35222at147550        -            368   4.4e-08   30.7   2.6   2   4     0.061       3.4    4.7   0.1   227   283   310   370   302   382 0.79 -
scaffold501:15617-17502   -            609 35222at147550        -            368   4.4e-08   30.7   2.6   3   4   5.6e-06   0.00031   18.0   0.2   176   277   427   536   401   540 0.72 -
scaffold501:15617-17502   -            609 35222at147550        -            368   4.4e-08   30.7   2.6   4   4      0.46        26    1.8   0.0   210   239   550   579   538   591 0.80 -
scaffold842:6306-8594     -            593 35222at147550        -            368   7.7e-08   29.9   0.0   1   2     0.037       2.1    5.4   0.0   206   240    61    96    54   102 0.74 -
scaffold842:6306-8594     -            593 35222at147550        -            368   7.7e-08   29.9   0.0   2   2   4.1e-07   2.3e-05   21.7   0.0   177   248   130   201   116   241 0.70 -
scaffold190:183806-185430 -            522 35222at147550        -            368   1.4e-07   29.0   2.2   1   3    0.0016     0.091    9.9   0.1    44   278   262   295   220   298 0.47 -
scaffold190:183806-185430 -            522 35222at147550        -            368   1.4e-07   29.0   2.2   2   3   6.7e-05    0.0038   14.4   0.5   192   281   246   343   239   372 0.70 -
scaffold190:183806-185430 -            522 35222at147550        -            368   1.4e-07   29.0   2.2   3   3   0.00046     0.026   11.7   0.0   260   284   408   432   404   442 0.86 -
scaffold842:15351-17150   -            600 35222at147550        -            368   1.6e-07   28.8   0.3   1   3     0.001     0.056   10.6   0.0   206   239   109   142   102   149 0.92 -
scaffold842:15351-17150   -            600 35222at147550        -            368   1.6e-07   28.8   0.3   2   3    0.0002     0.011   12.9   0.0   202   246   218   263   204   275 0.84 -
scaffold842:15351-17150   -            600 35222at147550        -            368   1.6e-07   28.8   0.3   3   3       0.7        39    1.2   0.0    53    76   338   361   329   405 0.75 -
scaffold69:68839-70440    -            491 35222at147550        -            368   3.7e-07   27.6   3.5   1   2   1.1e-05   0.00062   17.0   0.4    45    99   233   289   229   299 0.82 -
scaffold69:68839-70440    -            491 35222at147550        -            368   3.7e-07   27.6   3.5   2   2   0.00078     0.044   10.9   0.1   153   279   301   448   292   464 0.67 -
scaffold352:77693-80310   -            853 35222at147550        -            368   5.9e-07   27.0   0.0   1   3   0.00086     0.048   10.8   0.0   211   278     9    77     5    83 0.85 -
scaffold352:77693-80310   -            853 35222at147550        -            368   5.9e-07   27.0   0.0   2   3       1.4        79    0.2   0.0    59    77   147   165    96   179 0.64 -
scaffold352:77693-80310   -            853 35222at147550        -            368   5.9e-07   27.0   0.0   3   3   0.00047     0.026   11.7   0.0   198   244   215   261   187   294 0.77 -
scaffold121:52252-53721   -            490 35222at147550        -            368     3e-06   24.6   1.2   1   2   1.6e-06   9.1e-05   19.8   0.1   172   284   260   390   239   398 0.71 -
scaffold121:52252-53721   -            490 35222at147550        -            368     3e-06   24.6   1.2   2   2      0.14       7.7    3.5   0.1   210   239   400   430   394   448 0.78 -
scaffold440:10778-12017   -            388 35222at147550        -            368   3.6e-06   24.4   1.9   1   4     0.071         4    4.5   0.0   217   243    38    68    20    81 0.73 -
scaffold440:10778-12017   -            388 35222at147550        -            368   3.6e-06   24.4   1.9   2   4     0.014      0.81    6.8   0.0    29    78    91   138    84   146 0.82 -
scaffold440:10778-12017   -            388 35222at147550        -            368   3.6e-06   24.4   1.9   3   4     0.028       1.6    5.8   0.1   226   263   163   198   156   213 0.75 -
scaffold440:10778-12017   -            388 35222at147550        -            368   3.6e-06   24.4   1.9   4   4       0.3        17    2.4   0.0   209   245   287   323   263   328 0.83 -
scaffold842:10217-17147   -           1919 35222at147550        -            368   4.8e-06   24.0   0.4   1   3    0.0038      0.21    8.7   0.0   206   239   108   141   101   147 0.92 -
scaffold842:10217-17147   -           1919 35222at147550        -            368   4.8e-06   24.0   0.4   2   3    0.0008     0.045   10.9   0.1   202   246   217   262   204   274 0.84 -
scaffold842:10217-17147   -           1919 35222at147550        -            368   4.8e-06   24.0   0.4   3   3         3   1.7e+02   -0.9   0.0    53    76   337   360   330   400 0.78 -
scaffold269:73282-75225   -            582 35222at147550        -            368   5.2e-06   23.9   0.2   1   3      0.58        33    1.5   0.0   214   241   295   322   288   339 0.83 -
scaffold269:73282-75225   -            582 35222at147550        -            368   5.2e-06   23.9   0.2   2   3    0.0001    0.0059   13.8   0.0   175   275   350   452   330   460 0.78 -
scaffold269:73282-75225   -            582 35222at147550        -            368   5.2e-06   23.9   0.2   3   3     0.061       3.4    4.7   0.0   262   279   525   542   519   559 0.86 -
scaffold377:5691-7553     -            580 35222at147550        -            368     1e-05   22.9   1.6   1   3     0.019       1.1    6.4   0.1   182   278   326   424   309   429 0.69 -
scaffold377:5691-7553     -            580 35222at147550        -            368     1e-05   22.9   1.6   2   3    0.0079      0.44    7.6   0.1   177   278   404   512   400   519 0.76 -
scaffold377:5691-7553     -            580 35222at147550        -            368     1e-05   22.9   1.6   3   3     0.003      0.17    9.0   0.1   204   240   519   555   483   565 0.73 -
scaffold687:37237-38688   -            465 35222at147550        -            368   1.1e-05   22.7   0.5   1   3    0.0015     0.081   10.1   0.2   213   283    28    99     6   175 0.79 -
scaffold687:37237-38688   -            465 35222at147550        -            368   1.1e-05   22.7   0.5   2   3      0.75        42    1.1   0.0   251   281   173   203   154   209 0.78 -
scaffold687:37237-38688   -            465 35222at147550        -            368   1.1e-05   22.7   0.5   3   3    0.0068      0.38    7.8   0.0   216   285   276   350   265   384 0.77 -
scaffold143:178879-181985 -            991 35222at147550        -            368   1.3e-05   22.6   0.2   1   2     0.095       5.3    4.1   0.0    28    89   530   591   500   601 0.71 -
scaffold143:178879-181985 -            991 35222at147550        -            368   1.3e-05   22.6   0.2   2   2   2.1e-05    0.0012   16.1   0.0   175   283   597   708   593   720 0.85 -
scaffold186:17686-18939   -            378 35222at147550        -            368   1.8e-05   22.1   0.0   1   3     0.036         2    5.5   0.0   198   253    40    95    16   124 0.78 -
scaffold186:17686-18939   -            378 35222at147550        -            368   1.8e-05   22.1   0.0   2   3    0.0028      0.16    9.1   0.0   206   241   134   169   113   174 0.88 -
scaffold186:17686-18939   -            378 35222at147550        -            368   1.8e-05   22.1   0.0   3   3      0.14       7.8    3.5   0.0   257   278   307   327   303   360 0.77 -
scaffold50:198890-201451  -            836 35222at147550        -            368   3.2e-05   21.2   0.0   1   3    0.0032      0.18    8.9   0.0    41   243   483   522   471   566 0.66 -
scaffold50:198890-201451  -            836 35222at147550        -            368   3.2e-05   21.2   0.0   2   3     0.038       2.1    5.4   0.0   175   280   675   783   656   791 0.68 -
scaffold50:198890-201451  -            836 35222at147550        -            368   3.2e-05   21.2   0.0   3   3       0.2        11    3.0   0.0   213   238   810   835   798   836 0.91 -
scaffold27:211818-213145  -            420 35222at147550        -            368   7.2e-05   20.1   0.0   1   2   0.00011    0.0061   13.7   0.0   199   243    14    58    10   125 0.71 -
scaffold27:211818-213145  -            420 35222at147550        -            368   7.2e-05   20.1   0.0   2   2     0.096       5.4    4.1   0.0    58    96   277   315   253   319 0.88 -
scaffold352:81022-82225   -            383 35222at147550        -            368   7.2e-05   20.1   4.4   1   4       1.1        63    0.5   0.0   206   281    22   100    21   111 0.66 -
scaffold352:81022-82225   -            383 35222at147550        -            368   7.2e-05   20.1   4.4   2   4     0.043       2.4    5.2   0.3   187   249    87   151    79   198 0.63 -
scaffold352:81022-82225   -            383 35222at147550        -            368   7.2e-05   20.1   4.4   3   4     0.012      0.64    7.1   0.1   209   278   217   289   210   294 0.61 -
scaffold352:81022-82225   -            383 35222at147550        -            368   7.2e-05   20.1   4.4   4   4     0.013      0.72    6.9   0.0   206   242   298   338   293   348 0.76 -
scaffold377:101263-103464 -            734 35222at147550        -            368   0.00013   19.3   0.1   1   4     0.031       1.7    5.7   0.0   180   238   234   296   213   317 0.79 -
scaffold377:101263-103464 -            734 35222at147550        -            368   0.00013   19.3   0.1   2   4   0.00013    0.0074   13.5   0.0   179   240   279   343   270   377 0.81 -
scaffold377:101263-103464 -            734 35222at147550        -            368   0.00013   19.3   0.1   3   4       6.4   3.6e+02   -1.9   0.0   217   241   426   453   420   463 0.50 -
scaffold377:101263-103464 -            734 35222at147550        -            368   0.00013   19.3   0.1   4   4      0.91        51    0.8   0.0   205   239   659   692   603   704 0.59 -
scaffold66:5930-6604      -            225 35222at147550        -            368   0.00021   18.6   0.1   1   2      0.28        16    2.5   0.0   180   238    15    74     2    82 0.60 -
scaffold66:5930-6604      -            225 35222at147550        -            368   0.00021   18.6   0.1   2   2   8.3e-05    0.0046   14.1   0.0   186   278   114   224    84   225 0.78 -
scaffold555:86991-89803   -            912 35222at147550        -            368   0.00021   18.6   0.8   1   4      0.18       9.8    3.2   0.1    46    95    10    58     5   104 0.72 -
scaffold555:86991-89803   -            912 35222at147550        -            368   0.00021   18.6   0.8   2   4       1.3        71    0.4   0.0   259   282   207   230   188   246 0.74 -
scaffold555:86991-89803   -            912 35222at147550        -            368   0.00021   18.6   0.8   3   4    0.0011     0.062   10.4   0.0    39    80   247   288   239   341 0.86 -
scaffold555:86991-89803   -            912 35222at147550        -            368   0.00021   18.6   0.8   4   4       7.2     4e+02   -2.1   0.0   262   280   369   387   363   393 0.83 -
scaffold28:170917-172763  -            570 35222at147550        -            368   0.00024   18.4   0.0   1   2    0.0074      0.41    7.7   0.0   209   282   324   402   317   413 0.67 -
scaffold28:170917-172763  -            570 35222at147550        -            368   0.00024   18.4   0.0   2   2    0.0047      0.26    8.4   0.0   183   240   452   511   431   520 0.79 -
scaffold110:11492-13412   -            541 35222at147550        -            368   0.00047   17.4   0.0   1   1   1.4e-05   0.00079   16.7   0.0   217   278   327   391   315   403 0.87 -
scaffold265:24096-26810   -            905 35222at147550        -            368   0.00057   17.1   0.1   1   3    0.0083      0.46    7.6   0.0   214   242   381   409   377   419 0.85 -
scaffold265:24096-26810   -            905 35222at147550        -            368   0.00057   17.1   0.1   2   3       4.6   2.6e+02   -1.5   0.0   271   297   533   559   529   561 0.88 -
scaffold265:24096-26810   -            905 35222at147550        -            368   0.00057   17.1   0.1   3   3     0.033       1.9    5.6   0.0    61    95   689   723   680   737 0.77 -
scaffold269:2910-5759     -            856 35222at147550        -            368   0.00064   17.0   1.5   1   7       3.9   2.2e+02   -1.2   0.0   270   288    31    49    21    56 0.85 -
scaffold269:2910-5759     -            856 35222at147550        -            368   0.00064   17.0   1.5   2   7       0.4        22    2.0   0.0   260   279    71    90    53    98 0.80 -
scaffold269:2910-5759     -            856 35222at147550        -            368   0.00064   17.0   1.5   3   7         2   1.1e+02   -0.3   0.0   227   252   129   154   123   186 0.74 -
scaffold269:2910-5759     -            856 35222at147550        -            368   0.00064   17.0   1.5   4   7     0.011       0.6    7.2   0.0   188   245   202   263   195   269 0.70 -
scaffold269:2910-5759     -            856 35222at147550        -            368   0.00064   17.0   1.5   5   7       4.3   2.4e+02   -1.4   0.0   247   283   317   354   297   365 0.64 -
scaffold269:2910-5759     -            856 35222at147550        -            368   0.00064   17.0   1.5   6   7       7.6   4.2e+02   -2.2   0.0   263   282   458   478   456   517 0.65 -
scaffold269:2910-5759     -            856 35222at147550        -            368   0.00064   17.0   1.5   7   7       8.2   4.6e+02   -2.3   0.0   201   238   698   734   683   758 0.60 -
scaffold622:34300-35663   -            422 35222at147550        -            368   0.00067   16.9   0.1   1   3       7.6   4.2e+02   -2.2   0.0   235   279    69   113    54   116 0.80 -
scaffold622:34300-35663   -            422 35222at147550        -            368   0.00067   16.9   0.1   2   3    0.0032      0.18    8.9   0.0   259   278   132   151    92   155 0.66 -
scaffold622:34300-35663   -            422 35222at147550        -            368   0.00067   16.9   0.1   3   3     0.076       4.3    4.4   0.0   208   244   171   211   165   216 0.79 -
scaffold589:3411-4524     -            351 35222at147550        -            368    0.0011   16.2   0.1   1   3       2.2   1.2e+02   -0.4   0.0   205   230    48    73    29    77 0.88 -
scaffold589:3411-4524     -            351 35222at147550        -            368    0.0011   16.2   0.1   2   3     0.023       1.3    6.1   0.1   176   239   103   170    93   176 0.79 -
scaffold589:3411-4524     -            351 35222at147550        -            368    0.0011   16.2   0.1   3   3      0.02       1.1    6.3   0.0   211   238   203   230   194   285 0.83 -
scaffold639:46447-48378   -            644 35222at147550        -            368    0.0017   15.6   0.1   1   4       2.5   1.4e+02   -0.6   0.0   258   277    63    82    56    91 0.89 -
scaffold639:46447-48378   -            644 35222at147550        -            368    0.0017   15.6   0.1   2   4    0.0027      0.15    9.2   0.0   208   245   200   237   145   243 0.88 -
scaffold639:46447-48378   -            644 35222at147550        -            368    0.0017   15.6   0.1   3   4       1.1        64    0.5   0.0   264   279   466   481   459   531 0.79 -
scaffold639:46447-48378   -            644 35222at147550        -            368    0.0017   15.6   0.1   4   4       2.3   1.3e+02   -0.5   0.0   212   239   546   572   541   578 0.84 -
scaffold71:316993-321694  -           1546 35222at147550        -            368    0.0018   15.5   0.0   1   2   0.00015    0.0085   13.3   0.0   207   264  1110  1166  1104  1212 0.88 -
scaffold71:316993-321694  -           1546 35222at147550        -            368    0.0018   15.5   0.0   2   2       6.6   3.7e+02   -2.0   0.0    50    75  1270  1295  1264  1300 0.87 -
scaffold160:20465-25159   -           1565 35222at147550        -            368    0.0028   14.9   0.0   1   2     0.061       3.4    4.7   0.0    53    76   139   162   122   177 0.73 -
scaffold160:20465-25159   -           1565 35222at147550        -            368    0.0028   14.9   0.0   2   2     0.009       0.5    7.5   0.0   176   242   181   249   162   256 0.85 -
scaffold190:65609-70240   -           1389 35222at147550        -            368     0.016   12.3   1.4   1   3     0.025       1.4    6.0   0.0   259   284  1123  1148  1113  1163 0.83 -
scaffold190:65609-70240   -           1389 35222at147550        -            368     0.016   12.3   1.4   2   3       3.2   1.8e+02   -0.9   0.0    50    73  1219  1245  1163  1265 0.55 -
scaffold190:65609-70240   -           1389 35222at147550        -            368     0.016   12.3   1.4   3   3      0.31        17    2.4   0.0   217   251  1270  1305  1230  1317 0.65 -
scaffold529:48622-50226   -            535 35222at147550        -            368     0.021   12.0   0.2   1   2       1.3        75    0.3   0.0   207   239   255   288   251   327 0.78 -
scaffold529:48622-50226   -            535 35222at147550        -            368     0.021   12.0   0.2   2   2    0.0038      0.21    8.7   0.1   184   240   366   428   355   440 0.77 -
scaffold501:64432-68349   -           1306 35222at147550        -            368     0.023   11.8   1.2   1   4      0.99        55    0.7   0.0    60    75   301   316   296   322 0.56 -
scaffold501:64432-68349   -           1306 35222at147550        -            368     0.023   11.8   1.2   2   4       1.2        67    0.5   0.0   256   283   900   927   895   954 0.71 -
scaffold501:64432-68349   -           1306 35222at147550        -            368     0.023   11.8   1.2   3   4       5.8   3.3e+02   -1.8   0.0   253   281   961   990   956   997 0.77 -
scaffold501:64432-68349   -           1306 35222at147550        -            368     0.023   11.8   1.2   4   4     0.045       2.5    5.2   0.0   264   302  1097  1135  1085  1152 0.81 -
scaffold34:112598-114178  -            527 35222at147550        -            368     0.023   11.8   0.1   1   5      0.07       3.9    4.5   0.0   208   246   135   174   125   190 0.87 -
scaffold34:112598-114178  -            527 35222at147550        -            368     0.023   11.8   0.1   2   5       9.1   5.1e+02   -2.5   0.0    57    75   199   217   195   239 0.85 -
scaffold34:112598-114178  -            527 35222at147550        -            368     0.023   11.8   0.1   3   5       1.3        74    0.3   0.0   252   278   247   273   236   285 0.83 -
scaffold34:112598-114178  -            527 35222at147550        -            368     0.023   11.8   0.1   4   5       1.5        87    0.1   0.0    60    85   399   424   383   439 0.84 -
scaffold34:112598-114178  -            527 35222at147550        -            368     0.023   11.8   0.1   5   5       5.8   3.2e+02   -1.8   0.0    59    76   454   471   447   474 0.79 -
#
# Program:         hmmsearch
# Version:         3.1b2 (February 2015)
# Pipeline mode:   SEARCH
# Query file:      /pickett_shared/projects/lwy647/discula_draft_assembly/busco_downloads/lineages/sordariomycetes_odb10/hmms/35222at147550.hmm
# Target file:     /pickett_shared/projects/lwy647/discula_draft_assembly/discula70_53.scafSeq.BUSCO/run_sordariomycetes_odb10/metaeuk_output/initial_results/discula70_53.scafSeq.modified.fas
# Option settings: hmmsearch --domtblout /pickett_shared/projects/lwy647/discula_draft_assembly/discula70_53.scafSeq.BUSCO/run_sordariomycetes_odb10/hmmer_output/initial_run_results/35222at147550.out --cpu 1 /pickett_shared/projects/lwy647/discula_draft_assembly/busco_downloads/lineages/sordariomycetes_odb10/hmms/35222at147550.hmm /pickett_shared/projects/lwy647/discula_draft_assembly/discula70_53.scafSeq.BUSCO/run_sordariomycetes_odb10/metaeuk_output/initial_results/discula70_53.scafSeq.modified.fas 
# Current dir:     /pickett_shared/projects/lwy647/discula_draft_assembly
# Date:            Thu Aug 31 18:11:48 2023
# [ok]
