#                                                                                 --- full sequence --- -------------- this domain -------------   hmm coord   ali coord   env coord
# target name             accession   tlen query name           accession   qlen   E-value  score  bias   #  of  c-Evalue  i-Evalue  score  bias  from    to  from    to  from    to  acc description of target
#     ------------------- ---------- ----- -------------------- ---------- ----- --------- ------ ----- --- --- --------- --------- ------ ----- ----- ----- ----- ----- ----- ----- ---- ---------------------
scaffold639:55577-58163   -            801 35464at147550        -            617  1.6e-262  870.2   9.4   1   3  2.6e-246  1.4e-244  810.9   0.6     1   494     1   545     1   559 0.93 -
scaffold639:55577-58163   -            801 35464at147550        -            617  1.6e-262  870.2   9.4   2   3   3.2e-09   1.8e-07   27.8   0.0   460   517   550   607   545   624 0.85 -
scaffold639:55577-58163   -            801 35464at147550        -            617  1.6e-262  870.2   9.4   3   3   3.5e-09     2e-07   27.6   1.5   521   604   638   762   632   768 0.68 -
scaffold679:35697-36815   -            373 35464at147550        -            617   7.8e-42  141.3   8.9   1   4   5.6e-10   3.1e-08   30.3   0.2     6   127     3   124     1   127 0.87 -
scaffold679:35697-36815   -            373 35464at147550        -            617   7.8e-42  141.3   8.9   2   4   1.4e-18   7.7e-17   58.7   0.1     2   127   125   249   124   255 0.91 -
scaffold679:35697-36815   -            373 35464at147550        -            617   7.8e-42  141.3   8.9   3   4     4e-18   2.3e-16   57.1   0.6     8   129   214   337   214   340 0.86 -
scaffold679:35697-36815   -            373 35464at147550        -            617   7.8e-42  141.3   8.9   4   4   3.9e-06   0.00022   17.6   0.0    90   123   340   373   337   373 0.94 -
scaffold8:77148-79251     -            607 35464at147550        -            617   6.6e-30  101.8   1.8   1   3     9e-12   5.1e-10   36.2   0.1   129   241   304   424   296   447 0.66 -
scaffold8:77148-79251     -            607 35464at147550        -            617   6.6e-30  101.8   1.8   2   3   1.6e-10   9.2e-09   32.0   0.1   185   241   449   509   422   515 0.82 -
scaffold8:77148-79251     -            607 35464at147550        -            617   6.6e-30  101.8   1.8   3   3     3e-10   1.7e-08   31.1   0.0    54   126   534   605   525   607 0.88 -
scaffold721:13595-16468   -            958 35464at147550        -            617   9.6e-29   98.0   5.9   1   4    0.0011     0.061    9.5   0.1   185   238    79   134    40   140 0.85 -
scaffold721:13595-16468   -            958 35464at147550        -            617   9.6e-29   98.0   5.9   2   4    0.0025      0.14    8.3   0.0    51   126   164   241   156   257 0.74 -
scaffold721:13595-16468   -            958 35464at147550        -            617   9.6e-29   98.0   5.9   3   4     7e-10     4e-08   29.9   0.2     5   126   420   538   417   547 0.83 -
scaffold721:13595-16468   -            958 35464at147550        -            617   9.6e-29   98.0   5.9   4   4   5.1e-16   2.9e-14   50.2   0.1   135   240   615   726   561   730 0.86 -
scaffold679:36393-37040   -            216 35464at147550        -            617   2.6e-28   96.6   5.4   1   3   1.2e-16   6.8e-15   52.3   0.7    28   129     3   105     1   110 0.86 -
scaffold679:36393-37040   -            216 35464at147550        -            617   2.6e-28   96.6   5.4   2   3   5.9e-08   3.3e-06   23.6   0.0    90   126   108   144   105   148 0.92 -
scaffold679:36393-37040   -            216 35464at147550        -            617   2.6e-28   96.6   5.4   3   3   9.6e-08   5.4e-06   22.9   0.1    90   127   150   187   144   200 0.90 -
scaffold33:10801-13583    -            883 35464at147550        -            617     4e-27   92.7  14.1   1   5     0.025       1.4    5.0   0.0    89   125    99   135    66   156 0.82 -
scaffold33:10801-13583    -            883 35464at147550        -            617     4e-27   92.7  14.1   2   5   1.8e-06    0.0001   18.6   0.4   111   252   197   352   190   358 0.79 -
scaffold33:10801-13583    -            883 35464at147550        -            617     4e-27   92.7  14.1   3   5   3.3e-06   0.00019   17.8   0.3    91   136   415   463   404   474 0.83 -
scaffold33:10801-13583    -            883 35464at147550        -            617     4e-27   92.7  14.1   4   5   1.6e-06     9e-05   18.8   0.0   200   266   518   587   484   596 0.69 -
scaffold33:10801-13583    -            883 35464at147550        -            617     4e-27   92.7  14.1   5   5   2.4e-12   1.4e-10   38.1   0.5   139   243   597   710   592   737 0.81 -
scaffold299:50012-51394   -            438 35464at147550        -            617   1.8e-25   87.2   4.0   1   3   5.5e-12   3.1e-10   36.9   0.1     8   127    98   228    95   234 0.80 -
scaffold299:50012-51394   -            438 35464at147550        -            617   1.8e-25   87.2   4.0   2   3   9.9e-18   5.6e-16   55.9   0.7    68   246   210   384   206   394 0.84 -
scaffold299:50012-51394   -            438 35464at147550        -            617   1.8e-25   87.2   4.0   3   3       6.9   3.9e+02   -3.1   0.1   141   154   424   437   422   438 0.78 -
scaffold226:67411-68872   -            447 35464at147550        -            617   1.1e-23   81.3   1.6   1   2     0.037       2.1    4.4   0.0   207   237    99   130    89   135 0.52 -
scaffold226:67411-68872   -            447 35464at147550        -            617   1.1e-23   81.3   1.6   2   2   2.8e-22   1.6e-20   70.9   0.5     7   244   140   381   135   387 0.78 -
scaffold39:57898-58915    -            313 35464at147550        -            617   4.8e-22   75.9   0.3   1   4     2e-05    0.0011   15.2   0.0   204   239    14    50     7    56 0.88 -
scaffold39:57898-58915    -            313 35464at147550        -            617   4.8e-22   75.9   0.3   2   4   2.5e-10   1.4e-08   31.4   0.1     8   134    60   186    57   187 0.90 -
scaffold39:57898-58915    -            313 35464at147550        -            617   4.8e-22   75.9   0.3   3   4     7e-05    0.0039   13.4   0.0    92   126   186   220   182   233 0.92 -
scaffold39:57898-58915    -            313 35464at147550        -            617   4.8e-22   75.9   0.3   4   4   0.00023     0.013   11.7   0.0   182   234   252   307   244   310 0.91 -
scaffold262:5982-8751     -            898 35464at147550        -            617   5.2e-22   75.8   2.3   1   4     0.018         1    5.5   0.0    85   134    44    93    20   120 0.82 -
scaffold262:5982-8751     -            898 35464at147550        -            617   5.2e-22   75.8   2.3   2   4    0.0013     0.073    9.2   0.1     9    39   148   179   143   186 0.85 -
scaffold262:5982-8751     -            898 35464at147550        -            617   5.2e-22   75.8   2.3   3   4      0.46        26    0.8   0.0     7    39   190   223   184   227 0.85 -
scaffold262:5982-8751     -            898 35464at147550        -            617   5.2e-22   75.8   2.3   4   4   9.7e-18   5.5e-16   55.9   0.6    92   246   340   508   258   553 0.76 -
scaffold509:105503-107947 -            796 35464at147550        -            617   5.9e-22   75.6   2.6   1   3   9.1e-08   5.2e-06   22.9   0.0   119   173   451   504   441   516 0.87 -
scaffold509:105503-107947 -            796 35464at147550        -            617   5.9e-22   75.6   2.6   2   3   2.1e-06   0.00012   18.5   0.1   133   239   550   654   538   664 0.81 -
scaffold509:105503-107947 -            796 35464at147550        -            617   5.9e-22   75.6   2.6   3   3   1.6e-10     9e-09   32.0   0.1   182   271   679   771   667   778 0.89 -
scaffold126:226891-229130 -            665 35464at147550        -            617   1.4e-21   74.4  12.1   1   2     1e-07   5.8e-06   22.8   0.7   181   277   295   390   277   390 0.79 -
scaffold126:226891-229130 -            665 35464at147550        -            617   1.4e-21   74.4  12.1   2   2   4.8e-18   2.7e-16   56.9   7.7    57   296   365   612   361   635 0.78 -
scaffold37:114701-116273  -            412 35464at147550        -            617   1.4e-21   74.3   4.8   1   3   5.5e-07   3.1e-05   20.4   0.2    69   127    52   116    45   122 0.80 -
scaffold37:114701-116273  -            412 35464at147550        -            617   1.4e-21   74.3   4.8   2   3   1.7e-12   9.6e-11   38.6   0.1     8    85   123   202   119   207 0.91 -
scaffold37:114701-116273  -            412 35464at147550        -            617   1.4e-21   74.3   4.8   3   3   1.6e-05   0.00091   15.5   0.1    93   140   285   332   271   367 0.82 -
scaffold237:16750-20683   -           1207 35464at147550        -            617   1.9e-21   73.9   1.3   1   1   5.7e-23   3.2e-21   73.2   1.3     6   286    41   326    24   344 0.84 -
scaffold72:58344-59805    -            468 35464at147550        -            617   3.2e-21   73.2   3.4   1   1   1.6e-21   8.9e-20   68.4   3.0     2   240   149   397   148   457 0.78 -
scaffold290:53613-55254   -            520 35464at147550        -            617     1e-20   71.5  10.1   1   3   2.1e-05    0.0012   15.1   0.1   139   211   160   233   122   243 0.72 -
scaffold290:53613-55254   -            520 35464at147550        -            617     1e-20   71.5  10.1   2   3   3.8e-07   2.1e-05   20.9   0.4   184   239   253   311   245   319 0.82 -
scaffold290:53613-55254   -            520 35464at147550        -            617     1e-20   71.5  10.1   3   3   5.9e-07   3.3e-05   20.3   0.2   185   238   464   519   449   520 0.69 -
scaffold91:236420-239677  -           1003 35464at147550        -            617   1.3e-20   71.1   5.5   1   3   8.6e-07   4.8e-05   19.7   0.1   137   200   634   694   612   720 0.50 -
scaffold91:236420-239677  -           1003 35464at147550        -            617   1.3e-20   71.1   5.5   2   3      0.13       7.5    2.6   0.0    21   162   732   757   715   767 0.63 -
scaffold91:236420-239677  -           1003 35464at147550        -            617   1.3e-20   71.1   5.5   3   3   3.4e-15   1.9e-13   47.5   2.0    89   258   775   951   764   965 0.83 -
scaffold7:127691-129352   -            554 35464at147550        -            617   5.5e-19   65.8   1.0   1   2   2.8e-09   1.6e-07   27.9   0.1   137   239   117   229    99   243 0.80 -
scaffold7:127691-129352   -            554 35464at147550        -            617   5.5e-19   65.8   1.0   2   2   2.1e-14   1.2e-12   44.9   0.1     7   150   190   340   189   382 0.79 -
scaffold479:74407-77248   -            836 35464at147550        -            617   8.2e-18   61.9   0.1   1   2   4.5e-12   2.5e-10   37.2   0.1   138   238    56   159    12   165 0.82 -
scaffold479:74407-77248   -            836 35464at147550        -            617   8.2e-18   61.9   0.1   2   2   1.2e-07   6.6e-06   22.6   0.0    47   128   168   250   160   256 0.88 -
scaffold126:47557-48887   -            358 35464at147550        -            617   3.6e-17   59.8   5.8   1   4     6e-05    0.0034   13.6   0.2    87   144    64   120    58   125 0.86 -
scaffold126:47557-48887   -            358 35464at147550        -            617   3.6e-17   59.8   5.8   2   4   0.00043     0.024   10.8   0.0   180   280   125   234   118   242 0.74 -
scaffold126:47557-48887   -            358 35464at147550        -            617   3.6e-17   59.8   5.8   3   4   2.4e-08   1.3e-06   24.9   0.0     5   125   155   275   151   279 0.89 -
scaffold126:47557-48887   -            358 35464at147550        -            617   3.6e-17   59.8   5.8   4   4   9.3e-11   5.2e-09   32.8   0.1     8   118   242   354   237   358 0.81 -
scaffold663:21837-23802   -            626 35464at147550        -            617   6.2e-17   59.0   4.7   1   3   4.6e-09   2.6e-07   27.2   0.4   183   248   311   378   301   387 0.85 -
scaffold663:21837-23802   -            626 35464at147550        -            617   6.2e-17   59.0   4.7   2   3   6.6e-07   3.7e-05   20.1   0.2   135   221   386   471   377   474 0.85 -
scaffold663:21837-23802   -            626 35464at147550        -            617   6.2e-17   59.0   4.7   3   3   0.00012    0.0068   12.6   0.0   109   199   529   625   524   626 0.68 -
scaffold528:88245-89801   -            490 35464at147550        -            617   3.3e-16   56.6   2.9   1   4     1e-09   5.9e-08   29.4   0.1   184   241   137   199   130   206 0.84 -
scaffold528:88245-89801   -            490 35464at147550        -            617   3.3e-16   56.6   2.9   2   4     0.038       2.2    4.4   0.0     7    41   213   248   207   255 0.76 -
scaffold528:88245-89801   -            490 35464at147550        -            617   3.3e-16   56.6   2.9   3   4   9.8e-07   5.6e-05   19.5   0.0   139   238   310   415   258   424 0.70 -
scaffold528:88245-89801   -            490 35464at147550        -            617   3.3e-16   56.6   2.9   4   4      0.54        30    0.6   0.1   214   243   459   488   444   490 0.76 -
scaffold351:111404-113017 -            538 35464at147550        -            617   3.6e-16   56.5   0.4   1   2   7.8e-11   4.4e-09   33.1   0.0    52   131   246   326   234   332 0.88 -
scaffold351:111404-113017 -            538 35464at147550        -            617   3.6e-16   56.5   0.4   2   2   6.9e-07   3.9e-05   20.0   0.2    11   154   377   537   370   538 0.66 -
scaffold178:63097-64787   -            507 35464at147550        -            617   6.2e-15   52.4   1.8   1   3       5.4   3.1e+02   -2.7   0.0    67    99   204   237   179   245 0.49 -
scaffold178:63097-64787   -            507 35464at147550        -            617   6.2e-15   52.4   1.8   2   3   6.7e-09   3.8e-07   26.7   0.5   143   278   257   395   250   403 0.81 -
scaffold178:63097-64787   -            507 35464at147550        -            617   6.2e-15   52.4   1.8   3   3   8.1e-08   4.6e-06   23.1   0.0    62   126   439   504   435   507 0.87 -
scaffold284:35441-37282   -            596 35464at147550        -            617   2.2e-14   50.6   0.5   1   3   2.7e-13   1.5e-11   41.2   0.2    48   237    61   261    52   265 0.82 -
scaffold284:35441-37282   -            596 35464at147550        -            617   2.2e-14   50.6   0.5   2   3   1.1e-05   0.00063   16.0   0.0     8   106   187   286   184   301 0.56 -
scaffold284:35441-37282   -            596 35464at147550        -            617   2.2e-14   50.6   0.5   3   3       0.2        11    2.0   0.0   251   280   347   376   328   386 0.69 -
scaffold94:208851-211790  -            980 35464at147550        -            617   2.4e-14   50.4   5.4   1   3   1.5e-07   8.5e-06   22.2   0.0    67   160   267   374   258   390 0.65 -
scaffold94:208851-211790  -            980 35464at147550        -            617   2.4e-14   50.4   5.4   2   3   2.9e-09   1.7e-07   27.9   0.2   203   282   409   487   403   506 0.84 -
scaffold94:208851-211790  -            980 35464at147550        -            617   2.4e-14   50.4   5.4   3   3      0.62        35    0.4   0.2   111   126   577   592   571   605 0.68 -
scaffold255:80910-83161   -            706 35464at147550        -            617   4.9e-14   49.4  10.2   1   5       1.3        72   -0.7   0.0   185   205   339   359   328   366 0.63 -
scaffold255:80910-83161   -            706 35464at147550        -            617   4.9e-14   49.4  10.2   2   5       1.8     1e+02   -1.2   0.0    80   107   366   391   361   395 0.82 -
scaffold255:80910-83161   -            706 35464at147550        -            617   4.9e-14   49.4  10.2   3   5     5e-06   0.00028   17.2   0.1   186   239   411   466   400   473 0.87 -
scaffold255:80910-83161   -            706 35464at147550        -            617   4.9e-14   49.4  10.2   4   5     5e-08   2.8e-06   23.8   1.1    55   128   481   555   476   561 0.78 -
scaffold255:80910-83161   -            706 35464at147550        -            617   4.9e-14   49.4  10.2   5   5    0.0018       0.1    8.7   0.1    94   126   563   596   557   599 0.88 -
scaffold69:144016-144591  -            192 35464at147550        -            617   7.6e-14   48.8   1.4   1   4   4.4e-06   0.00025   17.4   0.1    92   127     5    40     2    45 0.93 -
scaffold69:144016-144591  -            192 35464at147550        -            617   7.6e-14   48.8   1.4   2   4   0.00013    0.0072   12.5   0.1    91   128    46    83    42    91 0.87 -
scaffold69:144016-144591  -            192 35464at147550        -            617   7.6e-14   48.8   1.4   3   4   1.6e-05   0.00093   15.5   0.0    91   127   124   160   116   185 0.87 -
scaffold69:144016-144591  -            192 35464at147550        -            617   7.6e-14   48.8   1.4   4   4         1        57   -0.3   0.0    90   117   165   192   160   192 0.87 -
scaffold71:251585-253878  -            652 35464at147550        -            617     1e-12   45.0   2.5   1   2   3.1e-05    0.0018   14.6   0.0   201   283   304   387   297   405 0.77 -
scaffold71:251585-253878  -            652 35464at147550        -            617     1e-12   45.0   2.5   2   2   1.1e-08   6.1e-07   26.0   1.1    92   281   429   606   426   620 0.72 -
scaffold163:92278-94186   -            607 35464at147550        -            617   1.1e-12   44.9  13.1   1   4     0.012      0.67    6.0   0.0    90   125    52    87    26   101 0.83 -
scaffold163:92278-94186   -            607 35464at147550        -            617   1.1e-12   44.9  13.1   2   4   4.2e-06   0.00024   17.5   0.3   210   283   188   266   181   289 0.79 -
scaffold163:92278-94186   -            607 35464at147550        -            617   1.1e-12   44.9  13.1   3   4   4.2e-07   2.4e-05   20.8   2.8    12   128   233   357   229   396 0.81 -
scaffold163:92278-94186   -            607 35464at147550        -            617   1.1e-12   44.9  13.1   4   4   2.6e-05    0.0015   14.8   0.8    45   133   480   568   449   579 0.77 -
scaffold55:67073-68598    -            432 35464at147550        -            617   2.1e-12   44.0   0.6   1   3    0.0011     0.062    9.5   0.0   206   238   182   216   138   223 0.79 -
scaffold55:67073-68598    -            432 35464at147550        -            617   2.1e-12   44.0   0.6   2   3   1.2e-09   7.1e-08   29.1   0.2     5   126   228   357   224   361 0.79 -
scaffold55:67073-68598    -            432 35464at147550        -            617   2.1e-12   44.0   0.6   3   3      0.17       9.8    2.2   0.0   225   243   399   417   379   422 0.72 -
scaffold255:124337-126211 -            625 35464at147550        -            617   3.5e-12   43.3   0.1   1   2   2.6e-11   1.5e-09   34.6   0.1   137   245   264   373   249   377 0.85 -
scaffold255:124337-126211 -            625 35464at147550        -            617   3.5e-12   43.3   0.1   2   2     0.011      0.61    6.2   0.0    99   126   472   499   461   509 0.89 -
scaffold31:53043-54041    -            304 35464at147550        -            617   6.9e-12   42.3   2.8   1   2   9.6e-10   5.4e-08   29.5   0.4    47   237    12   218     1   219 0.68 -
scaffold31:53043-54041    -            304 35464at147550        -            617   6.9e-12   42.3   2.8   2   2     0.002      0.12    8.6   0.1     5   127   240   278   236   296 0.61 -
scaffold377:5691-7553     -            580 35464at147550        -            617   2.3e-11   40.6   7.0   1   2    0.0072      0.41    6.8   0.1   168   232   313   375   294   378 0.74 -
scaffold377:5691-7553     -            580 35464at147550        -            617   2.3e-11   40.6   7.0   2   2   2.5e-10   1.4e-08   31.4   3.2    70   237   368   553   363   553 0.69 -
scaffold203:50644-51853   -            335 35464at147550        -            617   9.3e-11   38.6   0.1   1   2   4.7e-11   2.6e-09   33.8   0.0   172   249    11    93     4   110 0.84 -
scaffold203:50644-51853   -            335 35464at147550        -            617   9.3e-11   38.6   0.1   2   2      0.52        29    0.6   0.0   198   236   275   314   254   319 0.83 -
scaffold352:81022-82225   -            383 35464at147550        -            617   2.7e-10   37.1   2.1   1   2   2.7e-06   0.00015   18.1   0.3   134   238    76   191     9   201 0.76 -
scaffold352:81022-82225   -            383 35464at147550        -            617   2.7e-10   37.1   2.1   2   2   1.7e-06   9.5e-05   18.8   0.1     8   144   215   353   212   358 0.80 -
scaffold639:53258-54412   -            385 35464at147550        -            617   2.8e-10   37.0   0.6   1   2   9.1e-06   0.00052   16.3   0.2   135   200   102   166    63   230 0.56 -
scaffold639:53258-54412   -            385 35464at147550        -            617   2.8e-10   37.0   0.6   2   2   1.4e-06   7.8e-05   19.0   0.0   195   239   321   366   310   369 0.89 -
scaffold163:116213-117779 -            499 35464at147550        -            617   3.8e-10   36.6   1.3   1   3     0.013      0.72    5.9   0.0    92   127    68   104    42   108 0.78 -
scaffold163:116213-117779 -            499 35464at147550        -            617   3.8e-10   36.6   1.3   2   3   5.7e-06   0.00032   17.0   0.0    21   140   141   267   126   274 0.65 -
scaffold163:116213-117779 -            499 35464at147550        -            617   3.8e-10   36.6   1.3   3   3    0.0004     0.022   10.9   0.1    94   127   296   329   283   336 0.88 -
scaffold726:47529-48488   -            287 35464at147550        -            617   1.3e-09   34.9   7.6   1   3   2.9e-06   0.00017   18.0   0.1   182   245     9    78     4    83 0.80 -
scaffold726:47529-48488   -            287 35464at147550        -            617   1.3e-09   34.9   7.6   2   3     0.053         3    3.9   0.1    11    73    86   152    81   157 0.61 -
scaffold726:47529-48488   -            287 35464at147550        -            617   1.3e-09   34.9   7.6   3   3   1.5e-05   0.00087   15.6   0.4     8    78   192   268   185   278 0.76 -
scaffold32:6587-9265      -            893 35464at147550        -            617   1.3e-09   34.9   0.5   1   3       0.5        29    0.7   0.0   101   125   109   133    70   152 0.65 -
scaffold32:6587-9265      -            893 35464at147550        -            617   1.3e-09   34.9   0.5   2   3   7.5e-07   4.3e-05   19.9   0.0     7   126   167   284   164   294 0.88 -
scaffold32:6587-9265      -            893 35464at147550        -            617   1.3e-09   34.9   0.5   3   3   0.00079     0.045    9.9   0.0   184   239   330   389   322   398 0.63 -
scaffold192:3730-5082     -            451 35464at147550        -            617   1.3e-09   34.8   6.5   1   4      0.14       7.7    2.5   0.0   210   238    43    73    34   105 0.72 -
scaffold192:3730-5082     -            451 35464at147550        -            617   1.3e-09   34.8   6.5   2   4   9.2e-06   0.00052   16.3   0.0     6    41   145   181   140   213 0.81 -
scaffold192:3730-5082     -            451 35464at147550        -            617   1.3e-09   34.8   6.5   3   4   5.5e-05    0.0031   13.7   0.1   185   239   226   290   218   293 0.79 -
scaffold192:3730-5082     -            451 35464at147550        -            617   1.3e-09   34.8   6.5   4   4      0.12         7    2.7   0.2   247   284   332   372   317   396 0.71 -
scaffold269:2910-5759     -            856 35464at147550        -            617   2.1e-09   34.1   1.2   1   5    0.0001    0.0059   12.8   0.0   190   252    31   112    22   193 0.49 -
scaffold269:2910-5759     -            856 35464at147550        -            617   2.1e-09   34.1   1.2   2   5   0.00016    0.0092   12.2   0.1     1    43   211   261   211   357 0.84 -
scaffold269:2910-5759     -            856 35464at147550        -            617   2.1e-09   34.1   1.2   3   5       4.9   2.8e+02   -2.6   0.0   216   278   496   518   457   531 0.48 -
scaffold269:2910-5759     -            856 35464at147550        -            617   2.1e-09   34.1   1.2   4   5       5.5   3.1e+02   -2.8   0.0    92   130   605   648   603   680 0.70 -
scaffold269:2910-5759     -            856 35464at147550        -            617   2.1e-09   34.1   1.2   5   5     0.073       4.1    3.4   0.0    25    77   733   789   729   806 0.77 -
scaffold190:183806-185430 -            522 35464at147550        -            617   2.2e-09   34.0   0.0   1   2   4.2e-09   2.4e-07   27.4   0.0     8    82   261   339   254   349 0.73 -
scaffold190:183806-185430 -            522 35464at147550        -            617   2.2e-09   34.0   0.0   2   2     0.042       2.4    4.2   0.0   105   126   407   428   379   435 0.87 -
scaffold244:5579-8162     -            839 35464at147550        -            617   3.1e-09   33.6   0.6   1   2    0.0019      0.11    8.7   0.0    66   180   473   516   379   551 0.75 -
scaffold244:5579-8162     -            839 35464at147550        -            617   3.1e-09   33.6   0.6   2   2   3.1e-07   1.8e-05   21.2   0.2   201   279   754   839   751   839 0.87 -
scaffold67:41310-44753    -           1018 35464at147550        -            617   1.2e-08   31.6   3.3   1   3         7     4e+02   -3.1   0.0    94   125    20    51    15    52 0.91 -
scaffold67:41310-44753    -           1018 35464at147550        -            617   1.2e-08   31.6   3.3   2   3   0.00081     0.046    9.9   0.1     5    80    80   157    76   177 0.58 -
scaffold67:41310-44753    -           1018 35464at147550        -            617   1.2e-08   31.6   3.3   3   3   1.2e-07   6.8e-06   22.5   0.2   181   257   189   269   146   282 0.74 -
scaffold186:17686-18939   -            378 35464at147550        -            617   2.2e-08   30.8   0.0   1   2   1.1e-09     6e-08   29.3   0.0   141   239    67   168    56   179 0.87 -
scaffold186:17686-18939   -            378 35464at147550        -            617   2.2e-08   30.8   0.0   2   2       3.6     2e+02   -2.2   0.0   105   125   309   328   306   338 0.81 -
scaffold410:104282-105569 -            373 35464at147550        -            617     3e-08   30.3   2.5   1   3   0.00055     0.031   10.4   0.0   181   280    73   180    15   193 0.64 -
scaffold410:104282-105569 -            373 35464at147550        -            617     3e-08   30.3   2.5   2   3   6.5e-06   0.00037   16.8   0.0    67   124   246   307   237   320 0.53 -
scaffold410:104282-105569 -            373 35464at147550        -            617     3e-08   30.3   2.5   3   3      0.28        16    1.5   0.2   107   126   351   370   330   372 0.82 -
scaffold385:114015-116784 -            902 35464at147550        -            617   6.1e-08   29.3   2.9   1   3     5e-07   2.8e-05   20.5   0.3   135   235   186   295   163   298 0.73 -
scaffold385:114015-116784 -            902 35464at147550        -            617   6.1e-08   29.3   2.9   2   3   1.1e-05   0.00063   16.0   0.4    65   133   238   312   223   322 0.74 -
scaffold385:114015-116784 -            902 35464at147550        -            617   6.1e-08   29.3   2.9   3   3     0.025       1.4    5.0   0.1    56   125   320   390   314   394 0.77 -
scaffold440:10778-12017   -            388 35464at147550        -            617   2.4e-06   24.0   0.4   1   3       1.3        74   -0.7   0.0   107   126    47    66    32    76 0.77 -
scaffold440:10778-12017   -            388 35464at147550        -            617   2.4e-06   24.0   0.4   2   3   2.3e-07   1.3e-05   21.6   0.1    66   157   115   217   108   233 0.80 -
scaffold440:10778-12017   -            388 35464at147550        -            617   2.4e-06   24.0   0.4   3   3       7.4   4.2e+02   -3.2   0.0   179   199   298   318   290   323 0.61 -
scaffold265:74878-78595   -            799 35464at147550        -            617   3.4e-06   23.6   6.2   1   3    0.0044      0.25    7.5   1.3   110   200    81   181    58   226 0.57 -
scaffold265:74878-78595   -            799 35464at147550        -            617   3.4e-06   23.6   6.2   2   3   0.00026     0.015   11.5   0.3    15   126   199   312   192   317 0.69 -
scaffold265:74878-78595   -            799 35464at147550        -            617   3.4e-06   23.6   6.2   3   3     0.013      0.75    5.9   0.0   101   126   330   355   311   365 0.79 -
scaffold50:560692-561832  -            356 35464at147550        -            617   3.6e-06   23.5   0.0   1   2   6.4e-05    0.0036   13.5   0.0   182   245    37   106    27   127 0.73 -
scaffold50:560692-561832  -            356 35464at147550        -            617   3.6e-06   23.5   0.0   2   2    0.0038      0.21    7.7   0.0    91   128   228   265   218   275 0.90 -
scaffold842:6306-8594     -            593 35464at147550        -            617   5.5e-06   22.9   0.0   1   2      0.19        11    2.1   0.0    78   127    46    98    38   107 0.71 -
scaffold842:6306-8594     -            593 35464at147550        -            617   5.5e-06   22.9   0.0   2   2   2.1e-06   0.00012   18.4   0.0   183   238   136   192   109   200 0.79 -
scaffold28:170917-172763  -            570 35464at147550        -            617   5.8e-06   22.8   0.0   1   1   1.7e-07   9.8e-06   22.0   0.0    56   244   329   516   298   532 0.83 -
scaffold352:12971-15458   -            438 35464at147550        -            617   6.3e-06   22.7   2.7   1   2      0.48        27    0.8   0.0   108   132   216   240   204   277 0.71 -
scaffold352:12971-15458   -            438 35464at147550        -            617   6.3e-06   22.7   2.7   2   2   2.9e-07   1.6e-05   21.3   0.6   180   256   327   410   306   437 0.58 -
scaffold343:218272-221419 -           1005 35464at147550        -            617   7.1e-06   22.5   1.8   1   4      0.21        12    1.9   0.0    99   126    10    37     6    44 0.80 -
scaffold343:218272-221419 -           1005 35464at147550        -            617   7.1e-06   22.5   1.8   2   4     0.044       2.5    4.2   0.0    66   125    27    89    21    93 0.76 -
scaffold343:218272-221419 -           1005 35464at147550        -            617   7.1e-06   22.5   1.8   3   4   7.4e-05    0.0042   13.3   0.1     6    81   115   189   109   206 0.58 -
scaffold343:218272-221419 -           1005 35464at147550        -            617   7.1e-06   22.5   1.8   4   4      0.43        24    0.9   0.0   225   240   307   322   299   358 0.82 -
scaffold250:114896-117332 -            718 35464at147550        -            617     1e-05   22.0   0.5   1   2     0.001     0.058    9.6   0.1    61   124    21    91    11    99 0.63 -
scaffold250:114896-117332 -            718 35464at147550        -            617     1e-05   22.0   0.5   2   2   0.00049     0.028   10.6   0.1    96   187   121   227   107   231 0.72 -
scaffold50:198890-201451  -            836 35464at147550        -            617   1.5e-05   21.4   0.9   1   2   2.4e-06   0.00014   18.2   0.2    89   142   483   536   475   541 0.89 -
scaffold50:198890-201451  -            836 35464at147550        -            617   1.5e-05   21.4   0.9   2   2      0.45        25    0.8   0.0   145   228   728   808   710   836 0.55 -
scaffold848:10283-11353   -            357 35464at147550        -            617   2.4e-05   20.7   1.9   1   2   0.00077     0.044   10.0   0.3   179   237    73   138     6   141 0.47 -
scaffold848:10283-11353   -            357 35464at147550        -            617   2.4e-05   20.7   1.9   2   2    0.0053       0.3    7.2   0.9    64   134   120   198    95   226 0.51 -
scaffold66:5930-6604      -            225 35464at147550        -            617   6.5e-05   19.3   0.3   1   2   8.4e-06   0.00048   16.4   0.0    22    87    15    79     1    89 0.85 -
scaffold66:5930-6604      -            225 35464at147550        -            617   6.5e-05   19.3   0.3   2   2      0.33        18    1.3   0.1   185   237   165   223    95   225 0.56 -
scaffold69:68839-70440    -            491 35464at147550        -            617   8.8e-05   18.9   0.2   1   2    0.0005     0.028   10.6   0.0   184   234   250   303   176   308 0.77 -
scaffold69:68839-70440    -            491 35464at147550        -            617   8.8e-05   18.9   0.2   2   2     0.009      0.51    6.4   0.0    88   127   363   403   322   449 0.76 -
scaffold28:75158-76329    -            328 35464at147550        -            617   0.00014   18.2   0.2   1   2   5.4e-05     0.003   13.8   0.0   146   231    36   123    25   138 0.88 -
scaffold28:75158-76329    -            328 35464at147550        -            617   0.00014   18.2   0.2   2   2      0.18        10    2.1   0.0    10    54   149   195   145   243 0.75 -
scaffold190:65609-70240   -           1389 35464at147550        -            617   0.00016   18.0   1.4   1   3      0.94        53   -0.2   0.0   263   278  1127  1142  1084  1164 0.82 -
scaffold190:65609-70240   -           1389 35464at147550        -            617   0.00016   18.0   1.4   2   3   0.00024     0.013   11.7   0.5   223   278  1186  1245  1180  1261 0.76 -
scaffold190:65609-70240   -           1389 35464at147550        -            617   0.00016   18.0   1.4   3   3       0.1       5.8    3.0   0.0   140   214  1278  1351  1253  1353 0.80 -
scaffold50:513257-518764  -           1074 35464at147550        -            617   0.00028   17.2   0.0   1   1   9.3e-06   0.00053   16.3   0.0    94   208    57   187    44   224 0.78 -
scaffold71:316993-321694  -           1546 35464at147550        -            617    0.0006   16.1   0.0   1   2   0.00014    0.0077   12.5   0.0    77   129  1095  1147  1082  1152 0.87 -
scaffold71:316993-321694  -           1546 35464at147550        -            617    0.0006   16.1   0.0   2   2      0.41        23    1.0   0.0   140   166  1417  1443  1413  1468 0.76 -
scaffold10:24122-25868    -            542 35464at147550        -            617   0.00063   16.0   0.0   1   1   1.7e-05   0.00098   15.4   0.0    77   133   265   322   248   336 0.80 -
scaffold352:77693-80310   -            853 35464at147550        -            617    0.0011   15.3   0.1   1   2      0.33        19    1.3   0.0    21   124    59   161    48   176 0.69 -
scaffold352:77693-80310   -            853 35464at147550        -            617    0.0011   15.3   0.1   2   2   0.00031     0.017   11.3   0.0    77   128   209   260   128   272 0.68 -
scaffold71:271898-273020  -            351 35464at147550        -            617    0.0012   15.1   0.0   1   2   0.00066     0.037   10.2   0.0    22   160    23   172     9   188 0.72 -
scaffold71:271898-273020  -            351 35464at147550        -            617    0.0012   15.1   0.0   2   2      0.11       6.4    2.8   0.0    56   112   257   313   226   318 0.54 -
scaffold143:178879-181985 -            991 35464at147550        -            617    0.0013   15.0   1.5   1   2       5.5   3.1e+02   -2.8   0.0    96   123   468   495   464   499 0.80 -
scaffold143:178879-181985 -            991 35464at147550        -            617    0.0013   15.0   1.5   2   2   4.7e-05    0.0027   14.0   0.6    94   240   546   705   528   721 0.62 -
scaffold269:73282-75225   -            582 35464at147550        -            617    0.0016   14.7   0.4   1   2     0.027       1.5    4.9   0.0    99   132   295   328   284   335 0.87 -
scaffold269:73282-75225   -            582 35464at147550        -            617    0.0016   14.7   0.4   2   2    0.0085      0.48    6.5   0.2    15   232   347   578   341   582 0.64 -
scaffold639:46447-48378   -            644 35464at147550        -            617    0.0019   14.4   0.1   1   2   0.00024     0.013   11.7   0.0    94   127   201   234   189   240 0.93 -
scaffold639:46447-48378   -            644 35464at147550        -            617    0.0019   14.4   0.1   2   2      0.89        50   -0.1   0.0    22    51   463   493   457   574 0.56 -
scaffold687:37237-38688   -            465 35464at147550        -            617     0.002   14.4   0.5   1   2       0.1       5.7    3.0   0.0   100   127    28    55    13    58 0.81 -
scaffold687:37237-38688   -            465 35464at147550        -            617     0.002   14.4   0.5   2   2   0.00015    0.0084   12.3   0.5    69   127    38    97    25   106 0.79 -
scaffold589:3411-4524     -            351 35464at147550        -            617    0.0032   13.7   0.5   1   2   9.7e-05    0.0055   12.9   0.2     2   124    44   170    43   177 0.78 -
scaffold589:3411-4524     -            351 35464at147550        -            617    0.0032   13.7   0.5   2   2       7.7   4.4e+02   -3.3   0.0    50    83   200   231   192   247 0.65 -
scaffold501:15617-17502   -            609 35464at147550        -            617    0.0042   13.3  10.0   1   2      0.37        21    1.1   1.0    70   145   309   386   299   393 0.78 -
scaffold501:15617-17502   -            609 35464at147550        -            617    0.0042   13.3  10.0   2   2   1.9e-05    0.0011   15.3   3.0     6   158   414   582   387   592 0.50 -
scaffold34:112598-114178  -            527 35464at147550        -            617    0.0044   13.3   0.0   1   3   0.00095     0.054    9.7   0.0    93   134   135   177   118   187 0.86 -
scaffold34:112598-114178  -            527 35464at147550        -            617    0.0044   13.3   0.0   2   3       3.8   2.1e+02   -2.2   0.0   163   202   238   277   202   299 0.63 -
scaffold34:112598-114178  -            527 35464at147550        -            617    0.0044   13.3   0.0   3   3       1.5        83   -0.9   0.0   185   202   455   472   393   477 0.71 -
scaffold842:15351-17150   -            600 35464at147550        -            617    0.0048   13.1   0.1   1   3      0.13       7.5    2.6   0.0    89   125   107   143    99   180 0.77 -
scaffold842:15351-17150   -            600 35464at147550        -            617    0.0048   13.1   0.1   2   3     0.057       3.2    3.8   0.0   137   164   238   265   189   309 0.77 -
scaffold842:15351-17150   -            600 35464at147550        -            617    0.0048   13.1   0.1   3   3      0.13       7.2    2.6   0.0   102   130   336   364   326   444 0.67 -
scaffold371:72855-76197   -           1091 35464at147550        -            617    0.0058   12.9   0.5   1   2   0.00027     0.015   11.5   0.0   208   238   629   659   623   663 0.92 -
scaffold371:72855-76197   -           1091 35464at147550        -            617    0.0058   12.9   0.5   2   2       2.5   1.4e+02   -1.6   0.2   345   360   703   718   696   724 0.79 -
scaffold377:101263-103464 -            734 35464at147550        -            617     0.006   12.8   0.1   1   3     0.028       1.6    4.8   0.0    11   198   268   342   260   352 0.53 -
scaffold377:101263-103464 -            734 35464at147550        -            617     0.006   12.8   0.1   2   3       5.7   3.2e+02   -2.8   0.0   141   168   436   464   426   467 0.76 -
scaffold377:101263-103464 -            734 35464at147550        -            617     0.006   12.8   0.1   3   3     0.023       1.3    5.1   0.0     9    40   662   693   624   699 0.82 -
scaffold687:30891-38688   -           2204 35464at147550        -            617     0.019   11.2   0.0   1   1   0.00064     0.036   10.2   0.0    66   127    34    97    15   106 0.80 -
scaffold65:31609-35490    -           1294 35464at147550        -            617     0.032   10.4   0.1   1   2     0.075       4.3    3.4   0.0   139   200   123   191   105   211 0.80 -
scaffold65:31609-35490    -           1294 35464at147550        -            617     0.032   10.4   0.1   2   2     0.029       1.6    4.8   0.1    87   126   249   289   216   295 0.74 -
scaffold622:34300-35663   -            422 35464at147550        -            617     0.047    9.9   0.7   1   3     0.016      0.93    5.6   0.1    71   126   101   153    83   158 0.76 -
scaffold622:34300-35663   -            422 35464at147550        -            617     0.047    9.9   0.7   2   3      0.25        14    1.7   0.0    95   129   173   211   153   220 0.61 -
scaffold622:34300-35663   -            422 35464at147550        -            617     0.047    9.9   0.7   3   3       7.6   4.3e+02   -3.2   0.0   101   126   284   309   282   314 0.83 -
scaffold501:64432-68349   -           1306 35464at147550        -            617       1.5    4.9   7.3   1   4       3.2   1.8e+02   -2.0   0.0   225   261    30    66    24    79 0.77 -
scaffold501:64432-68349   -           1306 35464at147550        -            617       1.5    4.9   7.3   2   4      0.32        18    1.3   0.1   225   238   301   314   297   321 0.82 -
scaffold501:64432-68349   -           1306 35464at147550        -            617       1.5    4.9   7.3   3   4     0.018         1    5.5   0.1    13    50   897   933   887   975 0.66 -
scaffold501:64432-68349   -           1306 35464at147550        -            617       1.5    4.9   7.3   4   4       6.9   3.9e+02   -3.1   0.0   184   204  1097  1117  1085  1144 0.65 -
#
# Program:         hmmsearch
# Version:         3.1b2 (February 2015)
# Pipeline mode:   SEARCH
# Query file:      /pickett_shared/projects/lwy647/discula_draft_assembly/busco_downloads/lineages/sordariomycetes_odb10/hmms/35464at147550.hmm
# Target file:     /pickett_shared/projects/lwy647/discula_draft_assembly/discula70_53.scafSeq.BUSCO/run_sordariomycetes_odb10/metaeuk_output/initial_results/discula70_53.scafSeq.modified.fas
# Option settings: hmmsearch --domtblout /pickett_shared/projects/lwy647/discula_draft_assembly/discula70_53.scafSeq.BUSCO/run_sordariomycetes_odb10/hmmer_output/initial_run_results/35464at147550.out --cpu 1 /pickett_shared/projects/lwy647/discula_draft_assembly/busco_downloads/lineages/sordariomycetes_odb10/hmms/35464at147550.hmm /pickett_shared/projects/lwy647/discula_draft_assembly/discula70_53.scafSeq.BUSCO/run_sordariomycetes_odb10/metaeuk_output/initial_results/discula70_53.scafSeq.modified.fas 
# Current dir:     /pickett_shared/projects/lwy647/discula_draft_assembly
# Date:            Thu Aug 31 18:11:50 2023
# [ok]
