#                                                                                 --- full sequence --- -------------- this domain -------------   hmm coord   ali coord   env coord
# target name             accession   tlen query name           accession   qlen   E-value  score  bias   #  of  c-Evalue  i-Evalue  score  bias  from    to  from    to  from    to  acc description of target
#     ------------------- ---------- ----- -------------------- ---------- ----- --------- ------ ----- --- --- --------- --------- ------ ----- ----- ----- ----- ----- ----- ----- ---- ---------------------
scaffold8:77148-79251     -            607 35527at147550        -            292  5.6e-167  552.0   2.5   1   1  2.4e-168  1.1e-166  551.0   2.5     1   292   280   604   280   604 0.94 -
scaffold679:35697-36815   -            373 35527at147550        -            292   1.5e-86  288.1   8.6   1   3     1e-17   4.7e-16   56.6   0.1   177   255     6    84     1    91 0.93 -
scaffold679:35697-36815   -            373 35527at147550        -            292   1.5e-86  288.1   8.6   2   3   2.5e-57   1.2e-55  186.6   1.0    46   291    76   332    74   333 0.88 -
scaffold679:35697-36815   -            373 35527at147550        -            292   1.5e-86  288.1   8.6   3   3   7.9e-20   3.7e-18   63.5   0.2   177   249   301   373   295   373 0.96 -
scaffold721:13595-16468   -            958 35527at147550        -            292   8.8e-49  164.1  16.9   1   5   2.4e-12   1.1e-10   39.0   0.7   123   268    39   152    21   162 0.49 -
scaffold721:13595-16468   -            958 35527at147550        -            292   8.8e-49  164.1  16.9   2   5   0.00039     0.018   12.0   0.0    74   135   179   243   162   262 0.85 -
scaffold721:13595-16468   -            958 35527at147550        -            292   8.8e-49  164.1  16.9   3   5       4.8   2.2e+02   -1.4   0.0    35    57   383   405   366   422 0.77 -
scaffold721:13595-16468   -            958 35527at147550        -            292   8.8e-49  164.1  16.9   4   5   6.5e-34     3e-32  109.8   5.1    21   290   426   723   417   724 0.85 -
scaffold721:13595-16468   -            958 35527at147550        -            292   8.8e-49  164.1  16.9   5   5   4.3e-06    0.0002   18.4   0.1    98   132   691   725   684   740 0.65 -
scaffold290:53613-55254   -            520 35527at147550        -            292   1.9e-48  162.9   8.5   1   4   3.8e-18   1.8e-16   58.0   0.0   163   277   129   246   121   253 0.90 -
scaffold290:53613-55254   -            520 35527at147550        -            292   1.9e-48  162.9   8.5   2   4   7.2e-11   3.4e-09   34.1   0.5   151   233   252   335   250   356 0.83 -
scaffold290:53613-55254   -            520 35527at147550        -            292   1.9e-48  162.9   8.5   3   4   4.2e-16     2e-14   51.3   0.2   152   255   377   482   368   485 0.90 -
scaffold290:53613-55254   -            520 35527at147550        -            292   1.9e-48  162.9   8.5   4   4   2.9e-07   1.4e-05   22.3   0.0    96   130   484   518   481   520 0.91 -
scaffold679:36393-37040   -            216 35527at147550        -            292     2e-46  156.3   7.6   1   2   1.8e-39   8.4e-38  128.0   3.7   118   271     1   163     1   163 0.89 -
scaffold679:36393-37040   -            216 35527at147550        -            292     2e-46  156.3   7.6   2   2   9.5e-12   4.4e-10   37.0   0.1   178   240   154   215   153   216 0.86 -
scaffold33:10801-13583    -            883 35527at147550        -            292   2.1e-45  152.9  20.7   1   7   0.00041     0.019   11.9   0.0    91   136    94   139    62   167 0.73 -
scaffold33:10801-13583    -            883 35527at147550        -            292   2.1e-45  152.9  20.7   2   7   1.6e-13   7.3e-12   42.9   3.8    73   267   117   310   113   338 0.73 -
scaffold33:10801-13583    -            883 35527at147550        -            292   2.1e-45  152.9  20.7   3   7    0.0076      0.36    7.8   0.0   108   146   270   308   259   403 0.73 -
scaffold33:10801-13583    -            883 35527at147550        -            292   2.1e-45  152.9  20.7   4   7   5.1e-05    0.0024   14.9   0.2    99   135   416   452   410   463 0.90 -
scaffold33:10801-13583    -            883 35527at147550        -            292   2.1e-45  152.9  20.7   5   7   2.3e-11   1.1e-09   35.7   0.1    76   140   496   566   484   584 0.77 -
scaffold33:10801-13583    -            883 35527at147550        -            292   2.1e-45  152.9  20.7   6   7   8.8e-10   4.1e-08   30.5   0.1   178   248   569   650   563   655 0.71 -
scaffold33:10801-13583    -            883 35527at147550        -            292   2.1e-45  152.9  20.7   7   7   9.6e-11   4.5e-09   33.7   0.3   195   282   650   737   643   743 0.90 -
scaffold299:50012-51394   -            438 35527at147550        -            292   4.4e-43  145.3   1.7   1   4   5.8e-15   2.7e-13   47.6   0.0   177   284    99   210    93   211 0.87 -
scaffold299:50012-51394   -            438 35527at147550        -            292   4.4e-43  145.3   1.7   2   4   1.9e-18   8.9e-17   59.0   0.0   178   279   187   298   186   302 0.86 -
scaffold299:50012-51394   -            438 35527at147550        -            292   4.4e-43  145.3   1.7   3   4   1.8e-12   8.3e-11   39.4   0.1   153   232   319   399   311   403 0.84 -
scaffold299:50012-51394   -            438 35527at147550        -            292   4.4e-43  145.3   1.7   4   4       1.3        61    0.5   0.0   275   290   422   437   408   438 0.69 -
scaffold72:58344-59805    -            468 35527at147550        -            292   2.8e-41  139.4   7.1   1   4   1.6e-13   7.6e-12   42.8   0.1   213   283   150   220   142   224 0.87 -
scaffold72:58344-59805    -            468 35527at147550        -            292   2.8e-41  139.4   7.1   2   4   3.7e-21   1.7e-19   67.9   0.3   157   283   220   347   214   353 0.95 -
scaffold72:58344-59805    -            468 35527at147550        -            292   2.8e-41  139.4   7.1   3   4   2.9e-14   1.3e-12   45.3   0.1   151   257   298   402   296   412 0.92 -
scaffold72:58344-59805    -            468 35527at147550        -            292   2.8e-41  139.4   7.1   4   4    0.0067      0.32    8.0   0.0   180   208   417   445   404   451 0.84 -
scaffold262:5982-8751     -            898 35527at147550        -            292   9.6e-41  137.7   6.0   1   5    0.0024      0.11    9.4   0.0    33   132    25   124    14   133 0.73 -
scaffold262:5982-8751     -            898 35527at147550        -            292   9.6e-41  137.7   6.0   2   5   7.2e-07   3.4e-05   21.0   0.1   175   250   146   223   138   235 0.90 -
scaffold262:5982-8751     -            898 35527at147550        -            292   9.6e-41  137.7   6.0   3   5     1e-31   4.9e-30  102.5   0.7    12   253   290   545   285   559 0.83 -
scaffold262:5982-8751     -            898 35527at147550        -            292   9.6e-41  137.7   6.0   4   5     0.013      0.62    7.0   0.0   138   181   511   557   501   576 0.75 -
scaffold262:5982-8751     -            898 35527at147550        -            292   9.6e-41  137.7   6.0   5   5      0.89        42    1.0   0.0    26    52   580   607   571   620 0.74 -
scaffold226:67411-68872   -            447 35527at147550        -            292   2.3e-40  136.4   2.9   1   3   3.4e-14   1.6e-12   45.0   0.1   177   276   100   202    95   209 0.83 -
scaffold226:67411-68872   -            447 35527at147550        -            292   2.3e-40  136.4   2.9   2   3   1.7e-19     8e-18   62.4   0.0   154   276   163   294   162   308 0.80 -
scaffold226:67411-68872   -            447 35527at147550        -            292   2.3e-40  136.4   2.9   3   3   1.1e-12   5.2e-11   40.1   0.2   153   226   318   392   311   402 0.70 -
scaffold663:21837-23802   -            626 35527at147550        -            292   6.9e-40  134.9  12.8   1   4   7.1e-07   3.3e-05   21.0   0.1    89   136   285   331   281   339 0.79 -
scaffold663:21837-23802   -            626 35527at147550        -            292   6.9e-40  134.9  12.8   2   4   5.4e-21   2.5e-19   67.4   2.6   142   267   300   422   295   427 0.89 -
scaffold663:21837-23802   -            626 35527at147550        -            292   6.9e-40  134.9  12.8   3   4     4e-10   1.9e-08   31.7   0.1   153   228   393   467   391   473 0.91 -
scaffold663:21837-23802   -            626 35527at147550        -            292   6.9e-40  134.9  12.8   4   4     7e-14   3.3e-12   44.0   0.0   193   291   529   624   524   625 0.93 -
scaffold126:226891-229130 -            665 35527at147550        -            292   1.4e-38  130.6   9.1   1   3   4.8e-16   2.3e-14   51.1   0.5   139   270   283   411   271   416 0.87 -
scaffold126:226891-229130 -            665 35527at147550        -            292   1.4e-38  130.6   9.1   2   3   5.7e-16   2.7e-14   50.9   0.1   192   267   415   488   410   494 0.92 -
scaffold126:226891-229130 -            665 35527at147550        -            292   1.4e-38  130.6   9.1   3   3   1.5e-10   7.2e-09   33.0   0.4   154   246   499   589   491   596 0.88 -
scaffold91:236420-239677  -           1003 35527at147550        -            292   9.3e-38  127.9   8.3   1   4   7.3e-15   3.4e-13   47.2   0.1    68   140   630   701   622   714 0.89 -
scaffold91:236420-239677  -           1003 35527at147550        -            292   9.3e-38  127.9   8.3   2   4       2.9   1.3e+02   -0.7   0.0    76    90   736   750   720   760 0.61 -
scaffold91:236420-239677  -           1003 35527at147550        -            292   9.3e-38  127.9   8.3   3   4   3.3e-21   1.6e-19   68.0   0.3   143   267   784   907   775   910 0.88 -
scaffold91:236420-239677  -           1003 35527at147550        -            292   9.3e-38  127.9   8.3   4   4   0.00015    0.0072   13.3   0.0   187   218   909   939   906   952 0.81 -
scaffold126:47557-48887   -            358 35527at147550        -            292   4.8e-34  115.7   4.6   1   2   3.2e-15   1.5e-13   48.4   0.2    95   255    65   237    59   237 0.80 -
scaffold126:47557-48887   -            358 35527at147550        -            292   4.8e-34  115.7   4.6   2   2   7.8e-24   3.6e-22   76.7   0.6    21   204   161   356   158   358 0.87 -
scaffold39:57898-58915    -            313 35527at147550        -            292   2.8e-33  113.1   3.7   1   4   3.7e-09   1.7e-07   28.5   0.0   177   255    18    97    10   100 0.90 -
scaffold39:57898-58915    -            313 35527at147550        -            292   2.8e-33  113.1   3.7   2   4   2.5e-21   1.2e-19   68.5   0.3    89   220    91   234    91   238 0.83 -
scaffold39:57898-58915    -            313 35527at147550        -            292   2.8e-33  113.1   3.7   3   4   0.00097     0.045   10.7   0.1   102   137   239   274   225   277 0.82 -
scaffold39:57898-58915    -            313 35527at147550        -            292   2.8e-33  113.1   3.7   4   4   3.6e-05    0.0017   15.4   0.0   153   209   255   312   252   313 0.87 -
scaffold37:114701-116273  -            412 35527at147550        -            292   5.4e-32  109.0   2.9   1   2   6.6e-22   3.1e-20   70.3   1.0   155   275    55   181    49   199 0.84 -
scaffold37:114701-116273  -            412 35527at147550        -            292   5.4e-32  109.0   2.9   2   2     1e-11   4.7e-10   36.9   0.0    82   209   266   408   250   411 0.78 -
scaffold509:105503-107947 -            796 35527at147550        -            292   5.7e-31  105.6   3.6   1   3   9.3e-08   4.4e-06   23.9   0.0    78   135   435   490   420   503 0.83 -
scaffold509:105503-107947 -            796 35527at147550        -            292   5.7e-31  105.6   3.6   2   3   7.7e-12   3.6e-10   37.3   0.1   179   290   545   652   536   653 0.88 -
scaffold509:105503-107947 -            796 35527at147550        -            292   5.7e-31  105.6   3.6   3   3   4.7e-16   2.2e-14   51.2   0.7   115   243   637   771   633   789 0.55 -
scaffold163:92278-94186   -            607 35527at147550        -            292   4.2e-30  102.7  16.5   1   4   2.1e-16   9.6e-15   52.3   2.2    69   271    65   282    60   288 0.79 -
scaffold163:92278-94186   -            607 35527at147550        -            292   4.2e-30  102.7  16.5   2   4     7e-06   0.00033   17.7   0.4   195   284   296   388   286   393 0.80 -
scaffold163:92278-94186   -            607 35527at147550        -            292   4.2e-30  102.7  16.5   3   4   1.9e-07   8.7e-06   22.9   0.1    32   132   453   560   446   561 0.81 -
scaffold163:92278-94186   -            607 35527at147550        -            292   4.2e-30  102.7  16.5   4   4   2.2e-08     1e-06   26.0   0.3   152   211   545   605   541   607 0.91 -
scaffold237:16750-20683   -           1207 35527at147550        -            292   5.4e-30  102.4   4.5   1   3   1.9e-12     9e-11   39.3   0.2   160   251    28   118    18   122 0.89 -
scaffold237:16750-20683   -           1207 35527at147550        -            292   5.4e-30  102.4   4.5   2   3   5.1e-23   2.4e-21   74.0   0.8    56   281    82   309    76   318 0.84 -
scaffold237:16750-20683   -           1207 35527at147550        -            292   5.4e-30  102.4   4.5   3   3      0.19         9    3.2   0.0    13    79   479   546   471   606 0.76 -
scaffold255:80910-83161   -            706 35527at147550        -            292     4e-29   99.5   9.0   1   3   1.5e-08   7.2e-07   26.5   0.2   104   250   325   465   314   466 0.80 -
scaffold255:80910-83161   -            706 35527at147550        -            292     4e-29   99.5   9.0   2   3   1.4e-20   6.7e-19   66.0   1.3   118   258   410   559   403   565 0.89 -
scaffold255:80910-83161   -            706 35527at147550        -            292     4e-29   99.5   9.0   3   3   6.8e-09   3.2e-07   27.6   0.0    70   133   531   596   525   614 0.79 -
scaffold178:63097-64787   -            507 35527at147550        -            292   8.5e-28   95.2   0.5   1   2   5.8e-19   2.7e-17   60.7   0.1    62   260   192   405   167   417 0.84 -
scaffold178:63097-64787   -            507 35527at147550        -            292   8.5e-28   95.2   0.5   2   2   3.7e-10   1.7e-08   31.8   0.1    76   131   446   502   440   506 0.76 -
scaffold94:208851-211790  -            980 35527at147550        -            292   1.5e-27   94.4   1.0   1   3   2.7e-13   1.3e-11   42.1   0.0   177   290   253   368   244   370 0.84 -
scaffold94:208851-211790  -            980 35527at147550        -            292   1.5e-27   94.4   1.0   2   3   1.1e-14   4.9e-13   46.7   0.1   177   273   414   506   406   517 0.90 -
scaffold94:208851-211790  -            980 35527at147550        -            292   1.5e-27   94.4   1.0   3   3      0.42        20    2.1   0.1   195   209   577   591   570   603 0.71 -
scaffold31:53043-54041    -            304 35527at147550        -            292   2.2e-27   93.8   0.3   1   4   9.8e-12   4.6e-10   37.0   0.0   183   257    21    96    10   111 0.73 -
scaffold31:53043-54041    -            304 35527at147550        -            292   2.2e-27   93.8   0.3   2   4    0.0011     0.049   10.6   0.0   179   238   101   161    95   186 0.76 -
scaffold31:53043-54041    -            304 35527at147550        -            292   2.2e-27   93.8   0.3   3   4   1.9e-08     9e-07   26.2   0.1   120   213   119   224   116   231 0.62 -
scaffold31:53043-54041    -            304 35527at147550        -            292   2.2e-27   93.8   0.3   4   4   8.9e-08   4.2e-06   24.0   0.0   177   231   244   298   238   302 0.93 -
scaffold639:55577-58163   -            801 35527at147550        -            292   3.6e-26   89.8   5.7   1   4   3.1e-09   1.4e-07   28.8   0.0   177   291     9   134     2   135 0.78 -
scaffold639:55577-58163   -            801 35527at147550        -            292   3.6e-26   89.8   5.7   2   4     1e-07   4.7e-06   23.8   0.0   196   290    77   174    54   176 0.77 -
scaffold639:55577-58163   -            801 35527at147550        -            292   3.6e-26   89.8   5.7   3   4   3.3e-17   1.5e-15   54.9   1.5    63   249   107   304    99   312 0.85 -
scaffold639:55577-58163   -            801 35527at147550        -            292   3.6e-26   89.8   5.7   4   4      0.71        33    1.3   0.0     7    90   591   675   589   684 0.74 -
scaffold351:111404-113017 -            538 35527at147550        -            292   8.6e-26   88.6   5.9   1   3   3.3e-15   1.6e-13   48.3   0.1   177   255   244   324   236   329 0.85 -
scaffold351:111404-113017 -            538 35527at147550        -            292   8.6e-26   88.6   5.9   2   3     1e-05   0.00048   17.2   0.1    77   132   350   407   336   419 0.64 -
scaffold351:111404-113017 -            538 35527at147550        -            292   8.6e-26   88.6   5.9   3   3     8e-08   3.8e-06   24.1   0.4    69   166   428   538   416   538 0.79 -
scaffold265:74878-78595   -            799 35527at147550        -            292   2.2e-25   87.2   5.8   1   2   8.2e-10   3.8e-08   30.7   0.7   177   284    63   173    58   180 0.79 -
scaffold265:74878-78595   -            799 35527at147550        -            292   2.2e-25   87.2   5.8   2   2   1.4e-18   6.7e-17   59.4   0.8    86   254   175   357   164   367 0.73 -
scaffold71:251585-253878  -            652 35527at147550        -            292   2.4e-25   87.1   2.8   1   3     4e-10   1.9e-08   31.7   0.0   177   251   311   383   305   397 0.87 -
scaffold71:251585-253878  -            652 35527at147550        -            292   2.4e-25   87.1   2.8   2   3   1.8e-07   8.4e-06   23.0   0.0   188   221   439   472   426   488 0.72 -
scaffold71:251585-253878  -            652 35527at147550        -            292   2.4e-25   87.1   2.8   3   3   1.7e-06   7.8e-05   19.8   0.2    69   132   543   604   541   620 0.83 -
scaffold69:144016-144591  -            192 35527at147550        -            292   2.8e-25   86.9   0.1   1   2   1.1e-14     5e-13   46.7   0.1   177   255     6    84     3    95 0.86 -
scaffold69:144016-144591  -            192 35527at147550        -            292   2.8e-25   86.9   0.1   2   2   3.9e-12   1.8e-10   38.3   0.0   178   243   127   192   120   192 0.95 -
scaffold479:74407-77248   -            836 35527at147550        -            292   6.9e-25   85.6   0.1   1   3   6.3e-16   2.9e-14   50.7   0.0   147   265    54   174     2   180 0.80 -
scaffold479:74407-77248   -            836 35527at147550        -            292   6.9e-25   85.6   0.1   2   3   4.5e-10   2.1e-08   31.5   0.0   182   255   176   251   170   262 0.86 -
scaffold479:74407-77248   -            836 35527at147550        -            292   6.9e-25   85.6   0.1   3   3       4.5   2.1e+02   -1.3   0.0   166   197   606   637   582   660 0.73 -
scaffold284:35441-37282   -            596 35527at147550        -            292   1.5e-24   84.5   0.7   1   3   0.00076     0.035   11.1   0.1   180   252    66   138    59   145 0.81 -
scaffold284:35441-37282   -            596 35527at147550        -            292   1.5e-24   84.5   0.7   2   3   9.7e-20   4.5e-18   63.2   0.2   159   290   129   261   128   263 0.93 -
scaffold284:35441-37282   -            596 35527at147550        -            292   1.5e-24   84.5   0.7   3   3    0.0012     0.057   10.4   0.0    59    92   343   376   328   406 0.79 -
scaffold67:41310-44753    -           1018 35527at147550        -            292   2.5e-22   77.2   7.8   1   3   1.2e-08   5.7e-07   26.8   0.3   100   261    19   171    13   179 0.77 -
scaffold67:41310-44753    -           1018 35527at147550        -            292   2.5e-22   77.2   7.8   2   3   1.3e-19   6.1e-18   62.8   2.2    57   233    82   273    63   326 0.79 -
scaffold67:41310-44753    -           1018 35527at147550        -            292   2.5e-22   77.2   7.8   3   3       4.8   2.3e+02   -1.4   0.0    14    56   302   343   286   348 0.65 -
scaffold55:67073-68598    -            432 35527at147550        -            292   2.6e-21   73.9   1.8   1   3   2.6e-06   0.00012   19.1   0.1   178   254   185   268   148   273 0.78 -
scaffold55:67073-68598    -            432 35527at147550        -            292   2.6e-21   73.9   1.8   2   3   2.2e-19     1e-17   62.1   0.3    99   257   183   363   177   368 0.78 -
scaffold55:67073-68598    -            432 35527at147550        -            292   2.6e-21   73.9   1.8   3   3      0.21       9.8    3.1   0.0   219   252   380   414   374   421 0.82 -
scaffold848:10283-11353   -            357 35527at147550        -            292     4e-21   73.3   5.3   1   3     0.048       2.3    5.2   0.0   270   290    10    30     5    36 0.76 -
scaffold848:10283-11353   -            357 35527at147550        -            292     4e-21   73.3   5.3   2   3   6.3e-11   2.9e-09   34.3   0.4    96   168    57   141    52   151 0.77 -
scaffold848:10283-11353   -            357 35527at147550        -            292     4e-21   73.3   5.3   3   3   1.6e-12   7.4e-11   39.6   1.3   113   224   121   244   107   278 0.73 -
scaffold190:183806-185430 -            522 35527at147550        -            292     2e-20   71.0   2.7   1   4      0.36        17    2.3   0.0   105   133   121   149   109   192 0.68 -
scaffold190:183806-185430 -            522 35527at147550        -            292     2e-20   71.0   2.7   2   4   6.1e-13   2.8e-11   40.9   0.2    62   132   223   296   217   301 0.92 -
scaffold190:183806-185430 -            522 35527at147550        -            292     2e-20   71.0   2.7   3   4   1.3e-05   0.00059   16.9   0.0    98   136   307   345   302   353 0.91 -
scaffold190:183806-185430 -            522 35527at147550        -            292     2e-20   71.0   2.7   4   4    0.0082      0.38    7.7   0.0   112   143   407   438   385   443 0.82 -
scaffold32:6587-9265      -            893 35527at147550        -            292   3.3e-20   70.3   0.2   1   4   0.00042      0.02   11.9   0.0    68    93   110   135    91   150 0.71 -
scaffold32:6587-9265      -            893 35527at147550        -            292   3.3e-20   70.3   0.2   2   4     7e-12   3.3e-10   37.4   0.0    98   213   167   287   161   297 0.81 -
scaffold32:6587-9265      -            893 35527at147550        -            292   3.3e-20   70.3   0.2   3   4   2.8e-05    0.0013   15.8   0.0   195   252   331   390   323   399 0.77 -
scaffold32:6587-9265      -            893 35527at147550        -            292   3.3e-20   70.3   0.2   4   4       4.8   2.2e+02   -1.4   0.0   173   201   404   433   392   438 0.76 -
scaffold639:53258-54412   -            385 35527at147550        -            292   4.9e-20   69.7   0.2   1   2   1.6e-12   7.3e-11   39.6   0.1   209   291    81   164    62   165 0.91 -
scaffold639:53258-54412   -            385 35527at147550        -            292   4.9e-20   69.7   0.2   2   2   6.2e-09   2.9e-07   27.8   0.0    51   131   284   365   262   377 0.84 -
scaffold203:50644-51853   -            335 35527at147550        -            292   7.6e-20   69.1   0.4   1   4   4.8e-05    0.0023   15.0   0.0    99   135     6    42     3    46 0.92 -
scaffold203:50644-51853   -            335 35527at147550        -            292   7.6e-20   69.1   0.4   2   4   4.5e-14   2.1e-12   44.6   0.1   155   220    27    92    26   119 0.87 -
scaffold203:50644-51853   -            335 35527at147550        -            292   7.6e-20   69.1   0.4   3   4   0.00015    0.0071   13.4   0.0   133   245   138   255   132   275 0.81 -
scaffold203:50644-51853   -            335 35527at147550        -            292   7.6e-20   69.1   0.4   4   4       1.4        64    0.4   0.0   177   207   285   315   256   330 0.66 -
scaffold7:127691-129352   -            554 35527at147550        -            292   1.1e-19   68.6   2.8   1   2   1.1e-14   5.3e-13   46.6   0.5   154   276   123   254    67   257 0.85 -
scaffold7:127691-129352   -            554 35527at147550        -            292   1.1e-19   68.6   2.8   2   2   9.4e-10   4.4e-08   30.5   0.1   116   219   213   322   208   342 0.78 -
scaffold269:73282-75225   -            582 35527at147550        -            292     2e-19   67.7   0.1   1   1   8.8e-21   4.1e-19   66.7   0.1    14   288   284   581   275   582 0.81 -
scaffold501:15617-17502   -            609 35527at147550        -            292   2.7e-19   67.3   1.8   1   1   1.5e-19   7.1e-18   62.6   1.9    33   291   306   579   302   580 0.80 -
scaffold343:218272-221419 -           1005 35527at147550        -            292   9.3e-19   65.5   2.2   1   4    0.0019     0.091    9.7   0.0    61    91     6    36     2    49 0.71 -
scaffold343:218272-221419 -           1005 35527at147550        -            292   9.3e-19   65.5   2.2   2   4   9.5e-07   4.5e-05   20.6   0.0    55    92    52    90    38   105 0.82 -
scaffold343:218272-221419 -           1005 35527at147550        -            292   9.3e-19   65.5   2.2   3   4   7.9e-08   3.7e-06   24.1   0.1   142   211   122   194   108   218 0.74 -
scaffold343:218272-221419 -           1005 35527at147550        -            292   9.3e-19   65.5   2.2   4   4      0.02      0.92    6.4   0.1   118   190   307   345   297   375 0.57 -
scaffold377:5691-7553     -            580 35527at147550        -            292   1.1e-18   65.2   4.6   1   1   1.2e-19   5.4e-18   63.0   4.7     7   250   299   554   294   559 0.58 -
scaffold69:68839-70440    -            491 35527at147550        -            292   2.8e-18   63.9   2.1   1   3       1.6        75    0.2   0.0   153   171   182   200   176   207 0.73 -
scaffold69:68839-70440    -            491 35527at147550        -            292   2.8e-18   63.9   2.1   2   3   1.7e-14   8.2e-13   46.0   0.2   175   255   230   312   218   344 0.84 -
scaffold69:68839-70440    -            491 35527at147550        -            292   2.8e-18   63.9   2.1   3   3   3.6e-05    0.0017   15.4   0.1    97   134   365   403   321   456 0.70 -
scaffold163:116213-117779 -            499 35527at147550        -            292   1.3e-17   61.7   0.2   1   3   1.3e-05   0.00063   16.8   0.0    96   134    65   104    53   108 0.87 -
scaffold163:116213-117779 -            499 35527at147550        -            292   1.3e-17   61.7   0.2   2   3   0.00018    0.0086   13.1   0.0   175   257   126   210   117   233 0.74 -
scaffold163:116213-117779 -            499 35527at147550        -            292   1.3e-17   61.7   0.2   3   3   0.00016    0.0077   13.2   0.0   100   136   295   331   285   343 0.73 -
scaffold250:114896-117332 -            718 35527at147550        -            292   2.6e-17   60.8   0.1   1   3   2.2e-07     1e-05   22.7   0.0    63   130    15    90     7    98 0.83 -
scaffold250:114896-117332 -            718 35527at147550        -            292   2.6e-17   60.8   0.1   2   3   5.8e-11   2.7e-09   34.4   0.0   181   267   122   208   112   217 0.90 -
scaffold250:114896-117332 -            718 35527at147550        -            292   2.6e-17   60.8   0.1   3   3         7   3.3e+02   -1.9   0.0    64    81   342   359   333   363 0.85 -
scaffold255:124337-126211 -            625 35527at147550        -            292   3.6e-17   60.3   1.8   1   3    0.0022       0.1    9.5   0.0   216   253   248   285   173   288 0.82 -
scaffold255:124337-126211 -            625 35527at147550        -            292   3.6e-17   60.3   1.8   2   3   8.4e-17   3.9e-15   53.6   0.2   147   262   260   377   257   381 0.89 -
scaffold255:124337-126211 -            625 35527at147550        -            292   3.6e-17   60.3   1.8   3   3      0.76        36    1.2   0.0    75    92   482   499   470   509 0.50 -
scaffold50:560692-561832  -            356 35527at147550        -            292   5.1e-17   59.8   0.0   1   3   2.1e-09   9.9e-08   29.3   0.0   153   245    40   133    40   202 0.89 -
scaffold50:560692-561832  -            356 35527at147550        -            292   5.1e-17   59.8   0.0   2   3   3.4e-07   1.6e-05   22.1   0.0    67   123   238   295   223   330 0.88 -
scaffold50:560692-561832  -            356 35527at147550        -            292   5.1e-17   59.8   0.0   3   3    0.0026      0.12    9.3   0.0    25    77   278   338   270   351 0.76 -
scaffold244:5579-8162     -            839 35527at147550        -            292   1.1e-16   58.7   2.0   1   5   0.00043      0.02   11.9   0.0   154   192   478   516   386   524 0.88 -
scaffold244:5579-8162     -            839 35527at147550        -            292   1.1e-16   58.7   2.0   2   5     0.061       2.9    4.8   0.0   117   135   534   552   528   559 0.77 -
scaffold244:5579-8162     -            839 35527at147550        -            292   1.1e-16   58.7   2.0   3   5      0.65        30    1.5   0.0    11    58   599   651   592   666 0.75 -
scaffold244:5579-8162     -            839 35527at147550        -            292   1.1e-16   58.7   2.0   4   5      0.26        12    2.7   0.0   237   273   716   752   707   758 0.73 -
scaffold244:5579-8162     -            839 35527at147550        -            292   1.1e-16   58.7   2.0   5   5   8.7e-10   4.1e-08   30.6   0.1   179   248   763   836   757   839 0.90 -
scaffold352:81022-82225   -            383 35527at147550        -            292   1.1e-16   58.7  12.3   1   3   1.8e-09   8.4e-08   29.5   2.5   186   271    74   162    44   191 0.83 -
scaffold352:81022-82225   -            383 35527at147550        -            292   1.1e-16   58.7  12.3   2   3   9.5e-08   4.4e-06   23.9   0.1   178   270   217   309   177   317 0.87 -
scaffold352:81022-82225   -            383 35527at147550        -            292   1.1e-16   58.7  12.3   3   3     2e-08   9.5e-07   26.1   0.2    99   210   215   337   212   352 0.61 -
scaffold528:88245-89801   -            490 35527at147550        -            292   4.6e-15   53.4   0.1   1   2   7.4e-08   3.5e-06   24.2   0.1   155   252   140   248   129   255 0.79 -
scaffold528:88245-89801   -            490 35527at147550        -            292   4.6e-15   53.4   0.1   2   2   3.2e-08   1.5e-06   25.4   0.0   179   291   297   415   289   416 0.80 -
scaffold352:12971-15458   -            438 35527at147550        -            292   2.3e-14   51.1   0.4   1   3       9.5   4.4e+02   -2.4   0.0   262   286   103   126    95   145 0.59 -
scaffold352:12971-15458   -            438 35527at147550        -            292   2.3e-14   51.1   0.4   2   3     5e-05    0.0023   14.9   0.0   182   262   206   290   147   292 0.88 -
scaffold352:12971-15458   -            438 35527at147550        -            292   2.3e-14   51.1   0.4   3   3   9.4e-11   4.4e-09   33.7   0.0    65   142   320   401   310   436 0.65 -
scaffold34:112598-114178  -            527 35527at147550        -            292   7.8e-14   49.3   0.0   1   4      0.16       7.5    3.4   0.0   168   197    40    70    29    76 0.74 -
scaffold34:112598-114178  -            527 35527at147550        -            292   7.8e-14   49.3   0.0   2   4   4.1e-06   0.00019   18.5   0.0   176   228   134   187   111   228 0.84 -
scaffold34:112598-114178  -            527 35527at147550        -            292   7.8e-14   49.3   0.0   3   4   0.00077     0.036   11.1   0.0    41   109   224   294   219   307 0.75 -
scaffold34:112598-114178  -            527 35527at147550        -            292   7.8e-14   49.3   0.0   4   4   0.00098     0.046   10.7   0.0    66   190   308   439   301   476 0.62 -
scaffold143:178879-181985 -            991 35527at147550        -            292     2e-13   48.0   4.0   1   5       2.6   1.2e+02   -0.5   0.0   106   115   201   210   122   245 0.46 -
scaffold143:178879-181985 -            991 35527at147550        -            292     2e-13   48.0   4.0   2   5     0.072       3.4    4.6   0.0   233   256   330   354   265   375 0.76 -
scaffold143:178879-181985 -            991 35527at147550        -            292     2e-13   48.0   4.0   3   5       2.5   1.2e+02   -0.5   0.0   182   214   470   502   449   512 0.64 -
scaffold143:178879-181985 -            991 35527at147550        -            292     2e-13   48.0   4.0   4   5    0.0021     0.099    9.6   0.0   175   217   543   585   523   597 0.83 -
scaffold143:178879-181985 -            991 35527at147550        -            292     2e-13   48.0   4.0   5   5   1.6e-09   7.3e-08   29.7   0.2    21   131   590   703   586   716 0.75 -
scaffold352:77693-80310   -            853 35527at147550        -            292   3.2e-13   47.3   0.1   1   2   8.7e-07   4.1e-05   20.7   0.0    69   208    16   161     8   166 0.77 -
scaffold352:77693-80310   -            853 35527at147550        -            292   3.2e-13   47.3   0.1   2   2   1.1e-10   5.2e-09   33.5   0.0    60   220    89   268    81   285 0.77 -
scaffold71:271898-273020  -            351 35527at147550        -            292   1.8e-12   44.8   0.2   1   3      0.04       1.9    5.4   0.0   180   214    11    46     2    56 0.82 -
scaffold71:271898-273020  -            351 35527at147550        -            292   1.8e-12   44.8   0.2   2   3   1.9e-05   0.00088   16.3   0.0   177   240   248   315   152   318 0.71 -
scaffold71:271898-273020  -            351 35527at147550        -            292   1.8e-12   44.8   0.2   3   3      0.22        10    3.0   0.0    24    40   299   315   289   330 0.74 -
scaffold726:47529-48488   -            287 35527at147550        -            292   2.3e-12   44.5   9.8   1   2     1e-08   4.8e-07   27.1   0.3    74   169     9   120     3   145 0.68 -
scaffold726:47529-48488   -            287 35527at147550        -            292   2.3e-12   44.5   9.8   2   2     8e-06   0.00037   17.6   4.2   193   291   162   272   147   273 0.72 -
scaffold186:17686-18939   -            378 35527at147550        -            292   1.1e-11   42.2   0.2   1   4     0.064         3    4.8   0.0   171   228    44   101    33   127 0.70 -
scaffold186:17686-18939   -            378 35527at147550        -            292   1.1e-11   42.2   0.2   2   4   8.7e-07   4.1e-05   20.7   0.0   188   254   103   171    74   207 0.52 -
scaffold186:17686-18939   -            378 35527at147550        -            292   1.1e-11   42.2   0.2   3   4      0.63        30    1.5   0.0    89   127   219   258   194   270 0.61 -
scaffold186:17686-18939   -            378 35527at147550        -            292   1.1e-11   42.2   0.2   4   4   0.00043      0.02   11.9   0.0    68    92   306   329   303   354 0.85 -
scaffold269:2910-5759     -            856 35527at147550        -            292   1.6e-11   41.8   6.4   1   5   1.3e-06   6.1e-05   20.2   0.1   201   292    32   142    21   170 0.74 -
scaffold269:2910-5759     -            856 35527at147550        -            292   1.6e-11   41.8   6.4   2   5   0.00029     0.014   12.4   0.0    94   142   213   268   203   279 0.78 -
scaffold269:2910-5759     -            856 35527at147550        -            292   1.6e-11   41.8   6.4   3   5       2.1        99   -0.2   0.1   231   254   329   355   313   383 0.74 -
scaffold269:2910-5759     -            856 35527at147550        -            292   1.6e-11   41.8   6.4   4   5     0.038       1.8    5.5   0.1    21   112   608   717   594   774 0.53 -
scaffold269:2910-5759     -            856 35527at147550        -            292   1.6e-11   41.8   6.4   5   5      0.49        23    1.8   0.1    75    97   732   754   706   814 0.67 -
scaffold440:10778-12017   -            388 35527at147550        -            292   1.6e-11   41.8   2.2   1   3     0.022         1    6.3   0.1   120   189    11    90     5   102 0.58 -
scaffold440:10778-12017   -            388 35527at147550        -            292   1.6e-11   41.8   2.2   2   3   1.9e-09   9.1e-08   29.4   0.2    31   133   114   217   103   225 0.84 -
scaffold440:10778-12017   -            388 35527at147550        -            292   1.6e-11   41.8   2.2   3   3     0.091       4.3    4.2   0.0    65   120   292   348   284   356 0.78 -
scaffold110:11492-13412   -            541 35527at147550        -            292     2e-11   41.4   0.1   1   2     0.004      0.19    8.7   0.0    64   101   323   361   313   368 0.83 -
scaffold110:11492-13412   -            541 35527at147550        -            292     2e-11   41.4   0.1   2   2   1.1e-09   5.3e-08   30.2   0.1    67   136   368   443   362   447 0.81 -
scaffold842:6306-8594     -            593 35527at147550        -            292   6.6e-11   39.7   0.5   1   2     0.067       3.1    4.7   0.0    99   140    62   104    57   115 0.74 -
scaffold842:6306-8594     -            593 35527at147550        -            292   6.6e-11   39.7   0.5   2   2   2.5e-10   1.2e-08   32.3   0.1   176   274   118   216   108   239 0.78 -
scaffold192:3730-5082     -            451 35527at147550        -            292   1.4e-10   38.7   7.1   1   4     0.063         3    4.8   0.0   156   210    39    98    34   105 0.72 -
scaffold192:3730-5082     -            451 35527at147550        -            292   1.4e-10   38.7   7.1   2   4   3.2e-08   1.5e-06   25.4   0.3   119   233    84   211    82   214 0.69 -
scaffold192:3730-5082     -            451 35527at147550        -            292   1.4e-10   38.7   7.1   3   4   0.00029     0.014   12.4   0.4   153   211   226   292   220   302 0.73 -
scaffold192:3730-5082     -            451 35527at147550        -            292   1.4e-10   38.7   7.1   4   4       4.1   1.9e+02   -1.2   0.0   101   131   336   366   332   384 0.82 -
scaffold130:54240-58070   -           1258 35527at147550        -            292   2.2e-10   38.0   0.0   1   1   8.6e-12     4e-10   37.1   0.0    79   255    90   291    82   327 0.76 -
scaffold385:114015-116784 -            902 35527at147550        -            292   4.6e-10   37.0   4.9   1   3   3.3e-10   1.5e-08   32.0   0.8   152   288   147   295   133   299 0.54 -
scaffold385:114015-116784 -            902 35527at147550        -            292   4.6e-10   37.0   4.9   2   3       3.4   1.6e+02   -0.9   0.0   220   254   360   393   304   412 0.60 -
scaffold385:114015-116784 -            902 35527at147550        -            292   4.6e-10   37.0   4.9   3   3      0.16       7.6    3.4   0.0   166   213   528   575   520   597 0.88 -
scaffold410:104282-105569 -            373 35527at147550        -            292   4.7e-10   36.9   1.8   1   2   9.8e-05    0.0046   14.0   0.1   157   254    81   182    75   199 0.75 -
scaffold410:104282-105569 -            373 35527at147550        -            292   4.7e-10   36.9   1.8   2   2   5.8e-06   0.00027   18.0   0.2   153   208   249   307   243   372 0.76 -
scaffold639:46447-48378   -            644 35527at147550        -            292   5.3e-10   36.8   0.0   1   3      0.13       6.1    3.7   0.0    63    93    56    86    38   104 0.69 -
scaffold639:46447-48378   -            644 35527at147550        -            292   5.3e-10   36.8   0.0   2   3   1.8e-07   8.6e-06   22.9   0.0   173   230   196   253   187   258 0.89 -
scaffold639:46447-48378   -            644 35527at147550        -            292   5.3e-10   36.8   0.0   3   3      0.12       5.6    3.8   0.0   150   212   464   529   454   570 0.73 -
scaffold687:37237-38688   -            465 35527at147550        -            292   1.3e-09   35.5   0.1   1   3   1.6e-08   7.5e-07   26.4   0.0    71   215    33   101    10   131 0.64 -
scaffold687:37237-38688   -            465 35527at147550        -            292   1.3e-09   35.5   0.1   2   3       2.2     1e+02   -0.3   0.0   102   129   214   241   174   249 0.60 -
scaffold687:37237-38688   -            465 35527at147550        -            292   1.3e-09   35.5   0.1   3   3     0.025       1.2    6.1   0.0   142   223   236   315   214   345 0.71 -
scaffold622:34300-35663   -            422 35527at147550        -            292   4.1e-09   33.8   0.0   1   2     6e-10   2.8e-08   31.1   0.0    75   218    58   216    50   271 0.77 -
scaffold622:34300-35663   -            422 35527at147550        -            292   4.1e-09   33.8   0.0   2   2       1.9        88   -0.1   0.0   108   135   284   311   279   340 0.78 -
scaffold842:15351-17150   -            600 35527at147550        -            292   1.5e-08   32.0   1.8   1   3   0.00021      0.01   12.9   0.0   177   211   111   145    95   173 0.82 -
scaffold842:15351-17150   -            600 35527at147550        -            292   1.5e-08   32.0   1.8   2   3    0.0067      0.31    8.0   0.1    96   135   220   260   186   271 0.76 -
scaffold842:15351-17150   -            600 35527at147550        -            292   1.5e-08   32.0   1.8   3   3    0.0046      0.22    8.5   0.1   108   133   335   360   321   375 0.78 -
scaffold555:86991-89803   -            912 35527at147550        -            292   2.2e-08   31.5   0.4   1   3   5.4e-05    0.0025   14.8   0.0   179   273    10   106     4   122 0.80 -
scaffold555:86991-89803   -            912 35527at147550        -            292   2.2e-08   31.5   0.4   2   3    0.0047      0.22    8.5   0.0    68   140   204   290   175   299 0.70 -
scaffold555:86991-89803   -            912 35527at147550        -            292   2.2e-08   31.5   0.4   3   3      0.16       7.5    3.4   0.0    67    92   361   387   330   396 0.87 -
scaffold377:101263-103464 -            734 35527at147550        -            292   2.5e-08   31.3   1.2   1   4   1.1e-05   0.00053   17.1   0.1    20    90   267   342   226   343 0.48 -
scaffold377:101263-103464 -            734 35527at147550        -            292   2.5e-08   31.3   1.2   2   4     0.017      0.78    6.7   0.0   179   225   310   361   303   372 0.76 -
scaffold377:101263-103464 -            734 35527at147550        -            292   2.5e-08   31.3   1.2   3   4      0.37        17    2.3   0.0   183   211   423   454   411   479 0.61 -
scaffold377:101263-103464 -            734 35527at147550        -            292   2.5e-08   31.3   1.2   4   4     0.065         3    4.7   0.1    73   130   634   691   624   696 0.77 -
scaffold50:513257-518764  -           1074 35527at147550        -            292   3.2e-08   30.9   0.1   1   3   3.5e-07   1.7e-05   22.0   0.1    66   132    63   132    40   142 0.58 -
scaffold50:513257-518764  -           1074 35527at147550        -            292   3.2e-08   30.9   0.1   2   3   5.5e-05    0.0026   14.8   0.0    20    70   101   152    93   169 0.75 -
scaffold50:513257-518764  -           1074 35527at147550        -            292   3.2e-08   30.9   0.1   3   3      0.06       2.8    4.8   0.0   183   223   252   293   185   305 0.79 -
scaffold71:316993-321694  -           1546 35527at147550        -            292   4.1e-08   30.6   0.1   1   4   3.6e-05    0.0017   15.4   0.0   190   252  1082  1144  1029  1197 0.79 -
scaffold71:316993-321694  -           1546 35527at147550        -            292   4.1e-08   30.6   0.1   2   4     0.011      0.52    7.2   0.0    25   137  1223  1347  1211  1354 0.69 -
scaffold71:316993-321694  -           1546 35527at147550        -            292   4.1e-08   30.6   0.1   3   4      0.32        15    2.5   0.0    76    94  1418  1436  1387  1452 0.74 -
scaffold71:316993-321694  -           1546 35527at147550        -            292   4.1e-08   30.6   0.1   4   4       8.2   3.8e+02   -2.2   0.0   259   285  1512  1538  1505  1544 0.63 -
scaffold160:20465-25159   -           1565 35527at147550        -            292   4.1e-08   30.5   0.3   1   1   2.1e-09   9.8e-08   29.3   0.1    94   211   121   249    31   269 0.80 -
scaffold28:170917-172763  -            570 35527at147550        -            292   4.9e-08   30.3   0.0   1   2   1.3e-05    0.0006   16.9   0.0   153   211   342   401   333   417 0.72 -
scaffold28:170917-172763  -            570 35527at147550        -            292   4.9e-08   30.3   0.0   2   2    0.0007     0.033   11.2   0.0    73   132   448   511   413   528 0.65 -
scaffold763:72440-73604   -            333 35527at147550        -            292   7.9e-08   29.6   0.0   1   1   8.7e-09   4.1e-07   27.3   0.0    15    94   116   200   107   213 0.72 -
scaffold687:30891-38688   -           2204 35527at147550        -            292   1.1e-07   29.1   0.1   1   2   1.5e-07     7e-06   23.2   0.0    70   214    32   100    10   114 0.59 -
scaffold687:30891-38688   -           2204 35527at147550        -            292   1.1e-07   29.1   0.1   2   2      0.18       8.6    3.2   0.0   141   223   232   312   200   342 0.73 -
scaffold50:198890-201451  -            836 35527at147550        -            292   2.2e-07   28.2   0.1   1   2   3.2e-05    0.0015   15.6   0.0    61   135   489   522   479   558 0.60 -
scaffold50:198890-201451  -            836 35527at147550        -            292   2.2e-07   28.2   0.1   2   2    0.0021     0.098    9.6   0.0    41   131   688   781   677   798 0.80 -
scaffold842:10217-17147   -           1919 35527at147550        -            292   3.5e-07   27.5   0.5   1   3   0.00086      0.04   10.9   0.0   177   210   110   143    96   171 0.82 -
scaffold842:10217-17147   -           1919 35527at147550        -            292   3.5e-07   27.5   0.5   2   3     0.027       1.3    6.0   0.1    97   135   220   259   187   270 0.76 -
scaffold842:10217-17147   -           1919 35527at147550        -            292   3.5e-07   27.5   0.5   3   3     0.014      0.67    6.9   0.0   108   134   334   360   320   395 0.81 -
scaffold479:11817-13184   -            456 35527at147550        -            292   1.1e-06   25.9   1.7   1   4    0.0001    0.0049   13.9   0.0   178   287    13    80     8    90 0.57 -
scaffold479:11817-13184   -            456 35527at147550        -            292   1.1e-06   25.9   1.7   2   4      0.32        15    2.4   0.0   260   285   223   249   197   290 0.73 -
scaffold479:11817-13184   -            456 35527at147550        -            292   1.1e-06   25.9   1.7   3   4     0.085         4    4.3   0.1   107   140   341   374   321   408 0.57 -
scaffold479:11817-13184   -            456 35527at147550        -            292   1.1e-06   25.9   1.7   4   4      0.36        17    2.3   0.2   159   250   358   454   353   455 0.51 -
scaffold66:5930-6604      -            225 35527at147550        -            292   1.6e-06   25.4   1.2   1   1   2.5e-06   0.00012   19.2   1.2    30   209    12   225     1   225 0.64 -
scaffold121:52252-53721   -            490 35527at147550        -            292   1.6e-06   25.4   2.3   1   2   0.00068     0.032   11.2   0.8   173   284   250   372   214   380 0.56 -
scaffold121:52252-53721   -            490 35527at147550        -            292   1.6e-06   25.4   2.3   2   2   3.9e-05    0.0018   15.3   0.3    75   134   364   433   346   447 0.77 -
scaffold28:75158-76329    -            328 35527at147550        -            292   1.9e-06   25.1   0.1   1   1   1.4e-07   6.5e-06   23.3   0.1    78   264    78   195    11   224 0.61 -
scaffold302:92474-95184   -            666 35527at147550        -            292     2e-06   25.0   0.0   1   3      0.17       8.1    3.3   0.0    74   104   294   325   285   335 0.84 -
scaffold302:92474-95184   -            666 35527at147550        -            292     2e-06   25.0   0.0   2   3     0.016      0.75    6.7   0.0    65   141   344   423   338   440 0.78 -
scaffold302:92474-95184   -            666 35527at147550        -            292     2e-06   25.0   0.0   3   3   0.00079     0.037   11.0   0.0   185   291   489   604   471   649 0.59 -
scaffold589:3411-4524     -            351 35527at147550        -            292   2.8e-06   24.5   0.4   1   2   6.6e-05    0.0031   14.6   0.2    70   204    19   166    11   170 0.58 -
scaffold589:3411-4524     -            351 35527at147550        -            292   2.8e-06   24.5   0.4   2   2     0.026       1.2    6.1   0.0    64    87   205   228   194   234 0.63 -
scaffold10:24122-25868    -            542 35527at147550        -            292   9.1e-06   22.9   0.0   1   1     8e-07   3.7e-05   20.8   0.0   105   291   122   313   107   314 0.81 -
scaffold274:80316-83268   -            949 35527at147550        -            292     3e-05   21.1   0.1   1   4       7.4   3.5e+02   -2.0   0.0    30    52    88   110    86   117 0.87 -
scaffold274:80316-83268   -            949 35527at147550        -            292     3e-05   21.1   0.1   2   4   5.8e-05    0.0027   14.7   0.0   177   256   340   377   208   412 0.75 -
scaffold274:80316-83268   -            949 35527at147550        -            292     3e-05   21.1   0.1   3   4      0.74        35    1.3   0.0    25    40   526   541   521   568 0.84 -
scaffold274:80316-83268   -            949 35527at147550        -            292     3e-05   21.1   0.1   4   4       3.6   1.7e+02   -1.0   0.0   245   269   573   597   557   630 0.64 -
scaffold529:48622-50226   -            535 35527at147550        -            292   3.5e-05   20.9   0.8   1   2   9.4e-06   0.00044   17.3   0.2    95   250   251   427   243   432 0.64 -
scaffold529:48622-50226   -            535 35527at147550        -            292   3.5e-05   20.9   0.8   2   2       6.1   2.9e+02   -1.8   0.0   223   249   507   534   478   534 0.62 -
scaffold65:31609-35490    -           1294 35527at147550        -            292   3.7e-05   20.8   0.1   1   2      0.17       7.8    3.4   0.0   100   136   158   194   150   216 0.64 -
scaffold65:31609-35490    -           1294 35527at147550        -            292   3.7e-05   20.8   0.1   2   2   4.7e-05    0.0022   15.0   0.1    74   135   227   291   204   310 0.80 -
scaffold486:72300-74440   -            690 35527at147550        -            292   4.5e-05   20.6   0.0   1   2    0.0001    0.0047   13.9   0.0    26    80    47   101    41   124 0.89 -
scaffold486:72300-74440   -            690 35527at147550        -            292   4.5e-05   20.6   0.0   2   2     0.099       4.6    4.1   0.0    28    89   331   396   327   419 0.63 -
scaffold190:65609-70240   -           1389 35527at147550        -            292     7e-05   19.9   1.0   1   2      0.65        30    1.4   0.1    77   130  1082  1141  1071  1145 0.50 -
scaffold190:65609-70240   -           1389 35527at147550        -            292     7e-05   19.9   1.0   2   2     0.031       1.4    5.8   0.0   191   262  1185  1257  1176  1261 0.77 -
scaffold501:64432-68349   -           1306 35527at147550        -            292   8.4e-05   19.7   4.0   1   3       9.4   4.4e+02   -2.4   0.0   172   186   262   276   232   290 0.48 -
scaffold501:64432-68349   -           1306 35527at147550        -            292   8.4e-05   19.7   4.0   2   3    0.0037      0.17    8.8   0.1   116   135   299   318   262   323 0.88 -
scaffold501:64432-68349   -           1306 35527at147550        -            292   8.4e-05   19.7   4.0   3   3    0.0024      0.11    9.4   0.1   103   134   896   925   881   945 0.62 -
scaffold125:25713-27656   -            648 35527at147550        -            292   0.00011   19.3   0.0   1   2      0.01      0.47    7.4   0.0    13    47    45    79    38    97 0.83 -
scaffold125:25713-27656   -            648 35527at147550        -            292   0.00011   19.3   0.0   2   2    0.0023      0.11    9.5   0.0   153   255   216   322   188   359 0.59 -
scaffold29:2161-4286      -            688 35527at147550        -            292   0.00011   19.3   0.0   1   2    0.0021     0.098    9.6   0.0   159   250   335   434   327   446 0.64 -
scaffold29:2161-4286      -            688 35527at147550        -            292   0.00011   19.3   0.0   2   2     0.024       1.1    6.1   0.0   177   211   504   544   497   553 0.68 -
scaffold40:189031-190566  -            464 35527at147550        -            292   0.00013   19.0   0.0   1   2    0.0024      0.11    9.4   0.0    36   136   198   296   188   315 0.63 -
scaffold40:189031-190566  -            464 35527at147550        -            292   0.00013   19.0   0.0   2   2    0.0088      0.41    7.6   0.0    27    99   309   383   294   439 0.70 -
scaffold21:4735-6274      -            489 35527at147550        -            292   0.00069   16.7   0.0   1   2       4.2     2e+02   -1.2   0.0    27    57     6    36     2    42 0.83 -
scaffold21:4735-6274      -            489 35527at147550        -            292   0.00069   16.7   0.0   2   2   8.7e-05    0.0041   14.2   0.0    46   132   177   268   167   280 0.75 -
scaffold495:50029-51696   -            556 35527at147550        -            292     0.031   11.3   0.0   1   2      0.39        18    2.2   0.0    99   135   185   221   173   231 0.74 -
scaffold495:50029-51696   -            556 35527at147550        -            292     0.031   11.3   0.0   2   2     0.019      0.87    6.5   0.0   177   224   373   423   343   436 0.83 -
scaffold27:211818-213145  -            420 35527at147550        -            292     0.036   11.0   0.0   1   1    0.0017     0.079    9.9   0.0   174   234    20    83    13   107 0.76 -
#
# Program:         hmmsearch
# Version:         3.1b2 (February 2015)
# Pipeline mode:   SEARCH
# Query file:      /pickett_shared/projects/lwy647/discula_draft_assembly/busco_downloads/lineages/sordariomycetes_odb10/hmms/35527at147550.hmm
# Target file:     /pickett_shared/projects/lwy647/discula_draft_assembly/discula70_53.scafSeq.BUSCO/run_sordariomycetes_odb10/metaeuk_output/initial_results/discula70_53.scafSeq.modified.fas
# Option settings: hmmsearch --domtblout /pickett_shared/projects/lwy647/discula_draft_assembly/discula70_53.scafSeq.BUSCO/run_sordariomycetes_odb10/hmmer_output/initial_run_results/35527at147550.out --cpu 1 /pickett_shared/projects/lwy647/discula_draft_assembly/busco_downloads/lineages/sordariomycetes_odb10/hmms/35527at147550.hmm /pickett_shared/projects/lwy647/discula_draft_assembly/discula70_53.scafSeq.BUSCO/run_sordariomycetes_odb10/metaeuk_output/initial_results/discula70_53.scafSeq.modified.fas 
# Current dir:     /pickett_shared/projects/lwy647/discula_draft_assembly
# Date:            Thu Aug 31 18:11:51 2023
# [ok]
