#                                                                                 --- full sequence --- -------------- this domain -------------   hmm coord   ali coord   env coord
# target name             accession   tlen query name           accession   qlen   E-value  score  bias   #  of  c-Evalue  i-Evalue  score  bias  from    to  from    to  from    to  acc description of target
#     ------------------- ---------- ----- -------------------- ---------- ----- --------- ------ ----- --- --- --------- --------- ------ ----- ----- ----- ----- ----- ----- ----- ---- ---------------------
scaffold749:18932-46288   -            960 37149at147550        -            602    1e-165  550.6   9.8   1   3   7.8e-10     3e-07   27.3   0.0    60    91   503   534   496   559 0.78 -
scaffold749:18932-46288   -            960 37149at147550        -            602    1e-165  550.6   9.8   2   3   4.3e-32   1.6e-29  100.8   0.4    96   184   584   674   579   688 0.90 -
scaffold749:18932-46288   -            960 37149at147550        -            602    1e-165  550.6   9.8   3   3  1.5e-130  5.6e-128  426.0   2.1   179   442   689   960   687   960 0.96 -
scaffold501:15617-17502   -            609 37149at147550        -            602   1.4e-06   25.0   0.4   1   3   0.00019     0.074    9.5   0.0    28   100   315   390   308   402 0.76 -
scaffold501:15617-17502   -            609 37149at147550        -            602   1.4e-06   25.0   0.4   2   3   4.5e-05     0.017   11.6   0.2    41   100   412   477   396   481 0.72 -
scaffold501:15617-17502   -            609 37149at147550        -            602   1.4e-06   25.0   0.4   3   3      0.15        58   -0.1   0.0    28    83   530   585   519   591 0.85 -
scaffold679:35697-36815   -            373 37149at147550        -            602   1.4e-05   21.7   0.1   1   6     0.064        24    1.1   0.0    47    88    49    90    24   102 0.79 -
scaffold679:35697-36815   -            373 37149at147550        -            602   1.4e-05   21.7   0.1   2   6     0.012       4.6    3.5   0.0    21    73    65   117    43   124 0.72 -
scaffold679:35697-36815   -            373 37149at147550        -            602   1.4e-05   21.7   0.1   3   6    0.0077       2.9    4.2   0.0    23    82   109   168   105   186 0.82 -
scaffold679:35697-36815   -            373 37149at147550        -            602   1.4e-05   21.7   0.1   4   6     0.012       4.4    3.6   0.0    28    81   197   250   171   258 0.73 -
scaffold679:35697-36815   -            373 37149at147550        -            602   1.4e-05   21.7   0.1   5   6    0.0073       2.8    4.3   0.0    24    76   235   289   232   295 0.81 -
scaffold679:35697-36815   -            373 37149at147550        -            602   1.4e-05   21.7   0.1   6   6     0.017       6.5    3.0   0.0    22    74   319   371   302   373 0.83 -
scaffold250:114896-117332 -            718 37149at147550        -            602   0.00017   18.1   0.0   1   4    0.0031       1.2    5.5   0.1    39    75    53    89    28   102 0.69 -
scaffold250:114896-117332 -            718 37149at147550        -            602   0.00017   18.1   0.0   2   4      0.02       7.8    2.8   0.0    48    89   120   161   110   172 0.78 -
scaffold250:114896-117332 -            718 37149at147550        -            602   0.00017   18.1   0.0   3   4    0.0028       1.1    5.6   0.0    32   106   146   220   137   225 0.81 -
scaffold250:114896-117332 -            718 37149at147550        -            602   0.00017   18.1   0.0   4   4     0.055        21    1.4   0.0    24    74   494   545   481   552 0.77 -
scaffold290:53613-55254   -            520 37149at147550        -            602   0.00092   15.7   1.8   1   3    0.0016       0.6    6.4   0.0    43    76   184   217   155   226 0.77 -
scaffold290:53613-55254   -            520 37149at147550        -            602   0.00092   15.7   1.8   2   3      0.68   2.6e+02   -2.2   0.1    57    97   247   289   244   297 0.80 -
scaffold290:53613-55254   -            520 37149at147550        -            602   0.00092   15.7   1.8   3   3   0.00058      0.22    7.9   0.0    24    75   466   517   452   519 0.87 -
scaffold352:77693-80310   -            853 37149at147550        -            602    0.0021   14.6   0.0   1   3     0.056        22    1.3   0.0    53    81    53    81    22    83 0.80 -
scaffold352:77693-80310   -            853 37149at147550        -            602    0.0021   14.6   0.0   2   3    0.0025      0.97    5.8   0.0     8    80    91   164    85   179 0.82 -
scaffold352:77693-80310   -            853 37149at147550        -            602    0.0021   14.6   0.0   3   3     0.015       5.8    3.2   0.1    46    99   224   278   199   292 0.77 -
scaffold679:36393-37040   -            216 37149at147550        -            602    0.0042   13.6   0.2   1   3    0.0035       1.3    5.3   0.0    26    76     5    57     1    64 0.80 -
scaffold679:36393-37040   -            216 37149at147550        -            602    0.0042   13.6   0.2   2   3    0.0025      0.97    5.8   0.1    23    79    88   144    80   167 0.88 -
scaffold679:36393-37040   -            216 37149at147550        -            602    0.0042   13.6   0.2   3   3      0.61   2.3e+02   -2.1   0.0    50    82   157   189   148   205 0.77 -
scaffold265:74878-78595   -            799 37149at147550        -            602    0.0057   13.1   0.0   1   1   2.8e-05     0.011   12.2   0.0    22    82   297   358   283   365 0.79 -
scaffold37:114701-116273  -            412 37149at147550        -            602    0.0091   12.5   0.1   1   3       1.6   6.2e+02   -3.5   0.0    20    75    99   153    89   156 0.79 -
scaffold37:114701-116273  -            412 37149at147550        -            602    0.0091   12.5   0.1   2   3     0.016       5.9    3.2   0.0    50    90   289   329   271   344 0.82 -
scaffold37:114701-116273  -            412 37149at147550        -            602    0.0091   12.5   0.1   3   3    0.0017      0.65    6.4   0.0    47    78   377   408   355   411 0.84 -
scaffold8:77148-79251     -            607 37149at147550        -            602     0.059    9.8   0.0   1   3      0.58   2.2e+02   -2.0   0.0    42    69   298   324   286   327 0.77 -
scaffold8:77148-79251     -            607 37149at147550        -            602     0.059    9.8   0.0   2   3     0.032        12    2.1   0.0    52    79   354   381   342   389 0.85 -
scaffold8:77148-79251     -            607 37149at147550        -            602     0.059    9.8   0.0   3   3    0.0039       1.5    5.1   0.0    46    90   390   434   366   449 0.75 -
scaffold343:218272-221419 -           1005 37149at147550        -            602     0.062    9.7   0.0   1   4      0.67   2.5e+02   -2.2   0.0    51    79     9    37     3    46 0.83 -
scaffold343:218272-221419 -           1005 37149at147550        -            602     0.062    9.7   0.0   2   4     0.033        13    2.1   0.0    49    87    60    98    48   104 0.84 -
scaffold343:218272-221419 -           1005 37149at147550        -            602     0.062    9.7   0.0   3   4     0.035        13    2.0   0.0    27    81   141   195   126   211 0.84 -
scaffold343:218272-221419 -           1005 37149at147550        -            602     0.062    9.7   0.0   4   4      0.14        55   -0.0   0.0    26    73   311   359   295   378 0.73 -
scaffold377:5691-7553     -            580 37149at147550        -            602      0.35    7.2   6.1   1   3   0.00016      0.06    9.8   0.7    40   103   306   369   287   385 0.77 -
scaffold377:5691-7553     -            580 37149at147550        -            602      0.35    7.2   6.1   2   3      0.17        65   -0.3   0.1    47    98   394   447   369   452 0.63 -
scaffold377:5691-7553     -            580 37149at147550        -            602      0.35    7.2   6.1   3   3       1.4   5.3e+02   -3.3   0.0    27    75   504   552   493   557 0.79 -
#
# Program:         hmmsearch
# Version:         3.1b2 (February 2015)
# Pipeline mode:   SEARCH
# Query file:      /pickett_shared/projects/lwy647/discula_draft_assembly/busco_downloads/lineages/sordariomycetes_odb10/hmms/37149at147550.hmm
# Target file:     /pickett_shared/projects/lwy647/discula_draft_assembly/discula70_53.scafSeq.BUSCO/run_sordariomycetes_odb10/metaeuk_output/initial_results/discula70_53.scafSeq.modified.fas
# Option settings: hmmsearch --domtblout /pickett_shared/projects/lwy647/discula_draft_assembly/discula70_53.scafSeq.BUSCO/run_sordariomycetes_odb10/hmmer_output/initial_run_results/37149at147550.out --cpu 1 /pickett_shared/projects/lwy647/discula_draft_assembly/busco_downloads/lineages/sordariomycetes_odb10/hmms/37149at147550.hmm /pickett_shared/projects/lwy647/discula_draft_assembly/discula70_53.scafSeq.BUSCO/run_sordariomycetes_odb10/metaeuk_output/initial_results/discula70_53.scafSeq.modified.fas 
# Current dir:     /pickett_shared/projects/lwy647/discula_draft_assembly
# Date:            Thu Aug 31 18:11:50 2023
# [ok]
