#                                                                               --- full sequence --- -------------- this domain -------------   hmm coord   ali coord   env coord
# target name           accession   tlen query name           accession   qlen   E-value  score  bias   #  of  c-Evalue  i-Evalue  score  bias  from    to  from    to  from    to  acc description of target
#   ------------------- ---------- ----- -------------------- ---------- ----- --------- ------ ----- --- --- --------- --------- ------ ----- ----- ----- ----- ----- ----- ----- ---- ---------------------
scaffold528:45507-47776 -            729 37279at147550        -            372  2.5e-153  508.8   4.6   1   5   4.1e-30   9.4e-27   92.2   0.4     1    56   160   215   160   217 0.97 -
scaffold528:45507-47776 -            729 37279at147550        -            372  2.5e-153  508.8   4.6   2   5   1.7e-46   3.9e-43  146.1   0.0    52   154   229   347   225   352 0.87 -
scaffold528:45507-47776 -            729 37279at147550        -            372  2.5e-153  508.8   4.6   3   5   2.7e-37   6.2e-34  115.9   0.0   154   274   373   511   363   524 0.88 -
scaffold528:45507-47776 -            729 37279at147550        -            372  2.5e-153  508.8   4.6   4   5     2e-39   4.6e-36  122.9   0.0   271   337   531   597   525   603 0.95 -
scaffold528:45507-47776 -            729 37279at147550        -            372  2.5e-153  508.8   4.6   5   5   8.6e-11     2e-07   28.7   0.1   329   368   674   714   662   717 0.81 -
scaffold9:287651-289091 -            400 37279at147550        -            372   1.5e-34  117.9   0.6   1   2   7.3e-21   1.7e-17   61.8   0.1     5   133    65   214    62   220 0.76 -
scaffold9:287651-289091 -            400 37279at147550        -            372   1.5e-34  117.9   0.6   2   2   1.9e-18   4.3e-15   53.9   0.0   199   337   243   397   226   399 0.80 -
#
# Program:         hmmsearch
# Version:         3.1b2 (February 2015)
# Pipeline mode:   SEARCH
# Query file:      /pickett_shared/projects/lwy647/discula_draft_assembly/busco_downloads/lineages/sordariomycetes_odb10/hmms/37279at147550.hmm
# Target file:     /pickett_shared/projects/lwy647/discula_draft_assembly/discula70_53.scafSeq.BUSCO/run_sordariomycetes_odb10/metaeuk_output/initial_results/discula70_53.scafSeq.modified.fas
# Option settings: hmmsearch --domtblout /pickett_shared/projects/lwy647/discula_draft_assembly/discula70_53.scafSeq.BUSCO/run_sordariomycetes_odb10/hmmer_output/initial_run_results/37279at147550.out --cpu 1 /pickett_shared/projects/lwy647/discula_draft_assembly/busco_downloads/lineages/sordariomycetes_odb10/hmms/37279at147550.hmm /pickett_shared/projects/lwy647/discula_draft_assembly/discula70_53.scafSeq.BUSCO/run_sordariomycetes_odb10/metaeuk_output/initial_results/discula70_53.scafSeq.modified.fas 
# Current dir:     /pickett_shared/projects/lwy647/discula_draft_assembly
# Date:            Thu Aug 31 18:11:47 2023
# [ok]
