#                                                                                 --- full sequence --- -------------- this domain -------------   hmm coord   ali coord   env coord
# target name             accession   tlen query name           accession   qlen   E-value  score  bias   #  of  c-Evalue  i-Evalue  score  bias  from    to  from    to  from    to  acc description of target
#     ------------------- ---------- ----- -------------------- ---------- ----- --------- ------ ----- --- --- --------- --------- ------ ----- ----- ----- ----- ----- ----- ----- ---- ---------------------
scaffold337:7492-8875     -            438 39235at147550        -            378  1.8e-250  828.2   2.0   1   2   6.6e-11   9.2e-09   32.7   0.1     1    26    21    46    21    66 0.90 -
scaffold337:7492-8875     -            438 39235at147550        -            378  1.8e-250  828.2   2.0   2   2  1.1e-242  1.6e-240  795.5   0.4    24   378    68   438    49   438 0.98 -
scaffold64:139522-141225  -            568 39235at147550        -            378  6.5e-119  395.2   0.1   1   2   3.5e-65   4.8e-63  211.3   0.1   117   352     7   239     2   256 0.93 -
scaffold64:139522-141225  -            568 39235at147550        -            378  6.5e-119  395.2   0.1   2   2   3.4e-56   4.8e-54  181.8   0.0   110   345   274   511   250   517 0.95 -
scaffold693:20452-22065   -            509 39235at147550        -            378  4.4e-102  339.8   0.0   1   1  4.6e-104  6.4e-102  339.3   0.0    82   362   211   493   183   500 0.96 -
scaffold535:330810-332252 -            433 39235at147550        -            378   1.4e-88  295.4   0.1   1   1   1.5e-90   2.1e-88  294.8   0.1    82   356   146   421   124   432 0.96 -
scaffold108:54347-55297   -            293 39235at147550        -            378   2.2e-87  291.5   0.1   1   1     2e-89   2.7e-87  291.2   0.1    82   357    13   287     3   292 0.94 -
scaffold261:42841-43806   -            322 39235at147550        -            378   4.1e-87  290.6   0.1   1   1   3.6e-89     5e-87  290.3   0.1    86   349    30   294     7   318 0.93 -
scaffold308:77919-79225   -            377 39235at147550        -            378   3.8e-80  267.7   0.2   1   1   1.9e-81   2.6e-79  264.9   0.2    80   362    90   363    77   376 0.94 -
scaffold677:17672-19996   -            775 39235at147550        -            378   1.9e-75  252.2   2.2   1   2   6.8e-30   9.4e-28   95.2   0.3   120   358   179   429   172   445 0.84 -
scaffold677:17672-19996   -            775 39235at147550        -            378   1.9e-75  252.2   2.2   2   2   2.6e-48   3.6e-46  155.8   0.1   116   343   502   730   490   741 0.89 -
scaffold64:140485-141204  -            240 39235at147550        -            378   1.2e-63  213.3   0.1   1   1     1e-65   1.4e-63  213.1   0.1   119   349     2   229     1   239 0.95 -
scaffold256:90164-103995  -            716 39235at147550        -            378   2.8e-61  205.5   0.1   1   2   2.8e-62   3.9e-60  201.8   0.0   115   367   169   419    69   426 0.93 -
scaffold256:90164-103995  -            716 39235at147550        -            378   2.8e-61  205.5   0.1   2   2       8.7   1.2e+03   -3.9   0.0   336   360   686   711   681   712 0.75 -
scaffold395:62283-64843   -            832 39235at147550        -            378   9.5e-55  184.1   0.4   1   1   1.1e-56   1.6e-54  183.3   0.4   110   356   356   605   351   620 0.90 -
scaffold71:413029-415281  -            751 39235at147550        -            378   8.6e-53  177.6   0.0   1   2   0.00061     0.085    9.8   0.0   158   325   248   407   238   432 0.78 -
scaffold71:413029-415281  -            751 39235at147550        -            378   8.6e-53  177.6   0.0   2   2   2.8e-51     4e-49  165.6   0.0   110   348   466   709   458   717 0.91 -
scaffold284:20589-25642   -           1667 39235at147550        -            378   4.2e-52  175.4   0.0   1   1   5.2e-54   7.2e-52  174.6   0.0   118   346   599   828   592   856 0.88 -
scaffold157:39190-41774   -            843 39235at147550        -            378   2.6e-43  146.4   0.0   1   2   4.3e-40     6e-38  128.8   0.0   134   352   327   558   304   579 0.83 -
scaffold157:39190-41774   -            843 39235at147550        -            378   2.6e-43  146.4   0.0   2   2   1.2e-05    0.0016   15.5   0.0   154   227   629   705   608   756 0.80 -
scaffold50:440691-445072  -           1416 39235at147550        -            378   2.9e-40  136.4   0.0   1   2       7.6   1.1e+03   -3.7   0.0   282   316   876   912   855   938 0.72 -
scaffold50:440691-445072  -           1416 39235at147550        -            378   2.9e-40  136.4   0.0   2   2   4.9e-42   6.8e-40  135.2   0.0   116   346   999  1233   990  1252 0.88 -
scaffold500:89441-93271   -           1255 39235at147550        -            378   1.2e-39  134.3   0.0   1   2     0.058       8.1    3.3   0.0   159   302   563   718   554   729 0.70 -
scaffold500:89441-93271   -           1255 39235at147550        -            378   1.2e-39  134.3   0.0   2   2   4.6e-40   6.4e-38  128.7   0.0   117   349   851  1085   836  1091 0.87 -
scaffold71:142445-143578  -            378 39235at147550        -            378     1e-36  124.7   0.0   1   1     1e-38   1.4e-36  124.3   0.0   114   354    80   326    65   344 0.87 -
scaffold109:56356-57862   -            435 39235at147550        -            378     5e-36  122.5   0.0   1   1   4.8e-38   6.7e-36  122.0   0.0   107   352   121   360   110   373 0.86 -
scaffold806:20545-21475   -            289 39235at147550        -            378   1.8e-27   94.3   0.0   1   1   2.1e-29   2.9e-27   93.6   0.0   120   342     2   234     1   243 0.76 -
scaffold170:5683-6291     -            203 39235at147550        -            378   2.6e-24   83.9   0.0   1   1   2.1e-26     3e-24   83.7   0.0   155   343    13   200     3   203 0.88 -
scaffold243:68521-70565   -            567 39235at147550        -            378   2.7e-11   41.1   0.0   1   2   1.9e-05    0.0026   14.8   0.0   127   179   261   314   254   375 0.71 -
scaffold243:68521-70565   -            567 39235at147550        -            378   2.7e-11   41.1   0.0   2   2   3.1e-08   4.3e-06   23.9   0.0   248   296   398   446   376   464 0.83 -
scaffold149:54741-55331   -            197 39235at147550        -            378     6e-11   39.9   0.1   1   1   1.7e-12   2.4e-10   37.9   0.1   158   293     1   137     1   189 0.73 -
scaffold69:126094-127458  -            455 39235at147550        -            378   1.7e-10   38.4   0.0   1   1   2.3e-12   3.2e-10   37.5   0.0   143   288   244   382   227   388 0.81 -
scaffold677:18767-19201   -            145 39235at147550        -            378     4e-10   37.2   0.2   1   1   6.5e-12     9e-10   36.0   0.2   212   337     6   143     1   145 0.72 -
scaffold156:63428-65551   -            708 39235at147550        -            378   2.2e-08   31.4   0.0   1   2     0.002      0.28    8.1   0.0   148   177   282   311   266   367 0.82 -
scaffold156:63428-65551   -            708 39235at147550        -            378   2.2e-08   31.4   0.0   2   2   2.3e-07   3.2e-05   21.1   0.0   246   303   400   457   382   497 0.87 -
scaffold127:15216-15775   -            163 39235at147550        -            378   4.4e-07   27.2   0.1   1   2     0.015         2    5.2   0.0   158   180     1    23     1    91 0.68 -
scaffold127:15216-15775   -            163 39235at147550        -            378   4.4e-07   27.2   0.1   2   2   5.2e-07   7.3e-05   19.9   0.0   235   291   105   158    93   163 0.76 -
scaffold363:32874-33506   -            211 39235at147550        -            378   4.8e-07   27.0   0.0   1   1   4.4e-09   6.2e-07   26.7   0.0   153   345     3   184     1   202 0.69 -
scaffold136:53881-54606   -            242 39235at147550        -            378    0.0028   14.7   0.0   1   1   3.3e-05    0.0046   14.0   0.0   159   230    44   113    17   126 0.84 -
scaffold228:34108-34536   -            143 39235at147550        -            378    0.0044   14.0   0.0   1   1   4.8e-05    0.0066   13.4   0.0   160   230     2    70     1   133 0.64 -
scaffold230:154009-154695 -            229 39235at147550        -            378    0.0082   13.1   0.0   1   1   8.5e-05     0.012   12.6   0.0   160   234     2    74     1   149 0.79 -
scaffold352:44009-45246   -            390 39235at147550        -            378     0.009   13.0   0.0   1   1   9.7e-05     0.013   12.4   0.0   159   207    80   128    62   201 0.79 -
scaffold151:258708-260419 -            458 39235at147550        -            378     0.011   12.7   0.0   1   1   0.00013     0.018   12.0   0.0   157   209    65   118    56   159 0.84 -
scaffold136:53332-55044   -            571 39235at147550        -            378     0.012   12.6   0.0   1   1   0.00015     0.021   11.8   0.0   159   230   190   259   163   268 0.84 -
#
# Program:         hmmsearch
# Version:         3.1b2 (February 2015)
# Pipeline mode:   SEARCH
# Query file:      /pickett_shared/projects/lwy647/discula_draft_assembly/busco_downloads/lineages/sordariomycetes_odb10/hmms/39235at147550.hmm
# Target file:     /pickett_shared/projects/lwy647/discula_draft_assembly/discula70_53.scafSeq.BUSCO/run_sordariomycetes_odb10/metaeuk_output/initial_results/discula70_53.scafSeq.modified.fas
# Option settings: hmmsearch --domtblout /pickett_shared/projects/lwy647/discula_draft_assembly/discula70_53.scafSeq.BUSCO/run_sordariomycetes_odb10/hmmer_output/initial_run_results/39235at147550.out --cpu 1 /pickett_shared/projects/lwy647/discula_draft_assembly/busco_downloads/lineages/sordariomycetes_odb10/hmms/39235at147550.hmm /pickett_shared/projects/lwy647/discula_draft_assembly/discula70_53.scafSeq.BUSCO/run_sordariomycetes_odb10/metaeuk_output/initial_results/discula70_53.scafSeq.modified.fas 
# Current dir:     /pickett_shared/projects/lwy647/discula_draft_assembly
# Date:            Thu Aug 31 18:11:55 2023
# [ok]
