#                                                                               --- full sequence --- -------------- this domain -------------   hmm coord   ali coord   env coord
# target name           accession   tlen query name           accession   qlen   E-value  score  bias   #  of  c-Evalue  i-Evalue  score  bias  from    to  from    to  from    to  acc description of target
#   ------------------- ---------- ----- -------------------- ---------- ----- --------- ------ ----- --- --- --------- --------- ------ ----- ----- ----- ----- ----- ----- ----- ---- ---------------------
scaffold27:42425-44953  -            843 40002at147550        -            794  6.5e-291  965.0   0.0   1   2  4.9e-118  7.5e-115  382.8   0.0    45   394     6   371     1   377 0.91 -
scaffold27:42425-44953  -            843 40002at147550        -            794  6.5e-291  965.0   0.0   2   2    1e-177  1.5e-174  580.1   0.2   392   794   392   842   384   842 0.88 -
scaffold70:53999-56629  -            877 40002at147550        -            794   2.4e-08   30.5   0.7   1   3   8.1e-07    0.0012   14.9   0.0   239   358   321   438   264   444 0.73 -
scaffold70:53999-56629  -            877 40002at147550        -            794   2.4e-08   30.5   0.7   2   3    0.0008       1.2    5.0   0.1   461   498   462   499   451   511 0.88 -
scaffold70:53999-56629  -            877 40002at147550        -            794   2.4e-08   30.5   0.7   3   3   0.00029      0.45    6.5   0.1   588   683   555   667   553   691 0.71 -
scaffold848:14146-16899 -            918 40002at147550        -            794    0.0066   12.5   0.5   1   2    0.0096        15    1.5   0.1   193   361   307   473   281   475 0.55 -
scaffold848:14146-16899 -            918 40002at147550        -            794    0.0066   12.5   0.5   2   2   7.8e-05      0.12    8.4   0.0   591   635   610   654   604   769 0.75 -
#
# Program:         hmmsearch
# Version:         3.1b2 (February 2015)
# Pipeline mode:   SEARCH
# Query file:      /pickett_shared/projects/lwy647/discula_draft_assembly/busco_downloads/lineages/sordariomycetes_odb10/hmms/40002at147550.hmm
# Target file:     /pickett_shared/projects/lwy647/discula_draft_assembly/discula70_53.scafSeq.BUSCO/run_sordariomycetes_odb10/metaeuk_output/initial_results/discula70_53.scafSeq.modified.fas
# Option settings: hmmsearch --domtblout /pickett_shared/projects/lwy647/discula_draft_assembly/discula70_53.scafSeq.BUSCO/run_sordariomycetes_odb10/hmmer_output/initial_run_results/40002at147550.out --cpu 1 /pickett_shared/projects/lwy647/discula_draft_assembly/busco_downloads/lineages/sordariomycetes_odb10/hmms/40002at147550.hmm /pickett_shared/projects/lwy647/discula_draft_assembly/discula70_53.scafSeq.BUSCO/run_sordariomycetes_odb10/metaeuk_output/initial_results/discula70_53.scafSeq.modified.fas 
# Current dir:     /pickett_shared/projects/lwy647/discula_draft_assembly
# Date:            Thu Aug 31 18:11:51 2023
# [ok]
