#                                                                                --- full sequence --- -------------- this domain -------------   hmm coord   ali coord   env coord
# target name            accession   tlen query name           accession   qlen   E-value  score  bias   #  of  c-Evalue  i-Evalue  score  bias  from    to  from    to  from    to  acc description of target
#    ------------------- ---------- ----- -------------------- ---------- ----- --------- ------ ----- --- --- --------- --------- ------ ----- ----- ----- ----- ----- ----- ----- ---- ---------------------
scaffold71:152782-154148 -            434 41724at147550        -            354  5.4e-205  677.9   2.7   1   1  1.8e-207  1.4e-204  676.6   2.7     1   350    13   404    13   408 0.95 -
scaffold721:88728-89855  -            376 41724at147550        -            354   3.4e-64  214.9   1.7   1   1   1.8e-66   1.4e-63  212.8   1.7    31   353     2   366     1   367 0.85 -
scaffold265:9187-9732    -            182 41724at147550        -            354   2.3e-17   60.8   0.0   1   1     7e-19   5.3e-16   56.3   0.0   203   353     5   180     1   181 0.79 -
scaffold50:540700-541476 -            259 41724at147550        -            354   2.9e-14   50.6   0.0   1   2   4.4e-13   3.4e-10   37.2   0.0   151   242    30   134     4   142 0.77 -
scaffold50:540700-541476 -            259 41724at147550        -            354   2.9e-14   50.6   0.0   2   2   9.7e-05     0.074    9.8   0.0   260   344   183   259   164   259 0.81 -
scaffold806:5209-7128    -            607 41724at147550        -            354   1.7e-05   21.8   0.0   1   1   3.6e-08   2.8e-05   21.1   0.0   151   351   388   601   367   604 0.76 -
scaffold108:11770-12603  -            278 41724at147550        -            354     0.034   10.9   0.0   1   1   6.4e-05     0.049   10.4   0.0   118   167   127   178   108   189 0.91 -
#
# Program:         hmmsearch
# Version:         3.1b2 (February 2015)
# Pipeline mode:   SEARCH
# Query file:      /pickett_shared/projects/lwy647/discula_draft_assembly/busco_downloads/lineages/sordariomycetes_odb10/hmms/41724at147550.hmm
# Target file:     /pickett_shared/projects/lwy647/discula_draft_assembly/discula70_53.scafSeq.BUSCO/run_sordariomycetes_odb10/metaeuk_output/initial_results/discula70_53.scafSeq.modified.fas
# Option settings: hmmsearch --domtblout /pickett_shared/projects/lwy647/discula_draft_assembly/discula70_53.scafSeq.BUSCO/run_sordariomycetes_odb10/hmmer_output/initial_run_results/41724at147550.out --cpu 1 /pickett_shared/projects/lwy647/discula_draft_assembly/busco_downloads/lineages/sordariomycetes_odb10/hmms/41724at147550.hmm /pickett_shared/projects/lwy647/discula_draft_assembly/discula70_53.scafSeq.BUSCO/run_sordariomycetes_odb10/metaeuk_output/initial_results/discula70_53.scafSeq.modified.fas 
# Current dir:     /pickett_shared/projects/lwy647/discula_draft_assembly
# Date:            Thu Aug 31 18:11:50 2023
# [ok]
