#                                                                                 --- full sequence --- -------------- this domain -------------   hmm coord   ali coord   env coord
# target name             accession   tlen query name           accession   qlen   E-value  score  bias   #  of  c-Evalue  i-Evalue  score  bias  from    to  from    to  from    to  acc description of target
#     ------------------- ---------- ----- -------------------- ---------- ----- --------- ------ ----- --- --- --------- --------- ------ ----- ----- ----- ----- ----- ----- ----- ---- ---------------------
scaffold535:330810-332252 -            433 42496at147550        -            361  3.6e-224  741.8   4.8   1   1    4e-226  6.6e-224  740.9   4.8     1   361    43   432    43   432 0.97 -
scaffold64:139522-141225  -            568 42496at147550        -            361   7.3e-96  319.7   0.1   1   2   4.2e-50   6.9e-48  161.9   0.1   123   343     9   236     2   250 0.90 -
scaffold64:139522-141225  -            568 42496at147550        -            361   7.3e-96  319.7   0.1   2   2   2.6e-48   4.2e-46  156.0   0.0    93   339   254   511   243   526 0.84 -
scaffold693:20452-22065   -            509 42496at147550        -            361   1.7e-87  292.1   0.0   1   1   1.6e-89   2.6e-87  291.6   0.0    81   348   205   484   184   496 0.90 -
scaffold337:7492-8875     -            438 42496at147550        -            361   8.4e-86  286.6   0.2   1   1   7.5e-88   1.2e-85  286.1   0.2    84   354   137   419   110   424 0.92 -
scaffold108:54347-55297   -            293 42496at147550        -            361   3.8e-80  268.0   0.1   1   1   3.2e-82   5.2e-80  267.5   0.1    86   341    12   276     2   285 0.93 -
scaffold261:42841-43806   -            322 42496at147550        -            361   1.8e-79  265.8   0.1   1   1   1.3e-81   2.1e-79  265.5   0.1    72   351     8   303     1   312 0.86 -
scaffold677:17672-19996   -            775 42496at147550        -            361   4.2e-65  218.5   0.2   1   2   3.5e-27   5.7e-25   86.5   0.0   125   310   180   377   161   427 0.81 -
scaffold677:17672-19996   -            775 42496at147550        -            361   4.2e-65  218.5   0.2   2   2   2.5e-40     4e-38  129.7   0.0   123   311   505   690   499   711 0.92 -
scaffold308:77919-79225   -            377 42496at147550        -            361     3e-62  209.1   0.1   1   1   1.4e-63   2.3e-61  206.2   0.1    84   361    89   367    63   367 0.89 -
scaffold395:62283-64843   -            832 42496at147550        -            361   1.7e-53  180.3   0.3   1   1   2.6e-55   4.2e-53  179.0   0.3   123   356   365   612   351   615 0.89 -
scaffold64:140485-141204  -            240 42496at147550        -            361   9.1e-49  164.8   0.1   1   1   6.2e-51     1e-48  164.6   0.1   124   343     3   229     1   240 0.91 -
scaffold256:90164-103995  -            716 42496at147550        -            361   6.3e-48  162.0   0.1   1   1   6.4e-50   1.1e-47  161.3   0.1   106   338   159   394   125   409 0.88 -
scaffold71:413029-415281  -            751 42496at147550        -            361   1.9e-46  157.1   0.0   1   2   4.9e-06   0.00081   16.9   0.0   157   307   244   387   193   407 0.74 -
scaffold71:413029-415281  -            751 42496at147550        -            361   1.9e-46  157.1   0.0   2   2   7.5e-43   1.2e-40  138.0   0.0   110   341   460   708   429   718 0.84 -
scaffold71:142445-143578  -            378 42496at147550        -            361   5.8e-41  139.1   0.0   1   1   5.1e-43   8.4e-41  138.6   0.0   106   340    66   315    56   326 0.82 -
scaffold284:20589-25642   -           1667 42496at147550        -            361   8.5e-38  128.7   0.0   1   2   1.6e-39   2.6e-37  127.1   0.0   123   339   600   827   589   839 0.89 -
scaffold284:20589-25642   -           1667 42496at147550        -            361   8.5e-38  128.7   0.0   2   2       3.3   5.4e+02   -2.3   0.0   164   229   943  1008   935  1011 0.73 -
scaffold157:39190-41774   -            843 42496at147550        -            361   1.9e-37  127.5   0.0   1   2   3.4e-33   5.5e-31  106.3   0.0   128   315   316   513   308   538 0.82 -
scaffold157:39190-41774   -            843 42496at147550        -            361   1.9e-37  127.5   0.0   2   2   1.2e-06   0.00019   19.0   0.0   153   230   624   704   601   755 0.84 -
scaffold50:440691-445072  -           1416 42496at147550        -            361     5e-36  122.9   0.0   1   1     7e-38   1.1e-35  121.7   0.0   124   314  1003  1196   982  1244 0.88 -
scaffold500:89441-93271   -           1255 42496at147550        -            361   4.7e-35  119.7   0.0   1   1   7.6e-37   1.2e-34  118.3   0.0   118   333   848  1075   837  1087 0.84 -
scaffold109:56356-57862   -            435 42496at147550        -            361   5.3e-30  103.0   0.0   1   1   4.2e-32   6.9e-30  102.6   0.0   119   309   129   312   110   360 0.91 -
scaffold806:20545-21475   -            289 42496at147550        -            361   2.8e-29  100.7   0.0   1   1   2.4e-31     4e-29  100.2   0.0   125   340     3   238     1   252 0.78 -
scaffold170:5683-6291     -            203 42496at147550        -            361   1.5e-26   91.7   0.0   1   1   1.1e-28   1.8e-26   91.4   0.0   161   337    15   200     5   203 0.87 -
scaffold69:126094-127458  -            455 42496at147550        -            361   6.7e-13   46.8   0.0   1   1   7.3e-15   1.2e-12   45.9   0.0   140   293   237   383   223   398 0.79 -
scaffold149:54741-55331   -            197 42496at147550        -            361   5.4e-10   37.2   0.0   1   1   1.3e-11   2.1e-09   35.3   0.0   162   298     1   138     1   166 0.71 -
scaffold677:18767-19201   -            145 42496at147550        -            361   2.6e-09   35.0   0.3   1   1   2.9e-11   4.8e-09   34.1   0.3   215   310     5   112     1   142 0.73 -
scaffold243:68521-70565   -            567 42496at147550        -            361   2.9e-09   34.8   0.0   1   1   6.1e-11     1e-08   33.0   0.0   154   303   285   450   277   464 0.74 -
scaffold156:63428-65551   -            708 42496at147550        -            361   4.9e-09   34.1   0.0   1   2    0.0074       1.2    6.4   0.0   152   181   282   311   251   320 0.76 -
scaffold156:63428-65551   -            708 42496at147550        -            361   4.9e-09   34.1   0.0   2   2   1.5e-08   2.5e-06   25.1   0.0   251   305   401   455   390   467 0.88 -
scaffold127:15216-15775   -            163 42496at147550        -            361   8.4e-09   33.3   0.1   1   2     0.033       5.4    4.3   0.0   163   183     2    22     1    40 0.86 -
scaffold127:15216-15775   -            163 42496at147550        -            361   8.4e-09   33.3   0.1   2   2   2.9e-09   4.7e-07   27.5   0.0   232   296    98   159    53   163 0.88 -
scaffold363:32874-33506   -            211 42496at147550        -            361   7.5e-06   23.6   0.0   1   1     1e-07   1.7e-05   22.4   0.0   163   307     9   141     3   152 0.79 -
scaffold228:34108-34536   -            143 42496at147550        -            361    0.0019   15.7   0.0   1   1   1.6e-05    0.0027   15.2   0.0   164   306     2   132     1   142 0.78 -
#
# Program:         hmmsearch
# Version:         3.1b2 (February 2015)
# Pipeline mode:   SEARCH
# Query file:      /pickett_shared/projects/lwy647/discula_draft_assembly/busco_downloads/lineages/sordariomycetes_odb10/hmms/42496at147550.hmm
# Target file:     /pickett_shared/projects/lwy647/discula_draft_assembly/discula70_53.scafSeq.BUSCO/run_sordariomycetes_odb10/metaeuk_output/initial_results/discula70_53.scafSeq.modified.fas
# Option settings: hmmsearch --domtblout /pickett_shared/projects/lwy647/discula_draft_assembly/discula70_53.scafSeq.BUSCO/run_sordariomycetes_odb10/hmmer_output/initial_run_results/42496at147550.out --cpu 1 /pickett_shared/projects/lwy647/discula_draft_assembly/busco_downloads/lineages/sordariomycetes_odb10/hmms/42496at147550.hmm /pickett_shared/projects/lwy647/discula_draft_assembly/discula70_53.scafSeq.BUSCO/run_sordariomycetes_odb10/metaeuk_output/initial_results/discula70_53.scafSeq.modified.fas 
# Current dir:     /pickett_shared/projects/lwy647/discula_draft_assembly
# Date:            Thu Aug 31 18:11:53 2023
# [ok]
