#                                                                                 --- full sequence --- -------------- this domain -------------   hmm coord   ali coord   env coord
# target name             accession   tlen query name           accession   qlen   E-value  score  bias   #  of  c-Evalue  i-Evalue  score  bias  from    to  from    to  from    to  acc description of target
#     ------------------- ---------- ----- -------------------- ---------- ----- --------- ------ ----- --- --- --------- --------- ------ ----- ----- ----- ----- ----- ----- ----- ---- ---------------------
scaffold27:211818-213145  -            420 43976at147550        -            322  2.9e-148  491.1   0.3   1   2  3.6e-126  9.8e-124  410.5   0.0     2   260    18   308    17   317 0.93 -
scaffold27:211818-213145  -            420 43976at147550        -            322  2.9e-148  491.1   0.3   2   2   3.4e-25   9.1e-23   78.8   0.1   250   317   344   415   334   420 0.86 -
scaffold679:35697-36815   -            373 43976at147550        -            322     4e-17   60.2   2.3   1   7   0.00092      0.25    8.3   0.0     6    40     5    39     2    47 0.88 -
scaffold679:35697-36815   -            373 43976at147550        -            322     4e-17   60.2   2.3   2   7   6.9e-07   0.00019   18.6   0.0     7    41    48    82    42    97 0.86 -
scaffold679:35697-36815   -            373 43976at147550        -            322     4e-17   60.2   2.3   3   7     0.088        24    1.8   0.0    13    37    96   120    90   129 0.85 -
scaffold679:35697-36815   -            373 43976at147550        -            322     4e-17   60.2   2.3   4   7     0.013       3.5    4.5   0.0     7    40   132   165   125   189 0.86 -
scaffold679:35697-36815   -            373 43976at147550        -            322     4e-17   60.2   2.3   5   7   5.7e-05     0.015   12.3   0.0     5    85   213   289   210   298 0.74 -
scaffold679:35697-36815   -            373 43976at147550        -            322     4e-17   60.2   2.3   6   7    0.0099       2.7    4.9   0.0   272   301   302   331   284   337 0.79 -
scaffold679:35697-36815   -            373 43976at147550        -            322     4e-17   60.2   2.3   7   7     0.023       6.3    3.7   0.1   257   293   331   365   326   373 0.80 -
scaffold726:47529-48488   -            287 43976at147550        -            322   4.3e-17   60.1   6.5   1   3   6.7e-09   1.8e-06   25.2   0.1    19    89     6    74     2    90 0.90 -
scaffold726:47529-48488   -            287 43976at147550        -            322   4.3e-17   60.1   6.5   2   3     0.046        12    2.7   0.0    13    75    90   152    81   166 0.67 -
scaffold726:47529-48488   -            287 43976at147550        -            322   4.3e-17   60.1   6.5   3   3   1.8e-11     5e-09   33.6   1.3   215   311   195   281   173   286 0.85 -
scaffold679:36393-37040   -            216 43976at147550        -            322   6.2e-07   26.7   0.6   1   4     0.098        26    1.7   0.0     4    38    24    58    20    65 0.86 -
scaffold679:36393-37040   -            216 43976at147550        -            322   6.2e-07   26.7   0.6   2   4    0.0037         1    6.3   0.0   272   302    70   100    51   109 0.79 -
scaffold679:36393-37040   -            216 43976at147550        -            322   6.2e-07   26.7   0.6   3   4    0.0075         2    5.3   0.1     7    40   111   144   102   151 0.78 -
scaffold679:36393-37040   -            216 43976at147550        -            322   6.2e-07   26.7   0.6   4   4   0.00047      0.13    9.3   0.0     7    44   153   190   147   210 0.84 -
scaffold7:127691-129352   -            554 43976at147550        -            322     4e-06   24.0   0.3   1   2     1e-05    0.0028   14.7   0.1    28   100   125   194   118   204 0.88 -
scaffold7:127691-129352   -            554 43976at147550        -            322     4e-06   24.0   0.3   2   2    0.0026      0.71    6.8   0.0     7    47   280   317   275   365 0.86 -
scaffold192:3730-5082     -            451 43976at147550        -            322   1.9e-05   21.9   3.8   1   4      0.54   1.5e+02   -0.8   0.0   209   256    57   104    19   125 0.76 -
scaffold192:3730-5082     -            451 43976at147550        -            322   1.9e-05   21.9   3.8   2   4      0.01       2.7    4.9   0.1     7    65   148   210   143   214 0.83 -
scaffold192:3730-5082     -            451 43976at147550        -            322   1.9e-05   21.9   3.8   3   4     5e-05     0.014   12.5   0.4    21    87   221   290   216   305 0.84 -
scaffold192:3730-5082     -            451 43976at147550        -            322   1.9e-05   21.9   3.8   4   4     0.051        14    2.6   0.0    57    94   340   375   317   397 0.69 -
scaffold163:92278-94186   -            607 43976at147550        -            322   2.3e-05   21.6   4.7   1   3     0.048        13    2.7   0.0   273   303   188   218   180   227 0.84 -
scaffold163:92278-94186   -            607 43976at147550        -            322   2.3e-05   21.6   4.7   2   3    0.0085       2.3    5.1   0.1    12    95   235   317   226   326 0.73 -
scaffold163:92278-94186   -            607 43976at147550        -            322   2.3e-05   21.6   4.7   3   3   3.2e-05    0.0086   13.1   0.4    11    69   489   545   480   576 0.78 -
scaffold34:112598-114178  -            527 43976at147550        -            322   2.4e-05   21.5   0.1   1   3   0.00016     0.042   10.8   0.0     8   105   136   235   131   269 0.73 -
scaffold34:112598-114178  -            527 43976at147550        -            322   2.4e-05   21.5   0.1   2   3      0.31        84    0.0   0.0   284   301   255   272   250   276 0.87 -
scaffold34:112598-114178  -            527 43976at147550        -            322   2.4e-05   21.5   0.1   3   3    0.0037      0.99    6.3   0.0    26    88   400   470   379   483 0.76 -
scaffold250:114896-117332 -            718 43976at147550        -            322   4.9e-05   20.5   0.8   1   3   0.00039      0.11    9.5   0.1   233   302    28    91    20   104 0.78 -
scaffold250:114896-117332 -            718 43976at147550        -            322   4.9e-05   20.5   0.8   2   3         1   2.7e+02   -1.7   0.0    43    69   109   135   104   143 0.86 -
scaffold250:114896-117332 -            718 43976at147550        -            322   4.9e-05   20.5   0.8   3   3   0.00095      0.26    8.3   0.0   213   277   160   221   136   226 0.84 -
scaffold265:74878-78595   -            799 43976at147550        -            322   0.00044   17.4   0.1   1   2      0.65   1.7e+02   -1.0   0.0   233   258    80   104    59   120 0.66 -
scaffold265:74878-78595   -            799 43976at147550        -            322   0.00044   17.4   0.1   2   2   7.5e-06     0.002   15.2   0.0     3    95   275   362   273   377 0.82 -
scaffold639:53258-54412   -            385 43976at147550        -            322   0.00074   16.6   1.1   1   2      0.13        34    1.3   0.0     6    55   131   181   117   212 0.70 -
scaffold639:53258-54412   -            385 43976at147550        -            322   0.00074   16.6   1.1   2   2   2.1e-05    0.0056   13.7   0.3   272   313   335   378   309   385 0.77 -
scaffold842:6306-8594     -            593 43976at147550        -            322    0.0027   14.7   0.0   1   3       1.2   3.2e+02   -1.9   0.0   287   301    80    94    61   107 0.61 -
scaffold842:6306-8594     -            593 43976at147550        -            322    0.0027   14.7   0.0   2   3   7.5e-05      0.02   11.9   0.0     5    42   159   196   156   209 0.90 -
scaffold842:6306-8594     -            593 43976at147550        -            322    0.0027   14.7   0.0   3   3       0.9   2.4e+02   -1.5   0.0   128   149   276   300   259   315 0.71 -
scaffold126:226891-229130 -            665 43976at147550        -            322     0.004   14.2   0.5   1   3    0.0067       1.8    5.5   0.0     8    39   443   472   437   479 0.83 -
scaffold126:226891-229130 -            665 43976at147550        -            322     0.004   14.2   0.5   2   3     0.018       4.8    4.1   0.1     8    85   483   550   476   555 0.79 -
scaffold126:226891-229130 -            665 43976at147550        -            322     0.004   14.2   0.5   3   3      0.12        33    1.3   0.0   255   287   548   578   538   590 0.73 -
scaffold8:77148-79251     -            607 43976at147550        -            322    0.0043   14.1   0.0   1   4     0.059        16    2.4   0.0     8    85   349   420   342   428 0.72 -
scaffold8:77148-79251     -            607 43976at147550        -            322    0.0043   14.1   0.0   2   4      0.41   1.1e+02   -0.4   0.0    10    42   434   466   426   474 0.80 -
scaffold8:77148-79251     -            607 43976at147550        -            322    0.0043   14.1   0.0   3   4     0.012       3.2    4.6   0.0     7    38   475   506   469   514 0.91 -
scaffold8:77148-79251     -            607 43976at147550        -            322    0.0043   14.1   0.0   4   4      0.19        51    0.7   0.0     5    38   570   603   567   606 0.88 -
scaffold255:80910-83161   -            706 43976at147550        -            322    0.0043   14.1   2.1   1   3     0.053        14    2.5   0.0   233   285   337   391   333   406 0.78 -
scaffold255:80910-83161   -            706 43976at147550        -            322    0.0043   14.1   2.1   2   3    0.0005      0.13    9.2   0.3    28    89   413   468   410   474 0.87 -
scaffold255:80910-83161   -            706 43976at147550        -            322    0.0043   14.1   2.1   3   3      0.86   2.3e+02   -1.5   0.0    64    85   572   593   516   605 0.61 -
scaffold262:5982-8751     -            898 43976at147550        -            322      0.01   12.9   0.1   1   4       0.7   1.9e+02   -1.2   0.0   272   300    53    81    48    91 0.89 -
scaffold262:5982-8751     -            898 43976at147550        -            322      0.01   12.9   0.1   2   4    0.0048       1.3    6.0   0.0     6    40   340   374   336   414 0.79 -
scaffold262:5982-8751     -            898 43976at147550        -            322      0.01   12.9   0.1   3   4      0.47   1.3e+02   -0.6   0.0     8    41   384   417   377   438 0.83 -
scaffold262:5982-8751     -            898 43976at147550        -            322      0.01   12.9   0.1   4   4     0.087        24    1.8   0.0   248   292   448   490   432   509 0.85 -
scaffold33:10801-13583    -            883 43976at147550        -            322     0.098    9.6   6.6   1   4      0.44   1.2e+02   -0.5   0.0    14    37   110   133    96   136 0.65 -
scaffold33:10801-13583    -            883 43976at147550        -            322     0.098    9.6   6.6   2   4     0.019       5.2    4.0   0.1    24    50   196   222   183   238 0.87 -
scaffold33:10801-13583    -            883 43976at147550        -            322     0.098    9.6   6.6   3   4     0.016       4.3    4.2   0.2     2    68   412   478   411   486 0.79 -
scaffold33:10801-13583    -            883 43976at147550        -            322     0.098    9.6   6.6   4   4      0.16        43    1.0   0.2   163   251   575   666   537   723 0.66 -
#
# Program:         hmmsearch
# Version:         3.1b2 (February 2015)
# Pipeline mode:   SEARCH
# Query file:      /pickett_shared/projects/lwy647/discula_draft_assembly/busco_downloads/lineages/sordariomycetes_odb10/hmms/43976at147550.hmm
# Target file:     /pickett_shared/projects/lwy647/discula_draft_assembly/discula70_53.scafSeq.BUSCO/run_sordariomycetes_odb10/metaeuk_output/initial_results/discula70_53.scafSeq.modified.fas
# Option settings: hmmsearch --domtblout /pickett_shared/projects/lwy647/discula_draft_assembly/discula70_53.scafSeq.BUSCO/run_sordariomycetes_odb10/hmmer_output/initial_run_results/43976at147550.out --cpu 1 /pickett_shared/projects/lwy647/discula_draft_assembly/busco_downloads/lineages/sordariomycetes_odb10/hmms/43976at147550.hmm /pickett_shared/projects/lwy647/discula_draft_assembly/discula70_53.scafSeq.BUSCO/run_sordariomycetes_odb10/metaeuk_output/initial_results/discula70_53.scafSeq.modified.fas 
# Current dir:     /pickett_shared/projects/lwy647/discula_draft_assembly
# Date:            Thu Aug 31 18:11:55 2023
# [ok]
