#                                                                                --- full sequence --- -------------- this domain -------------   hmm coord   ali coord   env coord
# target name            accession   tlen query name           accession   qlen   E-value  score  bias   #  of  c-Evalue  i-Evalue  score  bias  from    to  from    to  from    to  acc description of target
#    ------------------- ---------- ----- -------------------- ---------- ----- --------- ------ ----- --- --- --------- --------- ------ ----- ----- ----- ----- ----- ----- ----- ---- ---------------------
scaffold64:245872-249153 -           1042 44359at147550        -            627  3.7e-217  721.2  93.8   1   5   2.6e-10     6e-07   26.8   4.1    10    53     1    63     1    67 0.75 -
scaffold64:245872-249153 -           1042 44359at147550        -            627  3.7e-217  721.2  93.8   2   5   1.3e-13   2.9e-10   37.7   7.3    25    96    75   152    66   168 0.75 -
scaffold64:245872-249153 -           1042 44359at147550        -            627  3.7e-217  721.2  93.8   3   5    3e-103  6.8e-100  333.8   7.9    43   281   276   527   264   533 0.83 -
scaffold64:245872-249153 -           1042 44359at147550        -            627  3.7e-217  721.2  93.8   4   5   1.1e-44   2.4e-41  140.4  36.4   261   532   535   835   525   844 0.64 -
scaffold64:245872-249153 -           1042 44359at147550        -            627  3.7e-217  721.2  93.8   5   5   1.1e-59   2.5e-56  189.9  16.3   404   627   807  1042   783  1042 0.74 -
scaffold50:295612-299231 -           1172 44359at147550        -            627   0.00031   17.8   0.2   1   3   1.4e-07   0.00031   17.8   0.2   136   183   413   461   409   466 0.87 -
scaffold50:295612-299231 -           1172 44359at147550        -            627   0.00031   17.8   0.2   2   3      0.72   1.7e+03   -4.4   2.3   439   554   515   569   481   578 0.41 -
scaffold50:295612-299231 -           1172 44359at147550        -            627   0.00031   17.8   0.2   3   3      0.49   1.1e+03   -3.8   3.2   253   266  1000  1013   978  1030 0.61 -
#
# Program:         hmmsearch
# Version:         3.1b2 (February 2015)
# Pipeline mode:   SEARCH
# Query file:      /pickett_shared/projects/lwy647/discula_draft_assembly/busco_downloads/lineages/sordariomycetes_odb10/hmms/44359at147550.hmm
# Target file:     /pickett_shared/projects/lwy647/discula_draft_assembly/discula70_53.scafSeq.BUSCO/run_sordariomycetes_odb10/metaeuk_output/initial_results/discula70_53.scafSeq.modified.fas
# Option settings: hmmsearch --domtblout /pickett_shared/projects/lwy647/discula_draft_assembly/discula70_53.scafSeq.BUSCO/run_sordariomycetes_odb10/hmmer_output/initial_run_results/44359at147550.out --cpu 1 /pickett_shared/projects/lwy647/discula_draft_assembly/busco_downloads/lineages/sordariomycetes_odb10/hmms/44359at147550.hmm /pickett_shared/projects/lwy647/discula_draft_assembly/discula70_53.scafSeq.BUSCO/run_sordariomycetes_odb10/metaeuk_output/initial_results/discula70_53.scafSeq.modified.fas 
# Current dir:     /pickett_shared/projects/lwy647/discula_draft_assembly
# Date:            Thu Aug 31 18:11:56 2023
# [ok]
