#                                                                               --- full sequence --- -------------- this domain -------------   hmm coord   ali coord   env coord
# target name           accession   tlen query name           accession   qlen   E-value  score  bias   #  of  c-Evalue  i-Evalue  score  bias  from    to  from    to  from    to  acc description of target
#   ------------------- ---------- ----- -------------------- ---------- ----- --------- ------ ----- --- --- --------- --------- ------ ----- ----- ----- ----- ----- ----- ----- ---- ---------------------
scaffold39:38255-41039  -            650 45060at147550        -            332  1.5e-134  446.1  10.8   1   4   3.6e-41   4.2e-38  129.1   0.2    14   103   190   294   175   303 0.87 -
scaffold39:38255-41039  -            650 45060at147550        -            332  1.5e-134  446.1  10.8   2   4   4.4e-07    0.0005   17.0   0.0   101   133   322   357   297   371 0.79 -
scaffold39:38255-41039  -            650 45060at147550        -            332  1.5e-134  446.1  10.8   3   4   2.3e-59   2.6e-56  188.9   0.8   124   246   373   503   356   510 0.88 -
scaffold39:38255-41039  -            650 45060at147550        -            332  1.5e-134  446.1  10.8   4   4   4.1e-37   4.7e-34  115.8   0.2   240   332   540   644   535   644 0.90 -
scaffold107:42801-44068 -            248 45060at147550        -            332   1.5e-13   48.4   0.5   1   1   8.5e-16   9.8e-13   45.7   0.5   139   304    32   205    18   218 0.76 -
scaffold108:93476-95068 -            471 45060at147550        -            332     8e-05   19.7   0.1   1   1   1.3e-07   0.00015   18.8   0.1    18   110   133   225   123   243 0.82 -
scaffold137:45312-46289 -            326 45060at147550        -            332   0.00023   18.2   0.1   1   1     7e-07   0.00081   16.4   0.1    35    95   175   250   165   280 0.77 -
#
# Program:         hmmsearch
# Version:         3.1b2 (February 2015)
# Pipeline mode:   SEARCH
# Query file:      /pickett_shared/projects/lwy647/discula_draft_assembly/busco_downloads/lineages/sordariomycetes_odb10/hmms/45060at147550.hmm
# Target file:     /pickett_shared/projects/lwy647/discula_draft_assembly/discula70_53.scafSeq.BUSCO/run_sordariomycetes_odb10/metaeuk_output/initial_results/discula70_53.scafSeq.modified.fas
# Option settings: hmmsearch --domtblout /pickett_shared/projects/lwy647/discula_draft_assembly/discula70_53.scafSeq.BUSCO/run_sordariomycetes_odb10/hmmer_output/initial_run_results/45060at147550.out --cpu 1 /pickett_shared/projects/lwy647/discula_draft_assembly/busco_downloads/lineages/sordariomycetes_odb10/hmms/45060at147550.hmm /pickett_shared/projects/lwy647/discula_draft_assembly/discula70_53.scafSeq.BUSCO/run_sordariomycetes_odb10/metaeuk_output/initial_results/discula70_53.scafSeq.modified.fas 
# Current dir:     /pickett_shared/projects/lwy647/discula_draft_assembly
# Date:            Thu Aug 31 18:11:50 2023
# [ok]
