#                                                                                 --- full sequence --- -------------- this domain -------------   hmm coord   ali coord   env coord
# target name             accession   tlen query name           accession   qlen   E-value  score  bias   #  of  c-Evalue  i-Evalue  score  bias  from    to  from    to  from    to  acc description of target
#     ------------------- ---------- ----- -------------------- ---------- ----- --------- ------ ----- --- --- --------- --------- ------ ----- ----- ----- ----- ----- ----- ----- ---- ---------------------
scaffold580:82106-84016   -            594 47591at147550        -            260    8e-132  436.4   7.0   1   4   3.2e-49   7.4e-46  154.7   0.2     1    87   193   281   193   311 0.93 -
scaffold580:82106-84016   -            594 47591at147550        -            260    8e-132  436.4   7.0   2   4   6.5e-23   1.5e-19   68.4   0.1    85   126   330   371   321   379 0.91 -
scaffold580:82106-84016   -            594 47591at147550        -            260    8e-132  436.4   7.0   3   4   8.1e-36   1.8e-32  110.7   0.0   125   204   391   474   385   485 0.91 -
scaffold580:82106-84016   -            594 47591at147550        -            260    8e-132  436.4   7.0   4   4   7.7e-34   1.8e-30  104.2   0.1   199   260   499   560   474   560 0.91 -
scaffold104:230002-232380 -            793 47591at147550        -            260   0.00036   18.0   0.0   1   3   3.7e-06    0.0085   13.5   0.0     2    51   198   245   197   253 0.90 -
scaffold104:230002-232380 -            793 47591at147550        -            260   0.00036   18.0   0.0   2   3      0.36   8.2e+02   -2.8   0.0    28    66   314   353   289   374 0.59 -
scaffold104:230002-232380 -            793 47591at147550        -            260   0.00036   18.0   0.0   3   3      0.02        47    1.3   0.0    23    57   534   568   513   578 0.65 -
#
# Program:         hmmsearch
# Version:         3.1b2 (February 2015)
# Pipeline mode:   SEARCH
# Query file:      /pickett_shared/projects/lwy647/discula_draft_assembly/busco_downloads/lineages/sordariomycetes_odb10/hmms/47591at147550.hmm
# Target file:     /pickett_shared/projects/lwy647/discula_draft_assembly/discula70_53.scafSeq.BUSCO/run_sordariomycetes_odb10/metaeuk_output/initial_results/discula70_53.scafSeq.modified.fas
# Option settings: hmmsearch --domtblout /pickett_shared/projects/lwy647/discula_draft_assembly/discula70_53.scafSeq.BUSCO/run_sordariomycetes_odb10/hmmer_output/initial_run_results/47591at147550.out --cpu 1 /pickett_shared/projects/lwy647/discula_draft_assembly/busco_downloads/lineages/sordariomycetes_odb10/hmms/47591at147550.hmm /pickett_shared/projects/lwy647/discula_draft_assembly/discula70_53.scafSeq.BUSCO/run_sordariomycetes_odb10/metaeuk_output/initial_results/discula70_53.scafSeq.modified.fas 
# Current dir:     /pickett_shared/projects/lwy647/discula_draft_assembly
# Date:            Thu Aug 31 18:11:57 2023
# [ok]
