#                                                                                 --- full sequence --- -------------- this domain -------------   hmm coord   ali coord   env coord
# target name             accession   tlen query name           accession   qlen   E-value  score  bias   #  of  c-Evalue  i-Evalue  score  bias  from    to  from    to  from    to  acc description of target
#     ------------------- ---------- ----- -------------------- ---------- ----- --------- ------ ----- --- --- --------- --------- ------ ----- ----- ----- ----- ----- ----- ----- ---- ---------------------
scaffold126:47557-48887   -            358 48411at147550        -            302    3e-193  638.6  15.4   1   2   9.8e-14   5.9e-12   43.3   0.4     1    34     9    43     9    50 0.91 -
scaffold126:47557-48887   -            358 48411at147550        -            302    3e-193  638.6  15.4   2   2  5.4e-183  3.2e-181  599.1   9.0    35   302    64   353    55   353 0.97 -
scaffold679:35697-36815   -            373 48411at147550        -            302   7.7e-32  108.6   5.1   1   4     2e-07   1.2e-05   22.6   0.1    38   114     3    79     1    82 0.94 -
scaffold679:35697-36815   -            373 48411at147550        -            302   7.7e-32  108.6   5.1   2   4   3.8e-20   2.3e-18   64.4   0.0    41   247    48   253    42   260 0.89 -
scaffold679:35697-36815   -            373 48411at147550        -            302   7.7e-32  108.6   5.1   3   4    0.0085      0.51    7.4   0.0   209   241   259   291   250   297 0.75 -
scaffold679:35697-36815   -            373 48411at147550        -            302   7.7e-32  108.6   5.1   4   4   6.8e-08   4.1e-06   24.1   0.3    38   109   298   369   291   373 0.92 -
scaffold8:77148-79251     -            607 48411at147550        -            302   1.3e-23   81.6   1.1   1   3   1.3e-13   7.7e-12   42.9   1.3   131   243   303   424   297   437 0.80 -
scaffold8:77148-79251     -            607 48411at147550        -            302   1.3e-23   81.6   1.1   2   3    0.0005      0.03   11.4   0.0   187   258   451   524   436   535 0.76 -
scaffold8:77148-79251     -            607 48411at147550        -            302   1.3e-23   81.6   1.1   3   3   1.3e-07   7.5e-06   23.3   0.0   164   239   528   602   521   606 0.92 -
scaffold290:53613-55254   -            520 48411at147550        -            302   8.8e-23   78.9   9.7   1   5     0.011      0.64    7.1   0.0   205   241   140   177   113   179 0.76 -
scaffold290:53613-55254   -            520 48411at147550        -            302   8.8e-23   78.9   9.7   2   5   2.8e-07   1.7e-05   22.1   0.0   169   240   147   218   139   229 0.90 -
scaffold290:53613-55254   -            520 48411at147550        -            302   8.8e-23   78.9   9.7   3   5   2.3e-05    0.0014   15.8   0.0    31    81   177   227   176   251 0.87 -
scaffold290:53613-55254   -            520 48411at147550        -            302   8.8e-23   78.9   9.7   4   5   5.8e-12   3.5e-10   37.5   1.5    30   235   267   472   248   473 0.79 -
scaffold290:53613-55254   -            520 48411at147550        -            302   8.8e-23   78.9   9.7   5   5   1.2e-09   7.1e-08   29.9   0.1    38   110   443   515   439   519 0.95 -
scaffold721:13595-16468   -            958 48411at147550        -            302   9.9e-23   78.7  10.1   1   5   2.5e-07   1.5e-05   22.3   0.1   155   244    43   138    32   145 0.84 -
scaffold721:13595-16468   -            958 48411at147550        -            302   9.9e-23   78.7  10.1   2   5      0.17        10    3.1   0.0   175   241   172   240   151   260 0.76 -
scaffold721:13595-16468   -            958 48411at147550        -            302   9.9e-23   78.7  10.1   3   5   8.2e-05    0.0049   14.0   0.1    19   104   399   484   385   489 0.79 -
scaffold721:13595-16468   -            958 48411at147550        -            302   9.9e-23   78.7  10.1   4   5   1.3e-06   7.7e-05   19.9   0.0   185   246   481   542   473   557 0.87 -
scaffold721:13595-16468   -            958 48411at147550        -            302   9.9e-23   78.7  10.1   5   5   1.4e-07   8.4e-06   23.1   0.1    88   240   567   724   543   733 0.79 -
scaffold33:10801-13583    -            883 48411at147550        -            302   3.8e-22   76.8  11.8   1   8    0.0019      0.11    9.6   0.0   185   222   121   158   102   172 0.85 -
scaffold33:10801-13583    -            883 48411at147550        -            302   3.8e-22   76.8  11.8   2   8     0.095       5.7    4.0   0.0    53    75   191   213   169   219 0.80 -
scaffold33:10801-13583    -            883 48411at147550        -            302   3.8e-22   76.8  11.8   3   8    0.0025      0.15    9.2   0.2    39    81   219   261   211   269 0.84 -
scaffold33:10801-13583    -            883 48411at147550        -            302   3.8e-22   76.8  11.8   4   8       6.1   3.7e+02   -2.0   0.0   184   241   280   339   276   345 0.62 -
scaffold33:10801-13583    -            883 48411at147550        -            302   3.8e-22   76.8  11.8   5   8     0.004      0.24    8.5   0.0   202   255   410   461   396   467 0.87 -
scaffold33:10801-13583    -            883 48411at147550        -            302   3.8e-22   76.8  11.8   6   8   9.9e-07   5.9e-05   20.3   0.0   185   241   497   558   483   566 0.84 -
scaffold33:10801-13583    -            883 48411at147550        -            302   3.8e-22   76.8  11.8   7   8      0.14       8.3    3.4   0.0   184   219   599   634   570   643 0.86 -
scaffold33:10801-13583    -            883 48411at147550        -            302   3.8e-22   76.8  11.8   8   8   9.1e-08   5.4e-06   23.7   0.3   146   239   600   704   594   723 0.75 -
scaffold72:58344-59805    -            468 48411at147550        -            302   1.4e-21   75.0   0.3   1   3   1.4e-14   8.5e-13   46.1   0.0   121   250   148   281   144   297 0.86 -
scaffold72:58344-59805    -            468 48411at147550        -            302   1.4e-21   75.0   0.3   2   3   1.5e-06   8.7e-05   19.8   0.0   182   233   297   348   282   355 0.87 -
scaffold72:58344-59805    -            468 48411at147550        -            302   1.4e-21   75.0   0.3   3   3     0.042       2.5    5.1   0.1   201   241   357   396   347   414 0.71 -
scaffold39:57898-58915    -            313 48411at147550        -            302   2.1e-21   74.3   0.2   1   3   1.4e-10   8.2e-09   33.0   0.1   125   245    14   140     5   151 0.84 -
scaffold39:57898-58915    -            313 48411at147550        -            302   2.1e-21   74.3   0.2   2   3   2.7e-10   1.6e-08   32.0   0.0   158   242   134   220   130   234 0.87 -
scaffold39:57898-58915    -            313 48411at147550        -            302   2.1e-21   74.3   0.2   3   3     0.003      0.18    8.9   0.0   186   238   256   309   243   313 0.80 -
scaffold91:236420-239677  -           1003 48411at147550        -            302   6.8e-21   72.7   1.4   1   3   1.2e-09   7.3e-08   29.9   0.0   130   221   623   715   611   725 0.83 -
scaffold91:236420-239677  -           1003 48411at147550        -            302   6.8e-21   72.7   1.4   2   3   3.3e-09     2e-07   28.5   0.1   125   212   775   864   765   873 0.81 -
scaffold91:236420-239677  -           1003 48411at147550        -            302   6.8e-21   72.7   1.4   3   3    0.0004     0.024   11.8   0.1   181   243   873   932   862   942 0.84 -
scaffold226:67411-68872   -            447 48411at147550        -            302     1e-20   72.0   0.1   1   3   1.9e-08   1.1e-06   26.0   0.0   126   225    97   203    82   208 0.80 -
scaffold226:67411-68872   -            447 48411at147550        -            302     1e-20   72.0   0.1   2   3   2.7e-07   1.6e-05   22.2   0.1   183   242   209   268   204   279 0.93 -
scaffold226:67411-68872   -            447 48411at147550        -            302     1e-20   72.0   0.1   3   3   1.1e-06   6.6e-05   20.2   0.0   185   243   318   375   293   385 0.87 -
scaffold299:50012-51394   -            438 48411at147550        -            302   1.2e-20   71.9   1.2   1   4   0.00012    0.0069   13.5   0.0   168   240   101   174    95   174 0.82 -
scaffold299:50012-51394   -            438 48411at147550        -            302   1.2e-20   71.9   1.2   2   4   5.4e-06   0.00032   17.9   0.0   148   231   119   208   116   211 0.77 -
scaffold299:50012-51394   -            438 48411at147550        -            302   1.2e-20   71.9   1.2   3   4   1.7e-09     1e-07   29.4   0.0   183   243   210   270   205   280 0.93 -
scaffold299:50012-51394   -            438 48411at147550        -            302   1.2e-20   71.9   1.2   4   4   6.9e-06   0.00041   17.5   0.1   183   244   316   377   297   394 0.84 -
scaffold126:226891-229130 -            665 48411at147550        -            302   5.1e-20   69.8   3.4   1   3   3.8e-10   2.3e-08   31.5   0.1   145   258   298   409   267   416 0.81 -
scaffold126:226891-229130 -            665 48411at147550        -            302   5.1e-20   69.8   3.4   2   3   7.4e-11   4.4e-09   33.9   0.2   158   259   390   491   390   496 0.85 -
scaffold126:226891-229130 -            665 48411at147550        -            302   5.1e-20   69.8   3.4   3   3    0.0012     0.072   10.2   0.0   158   245   470   556   470   574 0.76 -
scaffold663:21837-23802   -            626 48411at147550        -            302   9.8e-20   68.9   3.1   1   3   5.3e-12   3.2e-10   37.6   0.5   126   242   293   408   286   416 0.89 -
scaffold663:21837-23802   -            626 48411at147550        -            302   9.8e-20   68.9   3.1   2   3    0.0083      0.49    7.4   0.1   102   165   394   453   390   475 0.47 -
scaffold663:21837-23802   -            626 48411at147550        -            302   9.8e-20   68.9   3.1   3   3     2e-07   1.2e-05   22.6   0.0   144   241   529   625   524   626 0.80 -
scaffold351:111404-113017 -            538 48411at147550        -            302   9.9e-20   68.8   6.0   1   3   5.6e-11   3.3e-09   34.3   0.0   166   261   244   340   237   346 0.90 -
scaffold351:111404-113017 -            538 48411at147550        -            302   9.9e-20   68.8   6.0   2   3   1.4e-09   8.3e-08   29.7   0.1   158   241   318   407   318   419 0.82 -
scaffold351:111404-113017 -            538 48411at147550        -            302   9.9e-20   68.8   6.0   3   3     0.017      0.99    6.4   0.3    37   109   459   533   455   538 0.72 -
scaffold509:105503-107947 -            796 48411at147550        -            302     1e-18   65.5   8.9   1   4   0.00094     0.056   10.5   0.0   188   243   437   489   424   512 0.81 -
scaffold509:105503-107947 -            796 48411at147550        -            302     1e-18   65.5   8.9   2   4     0.041       2.5    5.2   0.0   209   242   543   574   527   581 0.69 -
scaffold509:105503-107947 -            796 48411at147550        -            302     1e-18   65.5   8.9   3   4   1.9e-16   1.2e-14   52.2   1.9   102   265   560   730   557   731 0.79 -
scaffold509:105503-107947 -            796 48411at147550        -            302     1e-18   65.5   8.9   4   4     0.017      0.99    6.5   0.1    34    92   699   758   696   779 0.84 -
scaffold262:5982-8751     -            898 48411at147550        -            302   3.3e-18   63.8   4.5   1   6      0.63        37    1.3   0.0    59   104    70   114    49   122 0.68 -
scaffold262:5982-8751     -            898 48411at147550        -            302   3.3e-18   63.8   4.5   2   6    0.0053      0.32    8.1   0.0    38    71   145   178   136   223 0.80 -
scaffold262:5982-8751     -            898 48411at147550        -            302   3.3e-18   63.8   4.5   3   6   0.00053     0.032   11.3   0.0   196   242   328   374   294   376 0.85 -
scaffold262:5982-8751     -            898 48411at147550        -            302   3.3e-18   63.8   4.5   4   6   2.9e-08   1.7e-06   25.4   0.2   167   252   342   426   322   435 0.82 -
scaffold262:5982-8751     -            898 48411at147550        -            302   3.3e-18   63.8   4.5   5   6   1.4e-07   8.3e-06   23.1   0.0   184   241   443   501   430   510 0.88 -
scaffold262:5982-8751     -            898 48411at147550        -            302   3.3e-18   63.8   4.5   6   6       2.1   1.3e+02   -0.5   0.0   123   242   568   606   541   631 0.58 -
scaffold479:74407-77248   -            836 48411at147550        -            302   4.6e-18   63.4   0.2   1   2   1.5e-17   8.7e-16   55.9   0.1    58   242    18   206     7   211 0.87 -
scaffold479:74407-77248   -            836 48411at147550        -            302   4.6e-18   63.4   0.2   2   2     0.066       3.9    4.5   0.0    38    78   212   252   206   296 0.69 -
scaffold679:36393-37040   -            216 48411at147550        -            302   1.3e-17   61.9   3.2   1   2     2e-05    0.0012   16.0   0.1   187   241     3    59     1    67 0.81 -
scaffold679:36393-37040   -            216 48411at147550        -            302   1.3e-17   61.9   3.2   2   2   1.4e-14   8.2e-13   46.1   1.0    38   176    66   201    59   207 0.91 -
scaffold69:144016-144591  -            192 48411at147550        -            302   1.5e-16   58.4   2.1   1   3   2.1e-05    0.0013   15.9   0.1    40    77     5    42     2    46 0.88 -
scaffold69:144016-144591  -            192 48411at147550        -            302   1.5e-16   58.4   2.1   2   3   3.2e-11   1.9e-09   35.1   0.2   187   302    26   150    23   150 0.79 -
scaffold69:144016-144591  -            192 48411at147550        -            302   1.5e-16   58.4   2.1   3   3   3.2e-06   0.00019   18.7   0.0   183   233   142   192   139   192 0.94 -
scaffold37:114701-116273  -            412 48411at147550        -            302   2.7e-16   57.6   0.2   1   3     7e-10   4.2e-08   30.7   0.0    99   229    51   187    44   203 0.81 -
scaffold37:114701-116273  -            412 48411at147550        -            302   2.7e-16   57.6   0.2   2   3     2e-07   1.2e-05   22.6   0.1   178   269   254   345   231   366 0.84 -
scaffold37:114701-116273  -            412 48411at147550        -            302   2.7e-16   57.6   0.2   3   3       1.5        88    0.0   0.0   249   268   383   402   375   410 0.78 -
scaffold284:35441-37282   -            596 48411at147550        -            302   1.2e-15   55.5   1.0   1   4      0.12       7.1    3.6   0.1    49   110    71   132    51   138 0.68 -
scaffold284:35441-37282   -            596 48411at147550        -            302   1.2e-15   55.5   1.0   2   4   1.5e-05   0.00087   16.5   0.3   181   241   119   178    77   188 0.78 -
scaffold284:35441-37282   -            596 48411at147550        -            302   1.2e-15   55.5   1.0   3   4   3.3e-10     2e-08   31.7   0.0   179   249   201   271   182   282 0.86 -
scaffold284:35441-37282   -            596 48411at147550        -            302   1.2e-15   55.5   1.0   4   4      0.26        16    2.5   0.0   210   239   344   373   335   384 0.87 -
scaffold71:251585-253878  -            652 48411at147550        -            302   2.4e-15   54.4   3.1   1   3   3.9e-07   2.4e-05   21.6   0.1   182   244   326   386   301   391 0.83 -
scaffold71:251585-253878  -            652 48411at147550        -            302   2.4e-15   54.4   3.1   2   3     0.013      0.76    6.8   0.0   209   245   430   464   422   483 0.46 -
scaffold71:251585-253878  -            652 48411at147550        -            302   2.4e-15   54.4   3.1   3   3   4.4e-08   2.6e-06   24.7   0.1   185   249   511   573   503   612 0.82 -
scaffold163:92278-94186   -            607 48411at147550        -            302   3.2e-13   47.5  10.9   1   3      0.42        25    1.8   0.0   205   241    51    87    28   121 0.78 -
scaffold163:92278-94186   -            607 48411at147550        -            302   3.2e-13   47.5  10.9   2   3   1.1e-07   6.7e-06   23.4   1.1    42   237   143   350   129   388 0.72 -
scaffold163:92278-94186   -            607 48411at147550        -            302   3.2e-13   47.5  10.9   3   3   1.9e-08   1.1e-06   25.9   0.8    92   241   449   603   414   605 0.84 -
scaffold178:63097-64787   -            507 48411at147550        -            302   6.3e-13   46.5   7.1   1   5       6.5   3.9e+02   -2.1   0.5     6    35   136   165   133   179 0.74 -
scaffold178:63097-64787   -            507 48411at147550        -            302   6.3e-13   46.5   7.1   2   5      0.16       9.4    3.2   0.0    36    72   226   269   217   273 0.80 -
scaffold178:63097-64787   -            507 48411at147550        -            302   6.3e-13   46.5   7.1   3   5   4.4e-05    0.0026   14.9   0.0   186   247   257   319   249   326 0.86 -
scaffold178:63097-64787   -            507 48411at147550        -            302   6.3e-13   46.5   7.1   4   5   1.2e-08   7.1e-07   26.6   0.0   168   266   325   423   321   430 0.78 -
scaffold178:63097-64787   -            507 48411at147550        -            302   6.3e-13   46.5   7.1   5   5     0.052       3.1    4.8   0.1   183   239   445   501   435   506 0.80 -
scaffold94:208851-211790  -            980 48411at147550        -            302   1.6e-12   45.2   1.8   1   2     1e-05   0.00061   17.0   0.0   139   246   263   375   252   430 0.69 -
scaffold94:208851-211790  -            980 48411at147550        -            302   1.6e-12   45.2   1.8   2   2   9.9e-09   5.9e-07   26.9   0.2   182   270   427   513   411   524 0.89 -
scaffold265:74878-78595   -            799 48411at147550        -            302     2e-11   41.6   2.8   1   3   7.2e-09   4.3e-07   27.3   0.5    41   249    63   277    35   279 0.77 -
scaffold265:74878-78595   -            799 48411at147550        -            302     2e-11   41.6   2.8   2   3   3.1e-05    0.0018   15.4   0.1   175   243   244   313   241   326 0.88 -
scaffold265:74878-78595   -            799 48411at147550        -            302     2e-11   41.6   2.8   3   3     0.005       0.3    8.2   0.0    44    77   325   358   318   368 0.86 -
scaffold31:53043-54041    -            304 48411at147550        -            302   2.4e-11   41.3   2.0   1   2   9.8e-08   5.8e-06   23.6   0.1   182   251    29   100    14   166 0.83 -
scaffold31:53043-54041    -            304 48411at147550        -            302   2.4e-11   41.3   2.0   2   2   0.00029     0.017   12.2   1.0    59   213   117   290   112   300 0.65 -
scaffold255:80910-83161   -            706 48411at147550        -            302   4.5e-11   40.4   2.1   1   4      0.75        44    1.0   0.0   202   240   312   352   307   364 0.73 -
scaffold255:80910-83161   -            706 48411at147550        -            302   4.5e-11   40.4   2.1   2   4   0.00056     0.033   11.3   0.0   185   239   410   464   354   470 0.82 -
scaffold255:80910-83161   -            706 48411at147550        -            302   4.5e-11   40.4   2.1   3   4     1e-05   0.00061   17.0   0.2   167   228   477   539   467   549 0.81 -
scaffold255:80910-83161   -            706 48411at147550        -            302   4.5e-11   40.4   2.1   4   4     0.016      0.95    6.5   0.0   197   241   550   595   549   632 0.62 -
scaffold55:67073-68598    -            432 48411at147550        -            302   6.4e-11   39.9   0.3   1   3   1.1e-07   6.7e-06   23.4   0.0   174   244   192   268   178   279 0.79 -
scaffold55:67073-68598    -            432 48411at147550        -            302   6.4e-11   39.9   0.3   2   3     0.012      0.69    7.0   0.0   208   246   278   317   270   319 0.81 -
scaffold55:67073-68598    -            432 48411at147550        -            302   6.4e-11   39.9   0.3   3   3     0.018       1.1    6.3   0.0    38    73   320   356   315   362 0.84 -
scaffold639:53258-54412   -            385 48411at147550        -            302   1.3e-10   38.9   0.2   1   2   3.6e-05    0.0022   15.2   0.0    39   119    89   169    82   182 0.85 -
scaffold639:53258-54412   -            385 48411at147550        -            302   1.3e-10   38.9   0.2   2   2   3.7e-07   2.2e-05   21.7   0.0   189   240   315   365   291   381 0.82 -
scaffold163:116213-117779 -            499 48411at147550        -            302   1.9e-10   38.4   0.1   1   4     0.016      0.94    6.5   0.0   164   200    67   103    54   109 0.85 -
scaffold163:116213-117779 -            499 48411at147550        -            302   1.9e-10   38.4   0.1   2   4    0.0086      0.51    7.4   0.0   165   252   128   215   120   222 0.82 -
scaffold163:116213-117779 -            499 48411at147550        -            302   1.9e-10   38.4   0.1   3   4    0.0071      0.42    7.7   0.0   170   206   223   259   218   277 0.85 -
scaffold163:116213-117779 -            499 48411at147550        -            302   1.9e-10   38.4   0.1   4   4   0.00045     0.027   11.6   0.0    40    78   294   332   286   344 0.88 -
scaffold32:6587-9265      -            893 48411at147550        -            302   2.4e-10   38.0   0.3   1   3      0.11       6.3    3.8   0.0    46    76   106   136    81   142 0.83 -
scaffold32:6587-9265      -            893 48411at147550        -            302   2.4e-10   38.0   0.3   2   3   2.1e-08   1.3e-06   25.8   0.0   125   242   165   284   157   301 0.86 -
scaffold32:6587-9265      -            893 48411at147550        -            302   2.4e-10   38.0   0.3   3   3     0.065       3.9    4.5   0.0    27    79   342   395   330   421 0.77 -
scaffold343:218272-221419 -           1005 48411at147550        -            302   2.5e-10   38.0   8.2   1   5   0.00048     0.029   11.5   0.1    46   117     9    91     4   105 0.75 -
scaffold343:218272-221419 -           1005 48411at147550        -            302   2.5e-10   38.0   8.2   2   5     3e-08   1.8e-06   25.3   0.1    38   116   115   193   108   208 0.91 -
scaffold343:218272-221419 -           1005 48411at147550        -            302   2.5e-10   38.0   8.2   3   5      0.97        57    0.7   0.0    82   140   216   278   201   286 0.61 -
scaffold343:218272-221419 -           1005 48411at147550        -            302   2.5e-10   38.0   8.2   4   5      0.43        26    1.8   0.0    59   112   307   362   302   380 0.74 -
scaffold343:218272-221419 -           1005 48411at147550        -            302   2.5e-10   38.0   8.2   5   5       9.9   5.9e+02   -2.7   0.1    60   104   698   743   688   756 0.73 -
scaffold528:88245-89801   -            490 48411at147550        -            302   4.3e-10   37.2   0.6   1   3     0.007      0.42    7.7   0.0    56   160   135   247   123   275 0.75 -
scaffold528:88245-89801   -            490 48411at147550        -            302   4.3e-10   37.2   0.6   2   3     0.023       1.4    6.0   0.0    53   106   308   361   296   373 0.87 -
scaffold528:88245-89801   -            490 48411at147550        -            302   4.3e-10   37.2   0.6   3   3   1.1e-06   6.6e-05   20.2   0.0   201   246   375   421   366   460 0.88 -
scaffold190:183806-185430 -            522 48411at147550        -            302   7.7e-10   36.4   0.5   1   3       3.1   1.9e+02   -1.0   0.0   215   252   122   159   111   170 0.78 -
scaffold190:183806-185430 -            522 48411at147550        -            302   7.7e-10   36.4   0.5   2   3   4.2e-07   2.5e-05   21.6   0.1   147   245   239   345   228   370 0.66 -
scaffold190:183806-185430 -            522 48411at147550        -            302   7.7e-10   36.4   0.5   3   3    0.0045      0.27    8.3   0.0    49    76   403   430   379   441 0.73 -
scaffold203:50644-51853   -            335 48411at147550        -            302   8.8e-10   36.2   0.1   1   3   4.1e-07   2.4e-05   21.6   0.0   128   224     6   105     4   131 0.59 -
scaffold203:50644-51853   -            335 48411at147550        -            302   8.8e-10   36.2   0.1   2   3   0.00066      0.04   11.0   0.0   185   252   162   231   152   248 0.89 -
scaffold203:50644-51853   -            335 48411at147550        -            302   8.8e-10   36.2   0.1   3   3       2.4   1.4e+02   -0.6   0.0   205   238   281   314   260   320 0.75 -
scaffold67:41310-44753    -           1018 48411at147550        -            302   2.3e-09   34.8   8.7   1   3       2.9   1.7e+02   -0.9   0.0    42    72    20    50     7    54 0.85 -
scaffold67:41310-44753    -           1018 48411at147550        -            302   2.3e-09   34.8   8.7   2   3    0.0018      0.11    9.6   0.2    32   117    72   163    62   177 0.72 -
scaffold67:41310-44753    -           1018 48411at147550        -            302   2.3e-09   34.8   8.7   3   3   1.7e-09   9.9e-08   29.4   0.0   174   254   182   262   168   306 0.81 -
scaffold726:47529-48488   -            287 48411at147550        -            302   2.4e-09   34.7   2.3   1   3   6.8e-07     4e-05   20.9   0.0    14   117    10   120     5   133 0.79 -
scaffold726:47529-48488   -            287 48411at147550        -            302   2.4e-09   34.7   2.3   2   3      0.19        11    3.0   0.0   180   198   159   177   145   186 0.81 -
scaffold726:47529-48488   -            287 48411at147550        -            302   2.4e-09   34.7   2.3   3   3    0.0025      0.15    9.1   0.3    38   118   190   276   180   284 0.76 -
scaffold7:127691-129352   -            554 48411at147550        -            302     3e-09   34.4   0.2   1   3      0.65        39    1.2   0.1   185   243    80   138    29   151 0.75 -
scaffold7:127691-129352   -            554 48411at147550        -            302     3e-09   34.4   0.2   2   3   3.7e-07   2.2e-05   21.7   0.0   177   243   160   231   147   249 0.86 -
scaffold7:127691-129352   -            554 48411at147550        -            302     3e-09   34.4   0.2   3   3    0.0082      0.49    7.5   0.0   183   240   254   311   242   321 0.89 -
scaffold237:16750-20683   -           1207 48411at147550        -            302   3.4e-09   34.3   0.8   1   2    0.0076      0.45    7.6   0.0   193   247    29    82    14    86 0.91 -
scaffold237:16750-20683   -           1207 48411at147550        -            302   3.4e-09   34.3   0.8   2   2   9.6e-07   5.7e-05   20.4   0.7    39   243    84   280    77   290 0.81 -
scaffold842:6306-8594     -            593 48411at147550        -            302   4.8e-09   33.7   0.0   1   2     0.035       2.1    5.4   0.0    40    73    62    96    54   102 0.87 -
scaffold842:6306-8594     -            593 48411at147550        -            302   4.8e-09   33.7   0.0   2   2   1.8e-08   1.1e-06   26.0   0.0   164   247   117   199   111   218 0.90 -
scaffold377:5691-7553     -            580 48411at147550        -            302   1.1e-08   32.6   0.6   1   3     0.035       2.1    5.4   0.1   158   241   298   382   285   387 0.70 -
scaffold377:5691-7553     -            580 48411at147550        -            302   1.1e-08   32.6   0.6   2   3   3.8e-05    0.0022   15.1   0.0    21    98   373   450   368   467 0.84 -
scaffold377:5691-7553     -            580 48411at147550        -            302   1.1e-08   32.6   0.6   3   3    0.0021      0.13    9.4   0.0   181   241   493   555   483   561 0.76 -
scaffold250:114896-117332 -            718 48411at147550        -            302   2.6e-08   31.3   0.8   1   2    0.0072      0.43    7.6   0.0    39    71    58    90    10   100 0.79 -
scaffold250:114896-117332 -            718 48411at147550        -            302   2.6e-08   31.3   0.8   2   2   4.5e-07   2.7e-05   21.4   0.1    37   127   114   204   105   215 0.91 -
scaffold848:10283-11353   -            357 48411at147550        -            302     3e-08   31.2   3.2   1   2   4.2e-08   2.5e-06   24.8   3.4   123   258    55   206     5   210 0.75 -
scaffold848:10283-11353   -            357 48411at147550        -            302     3e-08   31.2   3.2   2   2   0.00017      0.01   13.0   0.0   183   243   173   231   160   244 0.85 -
scaffold28:170917-172763  -            570 48411at147550        -            302   3.4e-08   30.9   0.0   1   2   1.4e-06   8.3e-05   19.8   0.0   164   243   321   401   299   417 0.89 -
scaffold28:170917-172763  -            570 48411at147550        -            302   3.4e-08   30.9   0.0   2   2    0.0031      0.19    8.8   0.0    38    77   475   515   444   537 0.72 -
scaffold639:46447-48378   -            644 48411at147550        -            302   5.7e-08   30.2   0.0   1   3      0.15       9.1    3.3   0.0   205   240    47    83    38    97 0.82 -
scaffold639:46447-48378   -            644 48411at147550        -            302   5.7e-08   30.2   0.0   2   3    0.0012     0.073   10.2   0.0   160   222   194   255   173   262 0.87 -
scaffold639:46447-48378   -            644 48411at147550        -            302   5.7e-08   30.2   0.0   3   3    0.0002     0.012   12.7   0.0    58   153   466   567   460   575 0.78 -
scaffold501:15617-17502   -            609 48411at147550        -            302   5.8e-08   30.2   0.6   1   3   0.00032     0.019   12.1   0.1   158   242   364   450   303   457 0.54 -
scaffold501:15617-17502   -            609 48411at147550        -            302   5.8e-08   30.2   0.6   2   3   0.00023     0.014   12.6   0.2    33   138   369   472   359   498 0.76 -
scaffold501:15617-17502   -            609 48411at147550        -            302   5.8e-08   30.2   0.6   3   3   5.3e-05    0.0032   14.6   0.0    46   119   509   584   488   601 0.87 -
scaffold69:68839-70440    -            491 48411at147550        -            302   6.1e-08   30.1   1.5   1   3       1.1        65    0.5   0.0    80   119   155   200   145   208 0.79 -
scaffold69:68839-70440    -            491 48411at147550        -            302   6.1e-08   30.1   1.5   2   3   1.1e-06   6.7e-05   20.1   0.1   167   243   233   310   221   314 0.90 -
scaffold69:68839-70440    -            491 48411at147550        -            302   6.1e-08   30.1   1.5   3   3     0.061       3.6    4.6   0.0   171   243   323   403   319   412 0.78 -
scaffold28:75158-76329    -            328 48411at147550        -            302     7e-08   29.9   0.6   1   1     2e-09   1.2e-07   29.2   0.6   103   266    29   207    21   225 0.73 -
scaffold143:178879-181985 -            991 48411at147550        -            302   1.9e-07   28.5   0.5   1   3      0.37        22    2.0   0.0   175   211   114   150    74   206 0.81 -
scaffold143:178879-181985 -            991 48411at147550        -            302   1.9e-07   28.5   0.5   2   3       7.8   4.6e+02   -2.3   0.0   103   141   280   320   272   323 0.68 -
scaffold143:178879-181985 -            991 48411at147550        -            302   1.9e-07   28.5   0.5   3   3   1.5e-05   0.00088   16.5   0.1    34   105   623   693   618   720 0.81 -
scaffold255:124337-126211 -            625 48411at147550        -            302   1.9e-07   28.5   0.2   1   3    0.0003     0.018   12.2   0.1    35    89   245   299   232   309 0.83 -
scaffold255:124337-126211 -            625 48411at147550        -            302   1.9e-07   28.5   0.2   2   3    0.0018       0.1    9.7   0.0   181   247   307   373   290   380 0.84 -
scaffold255:124337-126211 -            625 48411at147550        -            302   1.9e-07   28.5   0.2   3   3       0.2        12    2.9   0.0   204   247   394   435   374   442 0.79 -
scaffold130:54240-58070   -           1258 48411at147550        -            302   4.3e-07   27.3   0.0   1   2     0.001      0.06   10.5   0.0   161   236   159   236   119   248 0.81 -
scaffold130:54240-58070   -           1258 48411at147550        -            302   4.3e-07   27.3   0.0   2   2   3.7e-05    0.0022   15.2   0.0    29   119   242   334   239   355 0.81 -
scaffold121:52252-53721   -            490 48411at147550        -            302   8.4e-07   26.4   0.2   1   1   1.1e-07   6.8e-06   23.4   0.2    36   161   297   432   284   450 0.74 -
scaffold269:73282-75225   -            582 48411at147550        -            302   1.1e-06   26.0   0.3   1   3      0.44        26    1.8   0.0    47    79   295   327   286   335 0.86 -
scaffold269:73282-75225   -            582 48411at147550        -            302   1.1e-06   26.0   0.3   2   3    0.0013     0.077   10.1   0.2    50   118   350   417   345   517 0.68 -
scaffold269:73282-75225   -            582 48411at147550        -            302   1.1e-06   26.0   0.3   3   3    0.0031      0.18    8.8   0.0   176   238   519   582   504   582 0.84 -
scaffold440:10778-12017   -            388 48411at147550        -            302   1.1e-06   25.9   1.5   1   3       1.3        76    0.3   0.0   153   221    18    90     7   103 0.65 -
scaffold440:10778-12017   -            388 48411at147550        -            302   1.1e-06   25.9   1.5   2   3   4.6e-06   0.00027   18.1   0.1    91   238   111   258   101   266 0.74 -
scaffold440:10778-12017   -            388 48411at147550        -            302   1.1e-06   25.9   1.5   3   3      0.14       8.1    3.4   0.0   214   250   291   327   284   346 0.87 -
scaffold50:560692-561832  -            356 48411at147550        -            302   1.5e-06   25.6   0.0   1   2   0.00048     0.028   11.5   0.0    39   102    63   126    56   140 0.64 -
scaffold50:560692-561832  -            356 48411at147550        -            302   1.5e-06   25.6   0.0   2   2    0.0011     0.068   10.3   0.0   161   232   223   295   190   319 0.77 -
scaffold842:15351-17150   -            600 48411at147550        -            302   4.3e-06   24.0   0.1   1   3      0.31        18    2.3   0.0   210   242   112   144   107   168 0.80 -
scaffold842:15351-17150   -            600 48411at147550        -            302   4.3e-06   24.0   0.1   2   3   6.7e-05     0.004   14.3   0.0   137   205   190   263   175   277 0.74 -
scaffold842:15351-17150   -            600 48411at147550        -            302   4.3e-06   24.0   0.1   3   3      0.14       8.4    3.4   0.0   186   233   346   398   335   405 0.74 -
scaffold110:11492-13412   -            541 48411at147550        -            302   7.4e-06   23.3   0.2   1   1   2.7e-07   1.6e-05   22.2   0.1    45   116   322   393   301   436 0.88 -
scaffold65:31609-35490    -           1294 48411at147550        -            302   1.1e-05   22.7   0.2   1   1   3.4e-06    0.0002   18.6   0.2   146   253   194   300   163   307 0.71 -
scaffold410:104282-105569 -            373 48411at147550        -            302   1.8e-05   22.0   0.1   1   2   2.8e-05    0.0017   15.6   0.0   141   244    72   182    64   194 0.82 -
scaffold410:104282-105569 -            373 48411at147550        -            302   1.8e-05   22.0   0.1   2   2     0.085         5    4.1   0.0   189   239   253   306   235   324 0.79 -
scaffold50:513257-518764  -           1074 48411at147550        -            302   3.9e-05   20.9   0.1   1   1   1.5e-06   8.9e-05   19.7   0.1   183   242    72   133    56   141 0.84 -
scaffold687:37237-38688   -            465 48411at147550        -            302   6.5e-05   20.2   0.4   1   2   9.4e-05    0.0056   13.8   0.3    32    75    54    97    45   112 0.88 -
scaffold687:37237-38688   -            465 48411at147550        -            302   6.5e-05   20.2   0.4   2   2      0.17        10    3.1   0.0    47   111   175   240   150   249 0.71 -
scaffold71:271898-273020  -            351 48411at147550        -            302   9.6e-05   19.6   0.0   1   2     0.012       0.7    6.9   0.0   102   192    28   121     9   137 0.71 -
scaffold71:271898-273020  -            351 48411at147550        -            302   9.6e-05   19.6   0.0   2   2     0.001     0.061   10.4   0.0   171   230   256   315   229   325 0.77 -
scaffold639:55577-58163   -            801 48411at147550        -            302   0.00015   19.0   0.1   1   2      0.51        31    1.6   0.0   208   239     8    38     3    46 0.85 -
scaffold639:55577-58163   -            801 48411at147550        -            302   0.00015   19.0   0.1   2   2   0.00092     0.055   10.6   0.1    24   240    85   305    79   312 0.64 -
scaffold842:10217-17147   -           1919 48411at147550        -            302   0.00018   18.8   0.1   1   3       1.2        71    0.4   0.0   210   242   111   143   106   166 0.81 -
scaffold842:10217-17147   -           1919 48411at147550        -            302   0.00018   18.8   0.1   2   3    0.0003     0.018   12.2   0.0   137   204   189   261   176   275 0.74 -
scaffold842:10217-17147   -           1919 48411at147550        -            302   0.00018   18.8   0.1   3   3      0.57        34    1.4   0.0   186   233   345   397   335   404 0.74 -
scaffold352:12971-15458   -            438 48411at147550        -            302   0.00024   18.3   0.7   1   3     0.019       1.1    6.2   0.0    48   116   208   278   174   291 0.60 -
scaffold352:12971-15458   -            438 48411at147550        -            302   0.00024   18.3   0.7   2   3     0.003      0.18    8.9   0.1    47   114   320   390   303   395 0.62 -
scaffold352:12971-15458   -            438 48411at147550        -            302   0.00024   18.3   0.7   3   3    0.0098      0.58    7.2   0.2    41    73   359   391   351   432 0.78 -
scaffold352:77693-80310   -            853 48411at147550        -            302   0.00054   17.2   0.3   1   3      0.69        41    1.1   0.1    91   124    14    47     1    92 0.62 -
scaffold352:77693-80310   -            853 48411at147550        -            302   0.00054   17.2   0.3   2   3         2   1.2e+02   -0.4   0.0    63   121   110   168    93   179 0.59 -
scaffold352:77693-80310   -            853 48411at147550        -            302   0.00054   17.2   0.3   3   3   0.00045     0.027   11.6   0.0    40   102   224   284   212   298 0.78 -
scaffold385:114015-116784 -            902 48411at147550        -            302   0.00066   16.9   0.3   1   2       8.1   4.8e+02   -2.4   0.0   195   216   102   123    86   133 0.66 -
scaffold385:114015-116784 -            902 48411at147550        -            302   0.00066   16.9   0.3   2   2    0.0001    0.0062   13.7   0.1    30   119   214   303   187   312 0.77 -
scaffold352:81022-82225   -            383 48411at147550        -            302    0.0007   16.8   0.6   1   2   0.00011    0.0068   13.5   0.1    73   221    11   164     1   204 0.64 -
scaffold352:81022-82225   -            383 48411at147550        -            302    0.0007   16.8   0.6   2   2     0.035       2.1    5.4   0.1    58    83   127   152   124   345 0.85 -
scaffold125:25713-27656   -            648 48411at147550        -            302    0.0013   15.9   0.0   1   2   0.00042     0.025   11.7   0.0   170   242   201   274   190   280 0.91 -
scaffold125:25713-27656   -            648 48411at147550        -            302    0.0013   15.9   0.0   2   2      0.84        50    0.9   0.0   188   241   307   359   290   362 0.75 -
scaffold40:189031-190566  -            464 48411at147550        -            302    0.0016   15.6   0.1   1   1     6e-05    0.0036   14.5   0.1   145   240   239   332   193   354 0.83 -
scaffold687:30891-38688   -           2204 48411at147550        -            302    0.0028   14.8   0.1   1   2   0.00046     0.027   11.6   0.1    32    75    54    97    24   113 0.88 -
scaffold687:30891-38688   -           2204 48411at147550        -            302    0.0028   14.8   0.1   2   2       1.4        82    0.1   0.0    48   111   173   237   148   245 0.71 -
scaffold10:24122-25868    -            542 48411at147550        -            302    0.0037   14.4   0.0   1   1    0.0001    0.0062   13.7   0.0   139   254   208   327   193   338 0.80 -
scaffold71:316993-321694  -           1546 48411at147550        -            302    0.0073   13.5   0.1   1   1   0.00027     0.016   12.3   0.1   163   236  1108  1187  1100  1201 0.58 -
scaffold274:80316-83268   -            949 48411at147550        -            302     0.014   12.5   0.0   1   1   0.00049     0.029   11.5   0.0    42   114   341   412   325   426 0.83 -
scaffold50:198890-201451  -            836 48411at147550        -            302     0.018   12.2   0.0   1   2    0.0034       0.2    8.7   0.0   207   247   485   525   477   549 0.87 -
scaffold50:198890-201451  -            836 48411at147550        -            302     0.018   12.2   0.0   2   2      0.85        50    0.8   0.0    38   241   747   782   722   806 0.63 -
scaffold186:17686-18939   -            378 48411at147550        -            302     0.032   11.4   0.0   1   2    0.0017     0.099    9.7   0.0   204   243   131   170    58   210 0.80 -
scaffold186:17686-18939   -            378 48411at147550        -            302     0.032   11.4   0.0   2   2       5.6   3.3e+02   -1.8   0.0    92   108   306   322   304   365 0.64 -
#
# Program:         hmmsearch
# Version:         3.1b2 (February 2015)
# Pipeline mode:   SEARCH
# Query file:      /pickett_shared/projects/lwy647/discula_draft_assembly/busco_downloads/lineages/sordariomycetes_odb10/hmms/48411at147550.hmm
# Target file:     /pickett_shared/projects/lwy647/discula_draft_assembly/discula70_53.scafSeq.BUSCO/run_sordariomycetes_odb10/metaeuk_output/initial_results/discula70_53.scafSeq.modified.fas
# Option settings: hmmsearch --domtblout /pickett_shared/projects/lwy647/discula_draft_assembly/discula70_53.scafSeq.BUSCO/run_sordariomycetes_odb10/hmmer_output/initial_run_results/48411at147550.out --cpu 1 /pickett_shared/projects/lwy647/discula_draft_assembly/busco_downloads/lineages/sordariomycetes_odb10/hmms/48411at147550.hmm /pickett_shared/projects/lwy647/discula_draft_assembly/discula70_53.scafSeq.BUSCO/run_sordariomycetes_odb10/metaeuk_output/initial_results/discula70_53.scafSeq.modified.fas 
# Current dir:     /pickett_shared/projects/lwy647/discula_draft_assembly
# Date:            Thu Aug 31 18:11:51 2023
# [ok]
