#                                                                               --- full sequence --- -------------- this domain -------------   hmm coord   ali coord   env coord
# target name           accession   tlen query name           accession   qlen   E-value  score  bias   #  of  c-Evalue  i-Evalue  score  bias  from    to  from    to  from    to  acc description of target
#   ------------------- ---------- ----- -------------------- ---------- ----- --------- ------ ----- --- --- --------- --------- ------ ----- ----- ----- ----- ----- ----- ----- ---- ---------------------
scaffold30:96449-98441  -            636 48463at147550        -            446  3.4e-222  736.1  11.2   1   3     6e-80   5.5e-77  257.5   0.3     1   133     1   132     1   137 0.96 -
scaffold30:96449-98441  -            636 48463at147550        -            446  3.4e-222  736.1  11.2   2   3   1.3e-78   1.2e-75  253.1   1.0   114   256   139   282   133   308 0.91 -
scaffold30:96449-98441  -            636 48463at147550        -            446  3.4e-222  736.1  11.2   3   3   3.7e-72   3.4e-69  231.9   0.2   256   434   375   562   350   576 0.90 -
scaffold189:90407-92376 -            635 48463at147550        -            446   1.5e-06   25.4   1.7   1   3      0.17   1.6e+02   -1.1   0.0   117   155   108   149    83   153 0.82 -
scaffold189:90407-92376 -            635 48463at147550        -            446   1.5e-06   25.4   1.7   2   3     3e-09   2.8e-06   24.5   0.1   116   164   322   368   305   379 0.82 -
scaffold189:90407-92376 -            635 48463at147550        -            446   1.5e-06   25.4   1.7   3   3       1.4   1.3e+03   -4.0   0.5   393   428   498   533   478   547 0.43 -
scaffold570:51229-51828 -            200 48463at147550        -            446   0.00033   17.7   0.4   1   2      0.16   1.5e+02   -0.9   0.1    85   100    12    27     8    39 0.82 -
scaffold570:51229-51828 -            200 48463at147550        -            446   0.00033   17.7   0.4   2   2     1e-06   0.00096   16.2   0.0   114   167   115   166   109   188 0.79 -
scaffold581:40047-41858 -            604 48463at147550        -            446   0.00033   17.7   0.1   1   1   6.2e-07   0.00057   16.9   0.1   110   160   536   583   530   590 0.87 -
scaffold261:63516-65540 -            675 48463at147550        -            446   0.00075   16.5   0.0   1   2       1.4   1.3e+03   -4.0   0.0    28    52   236   260   234   271 0.87 -
scaffold261:63516-65540 -            675 48463at147550        -            446   0.00075   16.5   0.0   2   2   1.9e-06    0.0017   15.3   0.0    89   137   441   489   427   504 0.83 -
#
# Program:         hmmsearch
# Version:         3.1b2 (February 2015)
# Pipeline mode:   SEARCH
# Query file:      /pickett_shared/projects/lwy647/discula_draft_assembly/busco_downloads/lineages/sordariomycetes_odb10/hmms/48463at147550.hmm
# Target file:     /pickett_shared/projects/lwy647/discula_draft_assembly/discula70_53.scafSeq.BUSCO/run_sordariomycetes_odb10/metaeuk_output/initial_results/discula70_53.scafSeq.modified.fas
# Option settings: hmmsearch --domtblout /pickett_shared/projects/lwy647/discula_draft_assembly/discula70_53.scafSeq.BUSCO/run_sordariomycetes_odb10/hmmer_output/initial_run_results/48463at147550.out --cpu 1 /pickett_shared/projects/lwy647/discula_draft_assembly/busco_downloads/lineages/sordariomycetes_odb10/hmms/48463at147550.hmm /pickett_shared/projects/lwy647/discula_draft_assembly/discula70_53.scafSeq.BUSCO/run_sordariomycetes_odb10/metaeuk_output/initial_results/discula70_53.scafSeq.modified.fas 
# Current dir:     /pickett_shared/projects/lwy647/discula_draft_assembly
# Date:            Thu Aug 31 18:11:52 2023
# [ok]
