#                                                                                 --- full sequence --- -------------- this domain -------------   hmm coord   ali coord   env coord
# target name             accession   tlen query name           accession   qlen   E-value  score  bias   #  of  c-Evalue  i-Evalue  score  bias  from    to  from    to  from    to  acc description of target
#     ------------------- ---------- ----- -------------------- ---------- ----- --------- ------ ----- --- --- --------- --------- ------ ----- ----- ----- ----- ----- ----- ----- ---- ---------------------
scaffold71:413029-415281  -            751 49198at147550        -            534  1.2e-179  596.3   0.2   1   4     1e-19   1.3e-17   61.5   0.1     9    97    17   122     2   129 0.78 -
scaffold71:413029-415281  -            751 49198at147550        -            534  1.2e-179  596.3   0.2   2   4   4.6e-42   5.7e-40  135.3   0.0   121   290   211   424   178   434 0.80 -
scaffold71:413029-415281  -            751 49198at147550        -            534  1.2e-179  596.3   0.2   3   4    1e-116  1.2e-114  381.7   0.1   288   511   452   704   430   715 0.89 -
scaffold71:413029-415281  -            751 49198at147550        -            534  1.2e-179  596.3   0.2   4   4    0.0001     0.013   12.0   0.0   506   533   722   749   711   750 0.92 -
scaffold64:139522-141225  -            568 49198at147550        -            534  2.8e-129  430.0   0.0   1   2   4.8e-58     6e-56  188.0   0.1   334   513    43   232     5   239 0.86 -
scaffold64:139522-141225  -            568 49198at147550        -            534  2.8e-129  430.0   0.0   2   2   3.2e-74     4e-72  241.4   0.0   258   506   227   504   224   523 0.85 -
scaffold677:17672-19996   -            775 49198at147550        -            534   2.9e-97  324.4   0.4   1   2   2.9e-37   3.6e-35  119.4   0.1   335   510   213   413   202   425 0.84 -
scaffold677:17672-19996   -            775 49198at147550        -            534   2.9e-97  324.4   0.4   2   2   1.6e-61     2e-59  199.5   0.0   287   483   480   687   456   741 0.82 -
scaffold500:89441-93271   -           1255 49198at147550        -            534   5.3e-65  217.9   0.3   1   2      0.05       6.2    3.1   0.2   398   482   631   719   545   734 0.61 -
scaffold500:89441-93271   -           1255 49198at147550        -            534   5.3e-65  217.9   0.3   2   2     1e-64   1.3e-62  210.0   0.0   289   511   830  1079   809  1088 0.84 -
scaffold50:440691-445072  -           1416 49198at147550        -            534   1.2e-63  213.4   0.0   1   1   2.1e-65   2.6e-63  212.3   0.0   308   511   998  1230   974  1245 0.76 -
scaffold256:90164-103995  -            716 49198at147550        -            534   4.4e-58  195.0   0.0   1   1   6.4e-60     8e-58  194.2   0.0   285   512   146   394   141   408 0.86 -
scaffold395:62283-64843   -            832 49198at147550        -            534   5.3e-58  194.8   0.3   1   1     1e-59   1.3e-57  193.5   0.3   312   514   365   595   358   608 0.82 -
scaffold64:140485-141204  -            240 49198at147550        -            534   3.7e-57  192.0   0.1   1   1   5.5e-59   6.8e-57  191.1   0.1   334   513    36   225     1   232 0.86 -
scaffold284:20589-25642   -           1667 49198at147550        -            534     3e-56  189.0   0.0   1   2   5.6e-57   6.9e-55  184.5   0.0   333   521   633   834   596   841 0.82 -
scaffold284:20589-25642   -           1667 49198at147550        -            534     3e-56  189.0   0.0   2   2      0.11        14    1.9   0.0   381   449   983  1043   973  1059 0.75 -
scaffold693:20452-22065   -            509 49198at147550        -            534   5.7e-56  188.1   0.0   1   1   7.2e-58   8.9e-56  187.4   0.0   335   523   283   483   245   491 0.87 -
scaffold337:7492-8875     -            438 49198at147550        -            534   2.8e-53  179.2   0.1   1   1   3.6e-55   4.4e-53  178.5   0.1   309   519   174   408   161   421 0.80 -
scaffold261:42841-43806   -            322 49198at147550        -            534   1.1e-52  177.2   0.1   1   1   1.3e-54   1.7e-52  176.6   0.1   310   529    61   306    42   310 0.85 -
scaffold108:54347-55297   -            293 49198at147550        -            534   4.8e-50  168.5   0.0   1   1   6.8e-52   8.4e-50  167.7   0.0   308   513    46   274    32   286 0.81 -
scaffold109:56356-57862   -            435 49198at147550        -            534   1.9e-49  166.6   0.0   1   2   7.6e-51   9.5e-49  164.2   0.0   300   515   121   354   110   371 0.83 -
scaffold109:56356-57862   -            435 49198at147550        -            534   1.9e-49  166.6   0.0   2   2      0.63        78   -0.5   0.0   501   533   397   429   389   430 0.91 -
scaffold157:39190-41774   -            843 49198at147550        -            534   6.3e-47  158.2   0.0   1   2   5.6e-39   6.9e-37  125.1   0.0   337   505   349   543   340   555 0.84 -
scaffold157:39190-41774   -            843 49198at147550        -            534   6.3e-47  158.2   0.0   2   2   1.3e-09   1.6e-07   28.1   0.0   336   449   630   745   622   751 0.80 -
scaffold535:330810-332252 -            433 49198at147550        -            534   2.5e-44  149.6   0.0   1   1   3.2e-46     4e-44  149.0   0.0   310   519   181   414   157   426 0.80 -
scaffold308:77919-79225   -            377 49198at147550        -            534   2.5e-44  149.6   0.0   1   1   5.2e-46   6.5e-44  148.3   0.0   334   509   163   340   123   358 0.87 -
scaffold806:20545-21475   -            289 49198at147550        -            534   5.9e-42  141.8   0.1   1   2   1.7e-43   2.1e-41  140.0   0.1   312   505     1   229     1   251 0.81 -
scaffold806:20545-21475   -            289 49198at147550        -            534   5.9e-42  141.8   0.1   2   2       1.9   2.3e+02   -2.1   0.0   504   533   254   283   243   284 0.88 -
scaffold170:5683-6291     -            203 49198at147550        -            534     5e-39  132.2   0.0   1   1   4.9e-41   6.1e-39  131.9   0.0   335   511    12   200     2   203 0.90 -
scaffold71:142445-143578  -            378 49198at147550        -            534   3.1e-36  122.9   0.0   1   1   4.1e-38     5e-36  122.2   0.0   333   509   120   310    66   328 0.75 -
scaffold677:18767-19201   -            145 49198at147550        -            534   1.1e-19   68.3   0.4   1   1   1.8e-20   2.3e-18   64.0   0.4   388   505     1   143     1   145 0.80 -
scaffold149:54741-55331   -            197 49198at147550        -            534   2.3e-17   60.7   0.2   1   1   6.2e-19   7.7e-17   58.9   0.2   339   481     1   146     1   173 0.79 -
scaffold243:68521-70565   -            567 49198at147550        -            534   8.1e-13   45.7   0.1   1   2   0.00067     0.083    9.3   0.0   337   413   291   360   283   370 0.70 -
scaffold243:68521-70565   -            567 49198at147550        -            534   8.1e-13   45.7   0.1   2   2   1.9e-11   2.4e-09   34.2   0.0   419   481   390   452   383   468 0.78 -
scaffold69:126094-127458  -            455 49198at147550        -            534   2.7e-12   43.9   0.0   1   1   3.7e-14   4.6e-12   43.2   0.0   336   481   256   396   246   406 0.82 -
scaffold230:154009-154695 -            229 49198at147550        -            534   9.1e-12   42.2   0.0   1   1   8.6e-14   1.1e-11   41.9   0.0   340   491     1   142     1   172 0.86 -
scaffold156:63428-65551   -            708 49198at147550        -            534   2.2e-09   34.3   0.2   1   2     0.052       6.5    3.1   0.0   337   359   290   312   283   363 0.84 -
scaffold156:63428-65551   -            708 49198at147550        -            534   2.2e-09   34.3   0.2   2   2     7e-10   8.6e-08   29.1   0.1   416   490   390   465   381   550 0.91 -
scaffold127:15216-15775   -            163 49198at147550        -            534   2.9e-07   27.3   0.3   1   2      0.03       3.7    3.9   0.0   339   363     1    25     1    69 0.89 -
scaffold127:15216-15775   -            163 49198at147550        -            534   2.9e-07   27.3   0.3   2   2   9.9e-08   1.2e-05   22.0   0.1   410   467   100   155    96   162 0.83 -
scaffold115:207795-209117 -            379 49198at147550        -            534   1.5e-05   21.7   0.1   1   2     3e-07   3.7e-05   20.4   0.0   308   360    39    88    20    96 0.86 -
scaffold115:207795-209117 -            379 49198at147550        -            534   1.5e-05   21.7   0.1   2   2       7.3     9e+02   -4.0   0.0   399   414   143   158   141   165 0.75 -
scaffold352:44009-45246   -            390 49198at147550        -            534   1.5e-05   21.6   0.0   1   2   6.6e-07   8.1e-05   19.2   0.0   312   358    53    98    48   101 0.90 -
scaffold352:44009-45246   -            390 49198at147550        -            534   1.5e-05   21.6   0.0   2   2      0.86   1.1e+02   -0.9   0.0   207   228   332   353   304   364 0.85 -
scaffold363:32874-33506   -            211 49198at147550        -            534   2.1e-05   21.2   0.0   1   1   2.2e-07   2.7e-05   20.8   0.0   335   458     4   119     2   187 0.73 -
scaffold70:80798-81442    -            215 49198at147550        -            534   0.00013   18.6   0.0   1   1   4.8e-06   0.00059   16.4   0.0   340   415     1    74     1   183 0.68 -
scaffold12:134436-138029  -           1198 49198at147550        -            534    0.0016   15.0   0.1   1   2     0.001      0.13    8.7   0.0   339   370   618   649   606   652 0.88 -
scaffold12:134436-138029  -           1198 49198at147550        -            534    0.0016   15.0   0.1   2   2      0.03       3.7    3.9   0.1   178   215   731   768   721   775 0.85 -
scaffold126:239489-254281 -           4931 49198at147550        -            534    0.0023   14.4   0.8   1   4     0.062       7.7    2.8   0.0   132   165   279   313   270   318 0.81 -
scaffold126:239489-254281 -           4931 49198at147550        -            534    0.0023   14.4   0.8   2   4       1.7     2e+02   -1.9   0.0   337   359  1364  1386  1350  1392 0.75 -
scaffold126:239489-254281 -           4931 49198at147550        -            534    0.0023   14.4   0.8   3   4     0.011       1.4    5.2   0.1   323   361  1732  1770  1729  1773 0.91 -
scaffold126:239489-254281 -           4931 49198at147550        -            534    0.0023   14.4   0.8   4   4      0.23        29    0.9   0.0   121   166  2034  2079  2019  2086 0.85 -
scaffold151:258708-260419 -            458 49198at147550        -            534    0.0098   12.4   0.1   1   1   0.00015     0.018   11.5   0.1   331   391    57   119    37   126 0.72 -
scaffold228:34108-34536   -            143 49198at147550        -            534    0.0099   12.4   0.0   1   1   9.3e-05     0.012   12.1   0.0   340   373     1    34     1   139 0.63 -
scaffold35:9456-13069     -            918 49198at147550        -            534     0.011   12.3   0.0   1   2   0.00029     0.035   10.5   0.0   332   421   482   579   431   622 0.66 -
scaffold35:9456-13069     -            918 49198at147550        -            534     0.011   12.3   0.0   2   2       1.2   1.5e+02   -1.4   0.0   222   288   601   668   553   681 0.66 -
scaffold217:245297-246530 -            376 49198at147550        -            534     0.057    9.9   0.0   1   1   0.00066     0.081    9.3   0.0   144   172    31    59    12    71 0.75 -
#
# Program:         hmmsearch
# Version:         3.1b2 (February 2015)
# Pipeline mode:   SEARCH
# Query file:      /pickett_shared/projects/lwy647/discula_draft_assembly/busco_downloads/lineages/sordariomycetes_odb10/hmms/49198at147550.hmm
# Target file:     /pickett_shared/projects/lwy647/discula_draft_assembly/discula70_53.scafSeq.BUSCO/run_sordariomycetes_odb10/metaeuk_output/initial_results/discula70_53.scafSeq.modified.fas
# Option settings: hmmsearch --domtblout /pickett_shared/projects/lwy647/discula_draft_assembly/discula70_53.scafSeq.BUSCO/run_sordariomycetes_odb10/hmmer_output/initial_run_results/49198at147550.out --cpu 1 /pickett_shared/projects/lwy647/discula_draft_assembly/busco_downloads/lineages/sordariomycetes_odb10/hmms/49198at147550.hmm /pickett_shared/projects/lwy647/discula_draft_assembly/discula70_53.scafSeq.BUSCO/run_sordariomycetes_odb10/metaeuk_output/initial_results/discula70_53.scafSeq.modified.fas 
# Current dir:     /pickett_shared/projects/lwy647/discula_draft_assembly
# Date:            Thu Aug 31 18:11:56 2023
# [ok]
