#                                                                                --- full sequence --- -------------- this domain -------------   hmm coord   ali coord   env coord
# target name            accession   tlen query name           accession   qlen   E-value  score  bias   #  of  c-Evalue  i-Evalue  score  bias  from    to  from    to  from    to  acc description of target
#    ------------------- ---------- ----- -------------------- ---------- ----- --------- ------ ----- --- --- --------- --------- ------ ----- ----- ----- ----- ----- ----- ----- ---- ---------------------
scaffold781:26102-27707  -            495 49746at147550        -            401  8.3e-179  592.6   0.9   1   1  1.8e-181  1.1e-178  592.2   0.9     4   395     5   428     2   431 0.92 -
scaffold91:19163-20347   -            368 49746at147550        -            401  5.3e-127  422.0   2.2   1   1  9.7e-130  6.4e-127  421.8   2.2    41   375     1   348     1   362 0.93 -
scaffold795:20244-21242  -            333 49746at147550        -            401   1.2e-91  305.6   2.6   1   1     2e-94   1.3e-91  305.5   2.6    34   362     1   329     1   333 0.91 -
scaffold70:109952-110776 -            275 49746at147550        -            401   6.1e-87  290.1   6.1   1   1   1.1e-89   7.3e-87  289.8   6.1    33   303     1   264     1   273 0.95 -
scaffold840:1620-2922    -            351 49746at147550        -            401   9.6e-73  243.3   5.9   1   1   8.9e-74   5.9e-71  237.5   5.9     5   302     3   273     1   279 0.92 -
scaffold656:31135-32028  -            298 49746at147550        -            401   1.5e-70  236.1   9.8   1   1   2.6e-73   1.7e-70  235.9   9.8    10   299     7   298     1   298 0.87 -
scaffold5:32107-32925    -            273 49746at147550        -            401     4e-63  211.7   3.3   1   1   6.9e-66   4.5e-63  211.5   3.3    33   299     2   273     1   273 0.85 -
#
# Program:         hmmsearch
# Version:         3.1b2 (February 2015)
# Pipeline mode:   SEARCH
# Query file:      /pickett_shared/projects/lwy647/discula_draft_assembly/busco_downloads/lineages/sordariomycetes_odb10/hmms/49746at147550.hmm
# Target file:     /pickett_shared/projects/lwy647/discula_draft_assembly/discula70_53.scafSeq.BUSCO/run_sordariomycetes_odb10/metaeuk_output/initial_results/discula70_53.scafSeq.modified.fas
# Option settings: hmmsearch --domtblout /pickett_shared/projects/lwy647/discula_draft_assembly/discula70_53.scafSeq.BUSCO/run_sordariomycetes_odb10/hmmer_output/initial_run_results/49746at147550.out --cpu 1 /pickett_shared/projects/lwy647/discula_draft_assembly/busco_downloads/lineages/sordariomycetes_odb10/hmms/49746at147550.hmm /pickett_shared/projects/lwy647/discula_draft_assembly/discula70_53.scafSeq.BUSCO/run_sordariomycetes_odb10/metaeuk_output/initial_results/discula70_53.scafSeq.modified.fas 
# Current dir:     /pickett_shared/projects/lwy647/discula_draft_assembly
# Date:            Thu Aug 31 18:11:51 2023
# [ok]
