#                                                                               --- full sequence --- -------------- this domain -------------   hmm coord   ali coord   env coord
# target name           accession   tlen query name           accession   qlen   E-value  score  bias   #  of  c-Evalue  i-Evalue  score  bias  from    to  from    to  from    to  acc description of target
#   ------------------- ---------- ----- -------------------- ---------- ----- --------- ------ ----- --- --- --------- --------- ------ ----- ----- ----- ----- ----- ----- ----- ---- ---------------------
scaffold196:2617-4308   -            519 50551at147550        -            410  2.4e-177  587.8   0.8   1   1  1.7e-177    2e-174  578.2   0.8     2   410    11   508    10   508 0.87 -
scaffold415:36806-38633 -            585 50551at147550        -            410   8.2e-05   19.6   1.6   1   3   0.00088         1    6.1   0.0     9    48     3    42     1    76 0.73 -
scaffold415:36806-38633 -            585 50551at147550        -            410   8.2e-05   19.6   1.6   2   3     0.028        32    1.2   0.0   144   189   271   316   243   339 0.81 -
scaffold415:36806-38633 -            585 50551at147550        -            410   8.2e-05   19.6   1.6   3   3   7.2e-05     0.082    9.7   0.2   297   374   471   547   457   556 0.73 -
scaffold368:65437-66714 -            392 50551at147550        -            410     0.014   12.2   0.0   1   2    0.0031       3.6    4.3   0.0    27    57     4    34     1    52 0.80 -
scaffold368:65437-66714 -            392 50551at147550        -            410     0.014   12.2   0.0   2   2    0.0011       1.2    5.8   0.0   336   390   314   367   305   379 0.86 -
scaffold46:43079-44675  -            497 50551at147550        -            410      0.17    8.6   4.4   1   1   0.00025      0.28    7.9   4.4   268   334   114   172    91   187 0.60 -
#
# Program:         hmmsearch
# Version:         3.1b2 (February 2015)
# Pipeline mode:   SEARCH
# Query file:      /pickett_shared/projects/lwy647/discula_draft_assembly/busco_downloads/lineages/sordariomycetes_odb10/hmms/50551at147550.hmm
# Target file:     /pickett_shared/projects/lwy647/discula_draft_assembly/discula70_53.scafSeq.BUSCO/run_sordariomycetes_odb10/metaeuk_output/initial_results/discula70_53.scafSeq.modified.fas
# Option settings: hmmsearch --domtblout /pickett_shared/projects/lwy647/discula_draft_assembly/discula70_53.scafSeq.BUSCO/run_sordariomycetes_odb10/hmmer_output/initial_run_results/50551at147550.out --cpu 1 /pickett_shared/projects/lwy647/discula_draft_assembly/busco_downloads/lineages/sordariomycetes_odb10/hmms/50551at147550.hmm /pickett_shared/projects/lwy647/discula_draft_assembly/discula70_53.scafSeq.BUSCO/run_sordariomycetes_odb10/metaeuk_output/initial_results/discula70_53.scafSeq.modified.fas 
# Current dir:     /pickett_shared/projects/lwy647/discula_draft_assembly
# Date:            Thu Aug 31 18:11:53 2023
# [ok]
