#                                                                                 --- full sequence --- -------------- this domain -------------   hmm coord   ali coord   env coord
# target name             accession   tlen query name           accession   qlen   E-value  score  bias   #  of  c-Evalue  i-Evalue  score  bias  from    to  from    to  from    to  acc description of target
#     ------------------- ---------- ----- -------------------- ---------- ----- --------- ------ ----- --- --- --------- --------- ------ ----- ----- ----- ----- ----- ----- ----- ---- ---------------------
scaffold265:24096-26810   -            905 54073at147550        -            674  9.2e-235  779.1   0.0   1   2     0.093       9.2    2.5   0.0    44    71   139   166   104   191 0.83 -
scaffold265:24096-26810   -            905 54073at147550        -            674  9.2e-235  779.1   0.0   2   2  2.5e-235  2.5e-233  774.4   0.0    73   648   205   851   188   866 0.88 -
scaffold679:35697-36815   -            373 54073at147550        -            674   1.1e-11   42.0  12.9   1   6   3.3e-07   3.3e-05   20.5   0.6   456   561    26   119     3   132 0.79 -
scaffold679:35697-36815   -            373 54073at147550        -            674   1.1e-11   42.0  12.9   2   6      0.12        12    2.1   0.0   244   264   151   169   136   177 0.64 -
scaffold679:35697-36815   -            373 54073at147550        -            674   1.1e-11   42.0  12.9   3   6    0.0014      0.14    8.5   0.0   510   553   194   236   191   238 0.84 -
scaffold679:35697-36815   -            373 54073at147550        -            674   1.1e-11   42.0  12.9   4   6   0.00085     0.085    9.2   0.5   248   302   237   289   234   293 0.81 -
scaffold679:35697-36815   -            373 54073at147550        -            674   1.1e-11   42.0  12.9   5   6     0.034       3.4    3.9   0.0   246   472   279   295   266   323 0.63 -
scaffold679:35697-36815   -            373 54073at147550        -            674   1.1e-11   42.0  12.9   6   6     0.025       2.5    4.4   0.4   422   482   287   347   284   373 0.71 -
scaffold679:36393-37040   -            216 54073at147550        -            674   1.5e-08   31.6   5.8   1   3   0.00041     0.041   10.3   0.6   248   302     5    57     2    61 0.82 -
scaffold679:36393-37040   -            216 54073at147550        -            674   1.5e-08   31.6   5.8   2   3     0.025       2.5    4.4   0.0   246   470    47    61    33    70 0.58 -
scaffold679:36393-37040   -            216 54073at147550        -            674   1.5e-08   31.6   5.8   3   3   6.1e-05    0.0061   13.0   0.7   434   549    67   170    54   173 0.73 -
scaffold255:80910-83161   -            706 54073at147550        -            674   2.6e-08   30.8   2.3   1   3      0.63        62   -0.2   0.0   507   521   410   424   404   429 0.83 -
scaffold255:80910-83161   -            706 54073at147550        -            674   2.6e-08   30.8   2.3   2   3      0.28        28    0.9   0.1   370   410   415   455   410   473 0.69 -
scaffold255:80910-83161   -            706 54073at147550        -            674   2.6e-08   30.8   2.3   3   3   9.1e-10   9.1e-08   29.0   0.4   374   522   461   596   455   604 0.91 -
scaffold72:58344-59805    -            468 54073at147550        -            674   5.3e-08   29.7   3.2   1   3     0.091       9.1    2.5   0.0   447   472   167   192   160   214 0.55 -
scaffold72:58344-59805    -            468 54073at147550        -            674   5.3e-08   29.7   3.2   2   3   0.00012     0.012   12.1   0.2   493   526   244   277   196   290 0.79 -
scaffold72:58344-59805    -            468 54073at147550        -            674   5.3e-08   29.7   3.2   3   3   3.1e-05    0.0031   14.0   0.1   373   520   308   445   295   451 0.85 -
scaffold39:57898-58915    -            313 54073at147550        -            674   2.4e-07   27.6   1.2   1   3     0.067       6.7    3.0   0.0   505   544   120   157    78   163 0.85 -
scaffold39:57898-58915    -            313 54073at147550        -            674   2.4e-07   27.6   1.2   2   3   2.5e-05    0.0025   14.3   0.0   498   550   154   205   140   217 0.88 -
scaffold39:57898-58915    -            313 54073at147550        -            674   2.4e-07   27.6   1.2   3   3     0.001       0.1    9.0   0.1   499   562   247   309   242   311 0.91 -
scaffold352:77693-80310   -            853 54073at147550        -            674   1.6e-06   24.8   0.1   1   4     0.043       4.2    3.6   0.0   502   582    59   138    42   142 0.88 -
scaffold352:77693-80310   -            853 54073at147550        -            674   1.6e-06   24.8   0.1   2   4    0.0086      0.86    5.9   0.0   445   482   139   176   136   190 0.83 -
scaffold352:77693-80310   -            853 54073at147550        -            674   1.6e-06   24.8   0.1   3   4   0.00015     0.015   11.7   0.0   398   471   191   260   181   268 0.85 -
scaffold352:77693-80310   -            853 54073at147550        -            674   1.6e-06   24.8   0.1   4   4       3.1   3.1e+02   -2.5   0.0   394   408   270   284   262   290 0.66 -
scaffold163:92278-94186   -            607 54073at147550        -            674   1.8e-06   24.7  16.6   1   5      0.26        26    1.0   0.0   447   468    66    87    58   126 0.80 -
scaffold163:92278-94186   -            607 54073at147550        -            674   1.8e-06   24.7  16.6   2   5   2.7e-05    0.0026   14.2   0.5   488   541   228   282   187   285 0.67 -
scaffold163:92278-94186   -            607 54073at147550        -            674   1.8e-06   24.7  16.6   3   5      0.34        34    0.7   0.1   243   260   339   356   328   380 0.64 -
scaffold163:92278-94186   -            607 54073at147550        -            674   1.8e-06   24.7  16.6   4   5   0.00042     0.042   10.3   0.0   532   568   485   521   479   538 0.83 -
scaffold163:92278-94186   -            607 54073at147550        -            674   1.8e-06   24.7  16.6   5   5    0.0089      0.88    5.9   1.1   445   521   537   603   529   605 0.81 -
scaffold269:73282-75225   -            582 54073at147550        -            674   2.7e-06   24.1   0.3   1   2   1.5e-07   1.5e-05   21.6   0.2   444   554   297   404   290   441 0.83 -
scaffold269:73282-75225   -            582 54073at147550        -            674   2.7e-06   24.1   0.3   2   2      0.76        75   -0.5   0.0   370   406   533   569   523   581 0.58 -
scaffold721:13595-16468   -            958 54073at147550        -            674   4.1e-06   23.5   2.9   1   4      0.24        24    1.1   0.0   420   536    87   212    80   262 0.61 -
scaffold721:13595-16468   -            958 54073at147550        -            674   4.1e-06   23.5   2.9   2   4   8.8e-05    0.0087   12.5   0.0   502   569   436   500   379   522 0.70 -
scaffold721:13595-16468   -            958 54073at147550        -            674   4.1e-06   23.5   2.9   3   4      0.59        59   -0.2   0.0   242   271   620   649   610   667 0.67 -
scaffold721:13595-16468   -            958 54073at147550        -            674   4.1e-06   23.5   2.9   4   4     0.013       1.3    5.4   0.0   420   470   677   727   631   746 0.78 -
scaffold163:116213-117779 -            499 54073at147550        -            674   6.6e-06   22.8   0.0   1   4       5.3   5.3e+02   -3.3   0.0   248   261    92   105    80   121 0.64 -
scaffold163:116213-117779 -            499 54073at147550        -            674   6.6e-06   22.8   0.0   2   4     0.074       7.3    2.8   0.0   245   302   148   202   141   215 0.65 -
scaffold163:116213-117779 -            499 54073at147550        -            674   6.6e-06   22.8   0.0   3   4    0.0024      0.24    7.7   0.0   499   531   229   261   221   274 0.75 -
scaffold163:116213-117779 -            499 54073at147550        -            674   6.6e-06   22.8   0.0   4   4    0.0027      0.27    7.6   0.0   439   475   298   334   291   340 0.90 -
scaffold126:226891-229130 -            665 54073at147550        -            674   7.5e-06   22.6   7.6   1   4       1.4   1.4e+02   -1.4   0.0   509   532   380   401   372   416 0.67 -
scaffold126:226891-229130 -            665 54073at147550        -            674   7.5e-06   22.6   7.6   2   4     0.072       7.2    2.9   0.3   246   302   420   470   406   476 0.60 -
scaffold126:226891-229130 -            665 54073at147550        -            674   7.5e-06   22.6   7.6   3   4    0.0037      0.37    7.1   0.1   505   527   496   518   489   535 0.78 -
scaffold126:226891-229130 -            665 54073at147550        -            674   7.5e-06   22.6   7.6   4   4   3.7e-05    0.0036   13.8   0.1   504   543   535   573   523   581 0.83 -
scaffold55:67073-68598    -            432 54073at147550        -            674   9.1e-06   22.4   0.2   1   2     0.076       7.6    2.8   0.0   440   522   137   218   125   222 0.66 -
scaffold55:67073-68598    -            432 54073at147550        -            674   9.1e-06   22.4   0.2   2   2   7.9e-07   7.9e-05   19.3   0.1   373   479   211   323   198   335 0.73 -
scaffold69:144016-144591  -            192 54073at147550        -            674   1.6e-05   21.5   0.6   1   2   6.7e-06   0.00066   16.2   0.4   441   522    11    81     4    87 0.86 -
scaffold69:144016-144591  -            192 54073at147550        -            674   1.6e-05   21.5   0.6   2   2     0.073       7.3    2.8   0.0   451   539   141   175   130   188 0.54 -
scaffold262:5982-8751     -            898 54073at147550        -            674   3.8e-05   20.3   3.0   1   5      0.75        74   -0.5   0.0   495   547   154   207   129   222 0.82 -
scaffold262:5982-8751     -            898 54073at147550        -            674   3.8e-05   20.3   3.0   2   5   8.2e-05    0.0081   12.6   0.1   423   548   285   399   276   410 0.84 -
scaffold262:5982-8751     -            898 54073at147550        -            674   3.8e-05   20.3   3.0   3   5    0.0013      0.13    8.7   0.2   502   548   354   399   345   448 0.67 -
scaffold262:5982-8751     -            898 54073at147550        -            674   3.8e-05   20.3   3.0   4   5      0.21        21    1.3   0.0   516   559   454   498   435   509 0.78 -
scaffold262:5982-8751     -            898 54073at147550        -            674   3.8e-05   20.3   3.0   5   5     0.027       2.7    4.3   0.0   499   572   479   551   453   569 0.75 -
scaffold255:124337-126211 -            625 54073at147550        -            674   6.6e-05   19.5   0.4   1   3   0.00065     0.065    9.6   0.1   456   523   261   327   257   342 0.82 -
scaffold255:124337-126211 -            625 54073at147550        -            674   6.6e-05   19.5   0.4   2   3      0.78        78   -0.5   0.0   506   527   414   435   395   438 0.88 -
scaffold255:124337-126211 -            625 54073at147550        -            674   6.6e-05   19.5   0.4   3   3     0.011       1.1    5.6   0.0   240   270   480   510   468   524 0.80 -
scaffold178:63097-64787   -            507 54073at147550        -            674   8.2e-05   19.2   0.5   1   2   2.5e-05    0.0024   14.3   0.2   372   524   263   399   258   402 0.83 -
scaffold178:63097-64787   -            507 54073at147550        -            674   8.2e-05   19.2   0.5   2   2      0.56        56   -0.1   0.0   419   466   454   501   442   505 0.79 -
scaffold37:114701-116273  -            412 54073at147550        -            674   8.9e-05   19.1   2.3   1   3     0.017       1.7    5.0   0.4   232   279    88   135    50   154 0.74 -
scaffold37:114701-116273  -            412 54073at147550        -            674   8.9e-05   19.1   2.3   2   3    0.0074      0.74    6.1   0.0   442   472   291   321   282   330 0.90 -
scaffold37:114701-116273  -            412 54073at147550        -            674   8.9e-05   19.1   2.3   3   3    0.0099      0.99    5.7   0.0   440   523   330   410   324   412 0.77 -
scaffold143:178879-181985 -            991 54073at147550        -            674   0.00016   18.3   1.7   1   4    0.0034      0.34    7.3   0.0   457   564    78   183    68   203 0.72 -
scaffold143:178879-181985 -            991 54073at147550        -            674   0.00016   18.3   1.7   2   4       1.7   1.7e+02   -1.7   0.0   454   480   224   250   220   258 0.83 -
scaffold143:178879-181985 -            991 54073at147550        -            674   0.00016   18.3   1.7   3   4     0.014       1.4    5.2   0.1   235   306   554   622   551   629 0.70 -
scaffold143:178879-181985 -            991 54073at147550        -            674   0.00016   18.3   1.7   4   4     0.079       7.9    2.7   0.1   421   468   615   662   613   676 0.81 -
scaffold33:10801-13583    -            883 54073at147550        -            674   0.00018   18.1  17.3   1   7     0.047       4.6    3.5   0.0   499   521   113   135   103   144 0.82 -
scaffold33:10801-13583    -            883 54073at147550        -            674   0.00018   18.1  17.3   2   7     0.017       1.7    4.9   0.1   506   531   196   220   190   245 0.80 -
scaffold33:10801-13583    -            883 54073at147550        -            674   0.00018   18.1  17.3   3   7       1.4   1.4e+02   -1.4   0.0   243   304   279   339   276   346 0.65 -
scaffold33:10801-13583    -            883 54073at147550        -            674   0.00018   18.1  17.3   4   7       2.9   2.8e+02   -2.4   0.1   246   272   437   463   432   468 0.84 -
scaffold33:10801-13583    -            883 54073at147550        -            674   0.00018   18.1  17.3   5   7     0.003       0.3    7.4   0.4   438   521   528   614   494   623 0.79 -
scaffold33:10801-13583    -            883 54073at147550        -            674   0.00018   18.1  17.3   6   7      0.17        17    1.7   0.0   243   268   599   620   582   638 0.76 -
scaffold33:10801-13583    -            883 54073at147550        -            674   0.00018   18.1  17.3   7   7    0.0011      0.11    8.9   0.3   421   491   659   730   646   734 0.86 -
scaffold440:10778-12017   -            388 54073at147550        -            674   0.00023   17.7   1.1   1   4      0.01      0.99    5.7   0.0   242   281    49    88    44    95 0.83 -
scaffold440:10778-12017   -            388 54073at147550        -            674   0.00023   17.7   1.1   2   4    0.0017      0.17    8.3   0.1   245   304   164   226   152   247 0.79 -
scaffold440:10778-12017   -            388 54073at147550        -            674   0.00023   17.7   1.1   3   4      0.55        55   -0.0   0.0   442   450   292   300   197   326 0.63 -
scaffold440:10778-12017   -            388 54073at147550        -            674   0.00023   17.7   1.1   4   4      0.46        46    0.2   0.0   504   543   301   339   265   346 0.65 -
scaffold65:31609-35490    -           1294 54073at147550        -            674   0.00043   16.8   0.1   1   1   9.6e-06   0.00096   15.7   0.1   440   582   162   301   156   310 0.77 -
scaffold351:111404-113017 -            538 54073at147550        -            674   0.00048   16.7   0.1   1   3   0.00063     0.062    9.7   0.0   507   591   263   347   256   362 0.87 -
scaffold351:111404-113017 -            538 54073at147550        -            674   0.00048   16.7   0.1   2   3      0.71        71   -0.4   0.0   484   520   370   406   352   414 0.77 -
scaffold351:111404-113017 -            538 54073at147550        -            674   0.00048   16.7   0.1   3   3     0.071         7    2.9   0.0   370   418   488   535   475   536 0.81 -
scaffold7:127691-129352   -            554 54073at147550        -            674   0.00049   16.7   5.6   1   4    0.0012      0.12    8.7   0.2   513   572    86   144    72   172 0.79 -
scaffold7:127691-129352   -            554 54073at147550        -            674   0.00049   16.7   5.6   2   4       0.9        89   -0.7   0.0   505   545   166   205   153   211 0.74 -
scaffold7:127691-129352   -            554 54073at147550        -            674   0.00049   16.7   5.6   3   4    0.0073      0.72    6.2   0.0   243   294   214   263   208   274 0.71 -
scaffold7:127691-129352   -            554 54073at147550        -            674   0.00049   16.7   5.6   4   4      0.15        15    1.8   0.2   500   574   291   368   279   405 0.73 -
scaffold8:77148-79251     -            607 54073at147550        -            674   0.00053   16.5   0.8   1   3     0.009       0.9    5.9   0.1   490   566   349   424   310   435 0.67 -
scaffold8:77148-79251     -            607 54073at147550        -            674   0.00053   16.5   0.8   2   3     0.018       1.8    4.8   0.1   440   469   435   464   410   512 0.58 -
scaffold8:77148-79251     -            607 54073at147550        -            674   0.00053   16.5   0.8   3   3      0.12        12    2.2   0.0   444   484   538   578   526   595 0.91 -
scaffold29:2161-4286      -            688 54073at147550        -            674   0.00097   15.7   0.0   1   2   0.00017     0.017   11.6   0.0   513   569   335   391   332   409 0.82 -
scaffold29:2161-4286      -            688 54073at147550        -            674   0.00097   15.7   0.0   2   2      0.23        23    1.2   0.0   239   261   523   545   521   554 0.82 -
scaffold126:47557-48887   -            358 54073at147550        -            674    0.0013   15.3   0.6   1   3      0.29        29    0.9   0.0   505   545    86   125    74   175 0.61 -
scaffold126:47557-48887   -            358 54073at147550        -            674    0.0013   15.3   0.6   2   3    0.0004      0.04   10.3   0.0   502   570   214   283   209   292 0.86 -
scaffold126:47557-48887   -            358 54073at147550        -            674    0.0013   15.3   0.6   3   3      0.05       4.9    3.4   0.1   376   472   230   323   229   352 0.44 -
scaffold290:53613-55254   -            520 54073at147550        -            674    0.0017   14.8  13.4   1   5      0.01         1    5.7   0.4   495   520   193   218   150   224 0.67 -
scaffold290:53613-55254   -            520 54073at147550        -            674    0.0017   14.8  13.4   2   5      0.16        16    1.8   0.1   497   524   244   271   242   286 0.80 -
scaffold290:53613-55254   -            520 54073at147550        -            674    0.0017   14.8  13.4   3   5    0.0027      0.27    7.6   0.2   242   282   295   332   290   349 0.70 -
scaffold290:53613-55254   -            520 54073at147550        -            674    0.0017   14.8  13.4   4   5      0.59        58   -0.1   0.0   239   291   373   424   327   432 0.67 -
scaffold290:53613-55254   -            520 54073at147550        -            674    0.0017   14.8  13.4   5   5     0.025       2.5    4.4   0.1   499   550   456   506   410   515 0.80 -
scaffold190:183806-185430 -            522 54073at147550        -            674    0.0021   14.5   0.4   1   3       2.6   2.6e+02   -2.3   0.0   531   546   115   130   113   134 0.88 -
scaffold190:183806-185430 -            522 54073at147550        -            674    0.0021   14.5   0.4   2   3     0.014       1.4    5.2   0.0   501   523   276   298   247   302 0.74 -
scaffold190:183806-185430 -            522 54073at147550        -            674    0.0021   14.5   0.4   3   3    0.0071      0.71    6.2   0.1   450   468   409   427   400   433 0.66 -
scaffold663:21837-23802   -            626 54073at147550        -            674    0.0023   14.4   4.2   1   3     0.029       2.9    4.2   0.0   245   266   314   334   306   342 0.72 -
scaffold663:21837-23802   -            626 54073at147550        -            674    0.0023   14.4   4.2   2   3    0.0021      0.21    7.9   0.1   505   535   351   380   342   392 0.76 -
scaffold663:21837-23802   -            626 54073at147550        -            674    0.0023   14.4   4.2   3   3      0.36        36    0.6   0.0   506   525   570   589   560   625 0.67 -
scaffold250:114896-117332 -            718 54073at147550        -            674    0.0024   14.4   1.1   1   2   0.00047     0.047   10.1   0.1   232   293    18    83     9    97 0.76 -
scaffold250:114896-117332 -            718 54073at147550        -            674    0.0024   14.4   1.1   2   2       0.1        10    2.3   0.1   391   469   120   193   104   208 0.63 -
scaffold69:68839-70440    -            491 54073at147550        -            674    0.0026   14.2   0.3   1   2       0.2        20    1.4   0.0   374   407   260   293   242   308 0.71 -
scaffold69:68839-70440    -            491 54073at147550        -            674    0.0026   14.2   0.3   2   2   0.00038     0.038   10.4   0.0   507   569   387   453   366   476 0.70 -
scaffold639:46447-48378   -            644 54073at147550        -            674    0.0029   14.1   0.0   1   2      0.07         7    2.9   0.0   438   467    54    83    39   106 0.85 -
scaffold639:46447-48378   -            644 54073at147550        -            674    0.0029   14.1   0.0   2   2    0.0011      0.11    8.8   0.0   504   575   464   538   461   559 0.81 -
scaffold71:316993-321694  -           1546 54073at147550        -            674    0.0033   13.9   0.0   1   1   5.7e-05    0.0057   13.1   0.0   443   521  1118  1192  1112  1196 0.88 -
scaffold842:6306-8594     -            593 54073at147550        -            674    0.0047   13.4   0.0   1   1   9.1e-05    0.0091   12.5   0.0   384   525    58   197    52   201 0.80 -
scaffold509:105503-107947 -            796 54073at147550        -            674    0.0065   12.9   1.1   1   3      0.39        39    0.4   0.0   243   261   472   490   452   496 0.69 -
scaffold509:105503-107947 -            796 54073at147550        -            674    0.0065   12.9   1.1   2   3     0.011       1.1    5.6   0.0   504   538   556   590   549   600 0.77 -
scaffold509:105503-107947 -            796 54073at147550        -            674    0.0065   12.9   1.1   3   3      0.22        22    1.3   0.0   509   547   642   679   630   687 0.85 -
scaffold31:53043-54041    -            304 54073at147550        -            674    0.0071   12.8   4.0   1   4    0.0018      0.18    8.2   0.1   440   524    19    93    10   138 0.68 -
scaffold31:53043-54041    -            304 54073at147550        -            674    0.0071   12.8   4.0   2   4       1.8   1.8e+02   -1.7   0.0   443   471   106   134    96   149 0.82 -
scaffold31:53043-54041    -            304 54073at147550        -            674    0.0071   12.8   4.0   3   4     0.028       2.7    4.3   0.1   245   263   207   225   193   229 0.80 -
scaffold31:53043-54041    -            304 54073at147550        -            674    0.0071   12.8   4.0   4   4         2     2e+02   -1.9   0.0   446   469   254   277   240   292 0.66 -
scaffold71:251585-253878  -            652 54073at147550        -            674    0.0094   12.4   2.3   1   4      0.76        75   -0.5   0.0   246   263   331   347   318   388 0.63 -
scaffold71:251585-253878  -            652 54073at147550        -            674    0.0094   12.4   2.3   2   4       7.7   7.6e+02   -3.8   0.0   247   267   449   468   442   480 0.64 -
scaffold71:251585-253878  -            652 54073at147550        -            674    0.0094   12.4   2.3   3   4   0.00053     0.053    9.9   0.1   509   544   513   547   508   566 0.83 -
scaffold71:251585-253878  -            652 54073at147550        -            674    0.0094   12.4   2.3   4   4      0.71        71   -0.4   0.0   507   524   551   568   545   597 0.76 -
scaffold130:54240-58070   -           1258 54073at147550        -            674      0.01   12.3   0.0   1   1   0.00016     0.016   11.7   0.0   442   528   124   204   119   261 0.70 -
scaffold343:218272-221419 -           1005 54073at147550        -            674     0.011   12.2   0.6   1   4      0.12        12    2.1   0.0   497   521    12    36     2   123 0.65 -
scaffold343:218272-221419 -           1005 54073at147550        -            674     0.011   12.2   0.6   2   4      0.23        23    1.2   0.0   418   465   142   189   115   203 0.77 -
scaffold343:218272-221419 -           1005 54073at147550        -            674     0.011   12.2   0.6   3   4       8.2   8.2e+02   -3.9   0.0   513   550   313   350   309   365 0.57 -
scaffold343:218272-221419 -           1005 54073at147550        -            674     0.011   12.2   0.6   4   4      0.02         2    4.7   0.0   447   469   690   712   686   732 0.82 -
scaffold67:41310-44753    -           1018 54073at147550        -            674     0.012   12.0   1.4   1   4       1.9   1.9e+02   -1.8   0.0   494   521    24    51    13    53 0.82 -
scaffold67:41310-44753    -           1018 54073at147550        -            674     0.012   12.0   1.4   2   4       6.1   6.1e+02   -3.5   0.0   243   262   101   120    94   156 0.72 -
scaffold67:41310-44753    -           1018 54073at147550        -            674     0.012   12.0   1.4   3   4       2.2   2.2e+02   -2.0   0.0   450   477   143   170   135   183 0.82 -
scaffold67:41310-44753    -           1018 54073at147550        -            674     0.012   12.0   1.4   4   4   0.00046     0.046   10.1   0.1   234   270   225   260   218   273 0.86 -
scaffold50:560692-561832  -            356 54073at147550        -            674     0.015   11.7   0.3   1   2    0.0037      0.37    7.1   0.0   509   554    86   129    71   186 0.74 -
scaffold50:560692-561832  -            356 54073at147550        -            674     0.015   11.7   0.3   2   2      0.13        12    2.1   0.0   446   469   240   263   236   267 0.91 -
scaffold528:88245-89801   -            490 54073at147550        -            674     0.018   11.5   0.8   1   4      0.16        16    1.7   0.0   499   520   130   151   127   154 0.92 -
scaffold528:88245-89801   -            490 54073at147550        -            674     0.018   11.5   0.8   2   4       0.1        10    2.4   0.1   246   265   185   204   169   241 0.62 -
scaffold528:88245-89801   -            490 54073at147550        -            674     0.018   11.5   0.8   3   4      0.34        33    0.7   0.0   500   522   226   248   219   255 0.80 -
scaffold528:88245-89801   -            490 54073at147550        -            674     0.018   11.5   0.8   4   4      0.16        16    1.7   0.0   505   524   400   419   352   424 0.89 -
scaffold352:12971-15458   -            438 54073at147550        -            674     0.021   11.3   4.5   1   3       4.5   4.5e+02   -3.1   0.0   247   263   170   186   166   190 0.78 -
scaffold352:12971-15458   -            438 54073at147550        -            674     0.021   11.3   4.5   2   3     0.071       7.1    2.9   0.1   441   470   206   235   204   245 0.81 -
scaffold352:12971-15458   -            438 54073at147550        -            674     0.021   11.3   4.5   3   3    0.0019      0.19    8.1   0.7   498   522   368   392   307   399 0.71 -
scaffold299:50012-51394   -            438 54073at147550        -            674     0.059    9.8   0.3   1   4      0.14        14    1.9   0.0   434   486    97   149    93   162 0.87 -
scaffold299:50012-51394   -            438 54073at147550        -            674     0.059    9.8   0.3   2   4       0.2        20    1.4   0.0   244   289   212   254   200   275 0.72 -
scaffold299:50012-51394   -            438 54073at147550        -            674     0.059    9.8   0.3   3   4      0.51        51    0.1   0.0   373   404   327   357   321   370 0.82 -
scaffold299:50012-51394   -            438 54073at147550        -            674     0.059    9.8   0.3   4   4       3.1   3.1e+02   -2.5   0.0   250   270   366   386   362   390 0.84 -
scaffold192:3730-5082     -            451 54073at147550        -            674       7.9    2.7  14.7   1   4      0.71        71   -0.4   0.1   246   263    85   102    81   107 0.85 -
scaffold192:3730-5082     -            451 54073at147550        -            674       7.9    2.7  14.7   2   4     0.056       5.6    3.2   0.4   234   281   156   207   123   212 0.56 -
scaffold192:3730-5082     -            451 54073at147550        -            674       7.9    2.7  14.7   3   4    0.0082      0.82    6.0   1.4   246   280   228   262   221   297 0.79 -
scaffold192:3730-5082     -            451 54073at147550        -            674       7.9    2.7  14.7   4   4         4   3.9e+02   -2.9   0.1   499   520   345   366   341   392 0.75 -
#
# Program:         hmmsearch
# Version:         3.1b2 (February 2015)
# Pipeline mode:   SEARCH
# Query file:      /pickett_shared/projects/lwy647/discula_draft_assembly/busco_downloads/lineages/sordariomycetes_odb10/hmms/54073at147550.hmm
# Target file:     /pickett_shared/projects/lwy647/discula_draft_assembly/discula70_53.scafSeq.BUSCO/run_sordariomycetes_odb10/metaeuk_output/initial_results/discula70_53.scafSeq.modified.fas
# Option settings: hmmsearch --domtblout /pickett_shared/projects/lwy647/discula_draft_assembly/discula70_53.scafSeq.BUSCO/run_sordariomycetes_odb10/hmmer_output/initial_run_results/54073at147550.out --cpu 1 /pickett_shared/projects/lwy647/discula_draft_assembly/busco_downloads/lineages/sordariomycetes_odb10/hmms/54073at147550.hmm /pickett_shared/projects/lwy647/discula_draft_assembly/discula70_53.scafSeq.BUSCO/run_sordariomycetes_odb10/metaeuk_output/initial_results/discula70_53.scafSeq.modified.fas 
# Current dir:     /pickett_shared/projects/lwy647/discula_draft_assembly
# Date:            Thu Aug 31 18:11:55 2023
# [ok]
