#                                                                                 --- full sequence --- -------------- this domain -------------   hmm coord   ali coord   env coord
# target name             accession   tlen query name           accession   qlen   E-value  score  bias   #  of  c-Evalue  i-Evalue  score  bias  from    to  from    to  from    to  acc description of target
#     ------------------- ---------- ----- -------------------- ---------- ----- --------- ------ ----- --- --- --------- --------- ------ ----- ----- ----- ----- ----- ----- ----- ---- ---------------------
scaffold337:19676-20674   -            313 54077at147550        -            248    2e-135  448.1   3.1   1   2   8.3e-96   1.1e-93  311.4   0.0     1   171    10   198    10   216 0.90 -
scaffold337:19676-20674   -            313 54077at147550        -            248    2e-135  448.1   3.1   2   2   5.3e-41   6.9e-39  131.9   1.2   168   248   218   312   199   312 0.84 -
scaffold243:136861-139134 -            702 54077at147550        -            248     4e-31  106.5   0.3   1   3   1.4e-20   1.8e-18   65.0   0.2     3   127   346   479   344   486 0.84 -
scaffold243:136861-139134 -            702 54077at147550        -            248     4e-31  106.5   0.3   2   3   1.5e-05     0.002   15.7   0.0   209   246   501   538   492   540 0.88 -
scaffold243:136861-139134 -            702 54077at147550        -            248     4e-31  106.5   0.3   3   3   1.8e-07   2.4e-05   22.0   0.0     9    70   555   616   549   663 0.90 -
scaffold691:3808-4867     -            292 54077at147550        -            248     2e-28   97.6   0.2   1   4   1.2e-15   1.6e-13   48.8   0.0     6    90     5    88     1    94 0.82 -
scaffold691:3808-4867     -            292 54077at147550        -            248     2e-28   97.6   0.2   2   4     3e-10     4e-08   31.1   0.0     9    70   108   171   101   227 0.86 -
scaffold691:3808-4867     -            292 54077at147550        -            248     2e-28   97.6   0.2   3   4      0.33        44    1.5   0.0   183   207   210   233   185   245 0.71 -
scaffold691:3808-4867     -            292 54077at147550        -            248     2e-28   97.6   0.2   4   4   0.00027     0.035   11.7   0.0   204   247   249   292   242   292 0.83 -
scaffold107:316207-317403 -            336 54077at147550        -            248     3e-28   97.1   4.9   1   1   5.3e-29   6.9e-27   92.6   4.9     7   237    47   322    41   332 0.74 -
scaffold261:73093-74152   -            294 54077at147550        -            248   5.9e-28   96.1   0.8   1   4   6.5e-13   8.5e-11   39.9   0.1     2   122     2   128     1   128 0.80 -
scaffold261:73093-74152   -            294 54077at147550        -            248   5.9e-28   96.1   0.8   2   4   4.1e-09   5.3e-07   27.4   0.0     9    57   105   154   101   162 0.92 -
scaffold261:73093-74152   -            294 54077at147550        -            248   5.9e-28   96.1   0.8   3   4    0.0066      0.86    7.1   0.0   215   242   163   190   158   194 0.84 -
scaffold261:73093-74152   -            294 54077at147550        -            248   5.9e-28   96.1   0.8   4   4   1.6e-10   2.1e-08   32.0   0.0     7    89   211   293   205   294 0.92 -
scaffold125:148762-150125 -            279 54077at147550        -            248   2.9e-25   87.3   0.1   1   3   4.8e-19   6.2e-17   60.0   0.1    29   165    18   168     9   178 0.76 -
scaffold125:148762-150125 -            279 54077at147550        -            248   2.9e-25   87.3   0.1   2   3   3.5e-08   4.6e-06   24.4   0.0     3    65   185   249   183   255 0.89 -
scaffold125:148762-150125 -            279 54077at147550        -            248   2.9e-25   87.3   0.1   3   3    0.0084       1.1    6.8   0.0   206   244   234   272   229   275 0.87 -
scaffold186:16001-16857   -            269 54077at147550        -            248   2.2e-22   77.8   1.0   1   3   1.3e-06   0.00018   19.2   0.0    31    84     7    60     2    69 0.76 -
scaffold186:16001-16857   -            269 54077at147550        -            248   2.2e-22   77.8   1.0   2   3   8.3e-13   1.1e-10   39.5   0.1     6   113    81   199    76   202 0.77 -
scaffold186:16001-16857   -            269 54077at147550        -            248   2.2e-22   77.8   1.0   3   3   3.2e-06   0.00042   18.0   0.0    14    65   190   240   183   257 0.81 -
scaffold746:77773-78709   -            290 54077at147550        -            248     4e-22   77.0   2.5   1   4       0.4        52    1.3   0.0    99   123     3    27     1    39 0.56 -
scaffold746:77773-78709   -            290 54077at147550        -            248     4e-22   77.0   2.5   2   4   6.8e-06   0.00089   16.9   0.1   207   246    45    84    32    86 0.91 -
scaffold746:77773-78709   -            290 54077at147550        -            248     4e-22   77.0   2.5   3   4   1.1e-05    0.0014   16.2   0.1     7    81    99   183    94   193 0.72 -
scaffold746:77773-78709   -            290 54077at147550        -            248     4e-22   77.0   2.5   4   4   3.9e-12   5.1e-10   37.3   0.0     3    88   202   288   200   290 0.89 -
scaffold495:60026-62657   -            662 54077at147550        -            248   6.4e-21   73.0   0.4   1   4       3.6   4.7e+02   -1.8   0.0    97   126   351   380   344   398 0.81 -
scaffold495:60026-62657   -            662 54077at147550        -            248   6.4e-21   73.0   0.4   2   4    0.0007     0.091   10.3   0.0   206   246   410   450   403   452 0.89 -
scaffold495:60026-62657   -            662 54077at147550        -            248   6.4e-21   73.0   0.4   3   4     9e-08   1.2e-05   23.0   0.0     7    72   468   534   462   562 0.81 -
scaffold495:60026-62657   -            662 54077at147550        -            248   6.4e-21   73.0   0.4   4   4   2.1e-11   2.7e-09   35.0   0.0     8    77   576   646   570   659 0.86 -
scaffold256:156532-157695 -            291 54077at147550        -            248   9.5e-21   72.5   0.3   1   3   9.5e-08   1.2e-05   23.0   0.0    10    73     2    70     1   106 0.80 -
scaffold256:156532-157695 -            291 54077at147550        -            248   9.5e-21   72.5   0.3   2   3   1.5e-07   1.9e-05   22.4   0.1     7    80   104   181    99   207 0.78 -
scaffold256:156532-157695 -            291 54077at147550        -            248   9.5e-21   72.5   0.3   3   3   3.3e-08   4.3e-06   24.5   0.0    20    85   217   281   193   289 0.87 -
scaffold125:101463-102538 -            334 54077at147550        -            248   1.3e-20   72.1   0.2   1   3   2.3e-06    0.0003   18.4   0.0     7    83    49   127    40   139 0.74 -
scaffold125:101463-102538 -            334 54077at147550        -            248   1.3e-20   72.1   0.2   2   3   1.7e-05    0.0022   15.6   0.0    10    84   153   231   144   251 0.79 -
scaffold125:101463-102538 -            334 54077at147550        -            248   1.3e-20   72.1   0.2   3   3   2.6e-11   3.4e-09   34.6   0.0     9    73   251   317   243   331 0.82 -
scaffold67:39412-40320    -            303 54077at147550        -            248   1.6e-20   71.8   3.4   1   3   1.1e-13   1.4e-11   42.5   0.2   174   245     4    74     1    76 0.92 -
scaffold67:39412-40320    -            303 54077at147550        -            248   1.6e-20   71.8   3.4   2   3   7.3e-05    0.0096   13.5   0.0   215   245   173   203   118   205 0.84 -
scaffold67:39412-40320    -            303 54077at147550        -            248   1.6e-20   71.8   3.4   3   3   4.1e-05    0.0054   14.3   0.2    98   164   226   295   214   302 0.79 -
scaffold249:67870-68960   -            341 54077at147550        -            248   3.1e-20   70.8   0.1   1   3   0.00028     0.036   11.6   0.0    49   126    88   173    25   178 0.80 -
scaffold249:67870-68960   -            341 54077at147550        -            248   3.1e-20   70.8   0.1   2   3   1.4e-09   1.8e-07   29.0   0.0    40    99   187   246   182   252 0.90 -
scaffold249:67870-68960   -            341 54077at147550        -            248   3.1e-20   70.8   0.1   3   3   1.3e-07   1.7e-05   22.5   0.0    13    74   269   331   259   341 0.83 -
scaffold237:398-1420      -            341 54077at147550        -            248   2.4e-19   67.9   2.8   1   3   1.5e-06    0.0002   19.1   0.0     6    83     8    88     3   106 0.79 -
scaffold237:398-1420      -            341 54077at147550        -            248   2.4e-19   67.9   2.8   2   3   2.6e-10   3.4e-08   31.4   0.3    96   168   125   203   110   213 0.83 -
scaffold237:398-1420      -            341 54077at147550        -            248   2.4e-19   67.9   2.8   3   3   6.6e-05    0.0086   13.7   0.1     3    74   241   328   239   338 0.73 -
scaffold165:24829-25983   -            366 54077at147550        -            248   2.4e-18   64.6   2.1   1   3   2.2e-06   0.00028   18.5   0.2    25   129    80   194    73   205 0.69 -
scaffold165:24829-25983   -            366 54077at147550        -            248   2.4e-18   64.6   2.1   2   3   0.00018     0.024   12.2   0.0   198   246   201   250   191   252 0.81 -
scaffold165:24829-25983   -            366 54077at147550        -            248   2.4e-18   64.6   2.1   3   3   5.6e-09   7.3e-07   27.0   0.1   170   246   261   352   251   354 0.79 -
scaffold50:150873-151857  -            311 54077at147550        -            248   3.2e-18   64.2   0.2   1   5   2.5e-05    0.0033   15.0   0.0     7    64     8    80     3    86 0.74 -
scaffold50:150873-151857  -            311 54077at147550        -            248   3.2e-18   64.2   0.2   2   5    0.0073      0.95    7.0   0.0   127   169    61   103    55   111 0.78 -
scaffold50:150873-151857  -            311 54077at147550        -            248   3.2e-18   64.2   0.2   3   5   0.00016     0.021   12.4   0.0     3    68   119   183   117   187 0.83 -
scaffold50:150873-151857  -            311 54077at147550        -            248   3.2e-18   64.2   0.2   4   5     0.004      0.52    7.8   0.0   196   243   155   202   152   207 0.88 -
scaffold50:150873-151857  -            311 54077at147550        -            248   3.2e-18   64.2   0.2   5   5     3e-06   0.00039   18.1   0.0   207   241   270   304   259   310 0.85 -
scaffold383:32399-33671   -            387 54077at147550        -            248   3.1e-17   61.0   0.8   1   5    0.0014      0.18    9.3   0.0    93   150    21    76     1    79 0.71 -
scaffold383:32399-33671   -            387 54077at147550        -            248   3.1e-17   61.0   0.8   2   5   4.4e-07   5.8e-05   20.8   0.0   205   246    77   118    72   120 0.92 -
scaffold383:32399-33671   -            387 54077at147550        -            248   3.1e-17   61.0   0.8   3   5      0.57        75    0.8   0.0   172   191   129   148   122   166 0.61 -
scaffold383:32399-33671   -            387 54077at147550        -            248   3.1e-17   61.0   0.8   4   5    0.0021      0.28    8.7   0.0    37    85   183   231   177   312 0.61 -
scaffold383:32399-33671   -            387 54077at147550        -            248   3.1e-17   61.0   0.8   5   5   6.2e-05    0.0081   13.8   0.0    34    89   321   377   315   383 0.80 -
scaffold97:23082-24437    -            317 54077at147550        -            248   7.6e-15   53.1   1.3   1   4     0.011       1.4    6.4   0.0   169   200     8    39     2    44 0.88 -
scaffold97:23082-24437    -            317 54077at147550        -            248   7.6e-15   53.1   1.3   2   4   4.7e-07   6.1e-05   20.7   0.1    41    95    42    96    39   105 0.90 -
scaffold97:23082-24437    -            317 54077at147550        -            248   7.6e-15   53.1   1.3   3   4   2.4e-07   3.2e-05   21.6   0.0     6   146   106   258   100   266 0.73 -
scaffold97:23082-24437    -            317 54077at147550        -            248   7.6e-15   53.1   1.3   4   4      0.03       3.9    5.0   0.0    23    72   215   266   202   290 0.68 -
scaffold71:587740-588843  -            349 54077at147550        -            248   7.7e-15   53.1   0.1   1   2   6.5e-12   8.5e-10   36.6   0.0     5   204     4   232     2   234 0.74 -
scaffold71:587740-588843  -            349 54077at147550        -            248   7.7e-15   53.1   0.1   2   2     0.022       2.9    5.4   0.0   207   245   303   341   285   344 0.60 -
scaffold422:146478-147320 -            281 54077at147550        -            248   2.3e-14   51.6   0.2   1   3       3.3   4.3e+02   -1.7   0.0    97   120     3    25     2    36 0.68 -
scaffold422:146478-147320 -            281 54077at147550        -            248   2.3e-14   51.6   0.2   2   3   1.4e-06   0.00018   19.2   0.0    26    85    42    99    24   108 0.81 -
scaffold422:146478-147320 -            281 54077at147550        -            248   2.3e-14   51.6   0.2   3   3   8.3e-10   1.1e-07   29.7   0.0    11   153   122   278   116   280 0.73 -
scaffold410:84210-85462   -            395 54077at147550        -            248   6.7e-14   50.1   1.4   1   5      0.12        16    2.9   0.0     9    44    71   105    67   110 0.79 -
scaffold410:84210-85462   -            395 54077at147550        -            248   6.7e-14   50.1   1.4   2   5   5.3e-05    0.0069   14.0   0.0   203   244   112   153   107   157 0.89 -
scaffold410:84210-85462   -            395 54077at147550        -            248   6.7e-14   50.1   1.4   3   5    0.0054      0.71    7.4   0.0     4    33   165   194   162   203 0.87 -
scaffold410:84210-85462   -            395 54077at147550        -            248   6.7e-14   50.1   1.4   4   5      0.77     1e+02    0.3   0.0   210   242   243   275   230   281 0.71 -
scaffold410:84210-85462   -            395 54077at147550        -            248   6.7e-14   50.1   1.4   5   5   1.8e-05    0.0023   15.5   0.1   171   246   302   393   264   395 0.60 -
scaffold113:24486-25067   -            194 54077at147550        -            248   4.2e-13   47.4   0.8   1   2   6.1e-12   7.9e-10   36.7   0.2   100   207     2   122     1   136 0.80 -
scaffold113:24486-25067   -            194 54077at147550        -            248   4.2e-13   47.4   0.8   2   2    0.0012      0.15    9.6   0.0   214   243   165   194   145   194 0.86 -
scaffold741:10149-13663   -            842 54077at147550        -            248   1.3e-12   45.8   0.7   1   2    0.0028      0.36    8.4   0.0    97   163    87   157    54   170 0.74 -
scaffold741:10149-13663   -            842 54077at147550        -            248   1.3e-12   45.8   0.7   2   2   1.6e-11   2.1e-09   35.3   0.1    22   146   199   338   184   354 0.77 -
scaffold250:176405-177698 -            413 54077at147550        -            248   2.6e-11   41.6   0.3   1   4     0.032       4.1    4.9   0.0     8    54    24    69    17    84 0.71 -
scaffold250:176405-177698 -            413 54077at147550        -            248   2.6e-11   41.6   0.3   2   4   1.3e-08   1.6e-06   25.8   0.0    40   163   121   261    98   270 0.73 -
scaffold250:176405-177698 -            413 54077at147550        -            248   2.6e-11   41.6   0.3   3   4         2   2.7e+02   -1.0   0.0     6    36   304   334   298   343 0.70 -
scaffold250:176405-177698 -            413 54077at147550        -            248   2.6e-11   41.6   0.3   4   4     0.029       3.8    5.0   0.0   207   244   361   398   351   401 0.78 -
scaffold50:300337-300888  -            184 54077at147550        -            248   2.7e-11   41.5   0.5   1   2   4.5e-06    0.0006   17.5   0.2   100   240     5    75     3    83 0.48 -
scaffold50:300337-300888  -            184 54077at147550        -            248   2.7e-11   41.5   0.5   2   2     4e-06   0.00052   17.7   0.0     8    69   112   169   105   181 0.82 -
scaffold66:134158-135383  -            316 54077at147550        -            248   3.3e-11   41.2   5.3   1   3   1.5e-06   0.00019   19.1   0.1     9    68    13    66     7    90 0.84 -
scaffold66:134158-135383  -            316 54077at147550        -            248   3.3e-11   41.2   5.3   2   3      0.19        25    2.3   0.1    98   124   121   147   109   153 0.85 -
scaffold66:134158-135383  -            316 54077at147550        -            248   3.3e-11   41.2   5.3   3   3   1.9e-06   0.00025   18.7   0.4   127   248   173   313   162   313 0.73 -
scaffold521:1081-1482     -            134 54077at147550        -            248     4e-11   40.9   0.1   1   2    0.0018      0.23    9.0   0.0   208   243     6    41     1    43 0.87 -
scaffold521:1081-1482     -            134 54077at147550        -            248     4e-11   40.9   0.1   2   2   5.2e-10   6.9e-08   30.4   0.0    14    75    66   130    50   134 0.70 -
scaffold256:111763-112901 -            307 54077at147550        -            248   8.3e-11   39.9   1.5   1   3   8.2e-07   0.00011   19.9   0.1     7   122    16   141    10   149 0.74 -
scaffold256:111763-112901 -            307 54077at147550        -            248   8.3e-11   39.9   1.5   2   3    0.0088       1.2    6.7   0.1     3   125   112   246   110   248 0.71 -
scaffold256:111763-112901 -            307 54077at147550        -            248   8.3e-11   39.9   1.5   3   3   4.2e-06   0.00056   17.6   0.1     9    86   220   297   212   305 0.85 -
scaffold407:15648-16109   -            154 54077at147550        -            248   1.9e-09   35.5   0.4   1   2   0.00034     0.045   11.3   0.1   131   166    11    46     3    57 0.85 -
scaffold407:15648-16109   -            154 54077at147550        -            248   1.9e-09   35.5   0.4   2   2   4.8e-07   6.3e-05   20.7   0.0    10    75    71   134    66   146 0.58 -
scaffold199:62035-62523   -            163 54077at147550        -            248   1.6e-08   32.5   0.5   1   2   2.2e-06   0.00029   18.5   0.1    27   123     2   101     1   108 0.78 -
scaffold199:62035-62523   -            163 54077at147550        -            248   1.6e-08   32.5   0.5   2   2   0.00013     0.017   12.7   0.0   196   243   112   158   106   163 0.82 -
scaffold539:47160-47918   -            253 54077at147550        -            248   1.5e-06   26.0   2.0   1   2    0.0052      0.68    7.5   0.1    96   147    67   126    10   140 0.66 -
scaffold539:47160-47918   -            253 54077at147550        -            248   1.5e-06   26.0   2.0   2   2   7.2e-05    0.0094   13.5   0.1   186   241   184   252   167   253 0.72 -
scaffold56:148517-149755  -            291 54077at147550        -            248   1.7e-06   25.8   0.1   1   1   5.5e-08   7.2e-06   23.7   0.1     9   151   117   264   109   291 0.72 -
scaffold265:27886-28902   -            295 54077at147550        -            248   3.8e-06   24.7   0.1   1   2   0.00024     0.032   11.8   0.1   103   163   128   190    88   197 0.77 -
scaffold265:27886-28902   -            295 54077at147550        -            248   3.8e-06   24.7   0.1   2   2   0.00049     0.065   10.8   0.0    21    70   230   279   211   290 0.73 -
scaffold289:152729-153656 -            261 54077at147550        -            248     4e-06   24.6   3.5   1   1   6.1e-07     8e-05   20.3   3.5    25   240     3   255     1   260 0.67 -
scaffold535:242768-243667 -            300 54077at147550        -            248   0.00075   17.1   1.5   1   3      0.58        76    0.8   0.0   180   204    44    68    31    97 0.61 -
scaffold535:242768-243667 -            300 54077at147550        -            248   0.00075   17.1   1.5   2   3    0.0077         1    6.9   0.0    86   122   168   204   164   211 0.81 -
scaffold535:242768-243667 -            300 54077at147550        -            248   0.00075   17.1   1.5   3   3     0.011       1.4    6.4   0.1   122   166   238   283   229   291 0.73 -
#
# Program:         hmmsearch
# Version:         3.1b2 (February 2015)
# Pipeline mode:   SEARCH
# Query file:      /pickett_shared/projects/lwy647/discula_draft_assembly/busco_downloads/lineages/sordariomycetes_odb10/hmms/54077at147550.hmm
# Target file:     /pickett_shared/projects/lwy647/discula_draft_assembly/discula70_53.scafSeq.BUSCO/run_sordariomycetes_odb10/metaeuk_output/initial_results/discula70_53.scafSeq.modified.fas
# Option settings: hmmsearch --domtblout /pickett_shared/projects/lwy647/discula_draft_assembly/discula70_53.scafSeq.BUSCO/run_sordariomycetes_odb10/hmmer_output/initial_run_results/54077at147550.out --cpu 1 /pickett_shared/projects/lwy647/discula_draft_assembly/busco_downloads/lineages/sordariomycetes_odb10/hmms/54077at147550.hmm /pickett_shared/projects/lwy647/discula_draft_assembly/discula70_53.scafSeq.BUSCO/run_sordariomycetes_odb10/metaeuk_output/initial_results/discula70_53.scafSeq.modified.fas 
# Current dir:     /pickett_shared/projects/lwy647/discula_draft_assembly
# Date:            Thu Aug 31 18:11:55 2023
# [ok]
