#                                                                                 --- full sequence --- -------------- this domain -------------   hmm coord   ali coord   env coord
# target name             accession   tlen query name           accession   qlen   E-value  score  bias   #  of  c-Evalue  i-Evalue  score  bias  from    to  from    to  from    to  acc description of target
#     ------------------- ---------- ----- -------------------- ---------- ----- --------- ------ ----- --- --- --------- --------- ------ ----- ----- ----- ----- ----- ----- ----- ---- ---------------------
scaffold203:50644-51853   -            335 54331at147550        -            302  1.8e-174  576.9   3.1   1   1    4e-174  2.6e-172  569.9   3.1     1   302     1   335     1   335 0.92 -
scaffold679:35697-36815   -            373 54331at147550        -            302   1.6e-31  107.5  11.9   1   6   0.00014    0.0088   13.2   0.1    44    85     4    45     2    60 0.88 -
scaffold679:35697-36815   -            373 54331at147550        -            302   1.6e-31  107.5  11.9   2   6   0.00021     0.013   12.6   0.0    48   105    50   109    45   112 0.84 -
scaffold679:35697-36815   -            373 54331at147550        -            302   1.6e-31  107.5  11.9   3   6   2.5e-08   1.6e-06   25.5   0.2    29    82   114   168   110   174 0.89 -
scaffold679:35697-36815   -            373 54331at147550        -            302   1.6e-31  107.5  11.9   4   6   2.2e-06   0.00014   19.1   0.1    27    81   195   250   186   259 0.87 -
scaffold679:35697-36815   -            373 54331at147550        -            302   1.6e-31  107.5  11.9   5   6   4.7e-06    0.0003   18.0   0.0    47    84   260   297   251   302 0.87 -
scaffold679:35697-36815   -            373 54331at147550        -            302   1.6e-31  107.5  11.9   6   6   1.4e-07   8.8e-06   23.0   0.1     8    76   302   373   297   373 0.87 -
scaffold33:10801-13583    -            883 54331at147550        -            302   5.8e-26   89.3  20.1   1   8   1.3e-05   0.00086   16.5   0.0    44    84   101   141    95   170 0.83 -
scaffold33:10801-13583    -            883 54331at147550        -            302   5.8e-26   89.3  20.1   2   8      0.75        48    0.9   0.0    64    80   197   213   187   218 0.75 -
scaffold33:10801-13583    -            883 54331at147550        -            302   5.8e-26   89.3  20.1   3   8      0.21        13    2.8   0.1   149   192   212   258   205   289 0.76 -
scaffold33:10801-13583    -            883 54331at147550        -            302   5.8e-26   89.3  20.1   4   8   1.8e-07   1.1e-05   22.7   0.3    34    80   405   451   375   466 0.78 -
scaffold33:10801-13583    -            883 54331at147550        -            302   5.8e-26   89.3  20.1   5   8       6.5   4.2e+02   -2.2   0.0    63    79   496   512   488   522 0.80 -
scaffold33:10801-13583    -            883 54331at147550        -            302   5.8e-26   89.3  20.1   6   8   2.2e-06   0.00014   19.1   0.1    41    84   521   564   497   566 0.88 -
scaffold33:10801-13583    -            883 54331at147550        -            302   5.8e-26   89.3  20.1   7   8   6.6e-07   4.3e-05   20.8   0.4    17    87   538   624   536   650 0.74 -
scaffold33:10801-13583    -            883 54331at147550        -            302   5.8e-26   89.3  20.1   8   8   1.5e-09   9.5e-08   29.5   0.7    25    99   652   727   629   739 0.86 -
scaffold39:57898-58915    -            313 54331at147550        -            302   1.5e-24   84.7   3.9   1   5   3.7e-05    0.0024   15.1   0.0    46    78    18    50    13    57 0.91 -
scaffold39:57898-58915    -            313 54331at147550        -            302   1.5e-24   84.7   3.9   2   5   6.6e-11   4.2e-09   33.9   0.2     6    81    60   139    56   155 0.84 -
scaffold39:57898-58915    -            313 54331at147550        -            302   1.5e-24   84.7   3.9   3   5    0.0068      0.44    7.6   0.1    51    80   150   179   139   186 0.82 -
scaffold39:57898-58915    -            313 54331at147550        -            302   1.5e-24   84.7   3.9   4   5   3.3e-06   0.00021   18.5   0.3    17    79   157   220   151   226 0.88 -
scaffold39:57898-58915    -            313 54331at147550        -            302   1.5e-24   84.7   3.9   5   5     7e-05    0.0045   14.2   0.0    14    78   246   312   236   313 0.85 -
scaffold679:36393-37040   -            216 54331at147550        -            302     1e-22   78.6   4.5   1   3   4.7e-08     3e-06   24.6   0.2    25    84     3    65     1    68 0.82 -
scaffold679:36393-37040   -            216 54331at147550        -            302     1e-22   78.6   4.5   2   3   5.3e-12   3.4e-10   37.5   0.3    14   104    78   171    66   172 0.84 -
scaffold679:36393-37040   -            216 54331at147550        -            302     1e-22   78.6   4.5   3   3   1.1e-06   6.8e-05   20.1   0.0    45   105   152   213   149   216 0.90 -
scaffold8:77148-79251     -            607 54331at147550        -            302   2.6e-22   77.3   3.8   1   5       4.2   2.7e+02   -1.5   0.0    20    71   295   348   292   358 0.59 -
scaffold8:77148-79251     -            607 54331at147550        -            302   2.6e-22   77.3   3.8   2   5   2.5e-10   1.6e-08   32.1   0.1    15    82   358   426   353   445 0.85 -
scaffold8:77148-79251     -            607 54331at147550        -            302   2.6e-22   77.3   3.8   3   5   1.2e-07   7.8e-06   23.2   0.0    18    80   444   509   429   516 0.86 -
scaffold8:77148-79251     -            607 54331at147550        -            302   2.6e-22   77.3   3.8   4   5   0.00016      0.01   13.0   0.0    39    84   523   568   515   571 0.91 -
scaffold8:77148-79251     -            607 54331at147550        -            302   2.6e-22   77.3   3.8   5   5     0.043       2.7    5.0   0.0    46    77   572   603   568   606 0.66 -
scaffold721:13595-16468   -            958 54331at147550        -            302   1.3e-21   75.1  15.0   1   7   5.8e-05    0.0037   14.4   0.5     9    80    65   137    57   160 0.86 -
scaffold721:13595-16468   -            958 54331at147550        -            302   1.3e-21   75.1  15.0   2   7       1.4        88    0.1   0.1    22    84   182   246   157   274 0.67 -
scaffold721:13595-16468   -            958 54331at147550        -            302   1.3e-21   75.1  15.0   3   7     0.047         3    4.9   0.0    47    92   425   470   418   490 0.82 -
scaffold721:13595-16468   -            958 54331at147550        -            302   1.3e-21   75.1  15.0   4   7   1.4e-06     9e-05   19.7   0.1    44    80   503   539   475   550 0.87 -
scaffold721:13595-16468   -            958 54331at147550        -            302   1.3e-21   75.1  15.0   5   7    0.0016      0.11    9.6   0.0    44    83   602   641   560   664 0.75 -
scaffold721:13595-16468   -            958 54331at147550        -            302   1.3e-21   75.1  15.0   6   7   1.1e-09   7.3e-08   29.9   0.3    19    78   665   725   645   733 0.87 -
scaffold721:13595-16468   -            958 54331at147550        -            302   1.3e-21   75.1  15.0   7   7       8.2   5.3e+02   -2.5   0.0   188   231   788   831   782   842 0.82 -
scaffold126:226891-229130 -            665 54331at147550        -            302   2.5e-21   74.1  12.3   1   4   1.3e-07   8.6e-06   23.1   0.3    25    94   301   368   282   377 0.83 -
scaffold126:226891-229130 -            665 54331at147550        -            302   2.5e-21   74.1  12.3   2   4   0.00024     0.016   12.4   0.1    44    83   359   397   358   401 0.90 -
scaffold126:226891-229130 -            665 54331at147550        -            302   2.5e-21   74.1  12.3   3   4     2e-09   1.3e-07   29.1   0.5     5    83   400   477   396   480 0.90 -
scaffold126:226891-229130 -            665 54331at147550        -            302   2.5e-21   74.1  12.3   4   4   1.2e-06   7.7e-05   19.9   0.1     5   107   480   583   477   592 0.83 -
scaffold290:53613-55254   -            520 54331at147550        -            302   1.5e-20   71.5  14.4   1   5   5.1e-05    0.0033   14.6   0.0    35    82   132   181   117   184 0.80 -
scaffold290:53613-55254   -            520 54331at147550        -            302   1.5e-20   71.5  14.4   2   5    0.0019      0.12    9.5   0.2    44    82   185   223   182   229 0.93 -
scaffold290:53613-55254   -            520 54331at147550        -            302   1.5e-20   71.5  14.4   3   5   1.3e-06   8.5e-05   19.8   0.5    23    83   254   316   242   335 0.84 -
scaffold290:53613-55254   -            520 54331at147550        -            302   1.5e-20   71.5  14.4   4   5   3.6e-09   2.3e-07   28.2   0.2     8    83   405   483   398   489 0.87 -
scaffold290:53613-55254   -            520 54331at147550        -            302   1.5e-20   71.5  14.4   5   5     0.019       1.3    6.1   0.0    47    76   489   518   484   520 0.93 -
scaffold299:50012-51394   -            438 54331at147550        -            302   6.5e-20   69.4   2.1   1   4   3.5e-05    0.0022   15.2   0.0    16    83    69   136    56   140 0.83 -
scaffold299:50012-51394   -            438 54331at147550        -            302   6.5e-20   69.4   2.1   2   4   0.00027     0.018   12.2   0.0    39    78   134   175   132   201 0.83 -
scaffold299:50012-51394   -            438 54331at147550        -            302   6.5e-20   69.4   2.1   3   4   1.3e-07   8.5e-06   23.1   0.1    19    80   208   270   201   278 0.92 -
scaffold299:50012-51394   -            438 54331at147550        -            302   6.5e-20   69.4   2.1   4   4   1.4e-05   0.00092   16.4   0.1    22    80   318   376   311   388 0.85 -
scaffold91:236420-239677  -           1003 54331at147550        -            302     1e-18   65.5   6.9   1   3     2e-07   1.3e-05   22.5   0.1     8    83   623   698   617   715 0.80 -
scaffold91:236420-239677  -           1003 54331at147550        -            302     1e-18   65.5   6.9   2   3   1.8e-10   1.2e-08   32.5   0.5     5    87   777   861   774   874 0.92 -
scaffold91:236420-239677  -           1003 54331at147550        -            302     1e-18   65.5   6.9   3   3    0.0002     0.013   12.7   0.1    20    83   874   936   859   976 0.67 -
scaffold509:105503-107947 -            796 54331at147550        -            302   1.1e-18   65.5   2.4   1   4    0.0027      0.17    8.9   0.0    45    84   456   493   437   506 0.81 -
scaffold509:105503-107947 -            796 54331at147550        -            302   1.1e-18   65.5   2.4   2   4       4.3   2.8e+02   -1.6   0.0    61    82   556   577   540   589 0.70 -
scaffold509:105503-107947 -            796 54331at147550        -            302   1.1e-18   65.5   2.4   3   4     7e-09   4.5e-07   27.3   0.1     2    82   578   658   577   670 0.82 -
scaffold509:105503-107947 -            796 54331at147550        -            302   1.1e-18   65.5   2.4   4   4   6.1e-09   3.9e-07   27.5   0.0     8    88   665   747   660   753 0.87 -
scaffold262:5982-8751     -            898 54331at147550        -            302   2.2e-17   61.1   3.4   1   5    0.0034      0.22    8.6   0.0   157   186   151   179   137   183 0.86 -
scaffold262:5982-8751     -            898 54331at147550        -            302   2.2e-17   61.1   3.4   2   5    0.0088      0.57    7.3   0.0     3    41   188   228   186   233 0.87 -
scaffold262:5982-8751     -            898 54331at147550        -            302   2.2e-17   61.1   3.4   3   5   4.5e-06   0.00029   18.0   0.2    11   103   304   400   294   402 0.83 -
scaffold262:5982-8751     -            898 54331at147550        -            302   2.2e-17   61.1   3.4   4   5     6e-06   0.00038   17.7   0.1    13    83   391   464   380   467 0.85 -
scaffold262:5982-8751     -            898 54331at147550        -            302   2.2e-17   61.1   3.4   5   5    0.0014     0.091    9.9   0.0    45   105   468   530   464   621 0.83 -
scaffold639:53258-54412   -            385 54331at147550        -            302     1e-16   59.0   3.5   1   3   2.3e-10   1.5e-08   32.1   0.3    36    85    81   130    64   153 0.86 -
scaffold639:53258-54412   -            385 54331at147550        -            302     1e-16   59.0   3.5   2   3         2   1.3e+02   -0.5   0.0    60    80   147   167   131   178 0.78 -
scaffold639:53258-54412   -            385 54331at147550        -            302     1e-16   59.0   3.5   3   3   1.6e-08   1.1e-06   26.1   0.2    34    77   322   365   309   381 0.78 -
scaffold226:67411-68872   -            447 54331at147550        -            302   3.6e-16   57.2   1.4   1   4   0.00031      0.02   12.0   0.0    43    83    97   137    62   140 0.82 -
scaffold226:67411-68872   -            447 54331at147550        -            302   3.6e-16   57.2   1.4   2   4   5.1e-05    0.0033   14.6   0.0    39    90   135   188   132   205 0.79 -
scaffold226:67411-68872   -            447 54331at147550        -            302   3.6e-16   57.2   1.4   3   4   0.00017     0.011   12.9   0.1    20    79   208   268   204   276 0.83 -
scaffold226:67411-68872   -            447 54331at147550        -            302   3.6e-16   57.2   1.4   4   4     6e-05    0.0039   14.4   0.0    24    77   319   372   306   385 0.56 -
scaffold237:16750-20683   -           1207 54331at147550        -            302   6.3e-16   56.4   5.2   1   5   0.00011     0.007   13.5   0.0    29    80    27    78     8    86 0.90 -
scaffold237:16750-20683   -           1207 54331at147550        -            302   6.3e-16   56.4   5.2   2   5   3.2e-09     2e-07   28.4   0.2    17    95    98   176    81   200 0.79 -
scaffold237:16750-20683   -           1207 54331at147550        -            302   6.3e-16   56.4   5.2   3   5     0.035       2.3    5.3   0.1    46    91   202   245   192   256 0.85 -
scaffold237:16750-20683   -           1207 54331at147550        -            302   6.3e-16   56.4   5.2   4   5    0.0073      0.47    7.5   0.0    16    76   257   317   247   324 0.84 -
scaffold237:16750-20683   -           1207 54331at147550        -            302   6.3e-16   56.4   5.2   5   5       8.8   5.7e+02   -2.6   0.0   218   252   713   748   702   767 0.73 -
scaffold71:251585-253878  -            652 54331at147550        -            302     8e-16   56.0   1.1   1   4     1e-07   6.5e-06   23.5   0.1    22    79   328   384   304   389 0.79 -
scaffold71:251585-253878  -            652 54331at147550        -            302     8e-16   56.0   1.1   2   4    0.0003     0.019   12.1   0.0    21    89   403   472   394   486 0.71 -
scaffold71:251585-253878  -            652 54331at147550        -            302     8e-16   56.0   1.1   3   4     0.017       1.1    6.3   0.0    63    84   510   531   500   534 0.88 -
scaffold71:251585-253878  -            652 54331at147550        -            302     8e-16   56.0   1.1   4   4    0.0022      0.14    9.3   0.0    47    97   536   585   531   597 0.77 -
scaffold69:144016-144591  -            192 54331at147550        -            302   1.7e-15   55.0   0.7   1   2   9.3e-10     6e-08   30.2   1.9     6    81     5    83     2    87 0.90 -
scaffold69:144016-144591  -            192 54331at147550        -            302   1.7e-15   55.0   0.7   2   2   8.3e-07   5.4e-05   20.5   0.0    47   105   127   187   115   191 0.84 -
scaffold72:58344-59805    -            468 54331at147550        -            302     2e-15   54.7   8.5   1   5   2.1e-06   0.00014   19.1   0.2    45    84   155   194   143   204 0.91 -
scaffold72:58344-59805    -            468 54331at147550        -            302     2e-15   54.7   8.5   2   5   1.2e-07   7.8e-06   23.2   0.0    23    80   216   274   208   279 0.91 -
scaffold72:58344-59805    -            468 54331at147550        -            302     2e-15   54.7   8.5   3   5       0.1       6.5    3.8   0.1    46    82   282   318   276   329 0.83 -
scaffold72:58344-59805    -            468 54331at147550        -            302     2e-15   54.7   8.5   4   5    0.0017      0.11    9.6   0.1    38    82   357   400   322   409 0.80 -
scaffold72:58344-59805    -            468 54331at147550        -            302     2e-15   54.7   8.5   5   5       2.4   1.6e+02   -0.8   0.0    58    77   426   445   412   449 0.80 -
scaffold663:21837-23802   -            626 54331at147550        -            302   3.1e-15   54.1  18.0   1   5   3.6e-06   0.00024   18.4   0.5    34    82   284   331   273   335 0.84 -
scaffold663:21837-23802   -            626 54331at147550        -            302   3.1e-15   54.1  18.0   2   5   1.3e-06   8.5e-05   19.8   0.3     6    82   336   411   331   417 0.89 -
scaffold663:21837-23802   -            626 54331at147550        -            302   3.1e-15   54.1  18.0   3   5     0.017       1.1    6.3   0.1    48    83   418   453   412   467 0.81 -
scaffold663:21837-23802   -            626 54331at147550        -            302   3.1e-15   54.1  18.0   4   5    0.0011      0.07   10.2   0.3    23    82   531   589   526   591 0.85 -
scaffold663:21837-23802   -            626 54331at147550        -            302   3.1e-15   54.1  18.0   5   5    0.0017      0.11    9.6   0.0   249   284   592   625   589   626 0.55 -
scaffold284:35441-37282   -            596 54331at147550        -            302   8.3e-13   46.1   4.8   1   4   2.5e-05    0.0016   15.6   0.1    12    82   113   182   101   187 0.87 -
scaffold284:35441-37282   -            596 54331at147550        -            302   8.3e-13   46.1   4.8   2   4   3.6e-05    0.0023   15.1   0.1    44    82   186   224   180   226 0.90 -
scaffold284:35441-37282   -            596 54331at147550        -            302   8.3e-13   46.1   4.8   3   4    0.0081      0.52    7.4   0.0    39    79   223   264   221   271 0.89 -
scaffold284:35441-37282   -            596 54331at147550        -            302   8.3e-13   46.1   4.8   4   4    0.0024      0.15    9.1   0.1    48    77   345   374   340   382 0.93 -
scaffold94:208851-211790  -            980 54331at147550        -            302   1.2e-12   45.5   2.5   1   3     1e-07   6.4e-06   23.5   0.0    15    84   264   335   254   358 0.81 -
scaffold94:208851-211790  -            980 54331at147550        -            302   1.2e-12   45.5   2.5   2   3   9.6e-07   6.2e-05   20.3   0.4     5    82   412   488   409   503 0.89 -
scaffold94:208851-211790  -            980 54331at147550        -            302   1.2e-12   45.5   2.5   3   3       9.6   6.2e+02   -2.7   0.0    64    81   577   595   575   601 0.77 -
scaffold351:111404-113017 -            538 54331at147550        -            302   1.4e-12   45.4   5.4   1   4   1.5e-09   9.7e-08   29.5   0.1    13    83   253   325   239   344 0.84 -
scaffold351:111404-113017 -            538 54331at147550        -            302   1.4e-12   45.4   5.4   2   4      0.13       8.1    3.5   0.1    41    78   370   407   349   425 0.66 -
scaffold351:111404-113017 -            538 54331at147550        -            302   1.4e-12   45.4   5.4   3   4      0.33        21    2.1   0.1    14    39   384   409   376   445 0.73 -
scaffold351:111404-113017 -            538 54331at147550        -            302   1.4e-12   45.4   5.4   4   4   0.00016      0.01   13.0   0.3    19    83   432   502   422   528 0.75 -
scaffold639:55577-58163   -            801 54331at147550        -            302   3.3e-12   44.1   3.6   1   4         1        67    0.5   0.0    47    78    10    40     5    47 0.72 -
scaffold639:55577-58163   -            801 54331at147550        -            302   3.3e-12   44.1   3.6   2   4   0.00058     0.038   11.1   0.1    32    78    91   135    68   142 0.78 -
scaffold639:55577-58163   -            801 54331at147550        -            302   3.3e-12   44.1   3.6   3   4    0.0027      0.18    8.9   0.2    46    81   145   179   137   183 0.87 -
scaffold639:55577-58163   -            801 54331at147550        -            302   3.3e-12   44.1   3.6   4   4   1.2e-06   7.7e-05   19.9   0.1    20    85   209   272   187   295 0.81 -
scaffold163:92278-94186   -            607 54331at147550        -            302   4.6e-12   43.7  16.0   1   4   4.1e-05    0.0027   14.9   0.1    44   138    53   149    25   171 0.84 -
scaffold163:92278-94186   -            607 54331at147550        -            302   4.6e-12   43.7  16.0   2   4   2.2e-08   1.4e-06   25.7   0.4    14    88   195   273   187   279 0.83 -
scaffold163:92278-94186   -            607 54331at147550        -            302   4.6e-12   43.7  16.0   3   4     0.084       5.4    4.0   0.4     9    95   283   371   275   385 0.70 -
scaffold163:92278-94186   -            607 54331at147550        -            302   4.6e-12   43.7  16.0   4   4    0.0092      0.59    7.2   1.0    15    78   538   603   526   606 0.86 -
scaffold31:53043-54041    -            304 54331at147550        -            302   1.4e-11   42.1   2.0   1   3   5.7e-06   0.00037   17.7   0.2    36    84    48    96    35   110 0.91 -
scaffold31:53043-54041    -            304 54331at147550        -            302   1.4e-11   42.1   2.0   2   3    0.0015     0.094    9.8   0.1    42    81   184   223   149   229 0.83 -
scaffold31:53043-54041    -            304 54331at147550        -            302   1.4e-11   42.1   2.0   3   3   0.00051     0.033   11.3   0.0   160   197   249   286   240   298 0.85 -
scaffold255:80910-83161   -            706 54331at147550        -            302   5.7e-11   40.1   7.1   1   4     0.033       2.1    5.4   0.0    44    83   319   358   312   371 0.83 -
scaffold255:80910-83161   -            706 54331at147550        -            302   5.7e-11   40.1   7.1   2   4   1.5e-05   0.00098   16.3   0.1    21    77   408   465   396   472 0.89 -
scaffold255:80910-83161   -            706 54331at147550        -            302   5.7e-11   40.1   7.1   3   4    0.0001    0.0066   13.6   0.3    14    83   485   557   473   562 0.86 -
scaffold255:80910-83161   -            706 54331at147550        -            302   5.7e-11   40.1   7.1   4   4     0.026       1.7    5.7   0.1    47    79   563   596   558   611 0.84 -
scaffold126:47557-48887   -            358 54331at147550        -            302   8.2e-11   39.6   3.6   1   4    0.0096      0.62    7.1   0.1   159   186    74    99    66   142 0.70 -
scaffold126:47557-48887   -            358 54331at147550        -            302   8.2e-11   39.6   3.6   2   4   5.5e-05    0.0035   14.5   0.1    16    82   170   237   154   243 0.76 -
scaffold126:47557-48887   -            358 54331at147550        -            302   8.2e-11   39.6   3.6   3   4    0.0027      0.17    8.9   0.0    39    80   236   277   234   286 0.86 -
scaffold126:47557-48887   -            358 54331at147550        -            302   8.2e-11   39.6   3.6   4   4    0.0034      0.22    8.6   0.1    17    73   299   356   287   358 0.86 -
scaffold479:74407-77248   -            836 54331at147550        -            302   5.5e-10   36.9   0.5   1   3   4.5e-05    0.0029   14.8   0.0    22    81    59   119    45   124 0.88 -
scaffold479:74407-77248   -            836 54331at147550        -            302   5.5e-10   36.9   0.5   2   3      0.12       7.6    3.6   0.0    43    80   124   162   116   181 0.85 -
scaffold479:74407-77248   -            836 54331at147550        -            302   5.5e-10   36.9   0.5   3   3     4e-05    0.0026   15.0   0.0    18    80   186   249   165   256 0.84 -
scaffold343:218272-221419 -           1005 54331at147550        -            302   8.7e-10   36.2   2.2   1   4      0.46        30    1.6   0.0   263   288    15    40     8    52 0.83 -
scaffold343:218272-221419 -           1005 54331at147550        -            302   8.7e-10   36.2   2.2   2   4    0.0071      0.46    7.6   0.0   250   286    55    91    42    95 0.83 -
scaffold343:218272-221419 -           1005 54331at147550        -            302   8.7e-10   36.2   2.2   3   4   1.9e-07   1.2e-05   22.6   0.0    14    78   127   192   114   199 0.87 -
scaffold343:218272-221419 -           1005 54331at147550        -            302   8.7e-10   36.2   2.2   4   4       1.4        87    0.1   0.0    61    81   304   324   297   364 0.77 -
scaffold37:114701-116273  -            412 54331at147550        -            302   4.3e-09   33.9   7.0   1   4   0.00092      0.06   10.5   0.1    21    82    51   118    42   123 0.80 -
scaffold37:114701-116273  -            412 54331at147550        -            302   4.3e-09   33.9   7.0   2   4   4.4e-05    0.0028   14.8   0.4    15    80    92   158    80   165 0.84 -
scaffold37:114701-116273  -            412 54331at147550        -            302   4.3e-09   33.9   7.0   3   4   4.7e-06    0.0003   18.0   0.2    33    80   271   319   248   351 0.85 -
scaffold37:114701-116273  -            412 54331at147550        -            302   4.3e-09   33.9   7.0   4   4       5.8   3.7e+02   -2.0   0.0    64    79   394   409   383   411 0.68 -
scaffold163:116213-117779 -            499 54331at147550        -            302   1.4e-08   32.2   0.9   1   4    0.0088      0.57    7.3   0.0    61    80    85   104    55   116 0.78 -
scaffold163:116213-117779 -            499 54331at147550        -            302   1.4e-08   32.2   0.9   2   4   0.00071     0.046   10.9   0.0    13    85   137   212   128   221 0.83 -
scaffold163:116213-117779 -            499 54331at147550        -            302   1.4e-08   32.2   0.9   3   4     0.069       4.5    4.3   0.0    51    80   224   254   217   263 0.76 -
scaffold163:116213-117779 -            499 54331at147550        -            302   1.4e-08   32.2   0.9   4   4     0.047       3.1    4.9   0.1    46    85   295   334   286   348 0.66 -
scaffold255:124337-126211 -            625 54331at147550        -            302     5e-08   30.4   0.5   1   3     0.045       2.9    4.9   0.1   252   283   251   282   243   285 0.80 -
scaffold255:124337-126211 -            625 54331at147550        -            302     5e-08   30.4   0.5   2   3   2.6e-07   1.7e-05   22.1   0.0     2    80   287   369   286   376 0.83 -
scaffold255:124337-126211 -            625 54331at147550        -            302     5e-08   30.4   0.5   3   3       3.5   2.2e+02   -1.3   0.0    59    78   479   498   472   504 0.63 -
scaffold842:6306-8594     -            593 54331at147550        -            302   5.8e-08   30.2   3.6   1   4     0.016         1    6.4   0.0    42    79    59    97    53   115 0.85 -
scaffold842:6306-8594     -            593 54331at147550        -            302   5.8e-08   30.2   3.6   2   4    0.0023      0.15    9.2   0.0    46    82   119   156   110   165 0.85 -
scaffold842:6306-8594     -            593 54331at147550        -            302   5.8e-08   30.2   3.6   3   4   0.00024     0.016   12.4   0.1    14    77   170   239   157   244 0.83 -
scaffold842:6306-8594     -            593 54331at147550        -            302   5.8e-08   30.2   3.6   4   4       1.5        95   -0.0   0.1   267   294   268   295   259   301 0.86 -
scaffold7:127691-129352   -            554 54331at147550        -            302   7.6e-08   29.8   0.7   1   2   0.00038     0.025   11.7   0.1    39    80   142   184   117   192 0.84 -
scaffold7:127691-129352   -            554 54331at147550        -            302   7.6e-08   29.8   0.7   2   2   2.3e-05    0.0015   15.7   0.0    57   154   208   307   188   318 0.72 -
scaffold178:63097-64787   -            507 54331at147550        -            302   1.8e-07   28.6   2.2   1   4     0.096       6.2    3.8   0.0    61   106   253   301   223   310 0.65 -
scaffold178:63097-64787   -            507 54331at147550        -            302   1.8e-07   28.6   2.2   2   4    0.0097      0.63    7.1   0.1    52   102   287   339   256   344 0.75 -
scaffold178:63097-64787   -            507 54331at147550        -            302   1.8e-07   28.6   2.2   3   4    0.0076      0.49    7.5   0.1    41    82   318   359   313   368 0.89 -
scaffold178:63097-64787   -            507 54331at147550        -            302   1.8e-07   28.6   2.2   4   4   0.00014    0.0089   13.2   0.0    24    77   448   502   431   505 0.83 -
scaffold50:560692-561832  -            356 54331at147550        -            302   3.5e-07   27.7   0.0   1   2   0.00011    0.0073   13.5   0.0    15   118    32   139    25   221 0.64 -
scaffold50:560692-561832  -            356 54331at147550        -            302   3.5e-07   27.7   0.0   2   2    0.0013     0.081   10.0   0.0    45   105   229   291   216   342 0.81 -
scaffold190:183806-185430 -            522 54331at147550        -            302   4.1e-07   27.4   1.6   1   3      0.82        53    0.8   0.0   144   185   105   146    96   162 0.77 -
scaffold190:183806-185430 -            522 54331at147550        -            302   4.1e-07   27.4   1.6   2   3   1.5e-07     1e-05   22.9   0.1    18    81   277   344   255   352 0.85 -
scaffold190:183806-185430 -            522 54331at147550        -            302   4.1e-07   27.4   1.6   3   3       1.1        71    0.4   0.0    42    82   385   431   376   442 0.60 -
scaffold848:10283-11353   -            357 54331at147550        -            302   7.2e-07   26.6   1.4   1   4      0.64        41    1.1   0.0    61    77    15    31     3    39 0.83 -
scaffold848:10283-11353   -            357 54331at147550        -            302   7.2e-07   26.6   1.4   2   4    0.0011     0.071   10.2   0.0    34    82    49    97    16   107 0.75 -
scaffold848:10283-11353   -            357 54331at147550        -            302   7.2e-07   26.6   1.4   3   4    0.0074      0.47    7.5   0.1    46    81   107   143   100   145 0.85 -
scaffold848:10283-11353   -            357 54331at147550        -            302   7.2e-07   26.6   1.4   4   4     0.055       3.6    4.6   0.0    62   105   173   216   155   245 0.75 -
scaffold186:17686-18939   -            378 54331at147550        -            302   2.7e-06   24.7   0.0   1   3       2.3   1.5e+02   -0.7   0.0    47    84    51    88    45   121 0.72 -
scaffold186:17686-18939   -            378 54331at147550        -            302   2.7e-06   24.7   0.0   2   3   5.4e-07   3.5e-05   21.1   0.1    19    81   107   171    88   181 0.78 -
scaffold186:17686-18939   -            378 54331at147550        -            302   2.7e-06   24.7   0.0   3   3       1.3        82    0.2   0.0    82   115   227   260   188   268 0.78 -
scaffold69:68839-70440    -            491 54331at147550        -            302   3.3e-06   24.5   3.2   1   4       1.4        90    0.0   0.0    56    80   174   198   172   207 0.86 -
scaffold69:68839-70440    -            491 54331at147550        -            302   3.3e-06   24.5   3.2   2   4    0.0003      0.02   12.1   0.0    48    90   234   278   226   295 0.78 -
scaffold69:68839-70440    -            491 54331at147550        -            302   3.3e-06   24.5   3.2   3   4       5.9   3.8e+02   -2.0   0.0    61    97   291   329   283   345 0.73 -
scaffold69:68839-70440    -            491 54331at147550        -            302   3.3e-06   24.5   3.2   4   4    0.0019      0.12    9.4   0.1    43    81   365   404   359   418 0.84 -
scaffold265:74878-78595   -            799 54331at147550        -            302   3.4e-06   24.4   1.8   1   4    0.0015     0.097    9.8   0.1    46   112    63   132    59   144 0.82 -
scaffold265:74878-78595   -            799 54331at147550        -            302   3.4e-06   24.4   1.8   2   4       2.1   1.4e+02   -0.6   0.0    52    79   199   227   191   242 0.75 -
scaffold265:74878-78595   -            799 54331at147550        -            302   3.4e-06   24.4   1.8   3   4    0.0045      0.29    8.2   0.0    41    85   274   318   255   332 0.76 -
scaffold265:74878-78595   -            799 54331at147550        -            302   3.4e-06   24.4   1.8   4   4      0.26        17    2.4   0.0    54    78   330   354   314   362 0.68 -
scaffold55:67073-68598    -            432 54331at147550        -            302   4.3e-06   24.1   2.5   1   4     0.022       1.5    5.9   0.1    61    82   200   221   155   269 0.83 -
scaffold55:67073-68598    -            432 54331at147550        -            302   4.3e-06   24.1   2.5   2   4   0.00061     0.039   11.1   0.1    44    84   277   318   248   320 0.85 -
scaffold55:67073-68598    -            432 54331at147550        -            302   4.3e-06   24.1   2.5   3   4   3.1e-05     0.002   15.3   0.2    15    78   289   356   276   366 0.67 -
scaffold55:67073-68598    -            432 54331at147550        -            302   4.3e-06   24.1   2.5   4   4       9.1   5.9e+02   -2.6   0.0    62    77   397   412   376   418 0.70 -
scaffold192:3730-5082     -            451 54331at147550        -            302   6.2e-06   23.5   4.6   1   2     0.069       4.4    4.3   0.1    45    77   147   179   137   202 0.85 -
scaffold192:3730-5082     -            451 54331at147550        -            302   6.2e-06   23.5   4.6   2   2   8.2e-07   5.3e-05   20.5   0.2    20    80   223   292   215   294 0.78 -
scaffold32:6587-9265      -            893 54331at147550        -            302   8.2e-06   23.1   1.1   1   3     0.023       1.5    5.9   0.1    36    80    91   135    79   141 0.77 -
scaffold32:6587-9265      -            893 54331at147550        -            302   8.2e-06   23.1   1.1   2   3   8.7e-05    0.0056   13.8   0.1     7   103   169   268   163   281 0.79 -
scaffold32:6587-9265      -            893 54331at147550        -            302   8.2e-06   23.1   1.1   3   3       2.9   1.9e+02   -1.0   0.0    69   110   336   381   325   395 0.55 -
scaffold269:73282-75225   -            582 54331at147550        -            302   1.2e-05   22.6   0.9   1   4      0.28        18    2.3   0.0    50    80   293   323   287   336 0.88 -
scaffold269:73282-75225   -            582 54331at147550        -            302   1.2e-05   22.6   0.9   2   4   0.00066     0.042   11.0   0.0   158   230   344   416   331   428 0.90 -
scaffold269:73282-75225   -            582 54331at147550        -            302   1.2e-05   22.6   0.9   3   4      0.11       7.4    3.6   0.1   162   201   472   511   461   534 0.78 -
scaffold269:73282-75225   -            582 54331at147550        -            302   1.2e-05   22.6   0.9   4   4      0.31        20    2.2   0.1    42    83   503   547   485   555 0.66 -
scaffold71:316993-321694  -           1546 54331at147550        -            302   1.4e-05   22.4   0.1   1   2   9.7e-07   6.3e-05   20.2   0.1    29    78  1094  1143  1087  1150 0.92 -
scaffold71:316993-321694  -           1546 54331at147550        -            302   1.4e-05   22.4   0.1   2   2       6.7   4.4e+02   -2.2   0.0    55    90  1271  1307  1263  1315 0.76 -
scaffold352:77693-80310   -            853 54331at147550        -            302   2.5e-05   21.6   1.4   1   3     0.098       6.3    3.8   0.0   130   158    49    77    13   126 0.76 -
scaffold352:77693-80310   -            853 54331at147550        -            302   2.5e-05   21.6   1.4   2   3      0.45        29    1.6   0.0   248   283   126   161   122   165 0.88 -
scaffold352:77693-80310   -            853 54331at147550        -            302   2.5e-05   21.6   1.4   3   3   0.00024     0.016   12.4   0.1    17    90   194   270   183   283 0.78 -
scaffold50:198890-201451  -            836 54331at147550        -            302   2.5e-05   21.5   0.3   1   2   1.2e-06   7.5e-05   20.0   0.1    44    87   485   527   481   560 0.85 -
scaffold50:198890-201451  -            836 54331at147550        -            302   2.5e-05   21.5   0.3   2   2       4.9   3.2e+02   -1.8   0.0    52    76   811   835   796   836 0.65 -
scaffold726:47529-48488   -            287 54331at147550        -            302   2.9e-05   21.3   6.1   1   5   0.00015    0.0096   13.1   0.2    24    89    13    84     3    94 0.74 -
scaffold726:47529-48488   -            287 54331at147550        -            302   2.9e-05   21.3   6.1   2   5       2.8   1.8e+02   -0.9   0.0   258   290    90   124    82   130 0.66 -
scaffold726:47529-48488   -            287 54331at147550        -            302   2.9e-05   21.3   6.1   3   5       3.9   2.5e+02   -1.4   0.0   268   291   162   185   153   194 0.71 -
scaffold726:47529-48488   -            287 54331at147550        -            302   2.9e-05   21.3   6.1   4   5     0.014      0.87    6.6   0.4    46    97   193   252   168   263 0.64 -
scaffold726:47529-48488   -            287 54331at147550        -            302   2.9e-05   21.3   6.1   5   5    0.0031       0.2    8.8   0.2    22    77   213   272   207   283 0.85 -
scaffold250:114896-117332 -            718 54331at147550        -            302   2.9e-05   21.3   0.1   1   3     0.054       3.5    4.7   0.0   224   281    33    89    21    95 0.72 -
scaffold250:114896-117332 -            718 54331at147550        -            302   2.9e-05   21.3   0.1   2   3   0.00066     0.043   10.9   0.0   159   194   122   157   115   200 0.84 -
scaffold250:114896-117332 -            718 54331at147550        -            302   2.9e-05   21.3   0.1   3   3       1.7   1.1e+02   -0.3   0.0   153   182   514   544   508   558 0.74 -
scaffold143:178879-181985 -            991 54331at147550        -            302   3.6e-05   21.1   1.2   1   4       3.5   2.3e+02   -1.3   0.0    65   139   125   202   117   229 0.65 -
scaffold143:178879-181985 -            991 54331at147550        -            302   3.6e-05   21.1   1.2   2   4       0.8        52    0.8   0.0    39    84   455   503   438   512 0.75 -
scaffold143:178879-181985 -            991 54331at147550        -            302   3.6e-05   21.1   1.2   3   4     0.012      0.78    6.8   0.1    48    84   547   583   530   607 0.81 -
scaffold143:178879-181985 -            991 54331at147550        -            302   3.6e-05   21.1   1.2   4   4    0.0069      0.45    7.6   0.0   158   253   633   726   617   731 0.83 -
scaffold842:15351-17150   -            600 54331at147550        -            302   4.9e-05   20.6   3.9   1   3      0.01      0.65    7.1   0.0    47    78   112   143   105   154 0.64 -
scaffold842:15351-17150   -            600 54331at147550        -            302   4.9e-05   20.6   3.9   2   3    0.0054      0.35    8.0   0.7    42    80   220   259   188   286 0.75 -
scaffold842:15351-17150   -            600 54331at147550        -            302   4.9e-05   20.6   3.9   3   3     0.046         3    4.9   0.1    22    91   297   374   279   405 0.72 -
scaffold528:88245-89801   -            490 54331at147550        -            302   7.9e-05   19.9   4.9   1   3     0.038       2.4    5.2   0.2    16    78   131   197   123   205 0.74 -
scaffold528:88245-89801   -            490 54331at147550        -            302   7.9e-05   19.9   4.9   2   3    0.0073      0.47    7.5   0.2    46    78   215   247   201   255 0.89 -
scaffold528:88245-89801   -            490 54331at147550        -            302   7.9e-05   19.9   4.9   3   3    0.0066      0.43    7.7   0.0    42    80   379   418   371   424 0.81 -
scaffold244:5579-8162     -            839 54331at147550        -            302   0.00018   18.8   0.7   1   3   0.00021     0.014   12.6   0.3    21    79   474   550   464   557 0.73 -
scaffold244:5579-8162     -            839 54331at147550        -            302   0.00018   18.8   0.7   2   3         4   2.6e+02   -1.5   0.0   141   160   712   731   706   739 0.72 -
scaffold244:5579-8162     -            839 54331at147550        -            302   0.00018   18.8   0.7   3   3      0.91        59    0.6   0.0    47    79   762   794   754   809 0.67 -
scaffold377:5691-7553     -            580 54331at147550        -            302   0.00026   18.2   3.5   1   3       1.2        77    0.3   0.1    32    79   337   383   308   391 0.74 -
scaffold377:5691-7553     -            580 54331at147550        -            302   0.00026   18.2   3.5   2   3    0.0097      0.62    7.1   0.6    42   106   389   455   346   492 0.62 -
scaffold377:5691-7553     -            580 54331at147550        -            302   0.00026   18.2   3.5   3   3     0.001     0.067   10.3   0.1    28    78   504   555   479   561 0.82 -
scaffold67:41310-44753    -           1018 54331at147550        -            302   0.00035   17.8   3.3   1   3       1.8   1.2e+02   -0.4   0.0    16    37    30    51    11    58 0.52 -
scaffold67:41310-44753    -           1018 54331at147550        -            302   0.00035   17.8   3.3   2   3       1.3        84    0.1   0.1    22    81   101   164    90   178 0.66 -
scaffold67:41310-44753    -           1018 54331at147550        -            302   0.00035   17.8   3.3   3   3     3e-05    0.0019   15.4   0.2    35    92   205   264   185   288 0.82 -
scaffold501:64432-68349   -           1306 54331at147550        -            302   0.00099   16.3   2.1   1   2    0.0019      0.12    9.5   0.2    40    86   261   323   252   339 0.70 -
scaffold501:64432-68349   -           1306 54331at147550        -            302   0.00099   16.3   2.1   2   2     0.087       5.6    4.0   0.1    40   110   887   957   858   997 0.70 -
scaffold34:112598-114178  -            527 54331at147550        -            302    0.0022   15.2   0.5   1   4       2.9   1.8e+02   -1.0   0.0    38    70    42    75    13    77 0.65 -
scaffold34:112598-114178  -            527 54331at147550        -            302    0.0022   15.2   0.5   2   4     0.013      0.83    6.7   0.0   251   296   134   180   127   187 0.82 -
scaffold34:112598-114178  -            527 54331at147550        -            302    0.0022   15.2   0.5   3   4      0.28        18    2.3   0.0   256   282   305   331   298   336 0.77 -
scaffold34:112598-114178  -            527 54331at147550        -            302    0.0022   15.2   0.5   4   4       1.6     1e+02   -0.2   0.0    34    77   366   412   356   419 0.77 -
scaffold622:34300-35663   -            422 54331at147550        -            302    0.0022   15.2   0.0   1   2      0.14       8.9    3.3   0.0    18    78    94   152    82   162 0.88 -
scaffold622:34300-35663   -            422 54331at147550        -            302    0.0022   15.2   0.0   2   2    0.0017      0.11    9.6   0.0    44    90   169   220   159   241 0.81 -
scaffold842:10217-17147   -           1919 54331at147550        -            302    0.0023   15.1   3.6   1   3     0.037       2.4    5.2   0.0    47    78   111   142   104   153 0.64 -
scaffold842:10217-17147   -           1919 54331at147550        -            302    0.0023   15.1   3.6   2   3     0.023       1.5    5.9   0.6    42    80   219   258   188   284 0.76 -
scaffold842:10217-17147   -           1919 54331at147550        -            302    0.0023   15.1   3.6   3   3      0.21        14    2.7   0.1    22    80   296   360   276   403 0.72 -
scaffold352:12971-15458   -            438 54331at147550        -            302    0.0026   14.9   8.6   1   4       5.8   3.7e+02   -2.0   0.0   266   296   163   193   148   202 0.72 -
scaffold352:12971-15458   -            438 54331at147550        -            302    0.0026   14.9   8.6   2   4     0.039       2.5    5.1   0.1    50    87   205   243   198   250 0.85 -
scaffold352:12971-15458   -            438 54331at147550        -            302    0.0026   14.9   8.6   3   4      0.52        34    1.4   0.0   261   291   256   286   242   290 0.72 -
scaffold352:12971-15458   -            438 54331at147550        -            302    0.0026   14.9   8.6   4   4   0.00067     0.043   10.9   0.4    37    83   347   396   312   410 0.74 -
scaffold440:10778-12017   -            388 54331at147550        -            302    0.0036   14.5   0.1   1   2   0.00019     0.013   12.7   0.1     6    82   103   181    98   216 0.85 -
scaffold440:10778-12017   -            388 54331at147550        -            302    0.0036   14.5   0.1   2   2       4.8   3.1e+02   -1.7   0.0   159   197   290   328   256   342 0.66 -
scaffold639:46447-48378   -            644 54331at147550        -            302    0.0042   14.2   0.1   1   2     0.057       3.7    4.6   0.0   257   281    57    81    49    85 0.90 -
scaffold639:46447-48378   -            644 54331at147550        -            302    0.0042   14.2   0.1   2   2     0.015      0.94    6.5   0.1    19    84   174   238   154   245 0.81 -
scaffold121:52252-53721   -            490 54331at147550        -            302    0.0057   13.8   3.2   1   3     0.036       2.3    5.3   0.0    45    81   301   338   277   346 0.84 -
scaffold121:52252-53721   -            490 54331at147550        -            302    0.0057   13.8   3.2   2   3     0.012      0.78    6.8   0.1    15    93   312   395   297   403 0.46 -
scaffold121:52252-53721   -            490 54331at147550        -            302    0.0057   13.8   3.2   3   3    0.0082      0.53    7.3   0.2    44    79   396   432   387   444 0.85 -
scaffold50:513257-518764  -           1074 54331at147550        -            302    0.0065   13.6   0.0   1   1    0.0002     0.013   12.6   0.0   237   290    83   136    42   145 0.82 -
scaffold687:37237-38688   -            465 54331at147550        -            302     0.019   12.1   0.1   1   1   0.00067     0.043   10.9   0.1     7    82    24    99    18   125 0.82 -
scaffold269:2910-5759     -            856 54331at147550        -            302     0.029   11.5  14.1   1   6      0.36        23    1.9   0.1     9    81    14    93     8   112 0.70 -
scaffold269:2910-5759     -            856 54331at147550        -            302     0.029   11.5  14.1   2   6     0.017       1.1    6.3   0.1    61    86   125   150   120   158 0.88 -
scaffold269:2910-5759     -            856 54331at147550        -            302     0.029   11.5  14.1   3   6     0.014      0.93    6.6   0.0    46    82   219   262   212   273 0.70 -
scaffold269:2910-5759     -            856 54331at147550        -            302     0.029   11.5  14.1   4   6       2.2   1.4e+02   -0.6   0.4    55    77   326   349   314   361 0.74 -
scaffold269:2910-5759     -            856 54331at147550        -            302     0.029   11.5  14.1   5   6       8.5   5.5e+02   -2.5   1.2    43    76   373   406   332   425 0.61 -
scaffold269:2910-5759     -            856 54331at147550        -            302     0.029   11.5  14.1   6   6       1.6     1e+02   -0.1   0.0   217   282   453   517   451   529 0.79 -
scaffold130:54240-58070   -           1258 54331at147550        -            302     0.045   10.9   0.3   1   2       1.6   1.1e+02   -0.2   0.1    40    95   158   213   119   235 0.68 -
scaffold130:54240-58070   -           1258 54331at147550        -            302     0.045   10.9   0.3   2   2    0.0057      0.37    7.9   0.0     6    50   253   301   250   334 0.69 -
scaffold377:101263-103464 -            734 54331at147550        -            302     0.053   10.6   0.4   1   3     0.035       2.3    5.3   0.1   157   187   268   298   263   315 0.82 -
scaffold377:101263-103464 -            734 54331at147550        -            302     0.053   10.6   0.4   2   3       3.9   2.5e+02   -1.4   0.0    61    79   326   344   304   350 0.80 -
scaffold377:101263-103464 -            734 54331at147550        -            302     0.053   10.6   0.4   3   3      0.55        35    1.4   0.0    61    82   435   456   415   470 0.74 -
scaffold28:170917-172763  -            570 54331at147550        -            302      0.08   10.1   0.4   1   2       1.1        74    0.3   0.2    55    85   332   363   322   385 0.73 -
scaffold28:170917-172763  -            570 54331at147550        -            302      0.08   10.1   0.4   2   2     0.011      0.72    6.9   0.0    37    78   469   511   441   518 0.65 -
#
# Program:         hmmsearch
# Version:         3.1b2 (February 2015)
# Pipeline mode:   SEARCH
# Query file:      /pickett_shared/projects/lwy647/discula_draft_assembly/busco_downloads/lineages/sordariomycetes_odb10/hmms/54331at147550.hmm
# Target file:     /pickett_shared/projects/lwy647/discula_draft_assembly/discula70_53.scafSeq.BUSCO/run_sordariomycetes_odb10/metaeuk_output/initial_results/discula70_53.scafSeq.modified.fas
# Option settings: hmmsearch --domtblout /pickett_shared/projects/lwy647/discula_draft_assembly/discula70_53.scafSeq.BUSCO/run_sordariomycetes_odb10/hmmer_output/initial_run_results/54331at147550.out --cpu 1 /pickett_shared/projects/lwy647/discula_draft_assembly/busco_downloads/lineages/sordariomycetes_odb10/hmms/54331at147550.hmm /pickett_shared/projects/lwy647/discula_draft_assembly/discula70_53.scafSeq.BUSCO/run_sordariomycetes_odb10/metaeuk_output/initial_results/discula70_53.scafSeq.modified.fas 
# Current dir:     /pickett_shared/projects/lwy647/discula_draft_assembly
# Date:            Thu Aug 31 18:11:58 2023
# [ok]
