#                                                                               --- full sequence --- -------------- this domain -------------   hmm coord   ali coord   env coord
# target name           accession   tlen query name           accession   qlen   E-value  score  bias   #  of  c-Evalue  i-Evalue  score  bias  from    to  from    to  from    to  acc description of target
#   ------------------- ---------- ----- -------------------- ---------- ----- --------- ------ ----- --- --- --------- --------- ------ ----- ----- ----- ----- ----- ----- ----- ---- ---------------------
scaffold740:86103-87918 -            577 55695at147550        -            395  2.9e-195  646.9  19.8   1   3   7.4e-29   8.4e-26   88.9   0.2     1    77    98   184    98   212 0.83 -
scaffold740:86103-87918 -            577 55695at147550        -            395  2.9e-195  646.9  19.8   2   3    0.0014       1.6    5.7   0.1    79    99   231   251   224   263 0.82 -
scaffold740:86103-87918 -            577 55695at147550        -            395  2.9e-195  646.9  19.8   3   3    6e-171  6.9e-168  556.8  11.5    92   395   268   576   257   576 0.97 -
scaffold140:4635-5672   -            316 55695at147550        -            395   2.7e-75  251.9  10.7   1   2   4.7e-64   5.4e-61  204.8  10.3   113   301     1   195     1   226 0.92 -
scaffold140:4635-5672   -            316 55695at147550        -            395   2.7e-75  251.9  10.7   2   2     9e-16     1e-12   45.8   0.0   299   376   238   316   224   316 0.82 -
scaffold727:5316-6176   -            287 55695at147550        -            395   1.4e-47  160.7   3.3   1   1   1.3e-50   1.5e-47  160.5   3.3   112   392     1   287     1   287 0.90 -
scaffold734:32588-34303 -            572 55695at147550        -            395     0.024   11.7   1.1   1   1   3.8e-05     0.044   10.8   1.1   129   208    24   105     6   133 0.74 -
#
# Program:         hmmsearch
# Version:         3.1b2 (February 2015)
# Pipeline mode:   SEARCH
# Query file:      /pickett_shared/projects/lwy647/discula_draft_assembly/busco_downloads/lineages/sordariomycetes_odb10/hmms/55695at147550.hmm
# Target file:     /pickett_shared/projects/lwy647/discula_draft_assembly/discula70_53.scafSeq.BUSCO/run_sordariomycetes_odb10/metaeuk_output/initial_results/discula70_53.scafSeq.modified.fas
# Option settings: hmmsearch --domtblout /pickett_shared/projects/lwy647/discula_draft_assembly/discula70_53.scafSeq.BUSCO/run_sordariomycetes_odb10/hmmer_output/initial_run_results/55695at147550.out --cpu 1 /pickett_shared/projects/lwy647/discula_draft_assembly/busco_downloads/lineages/sordariomycetes_odb10/hmms/55695at147550.hmm /pickett_shared/projects/lwy647/discula_draft_assembly/discula70_53.scafSeq.BUSCO/run_sordariomycetes_odb10/metaeuk_output/initial_results/discula70_53.scafSeq.modified.fas 
# Current dir:     /pickett_shared/projects/lwy647/discula_draft_assembly
# Date:            Thu Aug 31 18:11:55 2023
# [ok]
