#                                                                                 --- full sequence --- -------------- this domain -------------   hmm coord   ali coord   env coord
# target name             accession   tlen query name           accession   qlen   E-value  score  bias   #  of  c-Evalue  i-Evalue  score  bias  from    to  from    to  from    to  acc description of target
#     ------------------- ---------- ----- -------------------- ---------- ----- --------- ------ ----- --- --- --------- --------- ------ ----- ----- ----- ----- ----- ----- ----- ---- ---------------------
scaffold284:14321-15932   -            513 55782at147550        -            348  7.2e-165  546.2  49.0   1   4   1.1e-73   1.7e-70  235.8   3.9     1   132     1   147     1   152 0.88 -
scaffold284:14321-15932   -            513 55782at147550        -            348  7.2e-165  546.2  49.0   2   4   9.2e-42   1.4e-38  130.8  28.0   131   264   170   359   163   377 0.77 -
scaffold284:14321-15932   -            513 55782at147550        -            348  7.2e-165  546.2  49.0   3   4   2.7e-55   4.2e-52  175.3   8.0   200   340   341   480   333   486 0.72 -
scaffold284:14321-15932   -            513 55782at147550        -            348  7.2e-165  546.2  49.0   4   4      0.52   7.9e+02   -3.2   0.1   340   348   505   513   503   513 0.88 -
scaffold483:30485-33142   -            765 55782at147550        -            348   3.3e-13   47.4   0.0   1   1   3.9e-16     6e-13   46.6   0.0    42   117   101   177    88   227 0.77 -
scaffold121:177340-180080 -            891 55782at147550        -            348   5.7e-08   30.2   0.0   1   2   4.5e-10   6.9e-07   26.6   0.0    51   109    44   102    16   115 0.89 -
scaffold121:177340-180080 -            891 55782at147550        -            348   5.7e-08   30.2   0.0   2   2     0.028        43    1.0   0.0   260   344   244   332   173   335 0.76 -
#
# Program:         hmmsearch
# Version:         3.1b2 (February 2015)
# Pipeline mode:   SEARCH
# Query file:      /pickett_shared/projects/lwy647/discula_draft_assembly/busco_downloads/lineages/sordariomycetes_odb10/hmms/55782at147550.hmm
# Target file:     /pickett_shared/projects/lwy647/discula_draft_assembly/discula70_53.scafSeq.BUSCO/run_sordariomycetes_odb10/metaeuk_output/initial_results/discula70_53.scafSeq.modified.fas
# Option settings: hmmsearch --domtblout /pickett_shared/projects/lwy647/discula_draft_assembly/discula70_53.scafSeq.BUSCO/run_sordariomycetes_odb10/hmmer_output/initial_run_results/55782at147550.out --cpu 1 /pickett_shared/projects/lwy647/discula_draft_assembly/busco_downloads/lineages/sordariomycetes_odb10/hmms/55782at147550.hmm /pickett_shared/projects/lwy647/discula_draft_assembly/discula70_53.scafSeq.BUSCO/run_sordariomycetes_odb10/metaeuk_output/initial_results/discula70_53.scafSeq.modified.fas 
# Current dir:     /pickett_shared/projects/lwy647/discula_draft_assembly
# Date:            Thu Aug 31 18:11:55 2023
# [ok]
