#                                                                               --- full sequence --- -------------- this domain -------------   hmm coord   ali coord   env coord
# target name           accession   tlen query name           accession   qlen   E-value  score  bias   #  of  c-Evalue  i-Evalue  score  bias  from    to  from    to  from    to  acc description of target
#   ------------------- ---------- ----- -------------------- ---------- ----- --------- ------ ----- --- --- --------- --------- ------ ----- ----- ----- ----- ----- ----- ----- ---- ---------------------
scaffold548:44240-47128 -            963 5696at147550         -            804         0 1462.6  15.4   1   3   7.7e-64   1.2e-60  203.7   0.2     1   159     2   193     2   210 0.85 -
scaffold548:44240-47128 -            963 5696at147550         -            804         0 1462.6  15.4   2   3         0         0 1255.8   5.5   150   796   220   921   211   931 0.93 -
scaffold548:44240-47128 -            963 5696at147550         -            804         0 1462.6  15.4   3   3     4e-05     0.061    9.5   0.1   781   804   938   961   924   961 0.83 -
scaffold137:76812-78811 -            500 5696at147550         -            804   1.2e-64  216.9   0.6   1   2   5.8e-21   8.9e-18   61.8   0.1   278   389     3   120     1   129 0.90 -
scaffold137:76812-78811 -            500 5696at147550         -            804   1.2e-64  216.9   0.6   2   2   1.5e-48   2.3e-45  153.1   0.1   464   748   167   479   156   490 0.83 -
scaffold305:3184-4746   -            521 5696at147550         -            804   1.2e-30  104.5   2.4   1   2     1e-30   1.6e-27   94.1   1.2   270   585    53   380    23   387 0.83 -
scaffold305:3184-4746   -            521 5696at147550         -            804   1.2e-30  104.5   2.4   2   2   3.3e-05     0.051    9.7   0.0   623   675   440   492   415   521 0.80 -
#
# Program:         hmmsearch
# Version:         3.1b2 (February 2015)
# Pipeline mode:   SEARCH
# Query file:      /pickett_shared/projects/lwy647/discula_draft_assembly/busco_downloads/lineages/sordariomycetes_odb10/hmms/5696at147550.hmm
# Target file:     /pickett_shared/projects/lwy647/discula_draft_assembly/discula70_53.scafSeq.BUSCO/run_sordariomycetes_odb10/metaeuk_output/initial_results/discula70_53.scafSeq.modified.fas
# Option settings: hmmsearch --domtblout /pickett_shared/projects/lwy647/discula_draft_assembly/discula70_53.scafSeq.BUSCO/run_sordariomycetes_odb10/hmmer_output/initial_run_results/5696at147550.out --cpu 1 /pickett_shared/projects/lwy647/discula_draft_assembly/busco_downloads/lineages/sordariomycetes_odb10/hmms/5696at147550.hmm /pickett_shared/projects/lwy647/discula_draft_assembly/discula70_53.scafSeq.BUSCO/run_sordariomycetes_odb10/metaeuk_output/initial_results/discula70_53.scafSeq.modified.fas 
# Current dir:     /pickett_shared/projects/lwy647/discula_draft_assembly
# Date:            Thu Aug 31 18:11:53 2023
# [ok]
