#                                                                                 --- full sequence --- -------------- this domain -------------   hmm coord   ali coord   env coord
# target name             accession   tlen query name           accession   qlen   E-value  score  bias   #  of  c-Evalue  i-Evalue  score  bias  from    to  from    to  from    to  acc description of target
#     ------------------- ---------- ----- -------------------- ---------- ----- --------- ------ ----- --- --- --------- --------- ------ ----- ----- ----- ----- ----- ----- ----- ---- ---------------------
scaffold302:8379-10235    -            575 60227at147550        -            266    8e-153  505.4  22.6   1   4  9.4e-155  2.2e-151  500.7   1.2     1   228     1   231     1   260 0.97 -
scaffold302:8379-10235    -            575 60227at147550        -            266    8e-153  505.4  22.6   2   4   1.6e-06    0.0037   14.7   0.9   227   241   271   285   251   296 0.84 -
scaffold302:8379-10235    -            575 60227at147550        -            266    8e-153  505.4  22.6   3   4   0.00069       1.6    6.1   0.2   236   260   420   445   407   450 0.76 -
scaffold302:8379-10235    -            575 60227at147550        -            266    8e-153  505.4  22.6   4   4         2   4.6e+03   -5.3   1.6   235   263   523   548   520   551 0.59 -
scaffold107:318093-320297 -            735 60227at147550        -            266     0.039   11.3   0.0   1   3   0.00078       1.8    5.9   0.0    11    57     4    51     1    58 0.75 -
scaffold107:318093-320297 -            735 60227at147550        -            266     0.039   11.3   0.0   2   3     0.021        48    1.2   0.0    57    88    72   103    52   125 0.76 -
scaffold107:318093-320297 -            735 60227at147550        -            266     0.039   11.3   0.0   3   3       0.1   2.3e+02   -1.0   0.0   132   165   228   261   216   271 0.82 -
#
# Program:         hmmsearch
# Version:         3.1b2 (February 2015)
# Pipeline mode:   SEARCH
# Query file:      /pickett_shared/projects/lwy647/discula_draft_assembly/busco_downloads/lineages/sordariomycetes_odb10/hmms/60227at147550.hmm
# Target file:     /pickett_shared/projects/lwy647/discula_draft_assembly/discula70_53.scafSeq.BUSCO/run_sordariomycetes_odb10/metaeuk_output/initial_results/discula70_53.scafSeq.modified.fas
# Option settings: hmmsearch --domtblout /pickett_shared/projects/lwy647/discula_draft_assembly/discula70_53.scafSeq.BUSCO/run_sordariomycetes_odb10/hmmer_output/initial_run_results/60227at147550.out --cpu 1 /pickett_shared/projects/lwy647/discula_draft_assembly/busco_downloads/lineages/sordariomycetes_odb10/hmms/60227at147550.hmm /pickett_shared/projects/lwy647/discula_draft_assembly/discula70_53.scafSeq.BUSCO/run_sordariomycetes_odb10/metaeuk_output/initial_results/discula70_53.scafSeq.modified.fas 
# Current dir:     /pickett_shared/projects/lwy647/discula_draft_assembly
# Date:            Thu Aug 31 18:11:55 2023
# [ok]
