#                                                                                 --- full sequence --- -------------- this domain -------------   hmm coord   ali coord   env coord
# target name             accession   tlen query name           accession   qlen   E-value  score  bias   #  of  c-Evalue  i-Evalue  score  bias  from    to  from    to  from    to  acc description of target
#     ------------------- ---------- ----- -------------------- ---------- ----- --------- ------ ----- --- --- --------- --------- ------ ----- ----- ----- ----- ----- ----- ----- ---- ---------------------
scaffold4:64211-65454     -            387 60737at147550        -            170   1.2e-83  276.9   0.9   1   2      0.62   7.1e+02   -2.3   0.0    28    53     4    29     2    56 0.77 -
scaffold4:64211-65454     -            387 60737at147550        -            170   1.2e-83  276.9   0.9   2   2   1.1e-84   1.2e-81  270.3   0.3     1   165   166   358   166   363 0.89 -
scaffold249:41090-43407   -            751 60737at147550        -            170     1e-09   36.2   1.5   1   2      0.42   4.8e+02   -1.8   0.2    15    55   416   455   404   469 0.66 -
scaffold249:41090-43407   -            751 60737at147550        -            170     1e-09   36.2   1.5   2   2   9.5e-12   1.1e-08   32.9   0.1    40   159   467   594   457   611 0.68 -
scaffold75:263-3401       -           1026 60737at147550        -            170   1.5e-05   22.7   0.1   1   2      0.18   2.1e+02   -0.6   0.0   135   165   890   919   886   924 0.79 -
scaffold75:263-3401       -           1026 60737at147550        -            170   1.5e-05   22.7   0.1   2   2   6.5e-08   7.5e-05   20.4   0.1    52   159   905  1000   894  1014 0.70 -
scaffold213:200468-203331 -            928 60737at147550        -            170   1.8e-05   22.4   0.4   1   1   4.4e-08   5.1e-05   21.0   0.4    45   159   189   291   140   306 0.74 -
#
# Program:         hmmsearch
# Version:         3.1b2 (February 2015)
# Pipeline mode:   SEARCH
# Query file:      /pickett_shared/projects/lwy647/discula_draft_assembly/busco_downloads/lineages/sordariomycetes_odb10/hmms/60737at147550.hmm
# Target file:     /pickett_shared/projects/lwy647/discula_draft_assembly/discula70_53.scafSeq.BUSCO/run_sordariomycetes_odb10/metaeuk_output/initial_results/discula70_53.scafSeq.modified.fas
# Option settings: hmmsearch --domtblout /pickett_shared/projects/lwy647/discula_draft_assembly/discula70_53.scafSeq.BUSCO/run_sordariomycetes_odb10/hmmer_output/initial_run_results/60737at147550.out --cpu 1 /pickett_shared/projects/lwy647/discula_draft_assembly/busco_downloads/lineages/sordariomycetes_odb10/hmms/60737at147550.hmm /pickett_shared/projects/lwy647/discula_draft_assembly/discula70_53.scafSeq.BUSCO/run_sordariomycetes_odb10/metaeuk_output/initial_results/discula70_53.scafSeq.modified.fas 
# Current dir:     /pickett_shared/projects/lwy647/discula_draft_assembly
# Date:            Thu Aug 31 18:11:57 2023
# [ok]
