#                                                                                 --- full sequence --- -------------- this domain -------------   hmm coord   ali coord   env coord
# target name             accession   tlen query name           accession   qlen   E-value  score  bias   #  of  c-Evalue  i-Evalue  score  bias  from    to  from    to  from    to  acc description of target
#     ------------------- ---------- ----- -------------------- ---------- ----- --------- ------ ----- --- --- --------- --------- ------ ----- ----- ----- ----- ----- ----- ----- ---- ---------------------
scaffold71:372184-373458  -            425 61211at147550        -            290   2.6e-84  281.1  13.1   1   4   1.2e-16   3.6e-14   50.9   0.1    16    84     1    75     1    81 0.88 -
scaffold71:372184-373458  -            425 61211at147550        -            290   2.6e-84  281.1  13.1   2   4   2.3e-35     7e-33  112.3   0.0    83   188    92   213    88   225 0.86 -
scaffold71:372184-373458  -            425 61211at147550        -            290   2.6e-84  281.1  13.1   3   4     5e-33   1.5e-30  104.6   0.4   187   262   251   338   239   343 0.87 -
scaffold71:372184-373458  -            425 61211at147550        -            290   2.6e-84  281.1  13.1   4   4   3.3e-07    0.0001   19.9   0.8   256   282   358   384   345   386 0.87 -
scaffold262:5982-8751     -            898 61211at147550        -            290   4.6e-07   27.6   1.4   1   4       3.8   1.2e+03   -3.3   0.0   179   205    87   113    80   123 0.69 -
scaffold262:5982-8751     -            898 61211at147550        -            290   4.6e-07   27.6   1.4   2   4   3.1e-05    0.0094   13.4   0.0   143   277   257   392   237   415 0.80 -
scaffold262:5982-8751     -            898 61211at147550        -            290   4.6e-07   27.6   1.4   3   4    0.0041       1.3    6.4   0.1    97   289   423   500   396   514 0.58 -
scaffold262:5982-8751     -            898 61211at147550        -            290   4.6e-07   27.6   1.4   4   4     0.017       5.3    4.4   0.0     2    49   579   627   578   633 0.83 -
scaffold203:50644-51853   -            335 61211at147550        -            290   0.00029   18.4   0.1   1   2    0.0052       1.6    6.1   0.0   139   187    44    94    23   135 0.75 -
scaffold203:50644-51853   -            335 61211at147550        -            290   0.00029   18.4   0.1   2   2   0.00042      0.13    9.7   0.0   144   210   146   213   133   234 0.86 -
scaffold8:77148-79251     -            607 61211at147550        -            290   0.00032   18.2   2.1   1   3   2.7e-05    0.0084   13.6   0.1   156   289   315   462   304   463 0.64 -
scaffold8:77148-79251     -            607 61211at147550        -            290   0.00032   18.2   2.1   2   3   4.8e-05     0.015   12.8   0.2   124   264   370   514   364   541 0.76 -
scaffold8:77148-79251     -            607 61211at147550        -            290   0.00032   18.2   2.1   3   3      0.36   1.1e+02    0.1   0.1   152   203   540   590   494   603 0.64 -
scaffold250:114896-117332 -            718 61211at147550        -            290   0.00034   18.1   0.5   1   3         1   3.2e+02   -1.4   0.0   253   290     8    44     4    44 0.82 -
scaffold250:114896-117332 -            718 61211at147550        -            290   0.00034   18.1   0.5   2   3     0.014       4.4    4.7   0.0   183   206   116   139   104   148 0.81 -
scaffold250:114896-117332 -            718 61211at147550        -            290   0.00034   18.1   0.5   3   3   0.00066       0.2    9.1   0.1     2    53   523   575   522   590 0.82 -
scaffold687:37237-38688   -            465 61211at147550        -            290   0.00052   17.5   1.1   1   3   0.00023     0.069   10.6   0.1   150   219    29    96    17   135 0.71 -
scaffold687:37237-38688   -            465 61211at147550        -            290   0.00052   17.5   1.1   2   3     0.056        17    2.7   0.0   228   277   171   221   162   228 0.82 -
scaffold687:37237-38688   -            465 61211at147550        -            290   0.00052   17.5   1.1   3   3     0.091        28    2.0   0.0     4    72   220   290   217   301 0.71 -
scaffold237:16750-20683   -           1207 61211at147550        -            290   0.00064   17.3   1.2   1   3       2.5   7.7e+02   -2.7   0.1   243   290   115   160   111   160 0.75 -
scaffold237:16750-20683   -           1207 61211at147550        -            290   0.00064   17.3   1.2   2   3    0.0065         2    5.8   0.0    59   133   256   330   249   353 0.85 -
scaffold237:16750-20683   -           1207 61211at147550        -            290   0.00064   17.3   1.2   3   3   0.00061      0.19    9.2   0.0   168   213   473   515   469   531 0.86 -
scaffold163:116213-117779 -            499 61211at147550        -            290    0.0013   16.2   0.1   1   2     2e-05     0.006   14.1   0.0   155   240   185   274   147   287 0.85 -
scaffold163:116213-117779 -            499 61211at147550        -            290    0.0013   16.2   0.1   2   2       1.3   3.9e+02   -1.7   0.0     6    23   305   322   292   336 0.63 -
scaffold110:11492-13412   -            541 61211at147550        -            290    0.0048   14.4   0.0   1   4    0.0066         2    5.8   0.0   184   226   232   274   219   280 0.84 -
scaffold110:11492-13412   -            541 61211at147550        -            290    0.0048   14.4   0.0   2   4      0.18        56    1.0   0.0   177   213   311   347   307   356 0.78 -
scaffold110:11492-13412   -            541 61211at147550        -            290    0.0048   14.4   0.0   3   4     0.051        16    2.9   0.1   189   204   364   379   344   387 0.80 -
scaffold110:11492-13412   -            541 61211at147550        -            290    0.0048   14.4   0.0   4   4      0.12        36    1.7   0.1     5    33   369   397   366   404 0.71 -
scaffold71:251585-253878  -            652 61211at147550        -            290    0.0065   14.0   1.0   1   4       5.6   1.7e+03   -3.9   0.0   252   284    22    54    21    55 0.83 -
scaffold71:251585-253878  -            652 61211at147550        -            290    0.0065   14.0   1.0   2   4      0.01       3.1    5.2   0.0   131   178   340   387   329   391 0.87 -
scaffold71:251585-253878  -            652 61211at147550        -            290    0.0065   14.0   1.0   3   4       0.2        60    0.9   0.0   149   185   435   471   409   492 0.81 -
scaffold71:251585-253878  -            652 61211at147550        -            290    0.0065   14.0   1.0   4   4     0.021       6.3    4.1   0.0   244   289   512   564   502   565 0.80 -
scaffold269:73282-75225   -            582 61211at147550        -            290     0.018   12.5   0.0   1   2    0.0073       2.2    5.6   0.0   189   221   345   376   341   419 0.82 -
scaffold269:73282-75225   -            582 61211at147550        -            290     0.018   12.5   0.0   2   2     0.029       8.7    3.7   0.0   195   256   475   541   440   554 0.73 -
scaffold440:10778-12017   -            388 61211at147550        -            290      0.02   12.3   0.2   1   3       2.5   7.5e+02   -2.7   0.0   156   177    47    68    45    74 0.76 -
scaffold440:10778-12017   -            388 61211at147550        -            290      0.02   12.3   0.2   2   3    0.0017      0.52    7.7   0.0   125   183   128   186   116   231 0.83 -
scaffold440:10778-12017   -            388 61211at147550        -            290      0.02   12.3   0.2   3   3      0.12        37    1.6   0.0   239   276   311   348   303   358 0.87 -
scaffold528:88245-89801   -            490 61211at147550        -            290     0.049   11.1   1.1   1   2      0.35   1.1e+02    0.1   0.3   226   289   132   196   126   197 0.64 -
scaffold528:88245-89801   -            490 61211at147550        -            290     0.049   11.1   1.1   2   2   0.00066       0.2    9.1   0.0   149   220   345   418   310   426 0.71 -
scaffold687:30891-38688   -           2204 61211at147550        -            290     0.064   10.7   0.7   1   3    0.0028      0.85    7.0   0.1   152   205    31    83    17   107 0.77 -
scaffold687:30891-38688   -           2204 61211at147550        -            290     0.064   10.7   0.7   2   3      0.39   1.2e+02   -0.0   0.0   228   276   168   217   159   223 0.81 -
scaffold687:30891-38688   -           2204 61211at147550        -            290     0.064   10.7   0.7   3   3      0.65     2e+02   -0.8   0.0     4    71   217   286   214   297 0.70 -
scaffold352:12971-15458   -            438 61211at147550        -            290       0.1   10.0   3.4   1   2      0.11        32    1.8   0.1   229   267   216   254   205   278 0.73 -
scaffold352:12971-15458   -            438 61211at147550        -            290       0.1   10.0   3.4   2   2    0.0016      0.49    7.8   0.7   157   204   330   378   307   391 0.78 -
#
# Program:         hmmsearch
# Version:         3.1b2 (February 2015)
# Pipeline mode:   SEARCH
# Query file:      /pickett_shared/projects/lwy647/discula_draft_assembly/busco_downloads/lineages/sordariomycetes_odb10/hmms/61211at147550.hmm
# Target file:     /pickett_shared/projects/lwy647/discula_draft_assembly/discula70_53.scafSeq.BUSCO/run_sordariomycetes_odb10/metaeuk_output/initial_results/discula70_53.scafSeq.modified.fas
# Option settings: hmmsearch --domtblout /pickett_shared/projects/lwy647/discula_draft_assembly/discula70_53.scafSeq.BUSCO/run_sordariomycetes_odb10/hmmer_output/initial_run_results/61211at147550.out --cpu 1 /pickett_shared/projects/lwy647/discula_draft_assembly/busco_downloads/lineages/sordariomycetes_odb10/hmms/61211at147550.hmm /pickett_shared/projects/lwy647/discula_draft_assembly/discula70_53.scafSeq.BUSCO/run_sordariomycetes_odb10/metaeuk_output/initial_results/discula70_53.scafSeq.modified.fas 
# Current dir:     /pickett_shared/projects/lwy647/discula_draft_assembly
# Date:            Thu Aug 31 18:12:00 2023
# [ok]
