#                                                                               --- full sequence --- -------------- this domain -------------   hmm coord   ali coord   env coord
# target name           accession   tlen query name           accession   qlen   E-value  score  bias   #  of  c-Evalue  i-Evalue  score  bias  from    to  from    to  from    to  acc description of target
#   ------------------- ---------- ----- -------------------- ---------- ----- --------- ------ ----- --- --- --------- --------- ------ ----- ----- ----- ----- ----- ----- ----- ---- ---------------------
scaffold227:43067-48716 -            697 64353at147550        -            233  1.8e-122  404.9   0.0   1   1  3.4e-125  3.2e-122  404.1   0.0     1   233   430   697   430   697 0.92 -
scaffold510:1015-2256   -            341 64353at147550        -            233   6.7e-06   23.5   0.0   1   1   1.1e-08   9.8e-06   22.9   0.0    49   157   128   245   105   257 0.74 -
scaffold12:19006-19890  -            295 64353at147550        -            233   9.5e-05   19.7   0.0   1   2   2.2e-07   0.00021   18.6   0.0    49   163    61   177    36   206 0.73 -
scaffold12:19006-19890  -            295 64353at147550        -            233   9.5e-05   19.7   0.0   2   2      0.57   5.2e+02   -2.3   0.0   199   218   200   219   194   226 0.79 -
scaffold388:73975-75382 -            382 64353at147550        -            233    0.0012   16.1   0.0   1   2       1.6   1.4e+03   -3.8   0.0     7    38    66    97    63   102 0.69 -
scaffold388:73975-75382 -            382 64353at147550        -            233    0.0012   16.1   0.0   2   2     3e-06    0.0027   14.9   0.0    53   157   131   235   109   244 0.74 -
scaffold202:36672-37745 -            304 64353at147550        -            233    0.0038   14.5   0.0   1   1     1e-05    0.0095   13.2   0.0    53    86    82   115    57   188 0.66 -
#
# Program:         hmmsearch
# Version:         3.1b2 (February 2015)
# Pipeline mode:   SEARCH
# Query file:      /pickett_shared/projects/lwy647/discula_draft_assembly/busco_downloads/lineages/sordariomycetes_odb10/hmms/64353at147550.hmm
# Target file:     /pickett_shared/projects/lwy647/discula_draft_assembly/discula70_53.scafSeq.BUSCO/run_sordariomycetes_odb10/metaeuk_output/initial_results/discula70_53.scafSeq.modified.fas
# Option settings: hmmsearch --domtblout /pickett_shared/projects/lwy647/discula_draft_assembly/discula70_53.scafSeq.BUSCO/run_sordariomycetes_odb10/hmmer_output/initial_run_results/64353at147550.out --cpu 1 /pickett_shared/projects/lwy647/discula_draft_assembly/busco_downloads/lineages/sordariomycetes_odb10/hmms/64353at147550.hmm /pickett_shared/projects/lwy647/discula_draft_assembly/discula70_53.scafSeq.BUSCO/run_sordariomycetes_odb10/metaeuk_output/initial_results/discula70_53.scafSeq.modified.fas 
# Current dir:     /pickett_shared/projects/lwy647/discula_draft_assembly
# Date:            Thu Aug 31 18:11:57 2023
# [ok]
