#                                                                              --- full sequence --- -------------- this domain -------------   hmm coord   ali coord   env coord
# target name          accession   tlen query name           accession   qlen   E-value  score  bias   #  of  c-Evalue  i-Evalue  score  bias  from    to  from    to  from    to  acc description of target
#  ------------------- ---------- ----- -------------------- ---------- ----- --------- ------ ----- --- --- --------- --------- ------ ----- ----- ----- ----- ----- ----- ----- ---- ---------------------
scaffold18:24197-25693 -            474 64876at147550        -            325  2.9e-158  524.0  25.2   1   2    3e-126  4.5e-123  408.4   4.2     1   253     1   295     1   304 0.88 -
scaffold18:24197-25693 -            474 64876at147550        -            325  2.9e-158  524.0  25.2   2   2   1.5e-38   2.4e-35  120.1  13.1   240   325   316   401   308   401 0.91 -
scaffold2:87181-88059  -            293 64876at147550        -            325   1.1e-06   25.9   0.1   1   2   3.9e-08     6e-05   20.2   0.1    36   193    97   239    81   246 0.77 -
scaffold2:87181-88059  -            293 64876at147550        -            325   1.1e-06   25.9   0.1   2   2    0.0045       6.9    3.6   0.0   257   285   248   279   242   291 0.72 -
scaffold12:61842-63126 -            407 64876at147550        -            325     0.019   12.0  10.6   1   3       1.5   2.3e+03   -4.7   4.4   266   313     5    51     1    59 0.65 -
scaffold12:61842-63126 -            407 64876at147550        -            325     0.019   12.0  10.6   2   3   3.7e-05     0.057   10.4   0.0    71   180   224   327   203   347 0.68 -
scaffold12:61842-63126 -            407 64876at147550        -            325     0.019   12.0  10.6   3   3   0.00016      0.25    8.3   0.1   242   278   344   380   335   385 0.85 -
#
# Program:         hmmsearch
# Version:         3.1b2 (February 2015)
# Pipeline mode:   SEARCH
# Query file:      /pickett_shared/projects/lwy647/discula_draft_assembly/busco_downloads/lineages/sordariomycetes_odb10/hmms/64876at147550.hmm
# Target file:     /pickett_shared/projects/lwy647/discula_draft_assembly/discula70_53.scafSeq.BUSCO/run_sordariomycetes_odb10/metaeuk_output/initial_results/discula70_53.scafSeq.modified.fas
# Option settings: hmmsearch --domtblout /pickett_shared/projects/lwy647/discula_draft_assembly/discula70_53.scafSeq.BUSCO/run_sordariomycetes_odb10/hmmer_output/initial_run_results/64876at147550.out --cpu 1 /pickett_shared/projects/lwy647/discula_draft_assembly/busco_downloads/lineages/sordariomycetes_odb10/hmms/64876at147550.hmm /pickett_shared/projects/lwy647/discula_draft_assembly/discula70_53.scafSeq.BUSCO/run_sordariomycetes_odb10/metaeuk_output/initial_results/discula70_53.scafSeq.modified.fas 
# Current dir:     /pickett_shared/projects/lwy647/discula_draft_assembly
# Date:            Thu Aug 31 18:12:00 2023
# [ok]
