#                                                                                 --- full sequence --- -------------- this domain -------------   hmm coord   ali coord   env coord
# target name             accession   tlen query name           accession   qlen   E-value  score  bias   #  of  c-Evalue  i-Evalue  score  bias  from    to  from    to  from    to  acc description of target
#     ------------------- ---------- ----- -------------------- ---------- ----- --------- ------ ----- --- --- --------- --------- ------ ----- ----- ----- ----- ----- ----- ----- ---- ---------------------
scaffold165:24829-25983   -            366 64928at147550        -            227  9.8e-131  432.2   6.8   1   1  8.9e-130  1.1e-127  422.2   6.8     1   227    86   355    86   355 0.90 -
scaffold243:136861-139134 -            702 64928at147550        -            227   3.2e-25   87.0   2.0   1   2   6.9e-08   8.8e-06   23.5   0.1   142   221   336   432   319   436 0.74 -
scaffold243:136861-139134 -            702 64928at147550        -            227   3.2e-25   87.0   2.0   2   2   1.1e-22   1.4e-20   71.8   0.2    21   222   396   634   388   637 0.73 -
scaffold125:148762-150125 -            279 64928at147550        -            227   5.1e-24   83.1   0.3   1   2   7.3e-05    0.0093   13.6   0.0   103   144    31    72    23    82 0.77 -
scaffold125:148762-150125 -            279 64928at147550        -            227   5.1e-24   83.1   0.3   2   2   8.3e-20   1.1e-17   62.5   0.2    53   219    85   269    77   276 0.80 -
scaffold50:150873-151857  -            311 64928at147550        -            227   5.8e-24   82.9   2.0   1   2   2.9e-17   3.7e-15   54.1   0.2    63   221     9   202     3   209 0.75 -
scaffold50:150873-151857  -            311 64928at147550        -            227   5.8e-24   82.9   2.0   2   2   1.1e-11   1.4e-09   35.9   0.1    17   145   162   303   154   309 0.76 -
scaffold383:32399-33671   -            387 64928at147550        -            227   1.2e-23   81.9   2.0   1   4   2.7e-11   3.4e-09   34.6   0.0    49   192     7   166     3   179 0.72 -
scaffold383:32399-33671   -            387 64928at147550        -            227   1.2e-23   81.9   2.0   2   4   1.1e-06   0.00014   19.6   0.0   181   224   193   235   186   238 0.89 -
scaffold383:32399-33671   -            387 64928at147550        -            227   1.2e-23   81.9   2.0   3   4      0.28        35    1.9   0.0    73    92   267   286   251   294 0.69 -
scaffold383:32399-33671   -            387 64928at147550        -            227   1.2e-23   81.9   2.0   4   4   3.7e-07   4.7e-05   21.1   0.2   184   226   337   379   319   380 0.90 -
scaffold67:39412-40320    -            303 64928at147550        -            227   1.8e-21   74.8   0.4   1   2   1.2e-11   1.6e-09   35.7   0.1   154   221     4    72     1    76 0.90 -
scaffold67:39412-40320    -            303 64928at147550        -            227   1.8e-21   74.8   0.4   2   2   8.1e-11     1e-08   33.0   0.1    60   219   116   298   108   303 0.72 -
scaffold746:77773-78709   -            290 64928at147550        -            227     3e-20   70.8   1.8   1   3   6.7e-06   0.00085   17.0   0.1    67   182     3   125     1   136 0.64 -
scaffold746:77773-78709   -            290 64928at147550        -            227     3e-20   70.8   1.8   2   3   1.7e-08   2.2e-06   25.5   0.1   183   224   150   192   142   195 0.90 -
scaffold746:77773-78709   -            290 64928at147550        -            227     3e-20   70.8   1.8   3   3   1.2e-07   1.5e-05   22.7   0.0   184   222   250   288   198   290 0.67 -
scaffold250:176405-177698 -            413 64928at147550        -            227   6.3e-19   66.5   0.4   1   5    0.0034      0.44    8.1   0.0    73   103    33    66    17    75 0.72 -
scaffold250:176405-177698 -            413 64928at147550        -            227   6.3e-19   66.5   0.4   2   5   3.7e-06   0.00047   17.8   0.0   170   221   117   168    78   174 0.78 -
scaffold250:176405-177698 -            413 64928at147550        -            227   6.3e-19   66.5   0.4   3   5   0.00015     0.019   12.5   0.0    63   133   186   251   175   267 0.77 -
scaffold250:176405-177698 -            413 64928at147550        -            227   6.3e-19   66.5   0.4   4   5     0.026       3.3    5.2   0.0   155   186   304   335   294   340 0.87 -
scaffold250:176405-177698 -            413 64928at147550        -            227   6.3e-19   66.5   0.4   5   5   9.8e-06    0.0012   16.4   0.0   162   221   340   397   335   402 0.78 -
scaffold107:316207-317403 -            336 64928at147550        -            227   8.9e-18   62.7   1.0   1   2   0.00022     0.028   12.0   0.0    57   104    42    89    30    96 0.80 -
scaffold107:316207-317403 -            336 64928at147550        -            227   8.9e-18   62.7   1.0   2   2   1.7e-15   2.2e-13   48.4   0.7    19   225    82   332    74   334 0.73 -
scaffold71:587740-588843  -            349 64928at147550        -            227   8.2e-17   59.6   0.0   1   3   0.00021     0.026   12.1   0.0   151   224     1    89     1    92 0.77 -
scaffold71:587740-588843  -            349 64928at147550        -            227   8.2e-17   59.6   0.0   2   3     3e-12   3.9e-10   37.7   0.0    30   183    59   232    59   243 0.74 -
scaffold71:587740-588843  -            349 64928at147550        -            227   8.2e-17   59.6   0.0   3   3    0.0087       1.1    6.8   0.0   184   225   302   343   287   345 0.86 -
scaffold249:67870-68960   -            341 64928at147550        -            227   2.3e-16   58.1   0.0   1   4     0.046       5.8    4.4   0.0   165   194    33    59    27    86 0.59 -
scaffold249:67870-68960   -            341 64928at147550        -            227   2.3e-16   58.1   0.0   2   4   1.9e-05    0.0024   15.5   0.0   175   218    80   123    67   131 0.82 -
scaffold249:67870-68960   -            341 64928at147550        -            227   2.3e-16   58.1   0.0   3   4   1.2e-05    0.0015   16.1   0.0    61   147   143   232   137   244 0.74 -
scaffold249:67870-68960   -            341 64928at147550        -            227   2.3e-16   58.1   0.0   4   4   6.8e-06   0.00087   16.9   0.0   181   218   304   341   283   341 0.86 -
scaffold495:60026-62657   -            662 64928at147550        -            227   5.7e-16   56.8   5.2   1   5         4   5.1e+02   -1.9   0.0    50    76   140   166   133   186 0.78 -
scaffold495:60026-62657   -            662 64928at147550        -            227   5.7e-16   56.8   5.2   2   5       2.3   2.9e+02   -1.1   0.0   158   180   353   375   341   383 0.83 -
scaffold495:60026-62657   -            662 64928at147550        -            227   5.7e-16   56.8   5.2   3   5   7.9e-05      0.01   13.5   0.1   183   224   409   450   402   453 0.92 -
scaffold495:60026-62657   -            662 64928at147550        -            227   5.7e-16   56.8   5.2   4   5   0.00057     0.072   10.7   0.1   180   223   508   551   461   555 0.85 -
scaffold495:60026-62657   -            662 64928at147550        -            227   5.7e-16   56.8   5.2   5   5   2.1e-08   2.6e-06   25.2   0.1   152   221   571   656   561   660 0.78 -
scaffold261:73093-74152   -            294 64928at147550        -            227   1.1e-15   55.8   0.2   1   2     0.054       6.9    4.2   0.0    63    90     8    34     2    40 0.69 -
scaffold261:73093-74152   -            294 64928at147550        -            227   1.1e-15   55.8   0.2   2   2   6.3e-14     8e-12   43.2   0.0    18   221    43   291    36   294 0.70 -
scaffold407:15648-16109   -            154 64928at147550        -            227   3.1e-15   54.4   0.1   1   1   9.9e-17   1.3e-14   52.4   0.1   100   222     1   147     1   152 0.77 -
scaffold186:16001-16857   -            269 64928at147550        -            227   3.3e-15   54.3   0.2   1   2   0.00015     0.019   12.6   0.0   102   182    16   108     2   110 0.68 -
scaffold186:16001-16857   -            269 64928at147550        -            227   3.3e-15   54.3   0.2   2   2   2.4e-12     3e-10   38.1   0.1    62   221    82   262    66   268 0.69 -
scaffold337:19676-20674   -            313 64928at147550        -            227   7.7e-15   53.1   0.3   1   3    0.0016      0.21    9.2   0.0   154   185    14    45     7    76 0.80 -
scaffold337:19676-20674   -            313 64928at147550        -            227   7.7e-15   53.1   0.3   2   3      0.56        71    0.9   0.0   114   128    62    76    49    90 0.66 -
scaffold337:19676-20674   -            313 64928at147550        -            227   7.7e-15   53.1   0.3   3   3   6.1e-11   7.7e-09   33.5   0.3    67   222   122   308   113   311 0.67 -
scaffold256:111763-112901 -            307 64928at147550        -            227   4.4e-13   47.4   3.7   1   1   8.3e-12   1.1e-09   36.3   3.7     2   221    35   298    34   303 0.69 -
scaffold410:84210-85462   -            395 64928at147550        -            227   1.3e-12   45.8   0.8   1   3   2.6e-09   3.3e-07   28.2   0.0    67   183    71   195    56   240 0.77 -
scaffold410:84210-85462   -            395 64928at147550        -            227   1.3e-12   45.8   0.8   2   3      0.17        22    2.5   0.0   188   220   243   275   218   282 0.71 -
scaffold410:84210-85462   -            395 64928at147550        -            227   1.3e-12   45.8   0.8   3   3   0.00023      0.03   11.9   0.0    63   150   311   392   304   395 0.67 -
scaffold125:101463-102538 -            334 64928at147550        -            227   1.3e-12   45.8   4.1   1   2     0.012       1.5    6.4   0.0    55    89    42    75     5    88 0.80 -
scaffold125:101463-102538 -            334 64928at147550        -            227   1.3e-12   45.8   4.1   2   2   2.4e-11   3.1e-09   34.8   1.5    63   220   151   329    79   332 0.64 -
scaffold256:156532-157695 -            291 64928at147550        -            227   1.7e-12   45.4   1.0   1   2   2.9e-08   3.7e-06   24.7   0.0    65   164     3   100     1   147 0.80 -
scaffold256:156532-157695 -            291 64928at147550        -            227   1.7e-12   45.4   1.0   2   2   1.9e-06   0.00025   18.7   0.5    13   134   144   269   132   284 0.79 -
scaffold199:62035-62523   -            163 64928at147550        -            227   2.3e-11   41.7   1.1   1   1   8.1e-11     1e-08   33.1   1.1   102   221    14   158     1   162 0.72 -
scaffold691:3808-4867     -            292 64928at147550        -            227   2.7e-11   41.5   0.1   1   3    0.0022      0.28    8.8   0.0    61    92     5    35     1    43 0.74 -
scaffold691:3808-4867     -            292 64928at147550        -            227   2.7e-11   41.5   0.1   2   3    0.0001     0.013   13.1   0.0   148   202    98   152    92   165 0.81 -
scaffold691:3808-4867     -            292 64928at147550        -            227   2.7e-11   41.5   0.1   3   3     0.012       1.6    6.3   0.0   183   220   250   287   199   292 0.72 -
scaffold237:398-1420      -            341 64928at147550        -            227   4.3e-11   40.8   0.2   1   3   0.00023     0.029   11.9   0.0    62    94     9    40     2    47 0.73 -
scaffold237:398-1420      -            341 64928at147550        -            227   4.3e-11   40.8   0.2   2   3    0.0022      0.28    8.7   0.0    60   144   124   200   114   208 0.71 -
scaffold237:398-1420      -            341 64928at147550        -            227   4.3e-11   40.8   0.2   3   3   4.8e-05    0.0061   14.2   0.1    63   146   246   339   239   341 0.68 -
scaffold539:47160-47918   -            253 64928at147550        -            227   9.4e-11   39.7   1.2   1   3       6.5   8.3e+02   -2.6   0.0   193   202    16    25     5    40 0.66 -
scaffold539:47160-47918   -            253 64928at147550        -            227   9.4e-11   39.7   1.2   2   3   1.5e-06   0.00019   19.1   0.3    62   173    68   177    55   200 0.74 -
scaffold539:47160-47918   -            253 64928at147550        -            227   9.4e-11   39.7   1.2   3   3   1.8e-06   0.00023   18.8   0.0   185   219   218   252   212   253 0.90 -
scaffold66:134158-135383  -            316 64928at147550        -            227   5.7e-10   37.2   0.4   1   2     0.004      0.51    7.9   0.0   152   202     7    66     2    89 0.66 -
scaffold66:134158-135383  -            316 64928at147550        -            227   5.7e-10   37.2   0.4   2   2   2.2e-05    0.0028   15.3   0.0     8    65   166   223   160   236 0.89 -
scaffold56:148517-149755  -            291 64928at147550        -            227   1.1e-09   36.2   0.1   1   1     2e-10   2.6e-08   31.8   0.1    79   214   130   275   102   287 0.65 -
scaffold422:146478-147320 -            281 64928at147550        -            227   1.1e-09   36.2   0.9   1   1   8.4e-11   1.1e-08   33.0   0.9    13   206    56   279    43   281 0.69 -
scaffold50:300337-300888  -            184 64928at147550        -            227   2.6e-09   35.0   0.7   1   3      0.31        40    1.7   0.0    69    93     8    32     1    37 0.73 -
scaffold50:300337-300888  -            184 64928at147550        -            227   2.6e-09   35.0   0.7   2   3     0.013       1.6    6.2   0.0   185   224    42    81    37    83 0.91 -
scaffold50:300337-300888  -            184 64928at147550        -            227   2.6e-09   35.0   0.7   3   3   1.8e-07   2.3e-05   22.1   0.0   159   218   114   184   109   184 0.81 -
scaffold521:1081-1482     -            134 64928at147550        -            227   1.3e-08   32.7   0.1   1   1   6.1e-10   7.8e-08   30.2   0.1    23   130     7   125     2   132 0.73 -
scaffold741:10149-13663   -            842 64928at147550        -            227   4.8e-08   30.9   2.9   1   4       4.9   6.2e+02   -2.2   0.0   168   202    15    49    13    62 0.78 -
scaffold741:10149-13663   -            842 64928at147550        -            227   4.8e-08   30.9   2.9   2   4    0.0086       1.1    6.8   0.1    63    92    88   116    64   165 0.63 -
scaffold741:10149-13663   -            842 64928at147550        -            227   4.8e-08   30.9   2.9   3   4     0.038       4.9    4.7   0.2    56    91   178   212   120   218 0.59 -
scaffold741:10149-13663   -            842 64928at147550        -            227   4.8e-08   30.9   2.9   4   4   1.4e-05    0.0018   15.9   0.0    12   156   216   369   213   372 0.74 -
scaffold289:152729-153656 -            261 64928at147550        -            227   5.7e-07   27.3   8.8   1   2   5.4e-06   0.00069   17.3   2.9   111   223    25   161    11   165 0.74 -
scaffold289:152729-153656 -            261 64928at147550        -            227   5.7e-07   27.3   8.8   2   2     0.012       1.5    6.4   0.3   153   217   175   254   169   258 0.73 -
scaffold113:24486-25067   -            194 64928at147550        -            227   5.5e-06   24.1   0.3   1   3     0.071         9    3.8   0.0    70    90     4    26     1    34 0.70 -
scaffold113:24486-25067   -            194 64928at147550        -            227   5.5e-06   24.1   0.3   2   3    0.0017      0.21    9.1   0.1    18    89    37   118    26   129 0.60 -
scaffold113:24486-25067   -            194 64928at147550        -            227   5.5e-06   24.1   0.3   3   3    0.0043      0.55    7.8   0.0   193   221   166   194   139   194 0.86 -
scaffold336:9804-10619    -            272 64928at147550        -            227   6.9e-06   23.8   9.6   1   4      0.28        35    1.9   0.0   171   185     3    17     1    22 0.73 -
scaffold336:9804-10619    -            272 64928at147550        -            227   6.9e-06   23.8   9.6   2   4   0.00048     0.061   10.9   0.7    14    65    22    73    15   119 0.83 -
scaffold336:9804-10619    -            272 64928at147550        -            227   6.9e-06   23.8   9.6   3   4     5e-05    0.0063   14.1   0.1   186   225   128   167   122   169 0.92 -
scaffold336:9804-10619    -            272 64928at147550        -            227   6.9e-06   23.8   9.6   4   4       1.3   1.6e+02   -0.3   0.1   170   183   202   215   176   269 0.49 -
scaffold97:23082-24437    -            317 64928at147550        -            227   1.6e-05   22.6   4.1   1   2   6.6e-05    0.0084   13.7   1.0   101   192    41   142    26   150 0.69 -
scaffold97:23082-24437    -            317 64928at147550        -            227   1.6e-05   22.6   4.1   2   2     0.046       5.8    4.4   0.0    10    43   234   267   228   302 0.65 -
scaffold265:27886-28902   -            295 64928at147550        -            227   0.00017   19.3   0.6   1   3       1.5   1.9e+02   -0.5   0.0    67    91    28    52    15    63 0.71 -
scaffold265:27886-28902   -            295 64928at147550        -            227   0.00017   19.3   0.6   2   3   0.00095      0.12    9.9   0.1    62   141   109   189    86   197 0.66 -
scaffold265:27886-28902   -            295 64928at147550        -            227   0.00017   19.3   0.6   3   3     0.022       2.8    5.5   0.0   105   202   254   278   217   289 0.58 -
scaffold535:242768-243667 -            300 64928at147550        -            227     0.046   11.3   5.1   1   2      0.14        18    2.8   0.2    64    89    40    67     5   135 0.75 -
scaffold535:242768-243667 -            300 64928at147550        -            227     0.046   11.3   5.1   2   2    0.0029      0.37    8.3   1.1    63    88   177   204   171   286 0.82 -
#
# Program:         hmmsearch
# Version:         3.1b2 (February 2015)
# Pipeline mode:   SEARCH
# Query file:      /pickett_shared/projects/lwy647/discula_draft_assembly/busco_downloads/lineages/sordariomycetes_odb10/hmms/64928at147550.hmm
# Target file:     /pickett_shared/projects/lwy647/discula_draft_assembly/discula70_53.scafSeq.BUSCO/run_sordariomycetes_odb10/metaeuk_output/initial_results/discula70_53.scafSeq.modified.fas
# Option settings: hmmsearch --domtblout /pickett_shared/projects/lwy647/discula_draft_assembly/discula70_53.scafSeq.BUSCO/run_sordariomycetes_odb10/hmmer_output/initial_run_results/64928at147550.out --cpu 1 /pickett_shared/projects/lwy647/discula_draft_assembly/busco_downloads/lineages/sordariomycetes_odb10/hmms/64928at147550.hmm /pickett_shared/projects/lwy647/discula_draft_assembly/discula70_53.scafSeq.BUSCO/run_sordariomycetes_odb10/metaeuk_output/initial_results/discula70_53.scafSeq.modified.fas 
# Current dir:     /pickett_shared/projects/lwy647/discula_draft_assembly
# Date:            Thu Aug 31 18:12:00 2023
# [ok]
