#                                                                                 --- full sequence --- -------------- this domain -------------   hmm coord   ali coord   env coord
# target name             accession   tlen query name           accession   qlen   E-value  score  bias   #  of  c-Evalue  i-Evalue  score  bias  from    to  from    to  from    to  acc description of target
#     ------------------- ---------- ----- -------------------- ---------- ----- --------- ------ ----- --- --- --------- --------- ------ ----- ----- ----- ----- ----- ----- ----- ---- ---------------------
scaffold486:11278-12903   -            542 66674at147550        -            294  1.1e-133  443.2  32.7   1   2  6.8e-132  1.6e-129  429.5  27.1     7   294    26   365    20   365 0.88 -
scaffold486:11278-12903   -            542 66674at147550        -            294  1.1e-133  443.2  32.7   2   2    0.0014      0.33    8.3   0.3   256   292   499   535   470   537 0.80 -
scaffold50:41490-42870    -            438 66674at147550        -            294   2.6e-21   74.3   0.0   1   1   1.5e-23   3.7e-21   73.8   0.0     8    83     4    78     2    94 0.92 -
scaffold528:30837-32136   -            378 66674at147550        -            294   8.6e-20   69.3   0.1   1   1     5e-22   1.2e-19   68.8   0.1     8    75     4    70     2    80 0.90 -
scaffold780:31428-33292   -            574 66674at147550        -            294   5.8e-18   63.3   0.9   1   2       2.3   5.5e+02   -2.3   0.9   183   240   363   421   346   427 0.65 -
scaffold780:31428-33292   -            574 66674at147550        -            294   5.8e-18   63.3   0.9   2   2   2.4e-20   5.8e-18   63.3   0.9     4    76   431   503   428   510 0.91 -
scaffold250:248635-250411 -            518 66674at147550        -            294   1.5e-17   61.9   0.4   1   3   6.4e-20   1.5e-17   61.9   0.4     8    74     4    69     2    76 0.94 -
scaffold250:248635-250411 -            518 66674at147550        -            294   1.5e-17   61.9   0.4   2   3       6.2   1.5e+03   -3.7   0.7   226   245   126   145   116   156 0.56 -
scaffold250:248635-250411 -            518 66674at147550        -            294   1.5e-17   61.9   0.4   3   3       1.2   2.9e+02   -1.4   0.7   247   281   473   507   435   512 0.83 -
scaffold199:63496-65118   -            521 66674at147550        -            294   8.3e-16   56.2   1.0   1   1   7.4e-18   1.8e-15   55.1   1.0     4    74   397   470   394   475 0.89 -
C196212:1-1325            -            414 66674at147550        -            294     1e-15   56.0  26.2   1   2   1.8e-11   4.4e-09   34.2   0.6     8    75    99   170    93   176 0.83 -
C196212:1-1325            -            414 66674at147550        -            294     1e-15   56.0  26.2   2   2   6.2e-09   1.5e-06   25.8  19.3   127   254   210   339   189   365 0.88 -
scaffold27:245841-247301  -            454 66674at147550        -            294   2.9e-14   51.2   0.2   1   1   1.8e-16   4.4e-14   50.6   0.2    12    77    19    82    12    88 0.91 -
scaffold495:73254-74378   -            375 66674at147550        -            294   5.6e-12   43.7   0.2   1   1   3.5e-14   8.6e-12   43.1   0.2     6    74    44   113    39   116 0.87 -
scaffold222:65058-65984   -            253 66674at147550        -            294   8.5e-12   43.1   0.1   1   1   6.9e-14   1.7e-11   42.1   0.1    14    77     1    67     1    74 0.88 -
scaffold311:55529-56867   -            407 66674at147550        -            294   1.6e-10   38.9   0.1   1   1     1e-12   2.4e-10   38.3   0.1    10    76    23    90    19   115 0.89 -
scaffold780:27791-30031   -            727 66674at147550        -            294   1.2e-07   29.4   0.1   1   1   1.1e-09   2.6e-07   28.3   0.1    11    72   108   175    99   183 0.82 -
scaffold222:59490-60950   -            450 66674at147550        -            294   2.1e-07   28.6   3.0   1   2   2.7e-09   6.6e-07   27.0   0.1     7    50    41    84    35    93 0.84 -
scaffold222:59490-60950   -            450 66674at147550        -            294   2.1e-07   28.6   3.0   2   2      0.16        39    1.5   0.3   169   184   237   252   230   277 0.83 -
scaffold70:14346-15404    -            353 66674at147550        -            294   4.4e-07   27.6   0.0   1   1   3.1e-09   7.5e-07   26.8   0.0    11    83    60   131    54   145 0.88 -
scaffold581:17417-18433   -            339 66674at147550        -            294   1.3e-05   22.7   0.3   1   1   7.8e-08   1.9e-05   22.2   0.3    34    77     1    45     1    52 0.87 -
scaffold410:43555-44303   -            222 66674at147550        -            294   0.00016   19.2   0.0   1   2   6.7e-07   0.00016   19.2   0.0    10    73    41   102    35   119 0.87 -
scaffold410:43555-44303   -            222 66674at147550        -            294   0.00016   19.2   0.0   2   2       7.2   1.7e+03   -3.9   5.8   165   237   144   181   114   199 0.57 -
scaffold406:99024-100682  -            553 66674at147550        -            294   0.00027   18.4   0.3   1   2   0.00032     0.077   10.4   0.1   215   282   254   320   240   332 0.81 -
scaffold406:99024-100682  -            553 66674at147550        -            294   0.00027   18.4   0.3   2   2    0.0073       1.8    5.9   0.0   236   280   350   395   321   405 0.74 -
scaffold158:23704-24225   -            174 66674at147550        -            294    0.0072   13.8   0.5   1   1   3.7e-05    0.0089   13.4   0.2   250   289    16    55     4    62 0.82 -
scaffold357:45268-47055   -            566 66674at147550        -            294     0.022   12.2   4.8   1   3       4.9   1.2e+03   -3.4   0.0   252   279    19    46    11    56 0.78 -
scaffold357:45268-47055   -            566 66674at147550        -            294     0.022   12.2   4.8   2   3   8.9e-05     0.022   12.2   0.5   249   282    80   113    61   123 0.82 -
scaffold357:45268-47055   -            566 66674at147550        -            294     0.022   12.2   4.8   3   3       0.3        72    0.6   0.2   252   283   275   306   269   315 0.87 -
#
# Program:         hmmsearch
# Version:         3.1b2 (February 2015)
# Pipeline mode:   SEARCH
# Query file:      /pickett_shared/projects/lwy647/discula_draft_assembly/busco_downloads/lineages/sordariomycetes_odb10/hmms/66674at147550.hmm
# Target file:     /pickett_shared/projects/lwy647/discula_draft_assembly/discula70_53.scafSeq.BUSCO/run_sordariomycetes_odb10/metaeuk_output/initial_results/discula70_53.scafSeq.modified.fas
# Option settings: hmmsearch --domtblout /pickett_shared/projects/lwy647/discula_draft_assembly/discula70_53.scafSeq.BUSCO/run_sordariomycetes_odb10/hmmer_output/initial_run_results/66674at147550.out --cpu 1 /pickett_shared/projects/lwy647/discula_draft_assembly/busco_downloads/lineages/sordariomycetes_odb10/hmms/66674at147550.hmm /pickett_shared/projects/lwy647/discula_draft_assembly/discula70_53.scafSeq.BUSCO/run_sordariomycetes_odb10/metaeuk_output/initial_results/discula70_53.scafSeq.modified.fas 
# Current dir:     /pickett_shared/projects/lwy647/discula_draft_assembly
# Date:            Thu Aug 31 18:12:02 2023
# [ok]
