#                                                                                 --- full sequence --- -------------- this domain -------------   hmm coord   ali coord   env coord
# target name             accession   tlen query name           accession   qlen   E-value  score  bias   #  of  c-Evalue  i-Evalue  score  bias  from    to  from    to  from    to  acc description of target
#     ------------------- ---------- ----- -------------------- ---------- ----- --------- ------ ----- --- --- --------- --------- ------ ----- ----- ----- ----- ----- ----- ----- ---- ---------------------
scaffold513:18096-19752   -            505 68973at147550        -            371  2.2e-194  643.7   2.5   1   3   2.1e-09   2.4e-06   25.0   1.0     1    33     1    33     1    43 0.93 -
scaffold513:18096-19752   -            505 68973at147550        -            371  2.2e-194  643.7   2.5   2   3   1.1e-20   1.3e-17   62.1   0.0    35   105    99   169    78   187 0.85 -
scaffold513:18096-19752   -            505 68973at147550        -            371  2.2e-194  643.7   2.5   3   3  2.4e-170  2.7e-167  554.6   0.1    85   371   192   505   181   505 0.90 -
scaffold385:143651-147865 -            552 68973at147550        -            371   4.2e-38  129.5   0.2   1   2       1.3   1.5e+03   -4.0   0.9    89   136    28    77    21    88 0.56 -
scaffold385:143651-147865 -            552 68973at147550        -            371   4.2e-38  129.5   0.2   2   2   3.7e-41   4.2e-38  129.5   0.2   155   351   267   445   253   455 0.84 -
scaffold648:24886-26222   -            424 68973at147550        -            371   1.3e-18   65.4   0.1   1   1   2.1e-21   2.4e-18   64.5   0.1   235   361   164   291   159   298 0.87 -
scaffold149:27849-30233   -            795 68973at147550        -            371   2.9e-05   21.4   0.0   1   1   7.9e-08     9e-05   19.8   0.0   181   282   160   269   152   276 0.75 -
#
# Program:         hmmsearch
# Version:         3.1b2 (February 2015)
# Pipeline mode:   SEARCH
# Query file:      /pickett_shared/projects/lwy647/discula_draft_assembly/busco_downloads/lineages/sordariomycetes_odb10/hmms/68973at147550.hmm
# Target file:     /pickett_shared/projects/lwy647/discula_draft_assembly/discula70_53.scafSeq.BUSCO/run_sordariomycetes_odb10/metaeuk_output/initial_results/discula70_53.scafSeq.modified.fas
# Option settings: hmmsearch --domtblout /pickett_shared/projects/lwy647/discula_draft_assembly/discula70_53.scafSeq.BUSCO/run_sordariomycetes_odb10/hmmer_output/initial_run_results/68973at147550.out --cpu 1 /pickett_shared/projects/lwy647/discula_draft_assembly/busco_downloads/lineages/sordariomycetes_odb10/hmms/68973at147550.hmm /pickett_shared/projects/lwy647/discula_draft_assembly/discula70_53.scafSeq.BUSCO/run_sordariomycetes_odb10/metaeuk_output/initial_results/discula70_53.scafSeq.modified.fas 
# Current dir:     /pickett_shared/projects/lwy647/discula_draft_assembly
# Date:            Thu Aug 31 18:11:58 2023
# [ok]
