#                                                                                --- full sequence --- -------------- this domain -------------   hmm coord   ali coord   env coord
# target name            accession   tlen query name           accession   qlen   E-value  score  bias   #  of  c-Evalue  i-Evalue  score  bias  from    to  from    to  from    to  acc description of target
#    ------------------- ---------- ----- -------------------- ---------- ----- --------- ------ ----- --- --- --------- --------- ------ ----- ----- ----- ----- ----- ----- ----- ---- ---------------------
scaffold71:401984-403945 -            654 75748at147550        -            152   3.3e-31  106.3  20.2   1   7   0.00012      0.53    8.2   0.0     2    23    82   103    81   111 0.88 -
scaffold71:401984-403945 -            654 75748at147550        -            152   3.3e-31  106.3  20.2   2   7     0.024   1.1e+02    0.7   0.0    13    32   130   149   120   152 0.79 -
scaffold71:401984-403945 -            654 75748at147550        -            152   3.3e-31  106.3  20.2   3   7      0.33   1.5e+03   -3.0   0.1    69    95   195   222   189   229 0.60 -
scaffold71:401984-403945 -            654 75748at147550        -            152   3.3e-31  106.3  20.2   4   7   1.5e-12   6.7e-09   33.9   0.0    34    60   257   283   237   294 0.85 -
scaffold71:401984-403945 -            654 75748at147550        -            152   3.3e-31  106.3  20.2   5   7   1.4e-05     0.063   11.2   0.0    58    79   304   325   299   327 0.89 -
scaffold71:401984-403945 -            654 75748at147550        -            152   3.3e-31  106.3  20.2   6   7   1.1e-17   4.9e-14   50.5   4.1    82   144   531   593   502   596 0.77 -
scaffold71:401984-403945 -            654 75748at147550        -            152   3.3e-31  106.3  20.2   7   7   0.00022         1    7.3   0.0   128   146   620   638   616   653 0.85 -
#
# Program:         hmmsearch
# Version:         3.1b2 (February 2015)
# Pipeline mode:   SEARCH
# Query file:      /pickett_shared/projects/lwy647/discula_draft_assembly/busco_downloads/lineages/sordariomycetes_odb10/hmms/75748at147550.hmm
# Target file:     /pickett_shared/projects/lwy647/discula_draft_assembly/discula70_53.scafSeq.BUSCO/run_sordariomycetes_odb10/metaeuk_output/initial_results/discula70_53.scafSeq.modified.fas
# Option settings: hmmsearch --domtblout /pickett_shared/projects/lwy647/discula_draft_assembly/discula70_53.scafSeq.BUSCO/run_sordariomycetes_odb10/hmmer_output/initial_run_results/75748at147550.out --cpu 1 /pickett_shared/projects/lwy647/discula_draft_assembly/busco_downloads/lineages/sordariomycetes_odb10/hmms/75748at147550.hmm /pickett_shared/projects/lwy647/discula_draft_assembly/discula70_53.scafSeq.BUSCO/run_sordariomycetes_odb10/metaeuk_output/initial_results/discula70_53.scafSeq.modified.fas 
# Current dir:     /pickett_shared/projects/lwy647/discula_draft_assembly
# Date:            Thu Aug 31 18:12:00 2023
# [ok]
