#                                                                                 --- full sequence --- -------------- this domain -------------   hmm coord   ali coord   env coord
# target name             accession   tlen query name           accession   qlen   E-value  score  bias   #  of  c-Evalue  i-Evalue  score  bias  from    to  from    to  from    to  acc description of target
#     ------------------- ---------- ----- -------------------- ---------- ----- --------- ------ ----- --- --- --------- --------- ------ ----- ----- ----- ----- ----- ----- ----- ---- ---------------------
scaffold102:135595-136486 -            264 76448at147550        -            208  8.1e-105  347.0   0.2   1   2   5.9e-36   6.7e-33  112.1   0.1     1    73     3    79     3    96 0.93 -
scaffold102:135595-136486 -            264 76448at147550        -            208  8.1e-105  347.0   0.2   2   2   4.6e-73   5.3e-70  233.3   0.0    74   205   122   257   107   263 0.94 -
scaffold10:7497-8563      -            273 76448at147550        -            208   1.3e-42  143.8   0.0   1   1   1.7e-45   1.9e-42  143.3   0.0     5   192    40   236    37   241 0.88 -
scaffold337:45149-45724   -            192 76448at147550        -            208     9e-20   69.2   0.0   1   2   2.7e-16   3.1e-13   47.9   0.0     6   111     3   123     1   140 0.70 -
scaffold337:45149-45724   -            192 76448at147550        -            208     9e-20   69.2   0.0   2   2   1.5e-07   0.00018   19.3   0.0   156   199   144   189   139   192 0.84 -
scaffold372:32533-33259   -            177 76448at147550        -            208   0.00098   16.8   0.0   1   2   1.6e-06    0.0018   16.0   0.0     6    43     7    44     2    73 0.84 -
scaffold372:32533-33259   -            177 76448at147550        -            208   0.00098   16.8   0.0   2   2       1.5   1.8e+03   -3.6   0.0   107   128    92   113    91   117 0.78 -
#
# Program:         hmmsearch
# Version:         3.1b2 (February 2015)
# Pipeline mode:   SEARCH
# Query file:      /pickett_shared/projects/lwy647/discula_draft_assembly/busco_downloads/lineages/sordariomycetes_odb10/hmms/76448at147550.hmm
# Target file:     /pickett_shared/projects/lwy647/discula_draft_assembly/discula70_53.scafSeq.BUSCO/run_sordariomycetes_odb10/metaeuk_output/initial_results/discula70_53.scafSeq.modified.fas
# Option settings: hmmsearch --domtblout /pickett_shared/projects/lwy647/discula_draft_assembly/discula70_53.scafSeq.BUSCO/run_sordariomycetes_odb10/hmmer_output/initial_run_results/76448at147550.out --cpu 1 /pickett_shared/projects/lwy647/discula_draft_assembly/busco_downloads/lineages/sordariomycetes_odb10/hmms/76448at147550.hmm /pickett_shared/projects/lwy647/discula_draft_assembly/discula70_53.scafSeq.BUSCO/run_sordariomycetes_odb10/metaeuk_output/initial_results/discula70_53.scafSeq.modified.fas 
# Current dir:     /pickett_shared/projects/lwy647/discula_draft_assembly
# Date:            Thu Aug 31 18:12:04 2023
# [ok]
