#                                                                                 --- full sequence --- -------------- this domain -------------   hmm coord   ali coord   env coord
# target name             accession   tlen query name           accession   qlen   E-value  score  bias   #  of  c-Evalue  i-Evalue  score  bias  from    to  from    to  from    to  acc description of target
#     ------------------- ---------- ----- -------------------- ---------- ----- --------- ------ ----- --- --- --------- --------- ------ ----- ----- ----- ----- ----- ----- ----- ---- ---------------------
scaffold763:72440-73604   -            333 77803at147550        -            236   8.2e-74  246.2   0.8   1   2   7.4e-47   8.7e-45  151.2   0.0    11   153    39   198    37   203 0.89 -
scaffold763:72440-73604   -            333 77803at147550        -            236   8.2e-74  246.2   0.8   2   2   3.6e-29   4.2e-27   93.3   0.3   153   234   244   333   229   333 0.89 -
scaffold679:35697-36815   -            373 77803at147550        -            236     1e-22   79.0   0.2   1   6      0.14        17    3.0   0.0    81   112     7    38     3    44 0.87 -
scaffold679:35697-36815   -            373 77803at147550        -            236     1e-22   79.0   0.2   2   6   9.4e-05     0.011   13.4   0.0    77   137    45   106    38   125 0.77 -
scaffold679:35697-36815   -            373 77803at147550        -            236     1e-22   79.0   0.2   3   6    0.0024      0.28    8.8   0.0    76   153    86   165    81   167 0.76 -
scaffold679:35697-36815   -            373 77803at147550        -            236     1e-22   79.0   0.2   4   6    0.0029      0.34    8.5   0.0    81   149   133   202   125   207 0.82 -
scaffold679:35697-36815   -            373 77803at147550        -            236     1e-22   79.0   0.2   5   6   0.00042      0.05   11.2   0.0    81   112   260   291   250   296 0.89 -
scaffold679:35697-36815   -            373 77803at147550        -            236     1e-22   79.0   0.2   6   6   9.3e-08   1.1e-05   23.2   0.0    78   137   299   359   292   373 0.80 -
scaffold21:4735-6274      -            489 77803at147550        -            236   4.1e-22   77.0   1.3   1   2     0.021       2.4    5.7   0.0     4    43    75   115    72   139 0.70 -
scaffold21:4735-6274      -            489 77803at147550        -            236   4.1e-22   77.0   1.3   2   2   5.6e-22   6.6e-20   69.8   0.3    63   152   172   268   166   272 0.85 -
scaffold679:36393-37040   -            216 77803at147550        -            236   1.2e-15   55.8   0.5   1   3   0.00018     0.021   12.4   0.0    80   112    27    59     8    62 0.89 -
scaffold679:36393-37040   -            216 77803at147550        -            236   1.2e-15   55.8   0.5   2   3   2.3e-08   2.7e-06   25.2   0.0    78   146    67   137    59   145 0.78 -
scaffold679:36393-37040   -            216 77803at147550        -            236   1.2e-15   55.8   0.5   3   3    0.0001     0.012   13.2   0.1    78   113   151   186   140   213 0.82 -
scaffold721:13595-16468   -            958 77803at147550        -            236   8.5e-15   53.0   1.0   1   5    0.0032      0.37    8.4   0.0    57   134    78   158    63   185 0.73 -
scaffold721:13595-16468   -            958 77803at147550        -            236   8.5e-15   53.0   1.0   2   5   3.6e-05    0.0043   14.7   0.0    79   112   423   455   388   466 0.89 -
scaffold721:13595-16468   -            958 77803at147550        -            236   8.5e-15   53.0   1.0   3   5   0.00062     0.072   10.7   0.1    54   124   477   549   460   598 0.77 -
scaffold721:13595-16468   -            958 77803at147550        -            236   8.5e-15   53.0   1.0   4   5      0.99   1.2e+02    0.2   0.0    81   110   605   634   587   637 0.86 -
scaffold721:13595-16468   -            958 77803at147550        -            236   8.5e-15   53.0   1.0   5   5   0.00055     0.065   10.9   0.0    74   112   687   725   681   751 0.88 -
scaffold8:77148-79251     -            607 77803at147550        -            236   1.5e-14   52.3   0.0   1   4      0.14        17    3.0   0.0    80   103   301   324   291   335 0.85 -
scaffold8:77148-79251     -            607 77803at147550        -            236   1.5e-14   52.3   0.0   2   4   4.7e-09   5.5e-07   27.5   0.0    86   159   354   429   348   433 0.84 -
scaffold8:77148-79251     -            607 77803at147550        -            236   1.5e-14   52.3   0.0   3   4   3.7e-05    0.0044   14.7   0.0    86   152   437   507   431   529 0.82 -
scaffold8:77148-79251     -            607 77803at147550        -            236   1.5e-14   52.3   0.0   4   4       0.4        47    1.5   0.0    78   114   570   606   542   607 0.85 -
scaffold255:80910-83161   -            706 77803at147550        -            236   5.5e-10   37.3   0.0   1   3       0.3        35    1.9   0.0    82   112   321   353   301   368 0.81 -
scaffold255:80910-83161   -            706 77803at147550        -            236   5.5e-10   37.3   0.0   2   3   0.00042     0.049   11.3   0.0    79   139   433   494   408   505 0.77 -
scaffold255:80910-83161   -            706 77803at147550        -            236   5.5e-10   37.3   0.0   3   3   1.1e-06   0.00013   19.7   0.0    72   152   512   595   500   599 0.84 -
scaffold284:35441-37282   -            596 77803at147550        -            236     1e-08   33.1   0.0   1   3   1.2e-07   1.4e-05   22.9   0.0    77   154   102   180    83   186 0.83 -
scaffold284:35441-37282   -            596 77803at147550        -            236     1e-08   33.1   0.0   2   3       5.4   6.3e+02   -2.2   0.0    99   152   207   263   194   287 0.51 -
scaffold284:35441-37282   -            596 77803at147550        -            236     1e-08   33.1   0.0   3   3    0.0078      0.92    7.1   0.0    78   114   341   377   320   391 0.86 -
scaffold262:5982-8751     -            898 77803at147550        -            236   1.8e-08   32.3   0.1   1   5     0.015       1.7    6.2   0.0    69   154    39   126    30   144 0.74 -
scaffold262:5982-8751     -            898 77803at147550        -            236   1.8e-08   32.3   0.1   2   5     0.025       2.9    5.4   0.0    42   111   298   372   289   375 0.78 -
scaffold262:5982-8751     -            898 77803at147550        -            236   1.8e-08   32.3   0.1   3   5   5.5e-05    0.0065   14.1   0.0    63   153   364   460   357   469 0.80 -
scaffold262:5982-8751     -            898 77803at147550        -            236   1.8e-08   32.3   0.1   4   5       0.2        24    2.5   0.0    72   112   461   501   455   545 0.77 -
scaffold262:5982-8751     -            898 77803at147550        -            236   1.8e-08   32.3   0.1   5   5       1.1   1.3e+02    0.0   0.0   119   152   671   704   669   709 0.84 -
scaffold69:144016-144591  -            192 77803at147550        -            236   2.6e-08   31.8   0.0   1   4    0.0043      0.51    7.9   0.0    81   106     7    33     4    42 0.82 -
scaffold69:144016-144591  -            192 77803at147550        -            236   2.6e-08   31.8   0.0   2   4   0.00076      0.09   10.4   0.0    76   112    44    80    35    83 0.88 -
scaffold69:144016-144591  -            192 77803at147550        -            236   2.6e-08   31.8   0.0   3   4     0.089        10    3.6   0.0   126   153   131   159   127   164 0.71 -
scaffold69:144016-144591  -            192 77803at147550        -            236   2.6e-08   31.8   0.0   4   4     0.038       4.5    4.8   0.0    78   102   166   190   159   192 0.90 -
scaffold290:53613-55254   -            520 77803at147550        -            236   6.1e-08   30.6   0.0   1   4    0.0072      0.84    7.2   0.0    68   114   132   179   117   221 0.68 -
scaffold290:53613-55254   -            520 77803at147550        -            236   6.1e-08   30.6   0.0   2   4     0.039       4.6    4.8   0.0    89   152   244   311   232   328 0.66 -
scaffold290:53613-55254   -            520 77803at147550        -            236   6.1e-08   30.6   0.0   3   4    0.0014      0.16    9.6   0.0    81   151   405   477   397   481 0.84 -
scaffold290:53613-55254   -            520 77803at147550        -            236   6.1e-08   30.6   0.0   4   4      0.65        76    0.8   0.0    79   111   487   519   479   520 0.90 -
scaffold509:105503-107947 -            796 77803at147550        -            236   1.3e-07   29.5   0.1   1   3       1.3   1.6e+02   -0.2   0.0   123   155   459   490   435   504 0.76 -
scaffold509:105503-107947 -            796 77803at147550        -            236   1.3e-07   29.5   0.1   2   3     0.019       2.3    5.8   0.0    76   145   539   608   523   618 0.70 -
scaffold509:105503-107947 -            796 77803at147550        -            236   1.3e-07   29.5   0.1   3   3   1.3e-06   0.00016   19.4   0.0    66   154   650   740   631   748 0.81 -
scaffold33:10801-13583    -            883 77803at147550        -            236   6.8e-07   27.2   0.0   1   3       0.4        47    1.5   0.0    76   111    99   134    74   173 0.84 -
scaffold33:10801-13583    -            883 77803at147550        -            236   6.8e-07   27.2   0.0   2   3      0.16        19    2.8   0.0    60   107   199   249   190   283 0.80 -
scaffold33:10801-13583    -            883 77803at147550        -            236   6.8e-07   27.2   0.0   3   3   4.3e-06   0.00051   17.8   0.0    76   147   522   594   514   596 0.88 -
scaffold501:15617-17502   -            609 77803at147550        -            236   2.2e-06   25.5   0.0   1   2    0.0003     0.036   11.7   0.0    34   135   368   474   354   496 0.78 -
scaffold501:15617-17502   -            609 77803at147550        -            236   2.2e-06   25.5   0.0   2   2   0.00036     0.043   11.5   0.0    79   109   547   577   538   590 0.83 -
scaffold352:77693-80310   -            853 77803at147550        -            236   2.7e-06   25.2   0.0   1   4       2.6     3e+02   -1.1   0.0    80   112     6    38     2    45 0.86 -
scaffold352:77693-80310   -            853 77803at147550        -            236   2.7e-06   25.2   0.0   2   4   0.00037     0.044   11.4   0.0    59   151    65   161    23   174 0.75 -
scaffold352:77693-80310   -            853 77803at147550        -            236   2.7e-06   25.2   0.0   3   4     0.022       2.6    5.6   0.0    67   125   115   177   111   200 0.76 -
scaffold352:77693-80310   -            853 77803at147550        -            236   2.7e-06   25.2   0.0   4   4    0.0016      0.18    9.4   0.0    73   166   218   313   180   329 0.69 -
scaffold343:218272-221419 -           1005 77803at147550        -            236     4e-06   24.6   0.0   1   3    0.0052      0.61    7.7   0.0    89   150    13    87     6    91 0.58 -
scaffold343:218272-221419 -           1005 77803at147550        -            236     4e-06   24.6   0.0   2   3   0.00077      0.09   10.4   0.0    80   151   118   191   107   196 0.76 -
scaffold343:218272-221419 -           1005 77803at147550        -            236     4e-06   24.6   0.0   3   3       7.2   8.4e+02   -2.6   0.0    83   108   335   361   305   365 0.69 -
scaffold639:53258-54412   -            385 77803at147550        -            236   4.2e-06   24.6   0.0   1   3      0.36        43    1.6   0.0    72   112   124   165   105   173 0.81 -
scaffold639:53258-54412   -            385 77803at147550        -            236   4.2e-06   24.6   0.0   2   3         1   1.2e+02    0.1   0.0   196   217   208   228   190   241 0.78 -
scaffold639:53258-54412   -            385 77803at147550        -            236   4.2e-06   24.6   0.0   3   3   9.5e-06    0.0011   16.6   0.0    74   112   328   366   289   379 0.88 -
scaffold37:114701-116273  -            412 77803at147550        -            236   8.3e-06   23.6   0.1   1   2     0.041       4.9    4.7   0.0    81   136    83   139    78   158 0.83 -
scaffold37:114701-116273  -            412 77803at147550        -            236   8.3e-06   23.6   0.1   2   2   1.2e-05    0.0015   16.3   0.0    82   155   287   360   280   366 0.90 -
scaffold126:47557-48887   -            358 77803at147550        -            236   1.2e-05   23.1   0.0   1   3     0.035       4.1    5.0   0.0    79   141    69   133    51   147 0.66 -
scaffold126:47557-48887   -            358 77803at147550        -            236   1.2e-05   23.1   0.0   2   3   0.00015     0.018   12.7   0.0    72   137   235   303   215   322 0.74 -
scaffold126:47557-48887   -            358 77803at147550        -            236   1.2e-05   23.1   0.0   3   3      0.21        24    2.4   0.0    52   107   299   356   278   358 0.77 -
scaffold250:114896-117332 -            718 77803at147550        -            236   1.2e-05   23.0   0.0   1   4       1.7     2e+02   -0.6   0.0    94   115    25    47     7    58 0.67 -
scaffold250:114896-117332 -            718 77803at147550        -            236   1.2e-05   23.0   0.0   2   4     0.046       5.4    4.6   0.0    78   108    58    88    50    95 0.81 -
scaffold250:114896-117332 -            718 77803at147550        -            236   1.2e-05   23.0   0.0   3   4    0.0003     0.035   11.7   0.0    83   160   121   200   113   216 0.84 -
scaffold250:114896-117332 -            718 77803at147550        -            236   1.2e-05   23.0   0.0   4   4       0.8        94    0.5   0.0    64   104   498   542   481   550 0.69 -
scaffold377:101263-103464 -            734 77803at147550        -            236   3.9e-05   21.4   0.1   1   2   0.00039     0.046   11.3   0.0    56   153   236   344   227   352 0.56 -
scaffold377:101263-103464 -            734 77803at147550        -            236   3.9e-05   21.4   0.1   2   2     0.014       1.6    6.3   0.0    66   117   644   698   618   706 0.70 -
scaffold143:178879-181985 -            991 77803at147550        -            236   5.2e-05   21.0   0.0   1   2     0.011       1.3    6.6   0.0    47   137   111   211    77   220 0.75 -
scaffold143:178879-181985 -            991 77803at147550        -            236   5.2e-05   21.0   0.0   2   2   0.00098      0.11   10.1   0.0    67   148   615   698   602   705 0.73 -
scaffold39:57898-58915    -            313 77803at147550        -            236   8.4e-05   20.3   0.0   1   4      0.43        51    1.4   0.0    79   107    17    45     9    54 0.75 -
scaffold39:57898-58915    -            313 77803at147550        -            236   8.4e-05   20.3   0.0   2   4   0.00015     0.018   12.7   0.0    74   153    55   137    48   142 0.86 -
scaffold39:57898-58915    -            313 77803at147550        -            236   8.4e-05   20.3   0.0   3   4      0.66        78    0.8   0.0    66   112   171   219   152   233 0.73 -
scaffold39:57898-58915    -            313 77803at147550        -            236   8.4e-05   20.3   0.0   4   4       2.5     3e+02   -1.1   0.0    78    96   277   295   245   308 0.47 -
scaffold226:67411-68872   -            447 77803at147550        -            236   8.6e-05   20.3   0.0   1   4     0.017         2    6.0   0.0    80   151   100   175    50   181 0.79 -
scaffold226:67411-68872   -            447 77803at147550        -            236   8.6e-05   20.3   0.0   2   4    0.0096       1.1    6.8   0.0    74   113   181   226   171   239 0.80 -
scaffold226:67411-68872   -            447 77803at147550        -            236   8.6e-05   20.3   0.0   3   4       3.5   4.1e+02   -1.6   0.0    76   111   231   266   225   268 0.84 -
scaffold226:67411-68872   -            447 77803at147550        -            236   8.6e-05   20.3   0.0   4   4      0.12        14    3.2   0.0    94   155   314   376   295   397 0.72 -
scaffold178:63097-64787   -            507 77803at147550        -            236    0.0002   19.1   0.2   1   3     0.052       6.1    4.4   0.0   126   154   286   315   250   322 0.65 -
scaffold178:63097-64787   -            507 77803at147550        -            236    0.0002   19.1   0.2   2   3    0.0051       0.6    7.7   0.0    79   111   322   354   309   367 0.82 -
scaffold178:63097-64787   -            507 77803at147550        -            236    0.0002   19.1   0.2   3   3     0.088        10    3.7   0.0    77   114   468   505   452   507 0.82 -
scaffold265:74878-78595   -            799 77803at147550        -            236   0.00021   19.0   0.0   1   3      0.67        79    0.8   0.0    96   151    80   136    64   142 0.70 -
scaffold265:74878-78595   -            799 77803at147550        -            236   0.00021   19.0   0.0   2   3       1.6   1.9e+02   -0.5   0.0    95   115   164   183   105   228 0.50 -
scaffold265:74878-78595   -            799 77803at147550        -            236   0.00021   19.0   0.0   3   3   4.6e-05    0.0054   14.4   0.0    71   113   270   312   245   359 0.74 -
scaffold352:12971-15458   -            438 77803at147550        -            236   0.00025   18.8   0.2   1   5       1.3   1.5e+02   -0.1   0.0   124   154   105   134    91   184 0.76 -
scaffold352:12971-15458   -            438 77803at147550        -            236   0.00025   18.8   0.2   2   5     0.016       1.9    6.0   0.0   135   155   216   236   191   241 0.80 -
scaffold352:12971-15458   -            438 77803at147550        -            236   0.00025   18.8   0.2   3   5       2.6   3.1e+02   -1.2   0.0    89   112   256   279   251   284 0.84 -
scaffold352:12971-15458   -            438 77803at147550        -            236   0.00025   18.8   0.2   4   5     0.029       3.4    5.2   0.0    83   136   317   374   306   391 0.63 -
scaffold352:12971-15458   -            438 77803at147550        -            236   0.00025   18.8   0.2   5   5     0.058       6.9    4.2   0.0    70   114   346   393   329   417 0.71 -
scaffold31:53043-54041    -            304 77803at147550        -            236   0.00035   18.3   0.1   1   3     0.093        11    3.6   0.0    80   112    58    90    22   120 0.82 -
scaffold31:53043-54041    -            304 77803at147550        -            236   0.00035   18.3   0.1   2   3     0.029       3.4    5.2   0.0    62   103   121   165    97   174 0.81 -
scaffold31:53043-54041    -            304 77803at147550        -            236   0.00035   18.3   0.1   3   3     0.047       5.5    4.5   0.0    78   111   186   219   172   224 0.87 -
scaffold269:2910-5759     -            856 77803at147550        -            236   0.00094   16.9   0.0   1   2       2.8   3.3e+02   -1.3   0.0    97   117   243   263   233   270 0.83 -
scaffold269:2910-5759     -            856 77803at147550        -            236   0.00094   16.9   0.0   2   2   6.3e-05    0.0075   13.9   0.0    81   126   607   657   600   678 0.75 -
scaffold69:68839-70440    -            491 77803at147550        -            236     0.001   16.7   0.1   1   2       3.8   4.4e+02   -1.7   0.0    95   112   248   265   234   324 0.65 -
scaffold69:68839-70440    -            491 77803at147550        -            236     0.001   16.7   0.1   2   2   2.7e-05    0.0032   15.2   0.0    75   163   363   463   359   489 0.72 -
scaffold203:50644-51853   -            335 77803at147550        -            236    0.0023   15.6   0.0   1   2   5.1e-05     0.006   14.2   0.0    79   154     6    83     4    99 0.80 -
scaffold203:50644-51853   -            335 77803at147550        -            236    0.0023   15.6   0.0   2   2         8   9.4e+02   -2.8   0.0    47   103   152   211   139   227 0.61 -
scaffold40:189031-190566  -            464 77803at147550        -            236    0.0041   14.8   0.1   1   2   0.00059     0.069   10.8   0.0    56   140   237   320   225   334 0.87 -
scaffold40:189031-190566  -            464 77803at147550        -            236    0.0041   14.8   0.1   2   2      0.56        66    1.0   0.0    85   114   347   377   341   428 0.68 -
scaffold479:11817-13184   -            456 77803at147550        -            236    0.0052   14.4   0.0   1   1   8.2e-05    0.0097   13.6   0.0    73   135   327   390   296   426 0.84 -
scaffold116:25065-29079   -           1311 77803at147550        -            236    0.0097   13.6   0.0   1   1   0.00015     0.018   12.7   0.0    82   137   250   304   229   315 0.85 -
scaffold50:560692-561832  -            356 77803at147550        -            236     0.015   13.0   0.0   1   2    0.0095       1.1    6.8   0.0    85   156    27   102    20   110 0.79 -
scaffold50:560692-561832  -            356 77803at147550        -            236     0.015   13.0   0.0   2   2     0.089        10    3.6   0.0    79   119   229   269   224   297 0.78 -
scaffold192:3730-5082     -            451 77803at147550        -            236     0.033   11.8   0.0   1   2   0.00094      0.11   10.1   0.0    78   111   146   179   134   205 0.88 -
scaffold192:3730-5082     -            451 77803at147550        -            236     0.033   11.8   0.0   2   2       4.8   5.6e+02   -2.0   0.0    78   111   332   366   327   370 0.71 -
scaffold32:6587-9265      -            893 77803at147550        -            236     0.033   11.8   0.0   1   2    0.0025       0.3    8.7   0.0    86   126   107   147    94   156 0.87 -
scaffold32:6587-9265      -            893 77803at147550        -            236     0.033   11.8   0.0   2   2       1.7     2e+02   -0.6   0.0    80   155   169   245   162   254 0.73 -
scaffold94:208851-211790  -            980 77803at147550        -            236     0.045   11.4   0.0   1   3       1.3   1.5e+02   -0.1   0.0   121   155   254   287   251   298 0.78 -
scaffold94:208851-211790  -            980 77803at147550        -            236     0.045   11.4   0.0   2   3      0.48        56    1.2   0.0    81   112   339   370   303   379 0.69 -
scaffold94:208851-211790  -            980 77803at147550        -            236     0.045   11.4   0.0   3   3     0.028       3.3    5.3   0.0    75   114   409   446   405   491 0.73 -
scaffold67:41310-44753    -           1018 77803at147550        -            236     0.046   11.4   0.0   1   2      0.39        46    1.5   0.0    81   111    85   115    73   122 0.91 -
scaffold67:41310-44753    -           1018 77803at147550        -            236     0.046   11.4   0.0   2   2    0.0073      0.86    7.2   0.0    79   131   216   269   190   324 0.75 -
#
# Program:         hmmsearch
# Version:         3.1b2 (February 2015)
# Pipeline mode:   SEARCH
# Query file:      /pickett_shared/projects/lwy647/discula_draft_assembly/busco_downloads/lineages/sordariomycetes_odb10/hmms/77803at147550.hmm
# Target file:     /pickett_shared/projects/lwy647/discula_draft_assembly/discula70_53.scafSeq.BUSCO/run_sordariomycetes_odb10/metaeuk_output/initial_results/discula70_53.scafSeq.modified.fas
# Option settings: hmmsearch --domtblout /pickett_shared/projects/lwy647/discula_draft_assembly/discula70_53.scafSeq.BUSCO/run_sordariomycetes_odb10/hmmer_output/initial_run_results/77803at147550.out --cpu 1 /pickett_shared/projects/lwy647/discula_draft_assembly/busco_downloads/lineages/sordariomycetes_odb10/hmms/77803at147550.hmm /pickett_shared/projects/lwy647/discula_draft_assembly/discula70_53.scafSeq.BUSCO/run_sordariomycetes_odb10/metaeuk_output/initial_results/discula70_53.scafSeq.modified.fas 
# Current dir:     /pickett_shared/projects/lwy647/discula_draft_assembly
# Date:            Thu Aug 31 18:12:02 2023
# [ok]
