#                                                                                --- full sequence --- -------------- this domain -------------   hmm coord   ali coord   env coord
# target name            accession   tlen query name           accession   qlen   E-value  score  bias   #  of  c-Evalue  i-Evalue  score  bias  from    to  from    to  from    to  acc description of target
#    ------------------- ---------- ----- -------------------- ---------- ----- --------- ------ ----- --- --- --------- --------- ------ ----- ----- ----- ----- ----- ----- ----- ---- ---------------------
scaffold70:201889-203504 -            519 77826at147550        -            256   2.8e-88  293.7  43.5   1   6   1.1e-34   2.5e-31  107.0   1.3     1    80    20   102    20   124 0.90 -
scaffold70:201889-203504 -            519 77826at147550        -            256   2.8e-88  293.7  43.5   2   6     3e-15   6.9e-12   43.3  10.5    70   119   170   231   164   248 0.83 -
scaffold70:201889-203504 -            519 77826at147550        -            256   2.8e-88  293.7  43.5   3   6    0.0018       4.2    4.7   0.2   117   130   255   268   243   280 0.82 -
scaffold70:201889-203504 -            519 77826at147550        -            256   2.8e-88  293.7  43.5   4   6   7.2e-18   1.7e-14   51.9   0.2   107   171   282   347   276   353 0.84 -
scaffold70:201889-203504 -            519 77826at147550        -            256   2.8e-88  293.7  43.5   5   6   3.1e-27     7e-24   82.6   4.0   163   230   356   427   351   434 0.92 -
scaffold70:201889-203504 -            519 77826at147550        -            256   2.8e-88  293.7  43.5   6   6   5.3e-08   0.00012   19.6   0.0   227   250   451   474   443   479 0.89 -
scaffold746:34411-35220  -            222 77826at147550        -            256     0.011   13.2   0.5   1   1     7e-06     0.016   12.6   0.5   197   235   140   178   125   192 0.81 -
#
# Program:         hmmsearch
# Version:         3.1b2 (February 2015)
# Pipeline mode:   SEARCH
# Query file:      /pickett_shared/projects/lwy647/discula_draft_assembly/busco_downloads/lineages/sordariomycetes_odb10/hmms/77826at147550.hmm
# Target file:     /pickett_shared/projects/lwy647/discula_draft_assembly/discula70_53.scafSeq.BUSCO/run_sordariomycetes_odb10/metaeuk_output/initial_results/discula70_53.scafSeq.modified.fas
# Option settings: hmmsearch --domtblout /pickett_shared/projects/lwy647/discula_draft_assembly/discula70_53.scafSeq.BUSCO/run_sordariomycetes_odb10/hmmer_output/initial_run_results/77826at147550.out --cpu 1 /pickett_shared/projects/lwy647/discula_draft_assembly/busco_downloads/lineages/sordariomycetes_odb10/hmms/77826at147550.hmm /pickett_shared/projects/lwy647/discula_draft_assembly/discula70_53.scafSeq.BUSCO/run_sordariomycetes_odb10/metaeuk_output/initial_results/discula70_53.scafSeq.modified.fas 
# Current dir:     /pickett_shared/projects/lwy647/discula_draft_assembly
# Date:            Thu Aug 31 18:12:03 2023
# [ok]
