#                                                                                 --- full sequence --- -------------- this domain -------------   hmm coord   ali coord   env coord
# target name             accession   tlen query name           accession   qlen   E-value  score  bias   #  of  c-Evalue  i-Evalue  score  bias  from    to  from    to  from    to  acc description of target
#     ------------------- ---------- ----- -------------------- ---------- ----- --------- ------ ----- --- --- --------- --------- ------ ----- ----- ----- ----- ----- ----- ----- ---- ---------------------
scaffold344:25983-28064   -            652 78522at147550        -            518  2.3e-167  556.0  29.4   1   4   1.7e-25   1.8e-23   81.3   9.1    28    94     3    69     1    84 0.89 -
scaffold344:25983-28064   -            652 78522at147550        -            518  2.3e-167  556.0  29.4   2   4   8.8e-98   9.4e-96  319.7   0.2    97   367   103   411    82   432 0.84 -
scaffold344:25983-28064   -            652 78522at147550        -            518  2.3e-167  556.0  29.4   3   4   9.5e-20     1e-17   62.3   1.1   367   429   441   503   426   538 0.78 -
scaffold344:25983-28064   -            652 78522at147550        -            518  2.3e-167  556.0  29.4   4   4   2.3e-32   2.4e-30  103.9   0.9   418   510   542   650   537   652 0.90 -
scaffold40:203042-204535  -            498 78522at147550        -            518   4.9e-17   60.0   9.1   1   3   2.1e-13   2.2e-11   41.3   8.9    35    99     1    67     1    77 0.73 -
scaffold40:203042-204535  -            498 78522at147550        -            518   4.9e-17   60.0   9.1   2   3   0.00039     0.041   10.8   0.0   225   281   240   299   227   333 0.77 -
scaffold40:203042-204535  -            498 78522at147550        -            518   4.9e-17   60.0   9.1   3   3      0.03       3.2    4.5   0.0   422   487   413   478   408   490 0.82 -
scaffold733:5736-8369     -            878 78522at147550        -            518   4.3e-14   50.3  11.3   1   3   1.7e-11   1.8e-09   35.0  10.9    14    98   117   205   105   213 0.79 -
scaffold733:5736-8369     -            878 78522at147550        -            518   4.3e-14   50.3  11.3   2   3   0.00014     0.015   12.2   0.0   105   273   283   454   263   508 0.78 -
scaffold733:5736-8369     -            878 78522at147550        -            518   4.3e-14   50.3  11.3   3   3       3.3   3.5e+02   -2.2   0.0   187   204   584   601   568   617 0.70 -
scaffold395:57849-60964   -            898 78522at147550        -            518   5.2e-11   40.1   4.7   1   2   4.8e-13   5.2e-11   40.1   4.7    24    77    57   110    50   126 0.90 -
scaffold395:57849-60964   -            898 78522at147550        -            518   5.2e-11   40.1   4.7   2   2      0.16        17    2.1   0.5   114   162   305   353   297   493 0.60 -
scaffold513:611-3727      -            930 78522at147550        -            518   5.3e-11   40.1   6.5   1   2   1.7e-10   1.8e-08   31.7   2.5    29   102    16    89    10    98 0.88 -
scaffold513:611-3727      -            930 78522at147550        -            518   5.3e-11   40.1   6.5   2   2    0.0039      0.42    7.4   0.1   216   368   318   478   198   484 0.64 -
scaffold356:130476-132997 -            744 78522at147550        -            518   6.3e-09   33.2   6.0   1   1   9.1e-11   9.7e-09   32.6   6.0    25    94    80   152    64   161 0.84 -
scaffold218:61800-63176   -            459 78522at147550        -            518   9.8e-09   32.6  23.6   1   2   5.5e-06   0.00059   16.8   5.4    34    69     4    39     1    44 0.90 -
scaffold218:61800-63176   -            459 78522at147550        -            518   9.8e-09   32.6  23.6   2   2   2.3e-07   2.5e-05   21.4  10.4    25    77    72   124    47   223 0.77 -
scaffold50:549747-551327  -            527 78522at147550        -            518     7e-08   29.8   5.8   1   1   1.1e-09   1.2e-07   29.1   5.8    34    92     4    61     2    83 0.78 -
scaffold137:101503-104646 -            919 78522at147550        -            518   3.1e-06   24.4   8.4   1   2   1.6e-06   0.00017   18.6   2.2    23    65    41    86    25    91 0.80 -
scaffold137:101503-104646 -            919 78522at147550        -            518   3.1e-06   24.4   8.4   2   2    0.0013      0.14    9.0   0.5   116   156   298   338   291   347 0.84 -
scaffold760:21098-22519   -            474 78522at147550        -            518   3.8e-06   24.1   7.3   1   1   5.4e-08   5.8e-06   23.5   7.3    27    82    15    70    10    83 0.80 -
scaffold71:172236-174939  -            876 78522at147550        -            518     4e-06   24.0   3.9   1   3   0.00044     0.047   10.6   2.0    42    82     2    41     1    61 0.73 -
scaffold71:172236-174939  -            876 78522at147550        -            518     4e-06   24.0   3.9   2   3    0.0003     0.032   11.1   0.0   104   147   180   220   154   261 0.79 -
scaffold71:172236-174939  -            876 78522at147550        -            518     4e-06   24.0   3.9   3   3      0.81        87   -0.2   0.0   247   268   324   345   304   373 0.79 -
scaffold197:56988-60258   -           1056 78522at147550        -            518   1.2e-05   22.4   6.2   1   2     3e-07   3.2e-05   21.0   0.5    26    76    78   129    67   162 0.79 -
scaffold197:56988-60258   -           1056 78522at147550        -            518   1.2e-05   22.4   6.2   2   2     0.045       4.8    3.9   0.8   111   148   302   339   283   353 0.87 -
scaffold40:123144-124361  -            406 78522at147550        -            518   2.5e-05   21.4   4.9   1   1   3.3e-07   3.5e-05   20.9   4.9    34    91     4    64     1    87 0.78 -
scaffold78:614-3359       -            754 78522at147550        -            518   3.3e-05   21.0   7.0   1   1   5.7e-07   6.1e-05   20.1   7.0    19    67    34    82    23    94 0.88 -
scaffold126:70381-73658   -           1076 78522at147550        -            518   3.7e-05   20.8   7.3   1   1   6.7e-07   7.2e-05   19.9   7.3    23    90    16    89     8   107 0.83 -
scaffold27:249960-252989  -            784 78522at147550        -            518   3.9e-05   20.7   5.3   1   1   6.3e-07   6.8e-05   19.9   5.3    35    67     7    38     1    69 0.80 -
scaffold578:6333-9037     -            748 78522at147550        -            518   5.2e-05   20.3   4.1   1   1   7.7e-07   8.2e-05   19.7   4.1    23    79    23    78     7   105 0.67 -
scaffold410:216708-218066 -            453 78522at147550        -            518   7.2e-05   19.8   0.3   1   1   8.8e-07   9.4e-05   19.5   0.3    32    84     2    60     1   157 0.65 -
scaffold483:19352-21683   -            714 78522at147550        -            518     8e-05   19.7   6.2   1   1   1.2e-06   0.00012   19.1   6.2    15    70    32    90    19   133 0.65 -
scaffold639:26420-27814   -            465 78522at147550        -            518   0.00013   19.0   7.1   1   1   1.9e-06    0.0002   18.4   7.1    33    90     4    61     1    71 0.80 -
scaffold322:239281-242127 -            900 78522at147550        -            518   0.00025   18.1   7.5   1   1   3.5e-06   0.00038   17.5   7.5    21    88     8    78     2    96 0.74 -
scaffold492:15009-16496   -            496 78522at147550        -            518   0.00033   17.7   3.2   1   1   4.4e-06   0.00047   17.2   3.2    28    76     5    56     1   107 0.77 -
scaffold528:45507-47776   -            729 78522at147550        -            518   0.00034   17.6   5.0   1   1   5.6e-06    0.0006   16.8   5.0    10    65    16    71     8   114 0.81 -
scaffold5:24240-25856     -            539 78522at147550        -            518   0.00052   17.0   6.4   1   2   4.8e-06   0.00052   17.0   6.4    30    71     9    49     2    64 0.84 -
scaffold5:24240-25856     -            539 78522at147550        -            518   0.00052   17.0   6.4   2   2       6.6   7.1e+02   -3.2   0.0   229   266   229   266   226   279 0.77 -
scaffold170:62163-63566   -            468 78522at147550        -            518   0.00057   16.9   4.1   1   1   6.8e-06   0.00072   16.6   4.1    33    70     7    44     1    91 0.66 -
scaffold216:11618-14635   -            985 78522at147550        -            518   0.00097   16.1   7.0   1   2   9.1e-06   0.00097   16.1   7.0    25    81    98   154    83   175 0.82 -
scaffold216:11618-14635   -            985 78522at147550        -            518   0.00097   16.1   7.0   2   2       5.4   5.8e+02   -2.9   0.0   227   262   375   413   370   417 0.79 -
scaffold130:91782-93404   -            541 78522at147550        -            518    0.0025   14.8   8.5   1   2   2.5e-05    0.0027   14.6   7.5    30    82     4    56     1    76 0.75 -
scaffold130:91782-93404   -            541 78522at147550        -            518    0.0025   14.8   8.5   2   2       5.3   5.7e+02   -2.9   0.0   109   159   240   292   226   306 0.73 -
scaffold32:64834-68102    -           1066 78522at147550        -            518    0.0028   14.6   0.2   1   1     4e-05    0.0043   14.0   0.2    93   163   447   520   430   554 0.75 -
scaffold493:61-2335       -            699 78522at147550        -            518    0.0036   14.3   3.8   1   1   5.1e-05    0.0054   13.7   3.8    28    65   142   179   131   203 0.82 -
scaffold400:17592-19622   -            645 78522at147550        -            518    0.0037   14.2   0.0   1   1   4.6e-05    0.0049   13.8   0.0   203   288   119   212    23   239 0.76 -
scaffold577:16582-18893   -            648 78522at147550        -            518    0.0048   13.8   8.7   1   1   7.5e-05     0.008   13.1   8.7    28    71    41    84    22   110 0.82 -
scaffold37:155456-158603  -            820 78522at147550        -            518    0.0065   13.4   0.8   1   3     0.031       3.3    4.5   0.2    44    71    40    67    32   102 0.86 -
scaffold37:155456-158603  -            820 78522at147550        -            518    0.0065   13.4   0.8   2   3     0.075       7.9    3.2   0.0    99   135   251   288   229   335 0.78 -
scaffold37:155456-158603  -            820 78522at147550        -            518    0.0065   13.4   0.8   3   3      0.15        16    2.2   0.0   242   265   411   434   383   448 0.81 -
scaffold323:26436-28033   -            401 78522at147550        -            518    0.0087   13.0   4.0   1   1   0.00014     0.014   12.3   4.0    24    73    18    67    11    86 0.90 -
scaffold746:10845-12510   -            528 78522at147550        -            518      0.01   12.7   2.9   1   1   0.00017     0.018   11.9   2.9    28    59    10    40     2    85 0.78 -
scaffold476:65696-67477   -            594 78522at147550        -            518     0.021   11.7   4.5   1   2   0.00014     0.015   12.2   3.0    37    68     1    32     1    70 0.80 -
scaffold476:65696-67477   -            594 78522at147550        -            518     0.021   11.7   4.5   2   2       7.3   7.8e+02   -3.4   0.0   285   331   488   536   482   539 0.75 -
scaffold454:25340-27948   -            808 78522at147550        -            518     0.026   11.4   2.7   1   1   0.00038     0.041   10.8   2.7    36    65    18    47     3    56 0.88 -
scaffold437:54132-55776   -            532 78522at147550        -            518     0.037   10.9   0.8   1   1   0.00054     0.057   10.3   0.8    42    77     2    41     1    56 0.81 -
scaffold27:407217-410186  -            702 78522at147550        -            518     0.066   10.1   2.5   1   1   0.00092     0.098    9.5   2.5    29    76     6    55     1   125 0.77 -
scaffold222:119113-129124 -           1892 78522at147550        -            518      0.25    8.2   7.2   1   1    0.0042      0.45    7.3   7.2    26    76  1303  1357  1280  1387 0.73 -
scaffold110:132194-134510 -            705 78522at147550        -            518         1    6.2   8.7   1   2     0.015       1.6    5.5   3.7    37    66    59    91    54   110 0.90 -
scaffold110:132194-134510 -            705 78522at147550        -            518         1    6.2   8.7   2   2     0.078       8.3    3.1   0.2   113   151   236   274   217   281 0.81 -
scaffold714:21342-23490   -            664 78522at147550        -            518         2    5.2   5.8   1   1     0.029       3.1    4.6   5.8    25    62    60    96    49   111 0.81 -
scaffold626:27647-29350   -            568 78522at147550        -            518       4.5    4.0  11.2   1   2     0.037         4    4.2   7.2    37    80     2    53     1    63 0.70 -
scaffold626:27647-29350   -            568 78522at147550        -            518       4.5    4.0  11.2   2   2      0.27        29    1.4   0.1   114   142   194   222   165   237 0.83 -
scaffold380:7047-13913    -           1176 78522at147550        -            518       4.7    4.0   8.1   1   1     0.077       8.2    3.2   8.1    43    92  1063  1109  1020  1129 0.69 -
#
# Program:         hmmsearch
# Version:         3.1b2 (February 2015)
# Pipeline mode:   SEARCH
# Query file:      /pickett_shared/projects/lwy647/discula_draft_assembly/busco_downloads/lineages/sordariomycetes_odb10/hmms/78522at147550.hmm
# Target file:     /pickett_shared/projects/lwy647/discula_draft_assembly/discula70_53.scafSeq.BUSCO/run_sordariomycetes_odb10/metaeuk_output/initial_results/discula70_53.scafSeq.modified.fas
# Option settings: hmmsearch --domtblout /pickett_shared/projects/lwy647/discula_draft_assembly/discula70_53.scafSeq.BUSCO/run_sordariomycetes_odb10/hmmer_output/initial_run_results/78522at147550.out --cpu 1 /pickett_shared/projects/lwy647/discula_draft_assembly/busco_downloads/lineages/sordariomycetes_odb10/hmms/78522at147550.hmm /pickett_shared/projects/lwy647/discula_draft_assembly/discula70_53.scafSeq.BUSCO/run_sordariomycetes_odb10/metaeuk_output/initial_results/discula70_53.scafSeq.modified.fas 
# Current dir:     /pickett_shared/projects/lwy647/discula_draft_assembly
# Date:            Thu Aug 31 18:12:07 2023
# [ok]
