#                                                                                 --- full sequence --- -------------- this domain -------------   hmm coord   ali coord   env coord
# target name             accession   tlen query name           accession   qlen   E-value  score  bias   #  of  c-Evalue  i-Evalue  score  bias  from    to  from    to  from    to  acc description of target
#     ------------------- ---------- ----- -------------------- ---------- ----- --------- ------ ----- --- --- --------- --------- ------ ----- ----- ----- ----- ----- ----- ----- ---- ---------------------
scaffold230:148500-153059 -            554 79766at147550        -            200   2.7e-43  146.1  67.4   1   7   3.9e-30   1.8e-26   91.2   0.1     1   107    64   178    64   184 0.91 -
scaffold230:148500-153059 -            554 79766at147550        -            200   2.7e-43  146.1  67.4   2   7   0.00033       1.5    6.5   4.7    93   129   184   223   179   226 0.64 -
scaffold230:148500-153059 -            554 79766at147550        -            200   2.7e-43  146.1  67.4   3   7   3.7e-11   1.7e-07   29.2   8.3    90   142   226   280   223   282 0.91 -
scaffold230:148500-153059 -            554 79766at147550        -            200   2.7e-43  146.1  67.4   4   7   2.5e-05      0.11   10.2   5.3    92   138   266   307   266   318 0.69 -
scaffold230:148500-153059 -            554 79766at147550        -            200   2.7e-43  146.1  67.4   5   7    0.0023        11    3.7   6.6    92   129   284   328   280   348 0.55 -
scaffold230:148500-153059 -            554 79766at147550        -            200   2.7e-43  146.1  67.4   6   7       0.2   9.1e+02   -2.6   3.1    94   146   323   376   314   381 0.70 -
scaffold230:148500-153059 -            554 79766at147550        -            200   2.7e-43  146.1  67.4   7   7   1.5e-11     7e-08   30.5  19.2   101   182   411   511   370   548 0.74 -
#
# Program:         hmmsearch
# Version:         3.1b2 (February 2015)
# Pipeline mode:   SEARCH
# Query file:      /pickett_shared/projects/lwy647/discula_draft_assembly/busco_downloads/lineages/sordariomycetes_odb10/hmms/79766at147550.hmm
# Target file:     /pickett_shared/projects/lwy647/discula_draft_assembly/discula70_53.scafSeq.BUSCO/run_sordariomycetes_odb10/metaeuk_output/initial_results/discula70_53.scafSeq.modified.fas
# Option settings: hmmsearch --domtblout /pickett_shared/projects/lwy647/discula_draft_assembly/discula70_53.scafSeq.BUSCO/run_sordariomycetes_odb10/hmmer_output/initial_run_results/79766at147550.out --cpu 1 /pickett_shared/projects/lwy647/discula_draft_assembly/busco_downloads/lineages/sordariomycetes_odb10/hmms/79766at147550.hmm /pickett_shared/projects/lwy647/discula_draft_assembly/discula70_53.scafSeq.BUSCO/run_sordariomycetes_odb10/metaeuk_output/initial_results/discula70_53.scafSeq.modified.fas 
# Current dir:     /pickett_shared/projects/lwy647/discula_draft_assembly
# Date:            Thu Aug 31 18:12:04 2023
# [ok]
