#                                                                                 --- full sequence --- -------------- this domain -------------   hmm coord   ali coord   env coord
# target name             accession   tlen query name           accession   qlen   E-value  score  bias   #  of  c-Evalue  i-Evalue  score  bias  from    to  from    to  from    to  acc description of target
#     ------------------- ---------- ----- -------------------- ---------- ----- --------- ------ ----- --- --- --------- --------- ------ ----- ----- ----- ----- ----- ----- ----- ---- ---------------------
scaffold269:43057-46034   -            931 8077at147550         -            855         0 1272.2   1.6   1   2         0         0 1092.8   2.3    24   730     1   777     1   785 0.91 -
scaffold269:43057-46034   -            931 8077at147550         -            855         0 1272.2   1.6   2   2   8.7e-56   1.3e-52  176.9   0.0   728   855   796   931   787   931 0.93 -
scaffold249:8039-11802    -           1079 8077at147550         -            855   9.2e-13   45.1   0.1   1   3   5.6e-07   0.00085   15.4   0.0    15   132    15   133     2   218 0.81 -
scaffold249:8039-11802    -           1079 8077at147550         -            855   9.2e-13   45.1   0.1   2   3   2.6e-10     4e-07   26.4   0.0   311   394   345   429   332   447 0.87 -
scaffold249:8039-11802    -           1079 8077at147550         -            855   9.2e-13   45.1   0.1   3   3      0.12   1.9e+02   -2.2   0.0   152   198   528   574   515   610 0.63 -
scaffold137:144069-147303 -           1037 8077at147550         -            855    0.0017   14.5   0.1   1   2   2.6e-05      0.04    9.9   0.0     6   127    17   142    13   165 0.76 -
scaffold137:144069-147303 -           1037 8077at147550         -            855    0.0017   14.5   0.1   2   2    0.0059         9    2.1   0.0   304   341   398   435   378   476 0.85 -
#
# Program:         hmmsearch
# Version:         3.1b2 (February 2015)
# Pipeline mode:   SEARCH
# Query file:      /pickett_shared/projects/lwy647/discula_draft_assembly/busco_downloads/lineages/sordariomycetes_odb10/hmms/8077at147550.hmm
# Target file:     /pickett_shared/projects/lwy647/discula_draft_assembly/discula70_53.scafSeq.BUSCO/run_sordariomycetes_odb10/metaeuk_output/initial_results/discula70_53.scafSeq.modified.fas
# Option settings: hmmsearch --domtblout /pickett_shared/projects/lwy647/discula_draft_assembly/discula70_53.scafSeq.BUSCO/run_sordariomycetes_odb10/hmmer_output/initial_run_results/8077at147550.out --cpu 1 /pickett_shared/projects/lwy647/discula_draft_assembly/busco_downloads/lineages/sordariomycetes_odb10/hmms/8077at147550.hmm /pickett_shared/projects/lwy647/discula_draft_assembly/discula70_53.scafSeq.BUSCO/run_sordariomycetes_odb10/metaeuk_output/initial_results/discula70_53.scafSeq.modified.fas 
# Current dir:     /pickett_shared/projects/lwy647/discula_draft_assembly
# Date:            Thu Aug 31 18:12:03 2023
# [ok]
