#                                                                                 --- full sequence --- -------------- this domain -------------   hmm coord   ali coord   env coord
# target name             accession   tlen query name           accession   qlen   E-value  score  bias   #  of  c-Evalue  i-Evalue  score  bias  from    to  from    to  from    to  acc description of target
#     ------------------- ---------- ----- -------------------- ---------- ----- --------- ------ ----- --- --- --------- --------- ------ ----- ----- ----- ----- ----- ----- ----- ---- ---------------------
scaffold104:68783-69490   -            212 82315at147550        -            184    1e-104  345.8   0.0   1   1  7.5e-107  1.4e-104  345.3   0.0     1   177     1   199     1   212 0.91 -
scaffold7:22705-23428     -            189 82315at147550        -            184   2.1e-33  113.4   0.0   1   1   1.3e-35   2.5e-33  113.1   0.0     5   179     6   178     3   182 0.91 -
scaffold126:323952-324526 -            147 82315at147550        -            184     2e-27   93.9   0.0   1   1   1.5e-29   2.8e-27   93.4   0.0    25   176     1   146     1   147 0.91 -
scaffold483:52758-53505   -            156 82315at147550        -            184   4.1e-27   92.9   0.1   1   2   4.2e-29     8e-27   91.9   0.0    12   130    13   129     3   139 0.93 -
scaffold483:52758-53505   -            156 82315at147550        -            184   4.1e-27   92.9   0.1   2   2       2.3   4.4e+02   -1.8   0.0   161   179   135   153   131   155 0.82 -
scaffold780:54811-61976   -           1863 82315at147550        -            184   5.2e-23   79.5   0.1   1   1   4.7e-25   8.9e-23   78.7   0.1    13   135    11   127     3   137 0.93 -
scaffold116:167065-167927 -            175 82315at147550        -            184   3.3e-21   73.6   0.0   1   1     2e-23   3.7e-21   73.4   0.0    13   132    17   128     5   169 0.90 -
scaffold121:105323-109852 -            945 82315at147550        -            184   2.5e-18   64.2   0.0   1   1   2.3e-20   4.3e-18   63.4   0.0    15   179   775   943   764   945 0.89 -
scaffold352:92078-92972   -            197 82315at147550        -            184   2.5e-10   38.1   0.0   1   1   1.6e-12     3e-10   37.9   0.0    46   135    42   129     7   172 0.78 -
scaffold27:367381-368363  -            190 82315at147550        -            184   2.7e-08   31.5   0.0   1   1   2.1e-10   3.9e-08   31.0   0.0    19   180     6   173     3   177 0.74 -
scaffold377:110347-111105 -            197 82315at147550        -            184   1.6e-07   29.0   0.0   1   1   1.1e-09   2.2e-07   28.5   0.0    19   143     1   131     1   139 0.84 -
scaffold71:419945-420688  -            248 82315at147550        -            184   2.2e-06   25.3   0.0   1   2   2.1e-07     4e-05   21.1   0.0    31    94    19    84     2    89 0.81 -
scaffold71:419945-420688  -            248 82315at147550        -            184   2.2e-06   25.3   0.0   2   2      0.17        32    1.9   0.0   110   133   152   174   142   189 0.78 -
scaffold32:169231-170428  -            341 82315at147550        -            184   4.1e-06   24.4   0.0   1   2      0.19        36    1.8   0.0    13    37    33    57    26    61 0.87 -
scaffold32:169231-170428  -            341 82315at147550        -            184   4.1e-06   24.4   0.0   2   2   3.9e-07   7.4e-05   20.3   0.0    44    93   181   230   172   275 0.87 -
scaffold265:1507-2643     -            198 82315at147550        -            184   2.1e-05   22.1   0.0   1   1   1.4e-07   2.8e-05   21.7   0.0    39   181    31   182     4   185 0.68 -
scaffold246:26606-27592   -            253 82315at147550        -            184   3.2e-05   21.5   0.0   1   2     0.028       5.3    4.5   0.0    13    37    30    54    20    76 0.91 -
scaffold246:26606-27592   -            253 82315at147550        -            184   3.2e-05   21.5   0.0   2   2   1.8e-05    0.0035   14.8   0.0    46    91   181   226   172   238 0.86 -
scaffold10:46518-46913    -            132 82315at147550        -            184   9.8e-05   19.9   0.0   1   1   5.9e-07   0.00011   19.7   0.0    19   130     3   116     1   124 0.77 -
scaffold107:34018-34512   -            142 82315at147550        -            184   0.00011   19.7   0.2   1   1   8.6e-07   0.00016   19.2   0.2    56   138     5    85     1    96 0.76 -
scaffold787:17-972        -            286 82315at147550        -            184    0.0017   15.9   0.0   1   1   1.4e-05    0.0027   15.2   0.0    16   106     4   105     1   122 0.67 -
scaffold712:28876-29637   -            210 82315at147550        -            184    0.0022   15.5   0.1   1   1   1.5e-05    0.0028   15.2   0.1    15   150     4   141     2   165 0.78 -
scaffold217:245297-246530 -            376 82315at147550        -            184    0.0042   14.6   0.0   1   1   4.5e-05    0.0085   13.6   0.0    18    94    32   118    23   153 0.79 -
scaffold216:7347-8063     -            239 82315at147550        -            184    0.0059   14.1   0.0   1   1   4.5e-05    0.0086   13.6   0.0    18    94    14    96     6   133 0.66 -
scaffold577:82257-83635   -            352 82315at147550        -            184      0.01   13.3   0.1   1   2       5.7   1.1e+03   -3.1   0.0    15    42    34    61    30    63 0.80 -
scaffold577:82257-83635   -            352 82315at147550        -            184      0.01   13.3   0.1   2   2   0.00013     0.026   12.0   0.0    63    94   199   230   183   273 0.84 -
scaffold205:159709-160319 -            181 82315at147550        -            184     0.012   13.0   0.0   1   1   8.9e-05     0.017   12.6   0.0    50   107    21    74     3    99 0.69 -
scaffold489:24835-25665   -            171 82315at147550        -            184     0.018   12.5   0.0   1   1   0.00012     0.023   12.2   0.0    95   137    49    91    16   102 0.78 -
scaffold151:26897-27715   -            273 82315at147550        -            184      0.02   12.4   0.0   1   1   0.00019     0.036   11.5   0.0    58   128   106   172   102   222 0.81 -
#
# Program:         hmmsearch
# Version:         3.1b2 (February 2015)
# Pipeline mode:   SEARCH
# Query file:      /pickett_shared/projects/lwy647/discula_draft_assembly/busco_downloads/lineages/sordariomycetes_odb10/hmms/82315at147550.hmm
# Target file:     /pickett_shared/projects/lwy647/discula_draft_assembly/discula70_53.scafSeq.BUSCO/run_sordariomycetes_odb10/metaeuk_output/initial_results/discula70_53.scafSeq.modified.fas
# Option settings: hmmsearch --domtblout /pickett_shared/projects/lwy647/discula_draft_assembly/discula70_53.scafSeq.BUSCO/run_sordariomycetes_odb10/hmmer_output/initial_run_results/82315at147550.out --cpu 1 /pickett_shared/projects/lwy647/discula_draft_assembly/busco_downloads/lineages/sordariomycetes_odb10/hmms/82315at147550.hmm /pickett_shared/projects/lwy647/discula_draft_assembly/discula70_53.scafSeq.BUSCO/run_sordariomycetes_odb10/metaeuk_output/initial_results/discula70_53.scafSeq.modified.fas 
# Current dir:     /pickett_shared/projects/lwy647/discula_draft_assembly
# Date:            Thu Aug 31 18:12:02 2023
# [ok]
