#                                                                               --- full sequence --- -------------- this domain -------------   hmm coord   ali coord   env coord
# target name           accession   tlen query name           accession   qlen   E-value  score  bias   #  of  c-Evalue  i-Evalue  score  bias  from    to  from    to  from    to  acc description of target
#   ------------------- ---------- ----- -------------------- ---------- ----- --------- ------ ----- --- --- --------- --------- ------ ----- ----- ----- ----- ----- ----- ----- ---- ---------------------
scaffold186:63070-64191 -            374 82529at147550        -            286  2.1e-103  343.5  33.0   1   3   7.1e-58   8.2e-55  184.0   1.6     1   120     1   130     1   133 0.90 -
scaffold186:63070-64191 -            374 82529at147550        -            286  2.1e-103  343.5  33.0   2   3   1.7e-31     2e-28   97.4   9.5   107   214   141   262   135   279 0.84 -
scaffold186:63070-64191 -            374 82529at147550        -            286  2.1e-103  343.5  33.0   3   3   2.7e-24   3.1e-21   73.8   7.0   208   286   283   373   268   373 0.89 -
scaffold743:63402-68666 -           1526 82529at147550        -            286   3.7e-09   34.1   2.1   1   2      0.78   8.9e+02   -3.2   0.2    43    88   592   636   583   655 0.56 -
scaffold743:63402-68666 -           1526 82529at147550        -            286   3.7e-09   34.1   2.1   2   2     4e-12   4.6e-09   33.8   0.1    26    99  1215  1293  1198  1319 0.76 -
scaffold249:65327-65936 -            145 82529at147550        -            286   7.4e-08   29.9   0.0   1   1   8.5e-11   9.7e-08   29.5   0.0    10    88    42   130    34   135 0.75 -
scaffold255:84053-86031 -            599 82529at147550        -            286     0.013   12.7   0.6   1   2   3.3e-05     0.038   11.1   0.0    33    87   231   289   227   299 0.76 -
scaffold255:84053-86031 -            599 82529at147550        -            286     0.013   12.7   0.6   2   2      0.41   4.7e+02   -2.3   0.2   184   208   475   499   462   510 0.71 -
#
# Program:         hmmsearch
# Version:         3.1b2 (February 2015)
# Pipeline mode:   SEARCH
# Query file:      /pickett_shared/projects/lwy647/discula_draft_assembly/busco_downloads/lineages/sordariomycetes_odb10/hmms/82529at147550.hmm
# Target file:     /pickett_shared/projects/lwy647/discula_draft_assembly/discula70_53.scafSeq.BUSCO/run_sordariomycetes_odb10/metaeuk_output/initial_results/discula70_53.scafSeq.modified.fas
# Option settings: hmmsearch --domtblout /pickett_shared/projects/lwy647/discula_draft_assembly/discula70_53.scafSeq.BUSCO/run_sordariomycetes_odb10/hmmer_output/initial_run_results/82529at147550.out --cpu 1 /pickett_shared/projects/lwy647/discula_draft_assembly/busco_downloads/lineages/sordariomycetes_odb10/hmms/82529at147550.hmm /pickett_shared/projects/lwy647/discula_draft_assembly/discula70_53.scafSeq.BUSCO/run_sordariomycetes_odb10/metaeuk_output/initial_results/discula70_53.scafSeq.modified.fas 
# Current dir:     /pickett_shared/projects/lwy647/discula_draft_assembly
# Date:            Thu Aug 31 18:12:03 2023
# [ok]
