#                                                                                 --- full sequence --- -------------- this domain -------------   hmm coord   ali coord   env coord
# target name             accession   tlen query name           accession   qlen   E-value  score  bias   #  of  c-Evalue  i-Evalue  score  bias  from    to  from    to  from    to  acc description of target
#     ------------------- ---------- ----- -------------------- ---------- ----- --------- ------ ----- --- --- --------- --------- ------ ----- ----- ----- ----- ----- ----- ----- ---- ---------------------
scaffold473:11688-12509   -            274 83728at147550        -            196   1.1e-78  261.4   6.8   1   2   6.1e-74   9.3e-71  235.5   2.1     1   168     1   217     1   226 0.83 -
scaffold473:11688-12509   -            274 83728at147550        -            196   1.1e-78  261.4   6.8   2   2     6e-09   9.2e-06   23.4   0.2   158   188   243   274   224   274 0.78 -
scaffold213:146527-147601 -            340 83728at147550        -            196    0.0039   14.9   0.3   1   3      0.11   1.7e+02   -0.3   0.2   117   158    62   100    54   123 0.61 -
scaffold213:146527-147601 -            340 83728at147550        -            196    0.0039   14.9   0.3   2   3   2.6e-06    0.0039   14.9   0.3    78   108   225   255   210   265 0.89 -
scaffold213:146527-147601 -            340 83728at147550        -            196    0.0039   14.9   0.3   3   3      0.35   5.4e+02   -1.9   0.0   117   149   285   320   279   327 0.57 -
scaffold268:36755-39409   -            863 83728at147550        -            196     0.049   11.3   0.8   1   2      0.35   5.4e+02   -1.9   0.1   151   179   483   511   476   513 0.84 -
scaffold268:36755-39409   -            863 83728at147550        -            196     0.049   11.3   0.8   2   2   8.2e-05      0.13   10.0   0.1    82   130   722   775   713   790 0.79 -
#
# Program:         hmmsearch
# Version:         3.1b2 (February 2015)
# Pipeline mode:   SEARCH
# Query file:      /pickett_shared/projects/lwy647/discula_draft_assembly/busco_downloads/lineages/sordariomycetes_odb10/hmms/83728at147550.hmm
# Target file:     /pickett_shared/projects/lwy647/discula_draft_assembly/discula70_53.scafSeq.BUSCO/run_sordariomycetes_odb10/metaeuk_output/initial_results/discula70_53.scafSeq.modified.fas
# Option settings: hmmsearch --domtblout /pickett_shared/projects/lwy647/discula_draft_assembly/discula70_53.scafSeq.BUSCO/run_sordariomycetes_odb10/hmmer_output/initial_run_results/83728at147550.out --cpu 1 /pickett_shared/projects/lwy647/discula_draft_assembly/busco_downloads/lineages/sordariomycetes_odb10/hmms/83728at147550.hmm /pickett_shared/projects/lwy647/discula_draft_assembly/discula70_53.scafSeq.BUSCO/run_sordariomycetes_odb10/metaeuk_output/initial_results/discula70_53.scafSeq.modified.fas 
# Current dir:     /pickett_shared/projects/lwy647/discula_draft_assembly
# Date:            Thu Aug 31 18:12:01 2023
# [ok]
