#                                                                                 --- full sequence --- -------------- this domain -------------   hmm coord   ali coord   env coord
# target name             accession   tlen query name           accession   qlen   E-value  score  bias   #  of  c-Evalue  i-Evalue  score  bias  from    to  from    to  from    to  acc description of target
#     ------------------- ---------- ----- -------------------- ---------- ----- --------- ------ ----- --- --- --------- --------- ------ ----- ----- ----- ----- ----- ----- ----- ---- ---------------------
scaffold96:330285-331257  -            288 83919at147550        -            237  1.1e-112  373.3  14.7   1   2   5.1e-66   1.3e-63  212.7   5.9     1   135     1   151     1   159 0.89 -
scaffold96:330285-331257  -            288 83919at147550        -            237  1.1e-112  373.3  14.7   2   2   8.6e-52   2.2e-49  166.1   1.5   132   236   176   288   159   288 0.92 -
scaffold225:165531-167894 -            768 83919at147550        -            237   4.5e-16   57.1   3.9   1   5   0.00022     0.056   11.0   0.0   159   220    59   120    54   127 0.88 -
scaffold225:165531-167894 -            768 83919at147550        -            237   4.5e-16   57.1   3.9   2   5    0.0028      0.72    7.3   0.0   164   219   152   206   142   219 0.86 -
scaffold225:165531-167894 -            768 83919at147550        -            237   4.5e-16   57.1   3.9   3   5   9.1e-10   2.3e-07   28.6   0.2   136   227   215   308   209   318 0.83 -
scaffold225:165531-167894 -            768 83919at147550        -            237   4.5e-16   57.1   3.9   4   5      0.14        35    1.8   0.0   145   195   333   379   327   395 0.79 -
scaffold225:165531-167894 -            768 83919at147550        -            237   4.5e-16   57.1   3.9   5   5     0.013       3.4    5.1   0.0   193   218   419   444   412   463 0.83 -
scaffold258:61763-63575   -            465 83919at147550        -            237   2.5e-10   38.3   0.0   1   3   0.00089      0.23    9.0   0.0   170   234    92   154    81   157 0.81 -
scaffold258:61763-63575   -            465 83919at147550        -            237   2.5e-10   38.3   0.0   2   3     3e-07   7.7e-05   20.3   0.1   163   224   173   235   158   248 0.84 -
scaffold258:61763-63575   -            465 83919at147550        -            237   2.5e-10   38.3   0.0   3   3     0.014       3.6    5.0   0.0   161   225   297   356   292   367 0.72 -
scaffold37:143695-146928  -           1078 83919at147550        -            237   1.3e-09   35.9   0.4   1   3     0.037       9.3    3.7   0.0   160   222   612   672   598   686 0.81 -
scaffold37:143695-146928  -           1078 83919at147550        -            237   1.3e-09   35.9   0.4   2   3     0.004         1    6.8   0.0   160   221   688   748   682   753 0.88 -
scaffold37:143695-146928  -           1078 83919at147550        -            237   1.3e-09   35.9   0.4   3   3     2e-07   5.2e-05   20.9   0.5   161   235   780   854   758   856 0.86 -
scaffold539:44264-45418   -            385 83919at147550        -            237   8.1e-07   26.8   0.0   1   2   2.4e-05    0.0061   14.1   0.0   158   231     5    79     1    86 0.86 -
scaffold539:44264-45418   -            385 83919at147550        -            237   8.1e-07   26.8   0.0   2   2   0.00021     0.053   11.0   0.0   156   234    91   170    76   173 0.69 -
scaffold274:40962-43721   -            825 83919at147550        -            237     1e-06   26.5   0.1   1   2   3.6e-07   9.2e-05   20.1   0.0   161   229   307   375   286   383 0.82 -
scaffold274:40962-43721   -            825 83919at147550        -            237     1e-06   26.5   0.1   2   2     0.042        11    3.5   0.1   157   231   598   678   584   684 0.69 -
scaffold483:948-1925      -            308 83919at147550        -            237     1e-06   26.4   0.2   1   2   0.00064      0.16    9.4   0.0   156   223    52   119    25   130 0.87 -
scaffold483:948-1925      -            308 83919at147550        -            237     1e-06   26.4   0.2   2   2   1.1e-05    0.0027   15.3   0.0   160   218   160   218   144   236 0.87 -
scaffold221:83919-85683   -            421 83919at147550        -            237   1.9e-06   25.6   0.0   1   3     0.029       7.5    4.0   0.0   160   221    35    96    29   107 0.83 -
scaffold221:83919-85683   -            421 83919at147550        -            237   1.9e-06   25.6   0.0   2   3   0.00032     0.081   10.4   0.0   175   221   144   192   120   205 0.80 -
scaffold221:83919-85683   -            421 83919at147550        -            237   1.9e-06   25.6   0.0   3   3    0.0026      0.67    7.4   0.0   159   223   306   365   279   377 0.79 -
scaffold450:7201-7548     -            116 83919at147550        -            237   2.4e-06   25.2   0.0   1   1   1.1e-08   2.8e-06   25.0   0.0   156   217    22    82    12    96 0.84 -
scaffold102:97750-98428   -            172 83919at147550        -            237   8.6e-06   23.4   0.0   1   1   4.9e-08   1.2e-05   22.9   0.0   162   217    50   105    47   124 0.84 -
scaffold216:63477-64099   -            170 83919at147550        -            237   2.6e-05   21.9   0.0   1   1   1.4e-07   3.6e-05   21.4   0.0   159   220    47   108    40   122 0.88 -
scaffold735:13399-14329   -            290 83919at147550        -            237   0.00044   17.9   0.0   1   1     3e-06   0.00077   17.0   0.0   159   223   133   198   115   211 0.79 -
scaffold115:3723-4777     -            306 83919at147550        -            237    0.0013   16.3   0.0   1   1   7.3e-06    0.0019   15.8   0.0   163   224    12    73     5    89 0.76 -
scaffold807:6061-6680     -            173 83919at147550        -            237    0.0014   16.2   0.0   1   1   8.2e-06    0.0021   15.6   0.0   157   216    42   101    26   117 0.82 -
scaffold130:53253-53777   -            175 83919at147550        -            237    0.0036   14.8   0.0   1   1   2.3e-05     0.006   14.1   0.0   159   235     9    91     5    95 0.82 -
scaffold308:122766-126581 -            693 83919at147550        -            237    0.0052   14.3   0.0   1   1   6.3e-05     0.016   12.7   0.0   161   232   340   412   312   416 0.86 -
scaffold7:75168-76361     -            398 83919at147550        -            237    0.0057   14.2   0.1   1   1   4.6e-05     0.012   13.2   0.0   162   235   258   332   236   334 0.88 -
scaffold35:22256-23878    -            502 83919at147550        -            237     0.011   13.3   0.0   1   1   8.1e-05     0.021   12.4   0.0   172   218   282   328   275   343 0.83 -
#
# Program:         hmmsearch
# Version:         3.1b2 (February 2015)
# Pipeline mode:   SEARCH
# Query file:      /pickett_shared/projects/lwy647/discula_draft_assembly/busco_downloads/lineages/sordariomycetes_odb10/hmms/83919at147550.hmm
# Target file:     /pickett_shared/projects/lwy647/discula_draft_assembly/discula70_53.scafSeq.BUSCO/run_sordariomycetes_odb10/metaeuk_output/initial_results/discula70_53.scafSeq.modified.fas
# Option settings: hmmsearch --domtblout /pickett_shared/projects/lwy647/discula_draft_assembly/discula70_53.scafSeq.BUSCO/run_sordariomycetes_odb10/hmmer_output/initial_run_results/83919at147550.out --cpu 1 /pickett_shared/projects/lwy647/discula_draft_assembly/busco_downloads/lineages/sordariomycetes_odb10/hmms/83919at147550.hmm /pickett_shared/projects/lwy647/discula_draft_assembly/discula70_53.scafSeq.BUSCO/run_sordariomycetes_odb10/metaeuk_output/initial_results/discula70_53.scafSeq.modified.fas 
# Current dir:     /pickett_shared/projects/lwy647/discula_draft_assembly
# Date:            Thu Aug 31 18:12:02 2023
# [ok]
