#                                                                                 --- full sequence --- -------------- this domain -------------   hmm coord   ali coord   env coord
# target name             accession   tlen query name           accession   qlen   E-value  score  bias   #  of  c-Evalue  i-Evalue  score  bias  from    to  from    to  from    to  acc description of target
#     ------------------- ---------- ----- -------------------- ---------- ----- --------- ------ ----- --- --- --------- --------- ------ ----- ----- ----- ----- ----- ----- ----- ---- ---------------------
scaffold216:7347-8063     -            239 86390at147550        -            173  2.3e-111  367.4   1.5   1   2   1.3e-85   1.9e-83  276.6   0.0     1   126     8   133     8   142 0.98 -
scaffold216:7347-8063     -            239 86390at147550        -            173  2.3e-111  367.4   1.5   2   2   2.4e-28   3.3e-26   90.2   0.4   123   173   156   206   147   206 0.97 -
scaffold205:159709-160319 -            181 86390at147550        -            173   8.8e-56  186.5   0.6   1   1   7.9e-58   1.1e-55  186.2   0.6    26   165     1   146     1   151 0.93 -
scaffold352:92078-92972   -            197 86390at147550        -            173   9.6e-40  134.3   0.0   1   1   8.6e-42   1.2e-39  133.9   0.0     7   167    10   167     6   173 0.96 -
scaffold10:46518-46913    -            132 86390at147550        -            173   3.7e-37  125.8   0.1   1   1     3e-39   4.1e-37  125.7   0.1     6   135     1   132     1   132 0.97 -
scaffold107:34018-34512   -            142 86390at147550        -            173   2.1e-33  113.6   0.0   1   1   1.8e-35   2.4e-33  113.4   0.0    47   166     3   124     1   130 0.95 -
scaffold377:110347-111105 -            197 86390at147550        -            173   1.2e-32  111.2   0.0   1   1   9.9e-35   1.4e-32  111.0   0.0     9   162     2   163     1   172 0.91 -
scaffold151:26897-27715   -            273 86390at147550        -            173   5.7e-32  108.9   0.0   1   2   2.5e-05    0.0035   15.2   0.0     6    43    10    47     7    54 0.93 -
scaffold151:26897-27715   -            273 86390at147550        -            173   5.7e-32  108.9   0.0   2   2   9.7e-29   1.3e-26   91.5   0.0    49   165   102   228    88   234 0.92 -
scaffold71:419945-420688  -            248 86390at147550        -            173   9.7e-32  108.2   0.0   1   2   7.8e-23   1.1e-20   72.2   0.0     6    92     1    87     1    95 0.97 -
scaffold71:419945-420688  -            248 86390at147550        -            173   9.7e-32  108.2   0.0   2   2   4.2e-11   5.8e-09   34.0   0.0    96   165   146   217   138   228 0.89 -
scaffold217:245297-246530 -            376 86390at147550        -            173   6.5e-27   92.5   0.0   1   2   2.2e-27     3e-25   87.1   0.0     7   124    32   153    28   163 0.93 -
scaffold217:245297-246530 -            376 86390at147550        -            173   6.5e-27   92.5   0.0   2   2      0.12        17    3.2   0.0   124   164   247   288   243   293 0.82 -
scaffold787:17-972        -            286 86390at147550        -            173   8.6e-27   92.1   0.0   1   2   2.5e-27   3.5e-25   86.9   0.0     6   124     5   124     1   145 0.84 -
scaffold787:17-972        -            286 86390at147550        -            173   8.6e-27   92.1   0.0   2   2      0.12        17    3.2   0.0   143   168   241   266   232   271 0.86 -
scaffold448:1114-1726     -            171 86390at147550        -            173   1.9e-22   77.9   0.0   1   1   1.7e-24   2.3e-22   77.7   0.0     8   162     2   164     1   168 0.88 -
scaffold372:64226-64549   -            108 86390at147550        -            173   6.8e-21   72.9   0.2   1   1   5.3e-23   7.4e-21   72.8   0.2    62   166     1   107     1   108 0.92 -
scaffold712:28876-29637   -            210 86390at147550        -            173   1.6e-20   71.7   0.0   1   1   1.5e-22   2.1e-20   71.3   0.0     7   164     7   166     4   171 0.92 -
scaffold27:367381-368363  -            190 86390at147550        -            173   3.7e-19   67.2   0.0   1   1   1.7e-20   2.4e-18   64.6   0.0     7   162     5   172     3   180 0.78 -
scaffold510:39223-40189   -            282 86390at147550        -            173   3.2e-18   64.2   0.0   1   1   3.1e-20   4.4e-18   63.7   0.0     6   159    95   254    90   264 0.80 -
scaffold265:1507-2643     -            198 86390at147550        -            173   2.6e-16   57.9   0.0   1   1   6.3e-17   8.7e-15   53.0   0.0     7   131     7   131     4   184 0.77 -
scaffold476:45922-46863   -            314 86390at147550        -            173   3.7e-15   54.2   0.0   1   2     0.057       7.9    4.3   0.0     6    32     9    35     5    49 0.84 -
scaffold476:45922-46863   -            314 86390at147550        -            173   3.7e-15   54.2   0.0   2   2   5.8e-14   8.1e-12   43.3   0.0    27   163   114   270   108   275 0.79 -
scaffold463:23909-27950   -            387 86390at147550        -            173   4.9e-14   50.6   0.0   1   2   1.6e-10   2.3e-08   32.1   0.0     6    93    37   123    32   132 0.91 -
scaffold463:23909-27950   -            387 86390at147550        -            173   4.9e-14   50.6   0.0   2   2   1.2e-05    0.0016   16.3   0.0   115   166   178   231   169   236 0.88 -
scaffold104:176009-176763 -            167 86390at147550        -            173   2.4e-13   48.3   0.0   1   1   5.4e-15   7.4e-13   46.7   0.0     8   124     2   117     1   167 0.81 -
scaffold141:128145-129086 -            231 86390at147550        -            173   3.9e-13   47.6   0.0   1   2   1.2e-12   1.7e-10   39.0   0.0     6    77    13    84     8   171 0.84 -
scaffold141:128145-129086 -            231 86390at147550        -            173   3.9e-13   47.6   0.0   2   2       1.2   1.6e+02    0.0   0.0   138   162   190   214   177   221 0.84 -
scaffold363:109234-110141 -            242 86390at147550        -            173   5.5e-13   47.1   0.0   1   1   1.2e-14   1.7e-12   45.6   0.0     2   125    19   142    18   201 0.79 -
scaffold372:37769-43467   -            603 86390at147550        -            173   8.6e-12   43.3   0.0   1   1   1.1e-13   1.5e-11   42.5   0.0     2   130     3   134     2   148 0.86 -
scaffold489:16497-17218   -            164 86390at147550        -            173   2.6e-11   41.7   0.0   1   1   4.5e-13   6.2e-11   40.5   0.0    21   125     4   112     1   163 0.78 -
scaffold489:24835-25665   -            171 86390at147550        -            173   1.2e-10   39.5   0.0   1   2      0.87   1.2e+02    0.4   0.0    24    44     3    23     1    33 0.81 -
scaffold489:24835-25665   -            171 86390at147550        -            173   1.2e-10   39.5   0.0   2   2   4.4e-12   6.2e-10   37.2   0.0    69   162    31   127    26   133 0.87 -
scaffold372:42536-43227   -            121 86390at147550        -            173   1.1e-09   36.5   0.0   1   2   3.6e-06    0.0005   18.0   0.0    17    65     1    48     1    59 0.88 -
scaffold372:42536-43227   -            121 86390at147550        -            173   1.1e-09   36.5   0.0   2   2     8e-06    0.0011   16.8   0.0   113   160    67   117    63   121 0.88 -
scaffold232:48593-48733   -             47 86390at147550        -            173   1.1e-09   36.4   0.0   1   1   7.8e-12   1.1e-09   36.4   0.0    54    91     2    39     1    47 0.90 -
scaffold116:167065-167927 -            175 86390at147550        -            173   8.4e-08   30.3   0.0   1   1   7.1e-10   9.9e-08   30.0   0.0    43   156    49   166    23   172 0.78 -
scaffold483:52758-53505   -            156 86390at147550        -            173     2e-06   25.8   0.0   1   1   1.8e-08   2.4e-06   25.5   0.0     7   105    19   109    15   144 0.83 -
scaffold7:22705-23428     -            189 86390at147550        -            173     8e-06   23.8   0.0   1   1   7.5e-08     1e-05   23.5   0.0     4    99    16   106    14   148 0.82 -
scaffold351:105273-105572 -            100 86390at147550        -            173    0.0023   15.8   0.0   1   1   7.9e-05     0.011   13.6   0.0    97   157     9    83     4    94 0.56 -
scaffold126:323952-324526 -            147 86390at147550        -            173    0.0027   15.6   0.0   1   1   2.3e-05    0.0031   15.4   0.0    49    96    30    77     4   106 0.83 -
scaffold110:8267-10126    -            620 86390at147550        -            173    0.0064   14.4   0.0   1   2     0.015       2.1    6.2   0.0     6   159     1   159     1   168 0.61 -
scaffold110:8267-10126    -            620 86390at147550        -            173    0.0064   14.4   0.0   2   2     0.032       4.4    5.1   0.0     9    41   423   455   416   586 0.77 -
scaffold104:68783-69490   -            212 86390at147550        -            173     0.037   11.9   0.0   1   1   0.00048     0.066   11.1   0.0    32    88    50   102    15   110 0.73 -
#
# Program:         hmmsearch
# Version:         3.1b2 (February 2015)
# Pipeline mode:   SEARCH
# Query file:      /pickett_shared/projects/lwy647/discula_draft_assembly/busco_downloads/lineages/sordariomycetes_odb10/hmms/86390at147550.hmm
# Target file:     /pickett_shared/projects/lwy647/discula_draft_assembly/discula70_53.scafSeq.BUSCO/run_sordariomycetes_odb10/metaeuk_output/initial_results/discula70_53.scafSeq.modified.fas
# Option settings: hmmsearch --domtblout /pickett_shared/projects/lwy647/discula_draft_assembly/discula70_53.scafSeq.BUSCO/run_sordariomycetes_odb10/hmmer_output/initial_run_results/86390at147550.out --cpu 1 /pickett_shared/projects/lwy647/discula_draft_assembly/busco_downloads/lineages/sordariomycetes_odb10/hmms/86390at147550.hmm /pickett_shared/projects/lwy647/discula_draft_assembly/discula70_53.scafSeq.BUSCO/run_sordariomycetes_odb10/metaeuk_output/initial_results/discula70_53.scafSeq.modified.fas 
# Current dir:     /pickett_shared/projects/lwy647/discula_draft_assembly
# Date:            Thu Aug 31 18:12:07 2023
# [ok]
