#                                                                                 --- full sequence --- -------------- this domain -------------   hmm coord   ali coord   env coord
# target name             accession   tlen query name           accession   qlen   E-value  score  bias   #  of  c-Evalue  i-Evalue  score  bias  from    to  from    to  from    to  acc description of target
#     ------------------- ---------- ----- -------------------- ---------- ----- --------- ------ ----- --- --- --------- --------- ------ ----- ----- ----- ----- ----- ----- ----- ---- ---------------------
scaffold107:130608-132689 -            694 89402at147550        -            352  9.7e-103  341.9  17.1   1   5    0.0098        23    1.9   0.2     2    29     3    30     2    84 0.77 -
scaffold107:130608-132689 -            694 89402at147550        -            352  9.7e-103  341.9  17.1   2   5       1.4   3.3e+03   -5.2   6.1    50    89    88   126    39   144 0.66 -
scaffold107:130608-132689 -            694 89402at147550        -            352  9.7e-103  341.9  17.1   3   5   0.00019      0.45    7.5   0.5    12    46   141   175   129   201 0.70 -
scaffold107:130608-132689 -            694 89402at147550        -            352  9.7e-103  341.9  17.1   4   5  4.3e-106  9.7e-103  341.9  17.1    27   298   207   496   179   499 0.84 -
scaffold107:130608-132689 -            694 89402at147550        -            352  9.7e-103  341.9  17.1   5   5     0.013        29    1.5   0.7   299   343   523   569   509   576 0.53 -
scaffold261:119700-120414 -            214 89402at147550        -            352      0.21    8.6   0.0   1   2     9e-05      0.21    8.6   0.0   131   208    35   109    26   114 0.87 -
scaffold261:119700-120414 -            214 89402at147550        -            352      0.21    8.6   0.0   2   2       1.5   3.5e+03   -5.3   3.6   302   315   154   167   133   201 0.62 -
#
# Program:         hmmsearch
# Version:         3.1b2 (February 2015)
# Pipeline mode:   SEARCH
# Query file:      /pickett_shared/projects/lwy647/discula_draft_assembly/busco_downloads/lineages/sordariomycetes_odb10/hmms/89402at147550.hmm
# Target file:     /pickett_shared/projects/lwy647/discula_draft_assembly/discula70_53.scafSeq.BUSCO/run_sordariomycetes_odb10/metaeuk_output/initial_results/discula70_53.scafSeq.modified.fas
# Option settings: hmmsearch --domtblout /pickett_shared/projects/lwy647/discula_draft_assembly/discula70_53.scafSeq.BUSCO/run_sordariomycetes_odb10/hmmer_output/initial_run_results/89402at147550.out --cpu 1 /pickett_shared/projects/lwy647/discula_draft_assembly/busco_downloads/lineages/sordariomycetes_odb10/hmms/89402at147550.hmm /pickett_shared/projects/lwy647/discula_draft_assembly/discula70_53.scafSeq.BUSCO/run_sordariomycetes_odb10/metaeuk_output/initial_results/discula70_53.scafSeq.modified.fas 
# Current dir:     /pickett_shared/projects/lwy647/discula_draft_assembly
# Date:            Thu Aug 31 18:12:04 2023
# [ok]
