#                                                                               --- full sequence --- -------------- this domain -------------   hmm coord   ali coord   env coord
# target name           accession   tlen query name           accession   qlen   E-value  score  bias   #  of  c-Evalue  i-Evalue  score  bias  from    to  from    to  from    to  acc description of target
#   ------------------- ---------- ----- -------------------- ---------- ----- --------- ------ ----- --- --- --------- --------- ------ ----- ----- ----- ----- ----- ----- ----- ---- ---------------------
scaffold4:33331-34008   -            226 91759at147550        -            160   2.2e-67  223.9   3.2   1   2   2.5e-58   3.9e-55  184.1   1.0     1   119     3   124     3   129 0.97 -
scaffold4:33331-34008   -            226 91759at147550        -            160   2.2e-67  223.9   3.2   2   2     5e-14   7.6e-11   40.2   0.0   103   159   149   210   131   211 0.74 -
scaffold189:15873-16915 -            215 91759at147550        -            160   3.7e-13   47.7   0.4   1   3   5.1e-09   7.8e-06   23.9   0.0    21    83    18    80     3    93 0.88 -
scaffold189:15873-16915 -            215 91759at147550        -            160   3.7e-13   47.7   0.4   2   3   0.00084       1.3    6.9   0.0    10    54    75   119    71   123 0.86 -
scaffold189:15873-16915 -            215 91759at147550        -            160   3.7e-13   47.7   0.4   3   3   1.5e-07   0.00023   19.1   0.2     9    96   107   198   102   211 0.75 -
C190932:368-745         -            126 91759at147550        -            160   5.3e-07   27.7   0.5   1   2   5.2e-07   0.00079   17.4   0.0    32    85     2    55     1    62 0.92 -
C190932:368-745         -            126 91759at147550        -            160   5.3e-07   27.7   0.5   2   2   6.6e-05       0.1   10.5   0.4    17    65    55   102    48   124 0.77 -
#
# Program:         hmmsearch
# Version:         3.1b2 (February 2015)
# Pipeline mode:   SEARCH
# Query file:      /pickett_shared/projects/lwy647/discula_draft_assembly/busco_downloads/lineages/sordariomycetes_odb10/hmms/91759at147550.hmm
# Target file:     /pickett_shared/projects/lwy647/discula_draft_assembly/discula70_53.scafSeq.BUSCO/run_sordariomycetes_odb10/metaeuk_output/initial_results/discula70_53.scafSeq.modified.fas
# Option settings: hmmsearch --domtblout /pickett_shared/projects/lwy647/discula_draft_assembly/discula70_53.scafSeq.BUSCO/run_sordariomycetes_odb10/hmmer_output/initial_run_results/91759at147550.out --cpu 1 /pickett_shared/projects/lwy647/discula_draft_assembly/busco_downloads/lineages/sordariomycetes_odb10/hmms/91759at147550.hmm /pickett_shared/projects/lwy647/discula_draft_assembly/discula70_53.scafSeq.BUSCO/run_sordariomycetes_odb10/metaeuk_output/initial_results/discula70_53.scafSeq.modified.fas 
# Current dir:     /pickett_shared/projects/lwy647/discula_draft_assembly
# Date:            Thu Aug 31 18:12:06 2023
# [ok]
