#                                                                               --- full sequence --- -------------- this domain -------------   hmm coord   ali coord   env coord
# target name           accession   tlen query name           accession   qlen   E-value  score  bias   #  of  c-Evalue  i-Evalue  score  bias  from    to  from    to  from    to  acc description of target
#   ------------------- ---------- ----- -------------------- ---------- ----- --------- ------ ----- --- --- --------- --------- ------ ----- ----- ----- ----- ----- ----- ----- ---- ---------------------
scaffold679:13253-15217 -            655 93116at147550        -            393       2.1    5.0  12.2   1   3     0.081   1.8e+02   -1.4   0.2   236   281    68   116    53   121 0.63 -
scaffold679:13253-15217 -            655 93116at147550        -            393       2.1    5.0  12.2   2   3    0.0024       5.6    3.6   0.9   221   270   344   393   316   395 0.85 -
scaffold679:13253-15217 -            655 93116at147550        -            393       2.1    5.0  12.2   3   3   8.3e-05      0.19    8.4   0.5   165   223   465   523   455   533 0.89 -
scaffold528:79021-81228 -            715 93116at147550        -            393       5.7    3.6  39.1   1   4     0.013        29    1.2   5.2   183   246   118   181    83   187 0.78 -
scaffold528:79021-81228 -            715 93116at147550        -            393       5.7    3.6  39.1   2   4    0.0023       5.3    3.7  14.4   110   247   190   331   184   347 0.80 -
scaffold528:79021-81228 -            715 93116at147550        -            393       5.7    3.6  39.1   3   4   1.2e-05     0.028   11.2   0.6   188   244   402   458   387   477 0.90 -
scaffold528:79021-81228 -            715 93116at147550        -            393       5.7    3.6  39.1   4   4     0.028        64    0.1   0.1   195   223   532   560   519   598 0.50 -
#
# Program:         hmmsearch
# Version:         3.1b2 (February 2015)
# Pipeline mode:   SEARCH
# Query file:      /pickett_shared/projects/lwy647/discula_draft_assembly/busco_downloads/lineages/sordariomycetes_odb10/hmms/93116at147550.hmm
# Target file:     /pickett_shared/projects/lwy647/discula_draft_assembly/discula70_53.scafSeq.BUSCO/run_sordariomycetes_odb10/metaeuk_output/initial_results/discula70_53.scafSeq.modified.fas
# Option settings: hmmsearch --domtblout /pickett_shared/projects/lwy647/discula_draft_assembly/discula70_53.scafSeq.BUSCO/run_sordariomycetes_odb10/hmmer_output/initial_run_results/93116at147550.out --cpu 1 /pickett_shared/projects/lwy647/discula_draft_assembly/busco_downloads/lineages/sordariomycetes_odb10/hmms/93116at147550.hmm /pickett_shared/projects/lwy647/discula_draft_assembly/discula70_53.scafSeq.BUSCO/run_sordariomycetes_odb10/metaeuk_output/initial_results/discula70_53.scafSeq.modified.fas 
# Current dir:     /pickett_shared/projects/lwy647/discula_draft_assembly
# Date:            Thu Aug 31 18:12:08 2023
# [ok]
