#                                                                                 --- full sequence --- -------------- this domain -------------   hmm coord   ali coord   env coord
# target name             accession   tlen query name           accession   qlen   E-value  score  bias   #  of  c-Evalue  i-Evalue  score  bias  from    to  from    to  from    to  acc description of target
#     ------------------- ---------- ----- -------------------- ---------- ----- --------- ------ ----- --- --- --------- --------- ------ ----- ----- ----- ----- ----- ----- ----- ---- ---------------------
scaffold352:111017-112704 -            531 9340at147550         -            632         0 1046.4   0.0   1   1         0         0 1046.1   0.0     1   500     8   526     8   528 0.97 -
scaffold71:126472-128384  -            610 9340at147550         -            632   4.1e-73  244.6   0.0   1   1   6.4e-75   5.9e-72  240.8   0.0     4   567    26   580    23   600 0.85 -
scaffold425:38177-39727   -            517 9340at147550         -            632   1.8e-30  103.8   0.0   1   2   2.1e-29   1.9e-26   90.5   0.0     9   320    12   319     8   328 0.88 -
scaffold425:38177-39727   -            517 9340at147550         -            632   1.8e-30  103.8   0.0   2   2   2.2e-05      0.02   11.1   0.0   406   501   381   490   363   516 0.74 -
scaffold139:13807-15513   -            569 9340at147550         -            632     2e-27   93.7   0.0   1   1   3.4e-30   3.1e-27   93.1   0.0     9   561     2   568     1   569 0.73 -
scaffold740:27287-29761   -            763 9340at147550         -            632     0.026   10.7   0.6   1   2   5.4e-05      0.05    9.8   0.0   330   409   398   478   374   491 0.81 -
scaffold740:27287-29761   -            763 9340at147550         -            632     0.026   10.7   0.6   2   2      0.24   2.2e+02   -2.2   0.1   566   599   514   547   509   552 0.81 -
#
# Program:         hmmsearch
# Version:         3.1b2 (February 2015)
# Pipeline mode:   SEARCH
# Query file:      /pickett_shared/projects/lwy647/discula_draft_assembly/busco_downloads/lineages/sordariomycetes_odb10/hmms/9340at147550.hmm
# Target file:     /pickett_shared/projects/lwy647/discula_draft_assembly/discula70_53.scafSeq.BUSCO/run_sordariomycetes_odb10/metaeuk_output/initial_results/discula70_53.scafSeq.modified.fas
# Option settings: hmmsearch --domtblout /pickett_shared/projects/lwy647/discula_draft_assembly/discula70_53.scafSeq.BUSCO/run_sordariomycetes_odb10/hmmer_output/initial_run_results/9340at147550.out --cpu 1 /pickett_shared/projects/lwy647/discula_draft_assembly/busco_downloads/lineages/sordariomycetes_odb10/hmms/9340at147550.hmm /pickett_shared/projects/lwy647/discula_draft_assembly/discula70_53.scafSeq.BUSCO/run_sordariomycetes_odb10/metaeuk_output/initial_results/discula70_53.scafSeq.modified.fas 
# Current dir:     /pickett_shared/projects/lwy647/discula_draft_assembly
# Date:            Thu Aug 31 18:12:09 2023
# [ok]
