#                                                                                 --- full sequence --- -------------- this domain -------------   hmm coord   ali coord   env coord
# target name             accession   tlen query name           accession   qlen   E-value  score  bias   #  of  c-Evalue  i-Evalue  score  bias  from    to  from    to  from    to  acc description of target
#     ------------------- ---------- ----- -------------------- ---------- ----- --------- ------ ----- --- --- --------- --------- ------ ----- ----- ----- ----- ----- ----- ----- ---- ---------------------
scaffold479:74407-77248   -            836 9736at147550         -            724         0 1390.9   3.2   1   1         0         0 1390.5   3.2     5   724     1   798     1   798 0.95 -
scaffold237:16750-20683   -           1207 9736at147550         -            724     2e-68  229.2   2.8   1   2   1.4e-30   8.4e-29   98.2   0.2     5   161     4   161     1   174 0.90 -
scaffold237:16750-20683   -           1207 9736at147550         -            724     2e-68  229.2   2.8   2   2   1.8e-40   1.1e-38  130.9   0.3   163   668   198   720   192   732 0.76 -
scaffold679:35697-36815   -            373 9736at147550         -            724   2.6e-38  129.6   0.4   1   4   7.3e-07   4.4e-05   19.8   0.0   186   246    22    82     3    89 0.91 -
scaffold679:35697-36815   -            373 9736at147550         -            724   2.6e-38  129.6   0.4   2   4   1.4e-18   8.6e-17   58.5   0.0    62   255    26   216    24   228 0.88 -
scaffold679:35697-36815   -            373 9736at147550         -            724   2.6e-38  129.6   0.4   3   4   9.7e-14   5.8e-12   42.5   0.0   124   263   171   310   170   317 0.74 -
scaffold679:35697-36815   -            373 9736at147550         -            724   2.6e-38  129.6   0.4   4   4     9e-09   5.4e-07   26.1   0.0   184   242   315   373   310   373 0.96 -
scaffold226:67411-68872   -            447 9736at147550         -            724   4.7e-30  102.3   0.1   1   3   4.2e-06   0.00026   17.3   0.0    84   137   100   152    95   165 0.74 -
scaffold226:67411-68872   -            447 9736at147550         -            724   4.7e-30  102.3   0.1   2   3   3.1e-15   1.9e-13   47.5   0.0   102   226   162   293   156   297 0.88 -
scaffold226:67411-68872   -            447 9736at147550         -            724   4.7e-30  102.3   0.1   3   3     3e-11   1.8e-09   34.3   0.0    58   140   316   398   310   408 0.88 -
scaffold299:50012-51394   -            438 9736at147550         -            724     2e-29  100.3   0.1   1   2     3e-22   1.8e-20   70.7   0.1    82   253    97   277    94   290 0.85 -
scaffold299:50012-51394   -            438 9736at147550         -            724     2e-29  100.3   0.1   2   2     4e-09   2.4e-07   27.3   0.0    58   140   317   399   312   408 0.83 -
scaffold33:10801-13583    -            883 9736at147550         -            724   2.7e-28   96.6   9.0   1   5      0.64        38    0.2   0.0    81   118   100   137    63   156 0.56 -
scaffold33:10801-13583    -            883 9736at147550         -            724   2.7e-28   96.6   9.0   2   5   4.2e-06   0.00025   17.3   0.1    60   201   197   338   187   348 0.70 -
scaffold33:10801-13583    -            883 9736at147550         -            724   2.7e-28   96.6   9.0   3   5     0.043       2.6    4.0   0.1    80   142   413   477   397   491 0.78 -
scaffold33:10801-13583    -            883 9736at147550         -            724   2.7e-28   96.6   9.0   4   5   3.8e-17   2.3e-15   53.8   0.1    98   218   493   630   479   641 0.77 -
scaffold33:10801-13583    -            883 9736at147550         -            724   2.7e-28   96.6   9.0   5   5   1.1e-07   6.4e-06   22.6   0.2   186   245   648   707   632   716 0.87 -
scaffold72:58344-59805    -            468 9736at147550         -            724   7.8e-28   95.0   2.2   1   3   7.1e-22   4.3e-20   69.4   0.1   115   246   144   274   130   275 0.88 -
scaffold72:58344-59805    -            468 9736at147550         -            724   7.8e-28   95.0   2.2   2   3   7.3e-07   4.4e-05   19.8   0.0   198   244   268   314   266   321 0.93 -
scaffold72:58344-59805    -            468 9736at147550         -            724   7.8e-28   95.0   2.2   3   3   3.4e-07     2e-05   20.9   0.1    60   201   300   445   299   455 0.74 -
scaffold679:36393-37040   -            216 9736at147550         -            724     3e-27   93.1   3.0   1   2   2.4e-09   1.5e-07   28.0   0.1   190   246     3    61     1    66 0.86 -
scaffold679:36393-37040   -            216 9736at147550         -            724     3e-27   93.1   3.0   2   2   7.8e-21   4.7e-19   66.0   0.4   125   254    67   195    61   206 0.85 -
scaffold290:53613-55254   -            520 9736at147550         -            724   3.2e-26   89.7   2.6   1   3   4.5e-07   2.7e-05   20.5   0.0   186   246   161   221   145   223 0.90 -
scaffold290:53613-55254   -            520 9736at147550         -            724   3.2e-26   89.7   2.6   2   3   5.4e-07   3.2e-05   20.2   0.1   128   220   231   329   227   346 0.76 -
scaffold290:53613-55254   -            520 9736at147550         -            724   3.2e-26   89.7   2.6   3   3   5.5e-15   3.3e-13   46.7   0.1   100   243   376   519   332   520 0.84 -
scaffold663:21837-23802   -            626 9736at147550         -            724   6.1e-25   85.5   4.4   1   3   6.1e-12   3.7e-10   36.6   1.1   115   236   284   399   271   399 0.80 -
scaffold663:21837-23802   -            626 9736at147550         -            724   6.1e-25   85.5   4.4   2   3   1.1e-12   6.7e-11   39.0   0.1    58   214   391   557   385   564 0.70 -
scaffold663:21837-23802   -            626 9736at147550         -            724   6.1e-25   85.5   4.4   3   3   6.6e-05     0.004   13.3   0.0   151   243   536   624   528   626 0.73 -
scaffold8:77148-79251     -            607 9736at147550         -            724   7.5e-24   81.8   0.0   1   2   3.4e-17     2e-15   54.0   0.0    51   247   310   510   295   517 0.78 -
scaffold8:77148-79251     -            607 9736at147550         -            724   7.5e-24   81.8   0.0   2   2     1e-08   6.1e-07   25.9   0.0   118   203   521   605   517   607 0.72 -
scaffold721:13595-16468   -            958 9736at147550         -            724   6.5e-23   78.7   8.0   1   5     0.003      0.18    7.8   0.2   132   218    65   151    34   161 0.53 -
scaffold721:13595-16468   -            958 9736at147550         -            724   6.5e-23   78.7   8.0   2   5   2.2e-07   1.4e-05   21.5   0.1   107   246    84   242    78   251 0.75 -
scaffold721:13595-16468   -            958 9736at147550         -            724   6.5e-23   78.7   8.0   3   5       3.9   2.4e+02   -2.4   0.0    60    95   384   421   367   443 0.71 -
scaffold721:13595-16468   -            958 9736at147550         -            724   6.5e-23   78.7   8.0   4   5   9.7e-09   5.8e-07   26.0   0.1    28   118   451   539   445   596 0.83 -
scaffold721:13595-16468   -            958 9736at147550         -            724   6.5e-23   78.7   8.0   5   5   5.3e-10   3.2e-08   30.2   0.4    94   244   572   725   560   741 0.78 -
scaffold178:63097-64787   -            507 9736at147550         -            724   7.9e-21   71.8   0.2   1   3   1.9e-10   1.2e-08   31.6   0.0   140   245   250   356   192   382 0.84 -
scaffold178:63097-64787   -            507 9736at147550         -            724   7.9e-21   71.8   0.2   2   3   2.3e-10   1.4e-08   31.4   0.0    90   218   287   412   280   419 0.90 -
scaffold178:63097-64787   -            507 9736at147550         -            724   7.9e-21   71.8   0.2   3   3   2.7e-07   1.6e-05   21.2   0.0   181   245   440   504   435   507 0.90 -
scaffold91:236420-239677  -           1003 9736at147550         -            724   6.8e-20   68.8   2.0   1   3   3.9e-07   2.3e-05   20.7   0.0    59   138   638   714   632   730 0.65 -
scaffold91:236420-239677  -           1003 9736at147550         -            724   6.8e-20   68.8   2.0   2   3      0.21        13    1.7   0.0   222   243   729   750   713   762 0.79 -
scaffold91:236420-239677  -           1003 9736at147550         -            724   6.8e-20   68.8   2.0   3   3     8e-14   4.8e-12   42.8   0.6    84   279   779   965   773   975 0.83 -
scaffold262:5982-8751     -            898 9736at147550         -            724     7e-20   68.7   0.6   1   2   1.5e-05   0.00089   15.5   0.0    70   243    38   223    33   231 0.69 -
scaffold262:5982-8751     -            898 9736at147550         -            724     7e-20   68.7   0.6   2   2     3e-16   1.8e-14   50.8   0.1    57   243   313   500   258   514 0.82 -
scaffold126:47557-48887   -            358 9736at147550         -            724   3.3e-19   66.5   0.3   1   3     0.033         2    4.4   0.1   210   248    68   106    60   124 0.74 -
scaffold126:47557-48887   -            358 9736at147550         -            724   3.3e-19   66.5   0.3   2   3   7.7e-18   4.6e-16   56.1   0.1    29   203    99   276    96   285 0.84 -
scaffold126:47557-48887   -            358 9736at147550         -            724   3.3e-19   66.5   0.3   3   3    0.0083       0.5    6.4   0.0   188   222   305   339   294   358 0.78 -
scaffold126:226891-229130 -            665 9736at147550         -            724   5.2e-19   65.8   4.1   1   3       6.5   3.9e+02   -3.2   0.0   617   671   163   220   159   223 0.64 -
scaffold126:226891-229130 -            665 9736at147550         -            724   5.2e-19   65.8   4.1   2   3   1.2e-12   7.2e-11   38.9   0.3    93   265   290   453   270   459 0.82 -
scaffold126:226891-229130 -            665 9736at147550         -            724   5.2e-19   65.8   4.1   3   3   4.9e-12   2.9e-10   36.9   0.3    98   277   414   584   403   599 0.78 -
scaffold55:67073-68598    -            432 9736at147550         -            724   1.1e-17   61.5   1.1   1   3   2.1e-06   0.00013   18.3   0.1   128   202   185   265   180   276 0.82 -
scaffold55:67073-68598    -            432 9736at147550         -            724   1.1e-17   61.5   1.1   2   3     4e-12   2.4e-10   37.2   0.1    85   161   280   357   268   370 0.92 -
scaffold55:67073-68598    -            432 9736at147550         -            724   1.1e-17   61.5   1.1   3   3     0.075       4.5    3.2   0.0   127   159   380   412   373   422 0.62 -
scaffold39:57898-58915    -            313 9736at147550         -            724   1.8e-17   60.8   0.0   1   2   7.2e-10   4.3e-08   29.7   0.0   126   247    17   139    11   147 0.83 -
scaffold39:57898-58915    -            313 9736at147550         -            724   1.8e-17   60.8   0.0   2   2     1e-09   6.3e-08   29.2   0.0    44   197   147   307   139   312 0.82 -
scaffold37:114701-116273  -            412 9736at147550         -            724   4.5e-16   56.1   1.0   1   2   4.7e-13   2.9e-11   40.3   0.0   101   247    52   204    41   213 0.79 -
scaffold37:114701-116273  -            412 9736at147550         -            724   4.5e-16   56.1   1.0   2   2   2.6e-05    0.0016   14.7   0.2   192   257   265   330   232   359 0.87 -
scaffold31:53043-54041    -            304 9736at147550         -            724   1.7e-15   54.2   2.2   1   3   9.1e-10   5.5e-08   29.4   0.0   184   255    29   101    13   105 0.83 -
scaffold31:53043-54041    -            304 9736at147550         -            724   1.7e-15   54.2   2.2   2   3      0.19        11    1.9   0.0    93   119   108   134    99   178 0.58 -
scaffold31:53043-54041    -            304 9736at147550         -            724   1.7e-15   54.2   2.2   3   3   1.5e-06   8.9e-05   18.8   0.3    80   211   184   285   173   300 0.55 -
scaffold255:80910-83161   -            706 9736at147550         -            724   3.4e-15   53.2   1.2   1   2   2.8e-13   1.7e-11   41.0   0.6    98   242   406   550   393   550 0.84 -
scaffold255:80910-83161   -            706 9736at147550         -            724   3.4e-15   53.2   1.2   2   2   0.00028     0.017   11.3   0.0   196   244   546   595   536   598 0.81 -
scaffold509:105503-107947 -            796 9736at147550         -            724   4.2e-14   49.6   1.3   1   3     0.023       1.4    4.9   0.0   221   244   464   487   436   497 0.58 -
scaffold509:105503-107947 -            796 9736at147550         -            724   4.2e-14   49.6   1.3   2   3   2.9e-06   0.00018   17.8   0.0   184   247   596   657   585   664 0.88 -
scaffold509:105503-107947 -            796 9736at147550         -            724   4.2e-14   49.6   1.3   3   3   1.6e-06   9.5e-05   18.7   0.0    58   136   680   758   671   782 0.86 -
scaffold284:35441-37282   -            596 9736at147550         -            724   7.8e-14   48.7   0.2   1   1   2.1e-15   1.3e-13   48.0   0.2    41   239   104   301    66   305 0.82 -
scaffold351:111404-113017 -            538 9736at147550         -            724   2.4e-13   47.1   2.4   1   3     7e-11   4.2e-09   33.1   0.1   168   248   244   324   238   332 0.91 -
scaffold351:111404-113017 -            538 9736at147550         -            724   2.4e-13   47.1   2.4   2   3   1.4e-07   8.4e-06   22.2   0.4   103   249   307   456   301   463 0.77 -
scaffold351:111404-113017 -            538 9736at147550         -            724   2.4e-13   47.1   2.4   3   3     0.042       2.5    4.1   0.1   392   447   460   518   453   538 0.67 -
scaffold265:74878-78595   -            799 9736at147550         -            724   1.4e-12   44.6   2.6   1   3   9.2e-07   5.5e-05   19.5   0.2   124   222    60   157    47   184 0.81 -
scaffold265:74878-78595   -            799 9736at147550         -            724   1.4e-12   44.6   2.6   2   3      0.34        21    1.0   0.0   130   159   196   225   160   245 0.65 -
scaffold265:74878-78595   -            799 9736at147550         -            724   1.4e-12   44.6   2.6   3   3   1.2e-07   7.3e-06   22.4   0.1   103   201   255   353   242   362 0.88 -
scaffold94:208851-211790  -            980 9736at147550         -            724     4e-12   43.1   1.8   1   4   7.8e-08   4.7e-06   23.0   0.0   183   257   265   342   241   368 0.81 -
scaffold94:208851-211790  -            980 9736at147550         -            724     4e-12   43.1   1.8   2   4         1        61   -0.5   0.0   184   201   352   369   341   379 0.84 -
scaffold94:208851-211790  -            980 9736at147550         -            724     4e-12   43.1   1.8   3   4   4.4e-06   0.00027   17.2   0.1   187   247   429   487   406   505 0.57 -
scaffold94:208851-211790  -            980 9736at147550         -            724     4e-12   43.1   1.8   4   4       8.6   5.2e+02   -3.6   0.1   230   244   577   591   576   596 0.86 -
scaffold67:41310-44753    -           1018 9736at147550         -            724   5.9e-12   42.5   1.4   1   1     2e-13   1.2e-11   41.5   1.4    75   310    75   313    70   325 0.78 -
scaffold71:251585-253878  -            652 9736at147550         -            724   1.4e-11   41.3   0.0   1   3   1.1e-07   6.8e-06   22.5   0.0   101   249   328   388   297   398 0.64 -
scaffold71:251585-253878  -            652 9736at147550         -            724   1.4e-11   41.3   0.0   2   3     0.018       1.1    5.3   0.0   211   255   429   471   422   485 0.71 -
scaffold71:251585-253878  -            652 9736at147550         -            724   1.4e-11   41.3   0.0   3   3   0.00085     0.051    9.7   0.0   192   255   515   576   505   601 0.76 -
scaffold726:47529-48488   -            287 9736at147550         -            724   2.8e-11   40.3   1.1   1   2   3.7e-08   2.2e-06   24.1   0.1   188   268    12    98     3   146 0.73 -
scaffold726:47529-48488   -            287 9736at147550         -            724   2.8e-11   40.3   1.1   2   2     2e-05    0.0012   15.1   0.1   189   278   165   265   156   278 0.68 -
scaffold163:92278-94186   -            607 9736at147550         -            724   3.8e-11   39.8   3.8   1   3    0.0086      0.52    6.3   0.0   203   244    46    87    32    99 0.88 -
scaffold163:92278-94186   -            607 9736at147550         -            724   3.8e-11   39.8   3.8   2   3   2.9e-05    0.0017   14.5   0.0    84   163   186   265   164   284 0.85 -
scaffold163:92278-94186   -            607 9736at147550         -            724   3.8e-11   39.8   3.8   3   3   3.3e-06    0.0002   17.6   0.2   116   202   520   603   461   605 0.81 -
scaffold7:127691-129352   -            554 9736at147550         -            724   1.5e-10   37.9   0.0   1   1   3.5e-12   2.1e-10   37.4   0.0    30   281    92   353    83   368 0.79 -
scaffold69:144016-144591  -            192 9736at147550         -            724   4.3e-10   36.4   0.1   1   2   1.1e-09   6.8e-08   29.1   0.0   184   246    20    82     3    88 0.89 -
scaffold69:144016-144591  -            192 9736at147550         -            724   4.3e-10   36.4   0.1   2   2     0.016      0.94    5.5   0.0   213   253   127   167   122   192 0.54 -
scaffold69:68839-70440    -            491 9736at147550         -            724   1.2e-09   34.9   2.9   1   2   8.2e-08   4.9e-06   22.9   0.9   127   227   232   336   217   354 0.60 -
scaffold69:68839-70440    -            491 9736at147550         -            724   1.2e-09   34.9   2.9   2   2   0.00021     0.013   11.7   0.0   164   247   365   451   359   462 0.70 -
scaffold410:104282-105569 -            373 9736at147550         -            724   1.1e-08   31.7   0.1   1   2   1.4e-05   0.00084   15.6   0.1   134   243    65   178    49   189 0.61 -
scaffold410:104282-105569 -            373 9736at147550         -            724   1.1e-08   31.7   0.1   2   2     4e-05    0.0024   14.1   0.0   101   164   248   312   242   325 0.89 -
scaffold352:81022-82225   -            383 9736at147550         -            724   1.2e-08   31.6   0.6   1   2   0.00018     0.011   11.9   0.1    89   219    26   159     6   203 0.66 -
scaffold352:81022-82225   -            383 9736at147550         -            724   1.2e-08   31.6   0.6   2   2   2.1e-06   0.00013   18.3   0.0   148   243   238   335   222   352 0.83 -
scaffold32:6587-9265      -            893 9736at147550         -            724   1.2e-08   31.6   0.2   1   3   1.2e-06   7.4e-05   19.1   0.1    56   160   182   242   162   275 0.59 -
scaffold32:6587-9265      -            893 9736at147550         -            724   1.2e-08   31.6   0.2   2   3   0.00083      0.05    9.7   0.0   188   245   331   390   322   433 0.90 -
scaffold32:6587-9265      -            893 9736at147550         -            724   1.2e-08   31.6   0.2   3   3       9.5   5.7e+02   -3.7   0.0    87   117   487   516   483   524 0.70 -
scaffold377:5691-7553     -            580 9736at147550         -            724   2.6e-08   30.5   0.7   1   2   0.00016    0.0098   12.0   0.1    29   184   297   451   291   498 0.83 -
scaffold377:5691-7553     -            580 9736at147550         -            724   2.6e-08   30.5   0.7   2   2   5.9e-06   0.00036   16.8   0.1   195   243   506   554   484   559 0.91 -
scaffold528:88245-89801   -            490 9736at147550         -            724   2.8e-08   30.4   0.1   1   2   8.8e-05    0.0053   12.9   0.1   148   244   140   247   129   255 0.50 -
scaffold528:88245-89801   -            490 9736at147550         -            724   2.8e-08   30.4   0.1   2   2     4e-05    0.0024   14.0   0.0   186   248   354   420   299   426 0.67 -
scaffold848:10283-11353   -            357 9736at147550         -            724   3.6e-08   30.0   0.0   1   3       0.4        24    0.8   0.0   180   206    10    36     2    46 0.71 -
scaffold848:10283-11353   -            357 9736at147550         -            724   3.6e-08   30.0   0.0   2   3   2.3e-08   1.4e-06   24.8   0.1   122   202    56   140    51   191 0.83 -
scaffold848:10283-11353   -            357 9736at147550         -            724   3.6e-08   30.0   0.0   3   3      0.77        46   -0.1   0.0    55   129   170   241   155   244 0.78 -
scaffold192:3730-5082     -            451 9736at147550         -            724   4.6e-08   29.7   1.1   1   2     0.024       1.5    4.8   0.0   181   244    30    97    21   108 0.76 -
scaffold192:3730-5082     -            451 9736at147550         -            724   4.6e-08   29.7   1.1   2   2     6e-08   3.6e-06   23.4   0.2    83   204   147   292   136   368 0.81 -
scaffold255:124337-126211 -            625 9736at147550         -            724   6.3e-08   29.2   0.1   1   2   5.8e-09   3.5e-07   26.8   0.0    82   203   249   368   241   379 0.87 -
scaffold255:124337-126211 -            625 9736at147550         -            724   6.3e-08   29.2   0.1   2   2       1.4        83   -0.9   0.0   228   244   482   498   472   508 0.78 -
scaffold639:55577-58163   -            801 9736at147550         -            724   1.8e-07   27.7   0.2   1   2      0.01      0.63    6.1   0.0   207   246     4    42     2    65 0.87 -
scaffold639:55577-58163   -            801 9736at147550         -            724   1.8e-07   27.7   0.2   2   2   1.4e-06   8.3e-05   18.9   0.1    85   283   104   303    74   329 0.78 -
scaffold639:53258-54412   -            385 9736at147550         -            724   1.8e-07   27.7   1.5   1   2   4.7e-05    0.0028   13.8   0.5    76   214    83   222    77   231 0.73 -
scaffold639:53258-54412   -            385 9736at147550         -            724   1.8e-07   27.7   1.5   2   2   9.2e-05    0.0055   12.9   0.2   196   244   319   366   191   376 0.74 -
scaffold250:114896-117332 -            718 9736at147550         -            724   3.5e-07   26.7   0.3   1   2   0.00047     0.029   10.5   0.0   176   243    18    91     5    99 0.81 -
scaffold250:114896-117332 -            718 9736at147550         -            724   3.5e-07   26.7   0.3   2   2   3.2e-05     0.002   14.4   0.1    58   116   134   192   105   214 0.91 -
scaffold343:218272-221419 -           1005 9736at147550         -            724   5.8e-07   26.0   2.2   1   2   1.7e-07     1e-05   21.9   0.9   119   217   110   207    44   214 0.82 -
scaffold343:218272-221419 -           1005 9736at147550         -            724   5.8e-07   26.0   2.2   2   2      0.17        10    2.0   0.0   228   285   305   364   300   375 0.67 -
scaffold143:178879-181985 -            991 9736at147550         -            724   7.8e-07   25.6   0.6   1   2      0.43        26    0.7   0.0   196   250    89   144    81   194 0.77 -
scaffold143:178879-181985 -            991 9736at147550         -            724   7.8e-07   25.6   0.6   2   2     1e-07   6.1e-06   22.6   0.1    92   249   553   667   531   708 0.58 -
scaffold529:48622-50226   -            535 9736at147550         -            724   1.3e-06   24.8   0.7   1   2       1.6        94   -1.1   0.0   122   161   251   290   173   298 0.58 -
scaffold529:48622-50226   -            535 9736at147550         -            724   1.3e-06   24.8   0.7   2   2   1.2e-07   7.3e-06   22.4   0.4   122   206   342   432   330   439 0.76 -
scaffold190:183806-185430 -            522 9736at147550         -            724   2.3e-06   24.0   1.5   1   2      0.63        38    0.2   0.1    46    74   120   148   112   158 0.89 -
scaffold190:183806-185430 -            522 9736at147550         -            724   2.3e-06   24.0   1.5   2   2   1.2e-07     7e-06   22.4   0.2    52   245   230   428   217   435 0.74 -
scaffold842:6306-8594     -            593 9736at147550         -            724   3.4e-06   23.5   0.1   1   2      0.13       7.9    2.4   0.0   212   243    63    95    58   100 0.74 -
scaffold842:6306-8594     -            593 9736at147550         -            724   3.4e-06   23.5   0.1   2   2   1.7e-06    0.0001   18.6   0.0   124   215   116   206   103   242 0.77 -
scaffold50:513257-518764  -           1074 9736at147550         -            724   3.5e-06   23.5   0.0   1   1   9.4e-08   5.7e-06   22.7   0.0    80   247    52   227    40   253 0.77 -
scaffold121:52252-53721   -            490 9736at147550         -            724   3.8e-06   23.3   0.9   1   2   0.00027     0.016   11.3   0.1   123   202   298   380   267   383 0.81 -
scaffold121:52252-53721   -            490 9736at147550         -            724   3.8e-06   23.3   0.9   2   2     8e-05    0.0049   13.1   0.1    56   116   362   431   361   440 0.81 -
scaffold163:116213-117779 -            499 9736at147550         -            724   5.9e-06   22.7   0.0   1   2   1.3e-05   0.00076   15.7   0.0    83   243    68   251    57   256 0.65 -
scaffold163:116213-117779 -            499 9736at147550         -            724   5.9e-06   22.7   0.0   2   2     0.064       3.8    3.5   0.0   183   206   308   331   284   354 0.73 -
scaffold203:50644-51853   -            335 9736at147550         -            724   6.1e-06   22.6   0.1   1   2   3.8e-06   0.00023   17.4   0.0   186   248    23    85     5   105 0.69 -
scaffold203:50644-51853   -            335 9736at147550         -            724   6.1e-06   22.6   0.1   2   2      0.12       7.4    2.5   0.0   166   223   185   241   127   276 0.69 -
scaffold186:17686-18939   -            378 9736at147550         -            724   1.4e-05   21.5   0.0   1   1   2.9e-07   1.8e-05   21.1   0.0   149   275    71   197    26   216 0.74 -
scaffold50:198890-201451  -            836 9736at147550         -            724   1.6e-05   21.3   0.0   1   2    0.0082      0.49    6.4   0.0   124   252   484   527   479   560 0.43 -
scaffold50:198890-201451  -            836 9736at147550         -            724   1.6e-05   21.3   0.0   2   2   0.00092     0.056    9.5   0.0    14   115   676   781   669   791 0.60 -
scaffold352:12971-15458   -            438 9736at147550         -            724   0.00013   18.3   0.2   1   2   0.00025     0.015   11.4   0.0    84   253   102   288    95   297 0.71 -
scaffold352:12971-15458   -            438 9736at147550         -            724   0.00013   18.3   0.2   2   2     0.021       1.3    5.1   0.0    48   167   320   398   306   436 0.50 -
scaffold71:271898-273020  -            351 9736at147550         -            724   0.00014   18.1   0.0   1   2    0.0014     0.083    9.0   0.0   198   243    83   127     2   158 0.69 -
scaffold71:271898-273020  -            351 9736at147550         -            724   0.00014   18.1   0.0   2   2     0.005       0.3    7.1   0.0   220   276   259   320   248   326 0.73 -
scaffold269:73282-75225   -            582 9736at147550         -            724   0.00034   16.9   0.4   1   3     0.094       5.7    2.9   0.1   145   241   306   411   297   425 0.67 -
scaffold269:73282-75225   -            582 9736at147550         -            724   0.00034   16.9   0.4   2   3      0.72        43   -0.0   0.1   183   220   437   474   396   508 0.74 -
scaffold269:73282-75225   -            582 9736at147550         -            724   0.00034   16.9   0.4   3   3   0.00043     0.026   10.7   0.0   183   265   478   563   473   578 0.71 -
scaffold352:77693-80310   -            853 9736at147550         -            724   0.00038   16.7   0.1   1   2   0.00045     0.027   10.6   0.0    45   162    49   164    22   172 0.84 -
scaffold352:77693-80310   -            853 9736at147550         -            724   0.00038   16.7   0.1   2   2     0.048       2.9    3.9   0.0    80   181   178   278   171   290 0.65 -
scaffold377:101263-103464 -            734 9736at147550         -            724   0.00038   16.7   0.0   1   2   1.8e-05    0.0011   15.2   0.0   176   244   272   343   233   365 0.84 -
scaffold377:101263-103464 -            734 9736at147550         -            724   0.00038   16.7   0.0   2   2         8   4.8e+02   -3.5   0.0   148   168   439   460   425   464 0.61 -
scaffold440:10778-12017   -            388 9736at147550         -            724    0.0006   16.0   0.1   1   3       3.2   1.9e+02   -2.1   0.0   136   161    38    66    31    76 0.63 -
scaffold440:10778-12017   -            388 9736at147550         -            724    0.0006   16.0   0.1   2   3   6.2e-05    0.0037   13.4   0.0   141   209   115   184   105   207 0.82 -
scaffold440:10778-12017   -            388 9736at147550         -            724    0.0006   16.0   0.1   3   3       1.9   1.1e+02   -1.4   0.0    93   245   295   319   283   328 0.56 -
scaffold842:15351-17150   -            600 9736at147550         -            724   0.00093   15.4   0.4   1   2    0.0004     0.024   10.8   0.1   153   253   155   266   106   297 0.72 -
scaffold842:15351-17150   -            600 9736at147550         -            724   0.00093   15.4   0.4   2   2      0.18        11    2.0   0.0   182   245   339   407   298   436 0.80 -
scaffold501:15617-17502   -            609 9736at147550         -            724    0.0011   15.2   1.5   1   2       1.2        73   -0.8   0.0   149   221   312   385   303   408 0.71 -
scaffold501:15617-17502   -            609 9736at147550         -            724    0.0011   15.2   1.5   2   2   3.5e-05    0.0021   14.3   0.4   102   243   435   579   400   585 0.80 -
scaffold28:170917-172763  -            570 9736at147550         -            724    0.0018   14.5   0.0   1   2    0.0019      0.12    8.5   0.1   187   244   341   399   323   411 0.79 -
scaffold28:170917-172763  -            570 9736at147550         -            724    0.0018   14.5   0.0   2   2     0.048       2.9    3.9   0.0   134   203   440   512   413   524 0.69 -
scaffold110:11492-13412   -            541 9736at147550         -            724    0.0021   14.2   0.1   1   1     5e-05     0.003   13.7   0.1    38   160   314   439   300   446 0.81 -
scaffold244:5579-8162     -            839 9736at147550         -            724    0.0035   13.5   0.1   1   3     0.001     0.061    9.4   0.0   187   243   476   548   470   552 0.70 -
scaffold244:5579-8162     -            839 9736at147550         -            724    0.0035   13.5   0.1   2   3         3   1.8e+02   -2.1   0.0   230   250   716   736   714   743 0.87 -
scaffold244:5579-8162     -            839 9736at147550         -            724    0.0035   13.5   0.1   3   3      0.67        41    0.1   0.0    84   134   761   808   755   838 0.63 -
scaffold160:20465-25159   -           1565 9736at147550         -            724    0.0039   13.4   1.7   1   2       0.6        36    0.3   0.1   176   243    85   159    80   166 0.73 -
scaffold160:20465-25159   -           1565 9736at147550         -            724    0.0039   13.4   1.7   2   2   0.00021     0.013   11.6   0.2    98   160   185   247   177   253 0.84 -
scaffold622:34300-35663   -            422 9736at147550         -            724    0.0042   13.3   0.0   1   1   0.00021     0.013   11.7   0.0   186   243   136   206   107   245 0.65 -
scaffold50:560692-561832  -            356 9736at147550         -            724    0.0046   13.1   0.0   1   1   0.00013     0.008   12.3   0.0    88   165    26   103    19   126 0.81 -
scaffold10:24122-25868    -            542 9736at147550         -            724    0.0052   13.0   0.0   1   1   0.00013    0.0077   12.4   0.0    63   125   261   322   196   357 0.79 -
scaffold687:37237-38688   -            465 9736at147550         -            724    0.0052   13.0   0.1   1   2     0.094       5.6    2.9   0.0   188   219    39    70    13   130 0.76 -
scaffold687:37237-38688   -            465 9736at147550         -            724    0.0052   13.0   0.1   2   2    0.0027      0.16    8.0   0.0   186   245   285   345   258   366 0.81 -
scaffold34:112598-114178  -            527 9736at147550         -            724    0.0076   12.4   0.0   1   3    0.0077      0.46    6.5   0.0    78   105    44    71    39    76 0.87 -
scaffold34:112598-114178  -            527 9736at147550         -            724    0.0076   12.4   0.0   2   3      0.82        50   -0.2   0.0   211   246   134   170   129   222 0.62 -
scaffold34:112598-114178  -            527 9736at147550         -            724    0.0076   12.4   0.0   3   3      0.27        16    1.4   0.0   216   245   385   414   371   445 0.72 -
scaffold71:316993-321694  -           1546 9736at147550         -            724     0.011   11.9   0.0   1   3         4   2.4e+02   -2.5   0.0   197   248   564   614   557   620 0.86 -
scaffold71:316993-321694  -           1546 9736at147550         -            724     0.011   11.9   0.0   2   3    0.0009     0.054    9.6   0.0   206   253  1105  1150  1084  1190 0.78 -
scaffold71:316993-321694  -           1546 9736at147550         -            724     0.011   11.9   0.0   3   3       4.3   2.6e+02   -2.6   0.0   186   229  1417  1463  1410  1469 0.64 -
scaffold28:75158-76329    -            328 9736at147550         -            724     0.011   11.9   0.1   1   1   0.00052     0.031   10.4   0.1    85   204    60   183    36   206 0.65 -
scaffold842:10217-17147   -           1919 9736at147550         -            724     0.021   11.0   0.3   1   2    0.0019      0.12    8.5   0.1   153   253   154   265   108   310 0.73 -
scaffold842:10217-17147   -           1919 9736at147550         -            724     0.021   11.0   0.3   2   2       0.9        54   -0.3   0.0   183   244   339   405   297   414 0.78 -
#
# Program:         hmmsearch
# Version:         3.1b2 (February 2015)
# Pipeline mode:   SEARCH
# Query file:      /pickett_shared/projects/lwy647/discula_draft_assembly/busco_downloads/lineages/sordariomycetes_odb10/hmms/9736at147550.hmm
# Target file:     /pickett_shared/projects/lwy647/discula_draft_assembly/discula70_53.scafSeq.BUSCO/run_sordariomycetes_odb10/metaeuk_output/initial_results/discula70_53.scafSeq.modified.fas
# Option settings: hmmsearch --domtblout /pickett_shared/projects/lwy647/discula_draft_assembly/discula70_53.scafSeq.BUSCO/run_sordariomycetes_odb10/hmmer_output/initial_run_results/9736at147550.out --cpu 1 /pickett_shared/projects/lwy647/discula_draft_assembly/busco_downloads/lineages/sordariomycetes_odb10/hmms/9736at147550.hmm /pickett_shared/projects/lwy647/discula_draft_assembly/discula70_53.scafSeq.BUSCO/run_sordariomycetes_odb10/metaeuk_output/initial_results/discula70_53.scafSeq.modified.fas 
# Current dir:     /pickett_shared/projects/lwy647/discula_draft_assembly
# Date:            Thu Aug 31 18:12:09 2023
# [ok]
