#                                                                                 --- full sequence --- -------------- this domain -------------   hmm coord   ali coord   env coord
# target name             accession   tlen query name           accession   qlen   E-value  score  bias   #  of  c-Evalue  i-Evalue  score  bias  from    to  from    to  from    to  acc description of target
#     ------------------- ---------- ----- -------------------- ---------- ----- --------- ------ ----- --- --- --------- --------- ------ ----- ----- ----- ----- ----- ----- ----- ---- ---------------------
scaffold385:201607-203748 -            644 97925at147550        -            375   9.2e-88  293.1  46.6   1   4   9.7e-89   1.5e-85  285.9   2.3     3   261    11   265     9   272 0.81 -
scaffold385:201607-203748 -            644 97925at147550        -            375   9.2e-88  293.1  46.6   2   4   0.00085       1.3    6.3  10.9   194   250   272   339   255   359 0.65 -
scaffold385:201607-203748 -            644 97925at147550        -            375   9.2e-88  293.1  46.6   3   4   0.00028      0.43    7.9   7.8   291   339   454   501   378   520 0.60 -
scaffold385:201607-203748 -            644 97925at147550        -            375   9.2e-88  293.1  46.6   4   4   0.00011      0.17    9.2   3.9   325   360   557   592   550   602 0.65 -
scaffold7:54223-55557     -            445 97925at147550        -            375       5.2    4.3  27.6   1   2      0.31   4.7e+02   -2.1   0.3   253   291     7    45     1    70 0.52 -
scaffold7:54223-55557     -            445 97925at147550        -            375       5.2    4.3  27.6   2   2   0.00019       0.3    8.4  21.7   284   364   131   208    97   242 0.57 -
scaffold626:49948-51015   -            356 97925at147550        -            375       7.6    3.8  16.6   1   1    0.0078        12    3.2  16.6   310   365   250   306   238   312 0.78 -
#
# Program:         hmmsearch
# Version:         3.1b2 (February 2015)
# Pipeline mode:   SEARCH
# Query file:      /pickett_shared/projects/lwy647/discula_draft_assembly/busco_downloads/lineages/sordariomycetes_odb10/hmms/97925at147550.hmm
# Target file:     /pickett_shared/projects/lwy647/discula_draft_assembly/discula70_53.scafSeq.BUSCO/run_sordariomycetes_odb10/metaeuk_output/initial_results/discula70_53.scafSeq.modified.fas
# Option settings: hmmsearch --domtblout /pickett_shared/projects/lwy647/discula_draft_assembly/discula70_53.scafSeq.BUSCO/run_sordariomycetes_odb10/hmmer_output/initial_run_results/97925at147550.out --cpu 1 /pickett_shared/projects/lwy647/discula_draft_assembly/busco_downloads/lineages/sordariomycetes_odb10/hmms/97925at147550.hmm /pickett_shared/projects/lwy647/discula_draft_assembly/discula70_53.scafSeq.BUSCO/run_sordariomycetes_odb10/metaeuk_output/initial_results/discula70_53.scafSeq.modified.fas 
# Current dir:     /pickett_shared/projects/lwy647/discula_draft_assembly
# Date:            Thu Aug 31 18:12:06 2023
# [ok]
